{"Time":"2026-10-08T03:44:24.930849-04:00","Action":"start","Package":"github.com/deliri/primitive/v2026/requestbudget"}
{"Time":"2026-10-08T03:44:25.057141-04:00","Action":"run","Package":"github.com/deliri/primitive/v2026/requestbudget","Test":"TestContractBoundaryLayerTriad"}
{"Time":"2026-10-08T03:44:25.059844-04:00","Action":"output","Package":"github.com/deliri/primitive/v2026/requestbudget","Test":"TestContractBoundaryLayerTriad","Output":"=== RUN   TestContractBoundaryLayerTriad\n","OutputType":"frame"}
{"Time":"2026-10-08T03:44:25.059904-04:00","Action":"output","Package":"github.com/deliri/primitive/v2026/requestbudget","Test":"TestContractBoundaryLayerTriad","Output":"=== PAUSE TestContractBoundaryLayerTriad\n","OutputType":"frame"}
{"Time":"2026-10-08T03:44:25.059912-04:00","Action":"pause","Package":"github.com/deliri/primitive/v2026/requestbudget","Test":"TestContractBoundaryLayerTriad"}
{"Time":"2026-10-08T03:44:25.059922-04:00","Action":"run","Package":"github.com/deliri/primitive/v2026/requestbudget","Test":"TestProductionDataFlowInventoryAndBoundedOwnership"}
{"Time":"2026-10-08T03:44:25.059932-04:00","Action":"output","Package":"github.com/deliri/primitive/v2026/requestbudget","Test":"TestProductionDataFlowInventoryAndBoundedOwnership","Output":"=== RUN   TestProductionDataFlowInventoryAndBoundedOwnership\n","OutputType":"frame"}
{"Time":"2026-10-08T03:44:25.059955-04:00","Action":"output","Package":"github.com/deliri/primitive/v2026/requestbudget","Test":"TestProductionDataFlowInventoryAndBoundedOwnership","Output":"=== PAUSE TestProductionDataFlowInventoryAndBoundedOwnership\n","OutputType":"frame"}
{"Time":"2026-10-08T03:44:25.05996-04:00","Action":"pause","Package":"github.com/deliri/primitive/v2026/requestbudget","Test":"TestProductionDataFlowInventoryAndBoundedOwnership"}
{"Time":"2026-10-08T03:44:25.059965-04:00","Action":"run","Package":"github.com/deliri/primitive/v2026/requestbudget","Test":"TestReservationCreditsLayerTriad"}
{"Time":"2026-10-08T03:44:25.05997-04:00","Action":"output","Package":"github.com/deliri/primitive/v2026/requestbudget","Test":"TestReservationCreditsLayerTriad","Output":"=== RUN   TestReservationCreditsLayerTriad\n","OutputType":"frame"}
{"Time":"2026-10-08T03:44:25.059981-04:00","Action":"output","Package":"github.com/deliri/primitive/v2026/requestbudget","Test":"TestReservationCreditsLayerTriad","Output":"=== PAUSE TestReservationCreditsLayerTriad\n","OutputType":"frame"}
{"Time":"2026-10-08T03:44:25.059991-04:00","Action":"pause","Package":"github.com/deliri/primitive/v2026/requestbudget","Test":"TestReservationCreditsLayerTriad"}
{"Time":"2026-10-08T03:44:25.060001-04:00","Action":"run","Package":"github.com/deliri/primitive/v2026/requestbudget","Test":"TestCapacityWindowLayerTriad"}
{"Time":"2026-10-08T03:44:25.060009-04:00","Action":"output","Package":"github.com/deliri/primitive/v2026/requestbudget","Test":"TestCapacityWindowLayerTriad","Output":"=== RUN   TestCapacityWindowLayerTriad\n","OutputType":"frame"}
{"Time":"2026-10-08T03:44:25.060015-04:00","Action":"output","Package":"github.com/deliri/primitive/v2026/requestbudget","Test":"TestCapacityWindowLayerTriad","Output":"=== PAUSE TestCapacityWindowLayerTriad\n","OutputType":"frame"}
{"Time":"2026-10-08T03:44:25.06002-04:00","Action":"pause","Package":"github.com/deliri/primitive/v2026/requestbudget","Test":"TestCapacityWindowLayerTriad"}
{"Time":"2026-10-08T03:44:25.060026-04:00","Action":"run","Package":"github.com/deliri/primitive/v2026/requestbudget","Test":"TestCreditGrantHandoffExhaustive"}
{"Time":"2026-10-08T03:44:25.060031-04:00","Action":"output","Package":"github.com/deliri/primitive/v2026/requestbudget","Test":"TestCreditGrantHandoffExhaustive","Output":"=== RUN   TestCreditGrantHandoffExhaustive\n","OutputType":"frame"}
{"Time":"2026-10-08T03:44:25.060037-04:00","Action":"output","Package":"github.com/deliri/primitive/v2026/requestbudget","Test":"TestCreditGrantHandoffExhaustive","Output":"=== PAUSE TestCreditGrantHandoffExhaustive\n","OutputType":"frame"}
{"Time":"2026-10-08T03:44:25.060042-04:00","Action":"pause","Package":"github.com/deliri/primitive/v2026/requestbudget","Test":"TestCreditGrantHandoffExhaustive"}
{"Time":"2026-10-08T03:44:25.060061-04:00","Action":"run","Package":"github.com/deliri/primitive/v2026/requestbudget","Test":"TestConcurrentCreditConservation"}
{"Time":"2026-10-08T03:44:25.060067-04:00","Action":"output","Package":"github.com/deliri/primitive/v2026/requestbudget","Test":"TestConcurrentCreditConservation","Output":"=== RUN   TestConcurrentCreditConservation\n","OutputType":"frame"}
{"Time":"2026-10-08T03:44:25.060072-04:00","Action":"output","Package":"github.com/deliri/primitive/v2026/requestbudget","Test":"TestConcurrentCreditConservation","Output":"=== PAUSE TestConcurrentCreditConservation\n","OutputType":"frame"}
{"Time":"2026-10-08T03:44:25.060077-04:00","Action":"pause","Package":"github.com/deliri/primitive/v2026/requestbudget","Test":"TestConcurrentCreditConservation"}
{"Time":"2026-10-08T03:44:25.060097-04:00","Action":"run","Package":"github.com/deliri/primitive/v2026/requestbudget","Test":"TestCancellationReservationLayerTriad"}
{"Time":"2026-10-08T03:44:25.060103-04:00","Action":"output","Package":"github.com/deliri/primitive/v2026/requestbudget","Test":"TestCancellationReservationLayerTriad","Output":"=== RUN   TestCancellationReservationLayerTriad\n","OutputType":"frame"}
{"Time":"2026-10-08T03:44:25.060249-04:00","Action":"output","Package":"github.com/deliri/primitive/v2026/requestbudget","Test":"TestCancellationReservationLayerTriad","Output":"=== PAUSE TestCancellationReservationLayerTriad\n","OutputType":"frame"}
{"Time":"2026-10-08T03:44:25.060255-04:00","Action":"pause","Package":"github.com/deliri/primitive/v2026/requestbudget","Test":"TestCancellationReservationLayerTriad"}
{"Time":"2026-10-08T03:44:25.060258-04:00","Action":"run","Package":"github.com/deliri/primitive/v2026/requestbudget","Test":"TestWindowAdvanceRejectsLateGrantAndRollback"}
{"Time":"2026-10-08T03:44:25.060262-04:00","Action":"output","Package":"github.com/deliri/primitive/v2026/requestbudget","Test":"TestWindowAdvanceRejectsLateGrantAndRollback","Output":"=== RUN   TestWindowAdvanceRejectsLateGrantAndRollback\n","OutputType":"frame"}
{"Time":"2026-10-08T03:44:25.060266-04:00","Action":"output","Package":"github.com/deliri/primitive/v2026/requestbudget","Test":"TestWindowAdvanceRejectsLateGrantAndRollback","Output":"=== PAUSE TestWindowAdvanceRejectsLateGrantAndRollback\n","OutputType":"frame"}
{"Time":"2026-10-08T03:44:25.06027-04:00","Action":"pause","Package":"github.com/deliri/primitive/v2026/requestbudget","Test":"TestWindowAdvanceRejectsLateGrantAndRollback"}
{"Time":"2026-10-08T03:44:25.060273-04:00","Action":"run","Package":"github.com/deliri/primitive/v2026/requestbudget","Test":"TestProviderFailureAndPanicNeverBecomeExhaustion"}
{"Time":"2026-10-08T03:44:25.060285-04:00","Action":"output","Package":"github.com/deliri/primitive/v2026/requestbudget","Test":"TestProviderFailureAndPanicNeverBecomeExhaustion","Output":"=== RUN   TestProviderFailureAndPanicNeverBecomeExhaustion\n","OutputType":"frame"}
{"Time":"2026-10-08T03:44:25.06029-04:00","Action":"output","Package":"github.com/deliri/primitive/v2026/requestbudget","Test":"TestProviderFailureAndPanicNeverBecomeExhaustion","Output":"=== PAUSE TestProviderFailureAndPanicNeverBecomeExhaustion\n","OutputType":"frame"}
{"Time":"2026-10-08T03:44:25.060293-04:00","Action":"pause","Package":"github.com/deliri/primitive/v2026/requestbudget","Test":"TestProviderFailureAndPanicNeverBecomeExhaustion"}
{"Time":"2026-10-08T03:44:25.060297-04:00","Action":"run","Package":"github.com/deliri/primitive/v2026/requestbudget","Test":"TestPendingWindowRolloverAndDeadline"}
{"Time":"2026-10-08T03:44:25.060301-04:00","Action":"output","Package":"github.com/deliri/primitive/v2026/requestbudget","Test":"TestPendingWindowRolloverAndDeadline","Output":"=== RUN   TestPendingWindowRolloverAndDeadline\n","OutputType":"frame"}
{"Time":"2026-10-08T03:44:25.060305-04:00","Action":"output","Package":"github.com/deliri/primitive/v2026/requestbudget","Test":"TestPendingWindowRolloverAndDeadline","Output":"=== PAUSE TestPendingWindowRolloverAndDeadline\n","OutputType":"frame"}
{"Time":"2026-10-08T03:44:25.060314-04:00","Action":"pause","Package":"github.com/deliri/primitive/v2026/requestbudget","Test":"TestPendingWindowRolloverAndDeadline"}
{"Time":"2026-10-08T03:44:25.060318-04:00","Action":"run","Package":"github.com/deliri/primitive/v2026/requestbudget","Test":"TestGrantBindingFieldsAndMaximumCredits"}
{"Time":"2026-10-08T03:44:25.060322-04:00","Action":"output","Package":"github.com/deliri/primitive/v2026/requestbudget","Test":"TestGrantBindingFieldsAndMaximumCredits","Output":"=== RUN   TestGrantBindingFieldsAndMaximumCredits\n","OutputType":"frame"}
{"Time":"2026-10-08T03:44:25.060326-04:00","Action":"output","Package":"github.com/deliri/primitive/v2026/requestbudget","Test":"TestGrantBindingFieldsAndMaximumCredits","Output":"=== PAUSE TestGrantBindingFieldsAndMaximumCredits\n","OutputType":"frame"}
{"Time":"2026-10-08T03:44:25.060331-04:00","Action":"pause","Package":"github.com/deliri/primitive/v2026/requestbudget","Test":"TestGrantBindingFieldsAndMaximumCredits"}
{"Time":"2026-10-08T03:44:25.060336-04:00","Action":"cont","Package":"github.com/deliri/primitive/v2026/requestbudget","Test":"TestCreditGrantHandoffExhaustive"}
{"Time":"2026-10-08T03:44:25.060339-04:00","Action":"output","Package":"github.com/deliri/primitive/v2026/requestbudget","Test":"TestCreditGrantHandoffExhaustive","Output":"=== CONT  TestCreditGrantHandoffExhaustive\n","OutputType":"frame"}
{"Time":"2026-10-08T03:44:25.060346-04:00","Action":"cont","Package":"github.com/deliri/primitive/v2026/requestbudget","Test":"TestWindowAdvanceRejectsLateGrantAndRollback"}
{"Time":"2026-10-08T03:44:25.06035-04:00","Action":"output","Package":"github.com/deliri/primitive/v2026/requestbudget","Test":"TestWindowAdvanceRejectsLateGrantAndRollback","Output":"=== CONT  TestWindowAdvanceRejectsLateGrantAndRollback\n","OutputType":"frame"}
{"Time":"2026-10-08T03:44:25.060356-04:00","Action":"cont","Package":"github.com/deliri/primitive/v2026/requestbudget","Test":"TestGrantBindingFieldsAndMaximumCredits"}
{"Time":"2026-10-08T03:44:25.06036-04:00","Action":"output","Package":"github.com/deliri/primitive/v2026/requestbudget","Test":"TestGrantBindingFieldsAndMaximumCredits","Output":"=== CONT  TestGrantBindingFieldsAndMaximumCredits\n","OutputType":"frame"}
{"Time":"2026-10-08T03:44:25.060364-04:00","Action":"cont","Package":"github.com/deliri/primitive/v2026/requestbudget","Test":"TestReservationCreditsLayerTriad"}
{"Time":"2026-10-08T03:44:25.060368-04:00","Action":"output","Package":"github.com/deliri/primitive/v2026/requestbudget","Test":"TestReservationCreditsLayerTriad","Output":"=== CONT  TestReservationCreditsLayerTriad\n","OutputType":"frame"}
{"Time":"2026-10-08T03:44:25.060378-04:00","Action":"run","Package":"github.com/deliri/primitive/v2026/requestbudget","Test":"TestGrantBindingFieldsAndMaximumCredits/foreign_key_cannot_mint_credits"}
{"Time":"2026-10-08T03:44:25.060387-04:00","Action":"output","Package":"github.com/deliri/primitive/v2026/requestbudget","Test":"TestGrantBindingFieldsAndMaximumCredits/foreign_key_cannot_mint_credits","Output":"=== RUN   TestGrantBindingFieldsAndMaximumCredits/foreign_key_cannot_mint_credits\n","OutputType":"frame"}
{"Time":"2026-10-08T03:44:25.060392-04:00","Action":"cont","Package":"github.com/deliri/primitive/v2026/requestbudget","Test":"TestPendingWindowRolloverAndDeadline"}
{"Time":"2026-10-08T03:44:25.060398-04:00","Action":"output","Package":"github.com/deliri/primitive/v2026/requestbudget","Test":"TestPendingWindowRolloverAndDeadline","Output":"=== CONT  TestPendingWindowRolloverAndDeadline\n","OutputType":"frame"}
{"Time":"2026-10-08T03:44:25.060402-04:00","Action":"cont","Package":"github.com/deliri/primitive/v2026/requestbudget","Test":"TestProviderFailureAndPanicNeverBecomeExhaustion"}
{"Time":"2026-10-08T03:44:25.060408-04:00","Action":"output","Package":"github.com/deliri/primitive/v2026/requestbudget","Test":"TestProviderFailureAndPanicNeverBecomeExhaustion","Output":"=== CONT  TestProviderFailureAndPanicNeverBecomeExhaustion\n","OutputType":"frame"}
{"Time":"2026-10-08T03:44:25.060419-04:00","Action":"cont","Package":"github.com/deliri/primitive/v2026/requestbudget","Test":"TestProductionDataFlowInventoryAndBoundedOwnership"}
{"Time":"2026-10-08T03:44:25.060423-04:00","Action":"output","Package":"github.com/deliri/primitive/v2026/requestbudget","Test":"TestProductionDataFlowInventoryAndBoundedOwnership","Output":"=== CONT  TestProductionDataFlowInventoryAndBoundedOwnership\n","OutputType":"frame"}
{"Time":"2026-10-08T03:44:25.060428-04:00","Action":"cont","Package":"github.com/deliri/primitive/v2026/requestbudget","Test":"TestCancellationReservationLayerTriad"}
{"Time":"2026-10-08T03:44:25.060432-04:00","Action":"output","Package":"github.com/deliri/primitive/v2026/requestbudget","Test":"TestCancellationReservationLayerTriad","Output":"=== CONT  TestCancellationReservationLayerTriad\n","OutputType":"frame"}
{"Time":"2026-10-08T03:44:25.060438-04:00","Action":"output","Package":"github.com/deliri/primitive/v2026/requestbudget","Test":"TestGrantBindingFieldsAndMaximumCredits/foreign_key_cannot_mint_credits","Output":"=== PAUSE TestGrantBindingFieldsAndMaximumCredits/foreign_key_cannot_mint_credits\n","OutputType":"frame"}
{"Time":"2026-10-08T03:44:25.060442-04:00","Action":"pause","Package":"github.com/deliri/primitive/v2026/requestbudget","Test":"TestGrantBindingFieldsAndMaximumCredits/foreign_key_cannot_mint_credits"}
{"Time":"2026-10-08T03:44:25.060446-04:00","Action":"run","Package":"github.com/deliri/primitive/v2026/requestbudget","Test":"TestGrantBindingFieldsAndMaximumCredits/foreign_start_cannot_mint_credits"}
{"Time":"2026-10-08T03:44:25.060451-04:00","Action":"output","Package":"github.com/deliri/primitive/v2026/requestbudget","Test":"TestGrantBindingFieldsAndMaximumCredits/foreign_start_cannot_mint_credits","Output":"=== RUN   TestGrantBindingFieldsAndMaximumCredits/foreign_start_cannot_mint_credits\n","OutputType":"frame"}
{"Time":"2026-10-08T03:44:25.060455-04:00","Action":"output","Package":"github.com/deliri/primitive/v2026/requestbudget","Test":"TestGrantBindingFieldsAndMaximumCredits/foreign_start_cannot_mint_credits","Output":"=== PAUSE TestGrantBindingFieldsAndMaximumCredits/foreign_start_cannot_mint_credits\n","OutputType":"frame"}
{"Time":"2026-10-08T03:44:25.06046-04:00","Action":"pause","Package":"github.com/deliri/primitive/v2026/requestbudget","Test":"TestGrantBindingFieldsAndMaximumCredits/foreign_start_cannot_mint_credits"}
{"Time":"2026-10-08T03:44:25.060464-04:00","Action":"run","Package":"github.com/deliri/primitive/v2026/requestbudget","Test":"TestGrantBindingFieldsAndMaximumCredits/foreign_end_cannot_mint_credits"}
{"Time":"2026-10-08T03:44:25.060468-04:00","Action":"output","Package":"github.com/deliri/primitive/v2026/requestbudget","Test":"TestGrantBindingFieldsAndMaximumCredits/foreign_end_cannot_mint_credits","Output":"=== RUN   TestGrantBindingFieldsAndMaximumCredits/foreign_end_cannot_mint_credits\n","OutputType":"frame"}
{"Time":"2026-10-08T03:44:25.060473-04:00","Action":"cont","Package":"github.com/deliri/primitive/v2026/requestbudget","Test":"TestContractBoundaryLayerTriad"}
{"Time":"2026-10-08T03:44:25.060478-04:00","Action":"output","Package":"github.com/deliri/primitive/v2026/requestbudget","Test":"TestContractBoundaryLayerTriad","Output":"=== CONT  TestContractBoundaryLayerTriad\n","OutputType":"frame"}
{"Time":"2026-10-08T03:44:25.060483-04:00","Action":"output","Package":"github.com/deliri/primitive/v2026/requestbudget","Test":"TestGrantBindingFieldsAndMaximumCredits/foreign_end_cannot_mint_credits","Output":"=== PAUSE TestGrantBindingFieldsAndMaximumCredits/foreign_end_cannot_mint_credits\n","OutputType":"frame"}
{"Time":"2026-10-08T03:44:25.060488-04:00","Action":"pause","Package":"github.com/deliri/primitive/v2026/requestbudget","Test":"TestGrantBindingFieldsAndMaximumCredits/foreign_end_cannot_mint_credits"}
{"Time":"2026-10-08T03:44:25.060495-04:00","Action":"output","Package":"github.com/deliri/primitive/v2026/requestbudget","Test":"TestReservationCreditsLayerTriad","Output":"--- PASS: TestReservationCreditsLayerTriad (0.00s)\n","OutputType":"frame"}
{"Time":"2026-10-08T03:44:25.060505-04:00","Action":"pass","Package":"github.com/deliri/primitive/v2026/requestbudget","Test":"TestReservationCreditsLayerTriad","Elapsed":0}
{"Time":"2026-10-08T03:44:25.060512-04:00","Action":"cont","Package":"github.com/deliri/primitive/v2026/requestbudget","Test":"TestConcurrentCreditConservation"}
{"Time":"2026-10-08T03:44:25.060516-04:00","Action":"output","Package":"github.com/deliri/primitive/v2026/requestbudget","Test":"TestConcurrentCreditConservation","Output":"=== CONT  TestConcurrentCreditConservation\n","OutputType":"frame"}
{"Time":"2026-10-08T03:44:25.06052-04:00","Action":"output","Package":"github.com/deliri/primitive/v2026/requestbudget","Test":"TestProviderFailureAndPanicNeverBecomeExhaustion","Output":"--- PASS: TestProviderFailureAndPanicNeverBecomeExhaustion (0.00s)\n","OutputType":"frame"}
{"Time":"2026-10-08T03:44:25.060524-04:00","Action":"pass","Package":"github.com/deliri/primitive/v2026/requestbudget","Test":"TestProviderFailureAndPanicNeverBecomeExhaustion","Elapsed":0}
{"Time":"2026-10-08T03:44:25.060528-04:00","Action":"run","Package":"github.com/deliri/primitive/v2026/requestbudget","Test":"TestGrantBindingFieldsAndMaximumCredits/foreign_batch_cannot_mint_credits"}
{"Time":"2026-10-08T03:44:25.060531-04:00","Action":"output","Package":"github.com/deliri/primitive/v2026/requestbudget","Test":"TestGrantBindingFieldsAndMaximumCredits/foreign_batch_cannot_mint_credits","Output":"=== RUN   TestGrantBindingFieldsAndMaximumCredits/foreign_batch_cannot_mint_credits\n","OutputType":"frame"}
{"Time":"2026-10-08T03:44:25.060535-04:00","Action":"run","Package":"github.com/deliri/primitive/v2026/requestbudget","Test":"TestContractBoundaryLayerTriad/exact_start_is_inside"}
{"Time":"2026-10-08T03:44:25.060538-04:00","Action":"output","Package":"github.com/deliri/primitive/v2026/requestbudget","Test":"TestContractBoundaryLayerTriad/exact_start_is_inside","Output":"=== RUN   TestContractBoundaryLayerTriad/exact_start_is_inside\n","OutputType":"frame"}
{"Time":"2026-10-08T03:44:25.060542-04:00","Action":"output","Package":"github.com/deliri/primitive/v2026/requestbudget","Test":"TestGrantBindingFieldsAndMaximumCredits/foreign_batch_cannot_mint_credits","Output":"=== PAUSE TestGrantBindingFieldsAndMaximumCredits/foreign_batch_cannot_mint_credits\n","OutputType":"frame"}
{"Time":"2026-10-08T03:44:25.060546-04:00","Action":"pause","Package":"github.com/deliri/primitive/v2026/requestbudget","Test":"TestGrantBindingFieldsAndMaximumCredits/foreign_batch_cannot_mint_credits"}
{"Time":"2026-10-08T03:44:25.060552-04:00","Action":"output","Package":"github.com/deliri/primitive/v2026/requestbudget","Test":"TestCancellationReservationLayerTriad","Output":"--- PASS: TestCancellationReservationLayerTriad (0.00s)\n","OutputType":"frame"}
{"Time":"2026-10-08T03:44:25.060557-04:00","Action":"pass","Package":"github.com/deliri/primitive/v2026/requestbudget","Test":"TestCancellationReservationLayerTriad","Elapsed":0}
{"Time":"2026-10-08T03:44:25.063866-04:00","Action":"output","Package":"github.com/deliri/primitive/v2026/requestbudget","Test":"TestPendingWindowRolloverAndDeadline","Output":"--- PASS: TestPendingWindowRolloverAndDeadline (0.00s)\n","OutputType":"frame"}
{"Time":"2026-10-08T03:44:25.063888-04:00","Action":"pass","Package":"github.com/deliri/primitive/v2026/requestbudget","Test":"TestPendingWindowRolloverAndDeadline","Elapsed":0}
{"Time":"2026-10-08T03:44:25.063894-04:00","Action":"cont","Package":"github.com/deliri/primitive/v2026/requestbudget","Test":"TestCapacityWindowLayerTriad"}
{"Time":"2026-10-08T03:44:25.063898-04:00","Action":"output","Package":"github.com/deliri/primitive/v2026/requestbudget","Test":"TestCapacityWindowLayerTriad","Output":"=== CONT  TestCapacityWindowLayerTriad\n","OutputType":"frame"}
{"Time":"2026-10-08T03:44:25.063909-04:00","Action":"output","Package":"github.com/deliri/primitive/v2026/requestbudget","Test":"TestWindowAdvanceRejectsLateGrantAndRollback","Output":"--- PASS: TestWindowAdvanceRejectsLateGrantAndRollback (0.00s)\n","OutputType":"frame"}
{"Time":"2026-10-08T03:44:25.063926-04:00","Action":"pass","Package":"github.com/deliri/primitive/v2026/requestbudget","Test":"TestWindowAdvanceRejectsLateGrantAndRollback","Elapsed":0}
{"Time":"2026-10-08T03:44:25.063931-04:00","Action":"run","Package":"github.com/deliri/primitive/v2026/requestbudget","Test":"TestCapacityWindowLayerTriad/cached_exhaustion_never_re-reserves"}
{"Time":"2026-10-08T03:44:25.06394-04:00","Action":"output","Package":"github.com/deliri/primitive/v2026/requestbudget","Test":"TestCapacityWindowLayerTriad/cached_exhaustion_never_re-reserves","Output":"=== RUN   TestCapacityWindowLayerTriad/cached_exhaustion_never_re-reserves\n","OutputType":"frame"}
{"Time":"2026-10-08T03:44:25.063946-04:00","Action":"output","Package":"github.com/deliri/primitive/v2026/requestbudget","Test":"TestCapacityWindowLayerTriad/cached_exhaustion_never_re-reserves","Output":"=== PAUSE TestCapacityWindowLayerTriad/cached_exhaustion_never_re-reserves\n","OutputType":"frame"}
{"Time":"2026-10-08T03:44:25.06395-04:00","Action":"pause","Package":"github.com/deliri/primitive/v2026/requestbudget","Test":"TestCapacityWindowLayerTriad/cached_exhaustion_never_re-reserves"}
{"Time":"2026-10-08T03:44:25.063954-04:00","Action":"output","Package":"github.com/deliri/primitive/v2026/requestbudget","Test":"TestContractBoundaryLayerTriad/exact_start_is_inside","Output":"=== PAUSE TestContractBoundaryLayerTriad/exact_start_is_inside\n","OutputType":"frame"}
{"Time":"2026-10-08T03:44:25.063958-04:00","Action":"pause","Package":"github.com/deliri/primitive/v2026/requestbudget","Test":"TestContractBoundaryLayerTriad/exact_start_is_inside"}
{"Time":"2026-10-08T03:44:25.063962-04:00","Action":"run","Package":"github.com/deliri/primitive/v2026/requestbudget","Test":"TestContractBoundaryLayerTriad/last_nanosecond_is_inside"}
{"Time":"2026-10-08T03:44:25.063968-04:00","Action":"output","Package":"github.com/deliri/primitive/v2026/requestbudget","Test":"TestContractBoundaryLayerTriad/last_nanosecond_is_inside","Output":"=== RUN   TestContractBoundaryLayerTriad/last_nanosecond_is_inside\n","OutputType":"frame"}
{"Time":"2026-10-08T03:44:25.063977-04:00","Action":"run","Package":"github.com/deliri/primitive/v2026/requestbudget","Test":"TestCapacityWindowLayerTriad/different_live_key_refuses_capacity"}
{"Time":"2026-10-08T03:44:25.063981-04:00","Action":"output","Package":"github.com/deliri/primitive/v2026/requestbudget","Test":"TestCapacityWindowLayerTriad/different_live_key_refuses_capacity","Output":"=== RUN   TestCapacityWindowLayerTriad/different_live_key_refuses_capacity\n","OutputType":"frame"}
{"Time":"2026-10-08T03:44:25.063985-04:00","Action":"output","Package":"github.com/deliri/primitive/v2026/requestbudget","Test":"TestContractBoundaryLayerTriad/last_nanosecond_is_inside","Output":"=== PAUSE TestContractBoundaryLayerTriad/last_nanosecond_is_inside\n","OutputType":"frame"}
{"Time":"2026-10-08T03:44:25.063988-04:00","Action":"pause","Package":"github.com/deliri/primitive/v2026/requestbudget","Test":"TestContractBoundaryLayerTriad/last_nanosecond_is_inside"}
{"Time":"2026-10-08T03:44:25.063992-04:00","Action":"run","Package":"github.com/deliri/primitive/v2026/requestbudget","Test":"TestContractBoundaryLayerTriad/unset_identity_refuses"}
{"Time":"2026-10-08T03:44:25.063995-04:00","Action":"output","Package":"github.com/deliri/primitive/v2026/requestbudget","Test":"TestContractBoundaryLayerTriad/unset_identity_refuses","Output":"=== RUN   TestContractBoundaryLayerTriad/unset_identity_refuses\n","OutputType":"frame"}
{"Time":"2026-10-08T03:44:25.063999-04:00","Action":"output","Package":"github.com/deliri/primitive/v2026/requestbudget","Test":"TestContractBoundaryLayerTriad/unset_identity_refuses","Output":"=== PAUSE TestContractBoundaryLayerTriad/unset_identity_refuses\n","OutputType":"frame"}
{"Time":"2026-10-08T03:44:25.064004-04:00","Action":"pause","Package":"github.com/deliri/primitive/v2026/requestbudget","Test":"TestContractBoundaryLayerTriad/unset_identity_refuses"}
{"Time":"2026-10-08T03:44:25.064012-04:00","Action":"output","Package":"github.com/deliri/primitive/v2026/requestbudget","Test":"TestCapacityWindowLayerTriad/different_live_key_refuses_capacity","Output":"=== PAUSE TestCapacityWindowLayerTriad/different_live_key_refuses_capacity\n","OutputType":"frame"}
{"Time":"2026-10-08T03:44:25.064016-04:00","Action":"pause","Package":"github.com/deliri/primitive/v2026/requestbudget","Test":"TestCapacityWindowLayerTriad/different_live_key_refuses_capacity"}
{"Time":"2026-10-08T03:44:25.064019-04:00","Action":"run","Package":"github.com/deliri/primitive/v2026/requestbudget","Test":"TestContractBoundaryLayerTriad/unset_start_refuses"}
{"Time":"2026-10-08T03:44:25.064025-04:00","Action":"output","Package":"github.com/deliri/primitive/v2026/requestbudget","Test":"TestContractBoundaryLayerTriad/unset_start_refuses","Output":"=== RUN   TestContractBoundaryLayerTriad/unset_start_refuses\n","OutputType":"frame"}
{"Time":"2026-10-08T03:44:25.064029-04:00","Action":"output","Package":"github.com/deliri/primitive/v2026/requestbudget","Test":"TestContractBoundaryLayerTriad/unset_start_refuses","Output":"=== PAUSE TestContractBoundaryLayerTriad/unset_start_refuses\n","OutputType":"frame"}
{"Time":"2026-10-08T03:44:25.064033-04:00","Action":"pause","Package":"github.com/deliri/primitive/v2026/requestbudget","Test":"TestContractBoundaryLayerTriad/unset_start_refuses"}
{"Time":"2026-10-08T03:44:25.064039-04:00","Action":"run","Package":"github.com/deliri/primitive/v2026/requestbudget","Test":"TestCapacityWindowLayerTriad/changed_batch_refuses_binding"}
{"Time":"2026-10-08T03:44:25.064043-04:00","Action":"output","Package":"github.com/deliri/primitive/v2026/requestbudget","Test":"TestCapacityWindowLayerTriad/changed_batch_refuses_binding","Output":"=== RUN   TestCapacityWindowLayerTriad/changed_batch_refuses_binding\n","OutputType":"frame"}
{"Time":"2026-10-08T03:44:25.064046-04:00","Action":"run","Package":"github.com/deliri/primitive/v2026/requestbudget","Test":"TestContractBoundaryLayerTriad/unset_end_refuses"}
{"Time":"2026-10-08T03:44:25.06405-04:00","Action":"output","Package":"github.com/deliri/primitive/v2026/requestbudget","Test":"TestContractBoundaryLayerTriad/unset_end_refuses","Output":"=== RUN   TestContractBoundaryLayerTriad/unset_end_refuses\n","OutputType":"frame"}
{"Time":"2026-10-08T03:44:25.064054-04:00","Action":"output","Package":"github.com/deliri/primitive/v2026/requestbudget","Test":"TestCapacityWindowLayerTriad/changed_batch_refuses_binding","Output":"=== PAUSE TestCapacityWindowLayerTriad/changed_batch_refuses_binding\n","OutputType":"frame"}
{"Time":"2026-10-08T03:44:25.064058-04:00","Action":"pause","Package":"github.com/deliri/primitive/v2026/requestbudget","Test":"TestCapacityWindowLayerTriad/changed_batch_refuses_binding"}
{"Time":"2026-10-08T03:44:25.064061-04:00","Action":"run","Package":"github.com/deliri/primitive/v2026/requestbudget","Test":"TestCapacityWindowLayerTriad/overlapping_window_refuses_binding"}
{"Time":"2026-10-08T03:44:25.064065-04:00","Action":"output","Package":"github.com/deliri/primitive/v2026/requestbudget","Test":"TestCapacityWindowLayerTriad/overlapping_window_refuses_binding","Output":"=== RUN   TestCapacityWindowLayerTriad/overlapping_window_refuses_binding\n","OutputType":"frame"}
{"Time":"2026-10-08T03:44:25.064068-04:00","Action":"output","Package":"github.com/deliri/primitive/v2026/requestbudget","Test":"TestCapacityWindowLayerTriad/overlapping_window_refuses_binding","Output":"=== PAUSE TestCapacityWindowLayerTriad/overlapping_window_refuses_binding\n","OutputType":"frame"}
{"Time":"2026-10-08T03:44:25.064072-04:00","Action":"pause","Package":"github.com/deliri/primitive/v2026/requestbudget","Test":"TestCapacityWindowLayerTriad/overlapping_window_refuses_binding"}
{"Time":"2026-10-08T03:44:25.064075-04:00","Action":"run","Package":"github.com/deliri/primitive/v2026/requestbudget","Test":"TestCapacityWindowLayerTriad/same_key_next_window_reserves_anew"}
{"Time":"2026-10-08T03:44:25.064079-04:00","Action":"output","Package":"github.com/deliri/primitive/v2026/requestbudget","Test":"TestCapacityWindowLayerTriad/same_key_next_window_reserves_anew","Output":"=== RUN   TestCapacityWindowLayerTriad/same_key_next_window_reserves_anew\n","OutputType":"frame"}
{"Time":"2026-10-08T03:44:25.064086-04:00","Action":"output","Package":"github.com/deliri/primitive/v2026/requestbudget","Test":"TestCapacityWindowLayerTriad/same_key_next_window_reserves_anew","Output":"=== PAUSE TestCapacityWindowLayerTriad/same_key_next_window_reserves_anew\n","OutputType":"frame"}
{"Time":"2026-10-08T03:44:25.06409-04:00","Action":"pause","Package":"github.com/deliri/primitive/v2026/requestbudget","Test":"TestCapacityWindowLayerTriad/same_key_next_window_reserves_anew"}
{"Time":"2026-10-08T03:44:25.064093-04:00","Action":"output","Package":"github.com/deliri/primitive/v2026/requestbudget","Test":"TestContractBoundaryLayerTriad/unset_end_refuses","Output":"=== PAUSE TestContractBoundaryLayerTriad/unset_end_refuses\n","OutputType":"frame"}
{"Time":"2026-10-08T03:44:25.064097-04:00","Action":"pause","Package":"github.com/deliri/primitive/v2026/requestbudget","Test":"TestContractBoundaryLayerTriad/unset_end_refuses"}
{"Time":"2026-10-08T03:44:25.0641-04:00","Action":"run","Package":"github.com/deliri/primitive/v2026/requestbudget","Test":"TestContractBoundaryLayerTriad/equal_interval_bounds_refuse"}
{"Time":"2026-10-08T03:44:25.064103-04:00","Action":"output","Package":"github.com/deliri/primitive/v2026/requestbudget","Test":"TestContractBoundaryLayerTriad/equal_interval_bounds_refuse","Output":"=== RUN   TestContractBoundaryLayerTriad/equal_interval_bounds_refuse\n","OutputType":"frame"}
{"Time":"2026-10-08T03:44:25.064107-04:00","Action":"run","Package":"github.com/deliri/primitive/v2026/requestbudget","Test":"TestCapacityWindowLayerTriad/expired_slot_admits_different_key"}
{"Time":"2026-10-08T03:44:25.064111-04:00","Action":"output","Package":"github.com/deliri/primitive/v2026/requestbudget","Test":"TestCapacityWindowLayerTriad/expired_slot_admits_different_key","Output":"=== RUN   TestCapacityWindowLayerTriad/expired_slot_admits_different_key\n","OutputType":"frame"}
{"Time":"2026-10-08T03:44:25.064114-04:00","Action":"output","Package":"github.com/deliri/primitive/v2026/requestbudget","Test":"TestContractBoundaryLayerTriad/equal_interval_bounds_refuse","Output":"=== PAUSE TestContractBoundaryLayerTriad/equal_interval_bounds_refuse\n","OutputType":"frame"}
{"Time":"2026-10-08T03:44:25.064118-04:00","Action":"pause","Package":"github.com/deliri/primitive/v2026/requestbudget","Test":"TestContractBoundaryLayerTriad/equal_interval_bounds_refuse"}
{"Time":"2026-10-08T03:44:25.064121-04:00","Action":"output","Package":"github.com/deliri/primitive/v2026/requestbudget","Test":"TestCapacityWindowLayerTriad/expired_slot_admits_different_key","Output":"=== PAUSE TestCapacityWindowLayerTriad/expired_slot_admits_different_key\n","OutputType":"frame"}
{"Time":"2026-10-08T03:44:25.064125-04:00","Action":"pause","Package":"github.com/deliri/primitive/v2026/requestbudget","Test":"TestCapacityWindowLayerTriad/expired_slot_admits_different_key"}
{"Time":"2026-10-08T03:44:25.064128-04:00","Action":"run","Package":"github.com/deliri/primitive/v2026/requestbudget","Test":"TestContractBoundaryLayerTriad/reversed_interval_bounds_refuse"}
{"Time":"2026-10-08T03:44:25.064132-04:00","Action":"output","Package":"github.com/deliri/primitive/v2026/requestbudget","Test":"TestContractBoundaryLayerTriad/reversed_interval_bounds_refuse","Output":"=== RUN   TestContractBoundaryLayerTriad/reversed_interval_bounds_refuse\n","OutputType":"frame"}
{"Time":"2026-10-08T03:44:25.064135-04:00","Action":"output","Package":"github.com/deliri/primitive/v2026/requestbudget","Test":"TestContractBoundaryLayerTriad/reversed_interval_bounds_refuse","Output":"=== PAUSE TestContractBoundaryLayerTriad/reversed_interval_bounds_refuse\n","OutputType":"frame"}
{"Time":"2026-10-08T03:44:25.064139-04:00","Action":"pause","Package":"github.com/deliri/primitive/v2026/requestbudget","Test":"TestContractBoundaryLayerTriad/reversed_interval_bounds_refuse"}
{"Time":"2026-10-08T03:44:25.064147-04:00","Action":"run","Package":"github.com/deliri/primitive/v2026/requestbudget","Test":"TestCapacityWindowLayerTriad/one_below_window_end_keeps_exhaustion"}
{"Time":"2026-10-08T03:44:25.064151-04:00","Action":"output","Package":"github.com/deliri/primitive/v2026/requestbudget","Test":"TestCapacityWindowLayerTriad/one_below_window_end_keeps_exhaustion","Output":"=== RUN   TestCapacityWindowLayerTriad/one_below_window_end_keeps_exhaustion\n","OutputType":"frame"}
{"Time":"2026-10-08T03:44:25.064155-04:00","Action":"run","Package":"github.com/deliri/primitive/v2026/requestbudget","Test":"TestContractBoundaryLayerTriad/unset_observation_refuses"}
{"Time":"2026-10-08T03:44:25.064158-04:00","Action":"output","Package":"github.com/deliri/primitive/v2026/requestbudget","Test":"TestContractBoundaryLayerTriad/unset_observation_refuses","Output":"=== RUN   TestContractBoundaryLayerTriad/unset_observation_refuses\n","OutputType":"frame"}
{"Time":"2026-10-08T03:44:25.064162-04:00","Action":"output","Package":"github.com/deliri/primitive/v2026/requestbudget","Test":"TestContractBoundaryLayerTriad/unset_observation_refuses","Output":"=== PAUSE TestContractBoundaryLayerTriad/unset_observation_refuses\n","OutputType":"frame"}
{"Time":"2026-10-08T03:44:25.064165-04:00","Action":"pause","Package":"github.com/deliri/primitive/v2026/requestbudget","Test":"TestContractBoundaryLayerTriad/unset_observation_refuses"}
{"Time":"2026-10-08T03:44:25.064169-04:00","Action":"output","Package":"github.com/deliri/primitive/v2026/requestbudget","Test":"TestCapacityWindowLayerTriad/one_below_window_end_keeps_exhaustion","Output":"=== PAUSE TestCapacityWindowLayerTriad/one_below_window_end_keeps_exhaustion\n","OutputType":"frame"}
{"Time":"2026-10-08T03:44:25.064176-04:00","Action":"pause","Package":"github.com/deliri/primitive/v2026/requestbudget","Test":"TestCapacityWindowLayerTriad/one_below_window_end_keeps_exhaustion"}
{"Time":"2026-10-08T03:44:25.06418-04:00","Action":"run","Package":"github.com/deliri/primitive/v2026/requestbudget","Test":"TestContractBoundaryLayerTriad/zero_batch_refuses"}
{"Time":"2026-10-08T03:44:25.064183-04:00","Action":"output","Package":"github.com/deliri/primitive/v2026/requestbudget","Test":"TestContractBoundaryLayerTriad/zero_batch_refuses","Output":"=== RUN   TestContractBoundaryLayerTriad/zero_batch_refuses\n","OutputType":"frame"}
{"Time":"2026-10-08T03:44:25.064187-04:00","Action":"output","Package":"github.com/deliri/primitive/v2026/requestbudget","Test":"TestContractBoundaryLayerTriad/zero_batch_refuses","Output":"=== PAUSE TestContractBoundaryLayerTriad/zero_batch_refuses\n","OutputType":"frame"}
{"Time":"2026-10-08T03:44:25.06419-04:00","Action":"pause","Package":"github.com/deliri/primitive/v2026/requestbudget","Test":"TestContractBoundaryLayerTriad/zero_batch_refuses"}
{"Time":"2026-10-08T03:44:25.064196-04:00","Action":"run","Package":"github.com/deliri/primitive/v2026/requestbudget","Test":"TestContractBoundaryLayerTriad/maximum_batch_is_representable"}
{"Time":"2026-10-08T03:44:25.0642-04:00","Action":"output","Package":"github.com/deliri/primitive/v2026/requestbudget","Test":"TestContractBoundaryLayerTriad/maximum_batch_is_representable","Output":"=== RUN   TestContractBoundaryLayerTriad/maximum_batch_is_representable\n","OutputType":"frame"}
{"Time":"2026-10-08T03:44:25.064204-04:00","Action":"run","Package":"github.com/deliri/primitive/v2026/requestbudget","Test":"TestCapacityWindowLayerTriad/exact_window_end_refuses_observation"}
{"Time":"2026-10-08T03:44:25.064207-04:00","Action":"output","Package":"github.com/deliri/primitive/v2026/requestbudget","Test":"TestCapacityWindowLayerTriad/exact_window_end_refuses_observation","Output":"=== RUN   TestCapacityWindowLayerTriad/exact_window_end_refuses_observation\n","OutputType":"frame"}
{"Time":"2026-10-08T03:44:25.064211-04:00","Action":"output","Package":"github.com/deliri/primitive/v2026/requestbudget","Test":"TestContractBoundaryLayerTriad/maximum_batch_is_representable","Output":"=== PAUSE TestContractBoundaryLayerTriad/maximum_batch_is_representable\n","OutputType":"frame"}
{"Time":"2026-10-08T03:44:25.064217-04:00","Action":"pause","Package":"github.com/deliri/primitive/v2026/requestbudget","Test":"TestContractBoundaryLayerTriad/maximum_batch_is_representable"}
{"Time":"2026-10-08T03:44:25.064221-04:00","Action":"run","Package":"github.com/deliri/primitive/v2026/requestbudget","Test":"TestContractBoundaryLayerTriad/minimum_signed_instant_stays_valid"}
{"Time":"2026-10-08T03:44:25.064224-04:00","Action":"output","Package":"github.com/deliri/primitive/v2026/requestbudget","Test":"TestContractBoundaryLayerTriad/minimum_signed_instant_stays_valid","Output":"=== RUN   TestContractBoundaryLayerTriad/minimum_signed_instant_stays_valid\n","OutputType":"frame"}
{"Time":"2026-10-08T03:44:25.064228-04:00","Action":"output","Package":"github.com/deliri/primitive/v2026/requestbudget","Test":"TestCapacityWindowLayerTriad/exact_window_end_refuses_observation","Output":"=== PAUSE TestCapacityWindowLayerTriad/exact_window_end_refuses_observation\n","OutputType":"frame"}
{"Time":"2026-10-08T03:44:25.064231-04:00","Action":"pause","Package":"github.com/deliri/primitive/v2026/requestbudget","Test":"TestCapacityWindowLayerTriad/exact_window_end_refuses_observation"}
{"Time":"2026-10-08T03:44:25.064235-04:00","Action":"output","Package":"github.com/deliri/primitive/v2026/requestbudget","Test":"TestContractBoundaryLayerTriad/minimum_signed_instant_stays_valid","Output":"=== PAUSE TestContractBoundaryLayerTriad/minimum_signed_instant_stays_valid\n","OutputType":"frame"}
{"Time":"2026-10-08T03:44:25.064238-04:00","Action":"pause","Package":"github.com/deliri/primitive/v2026/requestbudget","Test":"TestContractBoundaryLayerTriad/minimum_signed_instant_stays_valid"}
{"Time":"2026-10-08T03:44:25.064242-04:00","Action":"run","Package":"github.com/deliri/primitive/v2026/requestbudget","Test":"TestContractBoundaryLayerTriad/maximum_signed_end_stays_valid"}
{"Time":"2026-10-08T03:44:25.064245-04:00","Action":"output","Package":"github.com/deliri/primitive/v2026/requestbudget","Test":"TestContractBoundaryLayerTriad/maximum_signed_end_stays_valid","Output":"=== RUN   TestContractBoundaryLayerTriad/maximum_signed_end_stays_valid\n","OutputType":"frame"}
{"Time":"2026-10-08T03:44:25.064249-04:00","Action":"output","Package":"github.com/deliri/primitive/v2026/requestbudget","Test":"TestContractBoundaryLayerTriad/maximum_signed_end_stays_valid","Output":"=== PAUSE TestContractBoundaryLayerTriad/maximum_signed_end_stays_valid\n","OutputType":"frame"}
{"Time":"2026-10-08T03:44:25.064252-04:00","Action":"pause","Package":"github.com/deliri/primitive/v2026/requestbudget","Test":"TestContractBoundaryLayerTriad/maximum_signed_end_stays_valid"}
{"Time":"2026-10-08T03:44:25.064256-04:00","Action":"run","Package":"github.com/deliri/primitive/v2026/requestbudget","Test":"TestCapacityWindowLayerTriad/one_above_window_end_refuses_observation"}
{"Time":"2026-10-08T03:44:25.064259-04:00","Action":"output","Package":"github.com/deliri/primitive/v2026/requestbudget","Test":"TestCapacityWindowLayerTriad/one_above_window_end_refuses_observation","Output":"=== RUN   TestCapacityWindowLayerTriad/one_above_window_end_refuses_observation\n","OutputType":"frame"}
{"Time":"2026-10-08T03:44:25.064267-04:00","Action":"output","Package":"github.com/deliri/primitive/v2026/requestbudget","Test":"TestCapacityWindowLayerTriad/one_above_window_end_refuses_observation","Output":"=== PAUSE TestCapacityWindowLayerTriad/one_above_window_end_refuses_observation\n","OutputType":"frame"}
{"Time":"2026-10-08T03:44:25.064271-04:00","Action":"pause","Package":"github.com/deliri/primitive/v2026/requestbudget","Test":"TestCapacityWindowLayerTriad/one_above_window_end_refuses_observation"}
{"Time":"2026-10-08T03:44:25.064275-04:00","Action":"run","Package":"github.com/deliri/primitive/v2026/requestbudget","Test":"TestCapacityWindowLayerTriad/one_below_start_refuses_observation"}
{"Time":"2026-10-08T03:44:25.064278-04:00","Action":"output","Package":"github.com/deliri/primitive/v2026/requestbudget","Test":"TestCapacityWindowLayerTriad/one_below_start_refuses_observation","Output":"=== RUN   TestCapacityWindowLayerTriad/one_below_start_refuses_observation\n","OutputType":"frame"}
{"Time":"2026-10-08T03:44:25.064285-04:00","Action":"output","Package":"github.com/deliri/primitive/v2026/requestbudget","Test":"TestCapacityWindowLayerTriad/one_below_start_refuses_observation","Output":"=== PAUSE TestCapacityWindowLayerTriad/one_below_start_refuses_observation\n","OutputType":"frame"}
{"Time":"2026-10-08T03:44:25.064289-04:00","Action":"pause","Package":"github.com/deliri/primitive/v2026/requestbudget","Test":"TestCapacityWindowLayerTriad/one_below_start_refuses_observation"}
{"Time":"2026-10-08T03:44:25.064299-04:00","Action":"cont","Package":"github.com/deliri/primitive/v2026/requestbudget","Test":"TestContractBoundaryLayerTriad/exact_start_is_inside"}
{"Time":"2026-10-08T03:44:25.064303-04:00","Action":"output","Package":"github.com/deliri/primitive/v2026/requestbudget","Test":"TestContractBoundaryLayerTriad/exact_start_is_inside","Output":"=== CONT  TestContractBoundaryLayerTriad/exact_start_is_inside\n","OutputType":"frame"}
{"Time":"2026-10-08T03:44:25.064307-04:00","Action":"cont","Package":"github.com/deliri/primitive/v2026/requestbudget","Test":"TestCapacityWindowLayerTriad/one_below_start_refuses_observation"}
{"Time":"2026-10-08T03:44:25.06431-04:00","Action":"output","Package":"github.com/deliri/primitive/v2026/requestbudget","Test":"TestCapacityWindowLayerTriad/one_below_start_refuses_observation","Output":"=== CONT  TestCapacityWindowLayerTriad/one_below_start_refuses_observation\n","OutputType":"frame"}
{"Time":"2026-10-08T03:44:25.064314-04:00","Action":"output","Package":"github.com/deliri/primitive/v2026/requestbudget","Test":"TestCapacityWindowLayerTriad/one_below_start_refuses_observation","Output":"--- PASS: TestCapacityWindowLayerTriad/one_below_start_refuses_observation (0.00s)\n","OutputType":"frame"}
{"Time":"2026-10-08T03:44:25.064318-04:00","Action":"pass","Package":"github.com/deliri/primitive/v2026/requestbudget","Test":"TestCapacityWindowLayerTriad/one_below_start_refuses_observation","Elapsed":0}
{"Time":"2026-10-08T03:44:25.064322-04:00","Action":"output","Package":"github.com/deliri/primitive/v2026/requestbudget","Test":"TestContractBoundaryLayerTriad/exact_start_is_inside","Output":"--- PASS: TestContractBoundaryLayerTriad/exact_start_is_inside (0.00s)\n","OutputType":"frame"}
{"Time":"2026-10-08T03:44:25.064326-04:00","Action":"pass","Package":"github.com/deliri/primitive/v2026/requestbudget","Test":"TestContractBoundaryLayerTriad/exact_start_is_inside","Elapsed":0}
{"Time":"2026-10-08T03:44:25.064329-04:00","Action":"cont","Package":"github.com/deliri/primitive/v2026/requestbudget","Test":"TestCapacityWindowLayerTriad/overlapping_window_refuses_binding"}
{"Time":"2026-10-08T03:44:25.064333-04:00","Action":"output","Package":"github.com/deliri/primitive/v2026/requestbudget","Test":"TestCapacityWindowLayerTriad/overlapping_window_refuses_binding","Output":"=== CONT  TestCapacityWindowLayerTriad/overlapping_window_refuses_binding\n","OutputType":"frame"}
{"Time":"2026-10-08T03:44:25.064336-04:00","Action":"cont","Package":"github.com/deliri/primitive/v2026/requestbudget","Test":"TestCapacityWindowLayerTriad/one_above_window_end_refuses_observation"}
{"Time":"2026-10-08T03:44:25.06434-04:00","Action":"output","Package":"github.com/deliri/primitive/v2026/requestbudget","Test":"TestCapacityWindowLayerTriad/one_above_window_end_refuses_observation","Output":"=== CONT  TestCapacityWindowLayerTriad/one_above_window_end_refuses_observation\n","OutputType":"frame"}
{"Time":"2026-10-08T03:44:25.064343-04:00","Action":"cont","Package":"github.com/deliri/primitive/v2026/requestbudget","Test":"TestCapacityWindowLayerTriad/changed_batch_refuses_binding"}
{"Time":"2026-10-08T03:44:25.064352-04:00","Action":"output","Package":"github.com/deliri/primitive/v2026/requestbudget","Test":"TestCapacityWindowLayerTriad/changed_batch_refuses_binding","Output":"=== CONT  TestCapacityWindowLayerTriad/changed_batch_refuses_binding\n","OutputType":"frame"}
{"Time":"2026-10-08T03:44:25.06436-04:00","Action":"cont","Package":"github.com/deliri/primitive/v2026/requestbudget","Test":"TestContractBoundaryLayerTriad/reversed_interval_bounds_refuse"}
{"Time":"2026-10-08T03:44:25.064363-04:00","Action":"output","Package":"github.com/deliri/primitive/v2026/requestbudget","Test":"TestContractBoundaryLayerTriad/reversed_interval_bounds_refuse","Output":"=== CONT  TestContractBoundaryLayerTriad/reversed_interval_bounds_refuse\n","OutputType":"frame"}
{"Time":"2026-10-08T03:44:25.064369-04:00","Action":"output","Package":"github.com/deliri/primitive/v2026/requestbudget","Test":"TestCapacityWindowLayerTriad/one_above_window_end_refuses_observation","Output":"--- PASS: TestCapacityWindowLayerTriad/one_above_window_end_refuses_observation (0.00s)\n","OutputType":"frame"}
{"Time":"2026-10-08T03:44:25.064373-04:00","Action":"pass","Package":"github.com/deliri/primitive/v2026/requestbudget","Test":"TestCapacityWindowLayerTriad/one_above_window_end_refuses_observation","Elapsed":0}
{"Time":"2026-10-08T03:44:25.064389-04:00","Action":"output","Package":"github.com/deliri/primitive/v2026/requestbudget","Test":"TestContractBoundaryLayerTriad/reversed_interval_bounds_refuse","Output":"--- PASS: TestContractBoundaryLayerTriad/reversed_interval_bounds_refuse (0.00s)\n","OutputType":"frame"}
{"Time":"2026-10-08T03:44:25.064393-04:00","Action":"pass","Package":"github.com/deliri/primitive/v2026/requestbudget","Test":"TestContractBoundaryLayerTriad/reversed_interval_bounds_refuse","Elapsed":0}
{"Time":"2026-10-08T03:44:25.064396-04:00","Action":"cont","Package":"github.com/deliri/primitive/v2026/requestbudget","Test":"TestCapacityWindowLayerTriad/expired_slot_admits_different_key"}
{"Time":"2026-10-08T03:44:25.0644-04:00","Action":"output","Package":"github.com/deliri/primitive/v2026/requestbudget","Test":"TestCapacityWindowLayerTriad/expired_slot_admits_different_key","Output":"=== CONT  TestCapacityWindowLayerTriad/expired_slot_admits_different_key\n","OutputType":"frame"}
{"Time":"2026-10-08T03:44:25.064404-04:00","Action":"cont","Package":"github.com/deliri/primitive/v2026/requestbudget","Test":"TestContractBoundaryLayerTriad/maximum_signed_end_stays_valid"}
{"Time":"2026-10-08T03:44:25.064407-04:00","Action":"output","Package":"github.com/deliri/primitive/v2026/requestbudget","Test":"TestContractBoundaryLayerTriad/maximum_signed_end_stays_valid","Output":"=== CONT  TestContractBoundaryLayerTriad/maximum_signed_end_stays_valid\n","OutputType":"frame"}
{"Time":"2026-10-08T03:44:25.064411-04:00","Action":"output","Package":"github.com/deliri/primitive/v2026/requestbudget","Test":"TestCapacityWindowLayerTriad/overlapping_window_refuses_binding","Output":"--- PASS: TestCapacityWindowLayerTriad/overlapping_window_refuses_binding (0.00s)\n","OutputType":"frame"}
{"Time":"2026-10-08T03:44:25.064415-04:00","Action":"pass","Package":"github.com/deliri/primitive/v2026/requestbudget","Test":"TestCapacityWindowLayerTriad/overlapping_window_refuses_binding","Elapsed":0}
{"Time":"2026-10-08T03:44:25.064418-04:00","Action":"output","Package":"github.com/deliri/primitive/v2026/requestbudget","Test":"TestContractBoundaryLayerTriad/maximum_signed_end_stays_valid","Output":"--- PASS: TestContractBoundaryLayerTriad/maximum_signed_end_stays_valid (0.00s)\n","OutputType":"frame"}
{"Time":"2026-10-08T03:44:25.064422-04:00","Action":"pass","Package":"github.com/deliri/primitive/v2026/requestbudget","Test":"TestContractBoundaryLayerTriad/maximum_signed_end_stays_valid","Elapsed":0}
{"Time":"2026-10-08T03:44:25.064426-04:00","Action":"output","Package":"github.com/deliri/primitive/v2026/requestbudget","Test":"TestCapacityWindowLayerTriad/changed_batch_refuses_binding","Output":"--- PASS: TestCapacityWindowLayerTriad/changed_batch_refuses_binding (0.00s)\n","OutputType":"frame"}
{"Time":"2026-10-08T03:44:25.064429-04:00","Action":"pass","Package":"github.com/deliri/primitive/v2026/requestbudget","Test":"TestCapacityWindowLayerTriad/changed_batch_refuses_binding","Elapsed":0}
{"Time":"2026-10-08T03:44:25.064437-04:00","Action":"cont","Package":"github.com/deliri/primitive/v2026/requestbudget","Test":"TestCapacityWindowLayerTriad/exact_window_end_refuses_observation"}
{"Time":"2026-10-08T03:44:25.06444-04:00","Action":"output","Package":"github.com/deliri/primitive/v2026/requestbudget","Test":"TestCapacityWindowLayerTriad/exact_window_end_refuses_observation","Output":"=== CONT  TestCapacityWindowLayerTriad/exact_window_end_refuses_observation\n","OutputType":"frame"}
{"Time":"2026-10-08T03:44:25.064449-04:00","Action":"output","Package":"github.com/deliri/primitive/v2026/requestbudget","Test":"TestCapacityWindowLayerTriad/expired_slot_admits_different_key","Output":"--- PASS: TestCapacityWindowLayerTriad/expired_slot_admits_different_key (0.00s)\n","OutputType":"frame"}
{"Time":"2026-10-08T03:44:25.064453-04:00","Action":"pass","Package":"github.com/deliri/primitive/v2026/requestbudget","Test":"TestCapacityWindowLayerTriad/expired_slot_admits_different_key","Elapsed":0}
{"Time":"2026-10-08T03:44:25.064456-04:00","Action":"cont","Package":"github.com/deliri/primitive/v2026/requestbudget","Test":"TestCapacityWindowLayerTriad/one_below_window_end_keeps_exhaustion"}
{"Time":"2026-10-08T03:44:25.064459-04:00","Action":"output","Package":"github.com/deliri/primitive/v2026/requestbudget","Test":"TestCapacityWindowLayerTriad/one_below_window_end_keeps_exhaustion","Output":"=== CONT  TestCapacityWindowLayerTriad/one_below_window_end_keeps_exhaustion\n","OutputType":"frame"}
{"Time":"2026-10-08T03:44:25.064463-04:00","Action":"cont","Package":"github.com/deliri/primitive/v2026/requestbudget","Test":"TestContractBoundaryLayerTriad/equal_interval_bounds_refuse"}
{"Time":"2026-10-08T03:44:25.064466-04:00","Action":"output","Package":"github.com/deliri/primitive/v2026/requestbudget","Test":"TestContractBoundaryLayerTriad/equal_interval_bounds_refuse","Output":"=== CONT  TestContractBoundaryLayerTriad/equal_interval_bounds_refuse\n","OutputType":"frame"}
{"Time":"2026-10-08T03:44:25.06447-04:00","Action":"output","Package":"github.com/deliri/primitive/v2026/requestbudget","Test":"TestContractBoundaryLayerTriad/equal_interval_bounds_refuse","Output":"--- PASS: TestContractBoundaryLayerTriad/equal_interval_bounds_refuse (0.00s)\n","OutputType":"frame"}
{"Time":"2026-10-08T03:44:25.064474-04:00","Action":"pass","Package":"github.com/deliri/primitive/v2026/requestbudget","Test":"TestContractBoundaryLayerTriad/equal_interval_bounds_refuse","Elapsed":0}
{"Time":"2026-10-08T03:44:25.064477-04:00","Action":"output","Package":"github.com/deliri/primitive/v2026/requestbudget","Test":"TestCapacityWindowLayerTriad/one_below_window_end_keeps_exhaustion","Output":"--- PASS: TestCapacityWindowLayerTriad/one_below_window_end_keeps_exhaustion (0.00s)\n","OutputType":"frame"}
{"Time":"2026-10-08T03:44:25.064481-04:00","Action":"pass","Package":"github.com/deliri/primitive/v2026/requestbudget","Test":"TestCapacityWindowLayerTriad/one_below_window_end_keeps_exhaustion","Elapsed":0}
{"Time":"2026-10-08T03:44:25.064484-04:00","Action":"cont","Package":"github.com/deliri/primitive/v2026/requestbudget","Test":"TestContractBoundaryLayerTriad/unset_start_refuses"}
{"Time":"2026-10-08T03:44:25.064487-04:00","Action":"output","Package":"github.com/deliri/primitive/v2026/requestbudget","Test":"TestContractBoundaryLayerTriad/unset_start_refuses","Output":"=== CONT  TestContractBoundaryLayerTriad/unset_start_refuses\n","OutputType":"frame"}
{"Time":"2026-10-08T03:44:25.064491-04:00","Action":"cont","Package":"github.com/deliri/primitive/v2026/requestbudget","Test":"TestCapacityWindowLayerTriad/different_live_key_refuses_capacity"}
{"Time":"2026-10-08T03:44:25.064494-04:00","Action":"output","Package":"github.com/deliri/primitive/v2026/requestbudget","Test":"TestCapacityWindowLayerTriad/different_live_key_refuses_capacity","Output":"=== CONT  TestCapacityWindowLayerTriad/different_live_key_refuses_capacity\n","OutputType":"frame"}
{"Time":"2026-10-08T03:44:25.064498-04:00","Action":"output","Package":"github.com/deliri/primitive/v2026/requestbudget","Test":"TestContractBoundaryLayerTriad/unset_start_refuses","Output":"--- PASS: TestContractBoundaryLayerTriad/unset_start_refuses (0.00s)\n","OutputType":"frame"}
{"Time":"2026-10-08T03:44:25.064505-04:00","Action":"pass","Package":"github.com/deliri/primitive/v2026/requestbudget","Test":"TestContractBoundaryLayerTriad/unset_start_refuses","Elapsed":0}
{"Time":"2026-10-08T03:44:25.064509-04:00","Action":"cont","Package":"github.com/deliri/primitive/v2026/requestbudget","Test":"TestContractBoundaryLayerTriad/maximum_batch_is_representable"}
{"Time":"2026-10-08T03:44:25.064513-04:00","Action":"output","Package":"github.com/deliri/primitive/v2026/requestbudget","Test":"TestContractBoundaryLayerTriad/maximum_batch_is_representable","Output":"=== CONT  TestContractBoundaryLayerTriad/maximum_batch_is_representable\n","OutputType":"frame"}
{"Time":"2026-10-08T03:44:25.064517-04:00","Action":"cont","Package":"github.com/deliri/primitive/v2026/requestbudget","Test":"TestContractBoundaryLayerTriad/zero_batch_refuses"}
{"Time":"2026-10-08T03:44:25.064521-04:00","Action":"output","Package":"github.com/deliri/primitive/v2026/requestbudget","Test":"TestContractBoundaryLayerTriad/zero_batch_refuses","Output":"=== CONT  TestContractBoundaryLayerTriad/zero_batch_refuses\n","OutputType":"frame"}
{"Time":"2026-10-08T03:44:25.064525-04:00","Action":"cont","Package":"github.com/deliri/primitive/v2026/requestbudget","Test":"TestContractBoundaryLayerTriad/unset_identity_refuses"}
{"Time":"2026-10-08T03:44:25.064528-04:00","Action":"output","Package":"github.com/deliri/primitive/v2026/requestbudget","Test":"TestContractBoundaryLayerTriad/unset_identity_refuses","Output":"=== CONT  TestContractBoundaryLayerTriad/unset_identity_refuses\n","OutputType":"frame"}
{"Time":"2026-10-08T03:44:25.064533-04:00","Action":"output","Package":"github.com/deliri/primitive/v2026/requestbudget","Test":"TestContractBoundaryLayerTriad/zero_batch_refuses","Output":"--- PASS: TestContractBoundaryLayerTriad/zero_batch_refuses (0.00s)\n","OutputType":"frame"}
{"Time":"2026-10-08T03:44:25.064537-04:00","Action":"pass","Package":"github.com/deliri/primitive/v2026/requestbudget","Test":"TestContractBoundaryLayerTriad/zero_batch_refuses","Elapsed":0}
{"Time":"2026-10-08T03:44:25.064541-04:00","Action":"cont","Package":"github.com/deliri/primitive/v2026/requestbudget","Test":"TestContractBoundaryLayerTriad/unset_observation_refuses"}
{"Time":"2026-10-08T03:44:25.064545-04:00","Action":"output","Package":"github.com/deliri/primitive/v2026/requestbudget","Test":"TestContractBoundaryLayerTriad/unset_observation_refuses","Output":"=== CONT  TestContractBoundaryLayerTriad/unset_observation_refuses\n","OutputType":"frame"}
{"Time":"2026-10-08T03:44:25.064549-04:00","Action":"output","Package":"github.com/deliri/primitive/v2026/requestbudget","Test":"TestCapacityWindowLayerTriad/exact_window_end_refuses_observation","Output":"--- PASS: TestCapacityWindowLayerTriad/exact_window_end_refuses_observation (0.00s)\n","OutputType":"frame"}
{"Time":"2026-10-08T03:44:25.064554-04:00","Action":"pass","Package":"github.com/deliri/primitive/v2026/requestbudget","Test":"TestCapacityWindowLayerTriad/exact_window_end_refuses_observation","Elapsed":0}
{"Time":"2026-10-08T03:44:25.064557-04:00","Action":"cont","Package":"github.com/deliri/primitive/v2026/requestbudget","Test":"TestContractBoundaryLayerTriad/minimum_signed_instant_stays_valid"}
{"Time":"2026-10-08T03:44:25.064561-04:00","Action":"output","Package":"github.com/deliri/primitive/v2026/requestbudget","Test":"TestContractBoundaryLayerTriad/minimum_signed_instant_stays_valid","Output":"=== CONT  TestContractBoundaryLayerTriad/minimum_signed_instant_stays_valid\n","OutputType":"frame"}
{"Time":"2026-10-08T03:44:25.064565-04:00","Action":"cont","Package":"github.com/deliri/primitive/v2026/requestbudget","Test":"TestCapacityWindowLayerTriad/cached_exhaustion_never_re-reserves"}
{"Time":"2026-10-08T03:44:25.064569-04:00","Action":"output","Package":"github.com/deliri/primitive/v2026/requestbudget","Test":"TestCapacityWindowLayerTriad/cached_exhaustion_never_re-reserves","Output":"=== CONT  TestCapacityWindowLayerTriad/cached_exhaustion_never_re-reserves\n","OutputType":"frame"}
{"Time":"2026-10-08T03:44:25.064577-04:00","Action":"output","Package":"github.com/deliri/primitive/v2026/requestbudget","Test":"TestCapacityWindowLayerTriad/different_live_key_refuses_capacity","Output":"--- PASS: TestCapacityWindowLayerTriad/different_live_key_refuses_capacity (0.00s)\n","OutputType":"frame"}
{"Time":"2026-10-08T03:44:25.064585-04:00","Action":"pass","Package":"github.com/deliri/primitive/v2026/requestbudget","Test":"TestCapacityWindowLayerTriad/different_live_key_refuses_capacity","Elapsed":0}
{"Time":"2026-10-08T03:44:25.064593-04:00","Action":"cont","Package":"github.com/deliri/primitive/v2026/requestbudget","Test":"TestCapacityWindowLayerTriad/same_key_next_window_reserves_anew"}
{"Time":"2026-10-08T03:44:25.064597-04:00","Action":"output","Package":"github.com/deliri/primitive/v2026/requestbudget","Test":"TestCapacityWindowLayerTriad/same_key_next_window_reserves_anew","Output":"=== CONT  TestCapacityWindowLayerTriad/same_key_next_window_reserves_anew\n","OutputType":"frame"}
{"Time":"2026-10-08T03:44:25.064602-04:00","Action":"output","Package":"github.com/deliri/primitive/v2026/requestbudget","Test":"TestCapacityWindowLayerTriad/same_key_next_window_reserves_anew","Output":"--- PASS: TestCapacityWindowLayerTriad/same_key_next_window_reserves_anew (0.00s)\n","OutputType":"frame"}
{"Time":"2026-10-08T03:44:25.064606-04:00","Action":"pass","Package":"github.com/deliri/primitive/v2026/requestbudget","Test":"TestCapacityWindowLayerTriad/same_key_next_window_reserves_anew","Elapsed":0}
{"Time":"2026-10-08T03:44:25.06461-04:00","Action":"cont","Package":"github.com/deliri/primitive/v2026/requestbudget","Test":"TestContractBoundaryLayerTriad/unset_end_refuses"}
{"Time":"2026-10-08T03:44:25.064614-04:00","Action":"output","Package":"github.com/deliri/primitive/v2026/requestbudget","Test":"TestContractBoundaryLayerTriad/unset_end_refuses","Output":"=== CONT  TestContractBoundaryLayerTriad/unset_end_refuses\n","OutputType":"frame"}
{"Time":"2026-10-08T03:44:25.064618-04:00","Action":"output","Package":"github.com/deliri/primitive/v2026/requestbudget","Test":"TestContractBoundaryLayerTriad/unset_observation_refuses","Output":"--- PASS: TestContractBoundaryLayerTriad/unset_observation_refuses (0.00s)\n","OutputType":"frame"}
{"Time":"2026-10-08T03:44:25.064622-04:00","Action":"pass","Package":"github.com/deliri/primitive/v2026/requestbudget","Test":"TestContractBoundaryLayerTriad/unset_observation_refuses","Elapsed":0}
{"Time":"2026-10-08T03:44:25.064626-04:00","Action":"cont","Package":"github.com/deliri/primitive/v2026/requestbudget","Test":"TestContractBoundaryLayerTriad/last_nanosecond_is_inside"}
{"Time":"2026-10-08T03:44:25.06463-04:00","Action":"output","Package":"github.com/deliri/primitive/v2026/requestbudget","Test":"TestContractBoundaryLayerTriad/last_nanosecond_is_inside","Output":"=== CONT  TestContractBoundaryLayerTriad/last_nanosecond_is_inside\n","OutputType":"frame"}
{"Time":"2026-10-08T03:44:25.064635-04:00","Action":"output","Package":"github.com/deliri/primitive/v2026/requestbudget","Test":"TestContractBoundaryLayerTriad/last_nanosecond_is_inside","Output":"--- PASS: TestContractBoundaryLayerTriad/last_nanosecond_is_inside (0.00s)\n","OutputType":"frame"}
{"Time":"2026-10-08T03:44:25.064639-04:00","Action":"pass","Package":"github.com/deliri/primitive/v2026/requestbudget","Test":"TestContractBoundaryLayerTriad/last_nanosecond_is_inside","Elapsed":0}
{"Time":"2026-10-08T03:44:25.064643-04:00","Action":"output","Package":"github.com/deliri/primitive/v2026/requestbudget","Test":"TestContractBoundaryLayerTriad/maximum_batch_is_representable","Output":"--- PASS: TestContractBoundaryLayerTriad/maximum_batch_is_representable (0.00s)\n","OutputType":"frame"}
{"Time":"2026-10-08T03:44:25.064647-04:00","Action":"pass","Package":"github.com/deliri/primitive/v2026/requestbudget","Test":"TestContractBoundaryLayerTriad/maximum_batch_is_representable","Elapsed":0}
{"Time":"2026-10-08T03:44:25.064655-04:00","Action":"output","Package":"github.com/deliri/primitive/v2026/requestbudget","Test":"TestCapacityWindowLayerTriad/cached_exhaustion_never_re-reserves","Output":"--- PASS: TestCapacityWindowLayerTriad/cached_exhaustion_never_re-reserves (0.00s)\n","OutputType":"frame"}
{"Time":"2026-10-08T03:44:25.06466-04:00","Action":"pass","Package":"github.com/deliri/primitive/v2026/requestbudget","Test":"TestCapacityWindowLayerTriad/cached_exhaustion_never_re-reserves","Elapsed":0}
{"Time":"2026-10-08T03:44:25.064664-04:00","Action":"output","Package":"github.com/deliri/primitive/v2026/requestbudget","Test":"TestCapacityWindowLayerTriad","Output":"--- PASS: TestCapacityWindowLayerTriad (0.00s)\n","OutputType":"frame"}
{"Time":"2026-10-08T03:44:25.064669-04:00","Action":"pass","Package":"github.com/deliri/primitive/v2026/requestbudget","Test":"TestCapacityWindowLayerTriad","Elapsed":0}
{"Time":"2026-10-08T03:44:25.064673-04:00","Action":"output","Package":"github.com/deliri/primitive/v2026/requestbudget","Test":"TestContractBoundaryLayerTriad/minimum_signed_instant_stays_valid","Output":"--- PASS: TestContractBoundaryLayerTriad/minimum_signed_instant_stays_valid (0.00s)\n","OutputType":"frame"}
{"Time":"2026-10-08T03:44:25.064678-04:00","Action":"pass","Package":"github.com/deliri/primitive/v2026/requestbudget","Test":"TestContractBoundaryLayerTriad/minimum_signed_instant_stays_valid","Elapsed":0}
{"Time":"2026-10-08T03:44:25.064682-04:00","Action":"output","Package":"github.com/deliri/primitive/v2026/requestbudget","Test":"TestContractBoundaryLayerTriad/unset_identity_refuses","Output":"--- PASS: TestContractBoundaryLayerTriad/unset_identity_refuses (0.00s)\n","OutputType":"frame"}
{"Time":"2026-10-08T03:44:25.064687-04:00","Action":"pass","Package":"github.com/deliri/primitive/v2026/requestbudget","Test":"TestContractBoundaryLayerTriad/unset_identity_refuses","Elapsed":0}
{"Time":"2026-10-08T03:44:25.064691-04:00","Action":"output","Package":"github.com/deliri/primitive/v2026/requestbudget","Test":"TestContractBoundaryLayerTriad/unset_end_refuses","Output":"--- PASS: TestContractBoundaryLayerTriad/unset_end_refuses (0.00s)\n","OutputType":"frame"}
{"Time":"2026-10-08T03:44:25.064695-04:00","Action":"pass","Package":"github.com/deliri/primitive/v2026/requestbudget","Test":"TestContractBoundaryLayerTriad/unset_end_refuses","Elapsed":0}
{"Time":"2026-10-08T03:44:25.064699-04:00","Action":"output","Package":"github.com/deliri/primitive/v2026/requestbudget","Test":"TestContractBoundaryLayerTriad","Output":"--- PASS: TestContractBoundaryLayerTriad (0.00s)\n","OutputType":"frame"}
{"Time":"2026-10-08T03:44:25.064703-04:00","Action":"pass","Package":"github.com/deliri/primitive/v2026/requestbudget","Test":"TestContractBoundaryLayerTriad","Elapsed":0}
{"Time":"2026-10-08T03:44:25.064707-04:00","Action":"output","Package":"github.com/deliri/primitive/v2026/requestbudget","Test":"TestConcurrentCreditConservation","Output":"--- PASS: TestConcurrentCreditConservation (0.00s)\n","OutputType":"frame"}
{"Time":"2026-10-08T03:44:25.064711-04:00","Action":"pass","Package":"github.com/deliri/primitive/v2026/requestbudget","Test":"TestConcurrentCreditConservation","Elapsed":0}
{"Time":"2026-10-08T03:44:25.064715-04:00","Action":"output","Package":"github.com/deliri/primitive/v2026/requestbudget","Test":"TestProductionDataFlowInventoryAndBoundedOwnership","Output":"--- PASS: TestProductionDataFlowInventoryAndBoundedOwnership (0.00s)\n","OutputType":"frame"}
{"Time":"2026-10-08T03:44:25.140691-04:00","Action":"pass","Package":"github.com/deliri/primitive/v2026/requestbudget","Test":"TestProductionDataFlowInventoryAndBoundedOwnership","Elapsed":0}
{"Time":"2026-10-08T03:44:25.143678-04:00","Action":"cont","Package":"github.com/deliri/primitive/v2026/requestbudget","Test":"TestGrantBindingFieldsAndMaximumCredits/foreign_key_cannot_mint_credits"}
{"Time":"2026-10-08T03:44:25.143698-04:00","Action":"output","Package":"github.com/deliri/primitive/v2026/requestbudget","Test":"TestGrantBindingFieldsAndMaximumCredits/foreign_key_cannot_mint_credits","Output":"=== CONT  TestGrantBindingFieldsAndMaximumCredits/foreign_key_cannot_mint_credits\n","OutputType":"frame"}
{"Time":"2026-10-08T03:44:25.143728-04:00","Action":"cont","Package":"github.com/deliri/primitive/v2026/requestbudget","Test":"TestGrantBindingFieldsAndMaximumCredits/foreign_end_cannot_mint_credits"}
{"Time":"2026-10-08T03:44:25.143735-04:00","Action":"output","Package":"github.com/deliri/primitive/v2026/requestbudget","Test":"TestGrantBindingFieldsAndMaximumCredits/foreign_end_cannot_mint_credits","Output":"=== CONT  TestGrantBindingFieldsAndMaximumCredits/foreign_end_cannot_mint_credits\n","OutputType":"frame"}
{"Time":"2026-10-08T03:44:25.143743-04:00","Action":"output","Package":"github.com/deliri/primitive/v2026/requestbudget","Test":"TestGrantBindingFieldsAndMaximumCredits/foreign_key_cannot_mint_credits","Output":"--- PASS: TestGrantBindingFieldsAndMaximumCredits/foreign_key_cannot_mint_credits (0.00s)\n","OutputType":"frame"}
{"Time":"2026-10-08T03:44:25.14375-04:00","Action":"pass","Package":"github.com/deliri/primitive/v2026/requestbudget","Test":"TestGrantBindingFieldsAndMaximumCredits/foreign_key_cannot_mint_credits","Elapsed":0}
{"Time":"2026-10-08T03:44:25.143755-04:00","Action":"cont","Package":"github.com/deliri/primitive/v2026/requestbudget","Test":"TestGrantBindingFieldsAndMaximumCredits/foreign_batch_cannot_mint_credits"}
{"Time":"2026-10-08T03:44:25.14376-04:00","Action":"output","Package":"github.com/deliri/primitive/v2026/requestbudget","Test":"TestGrantBindingFieldsAndMaximumCredits/foreign_batch_cannot_mint_credits","Output":"=== CONT  TestGrantBindingFieldsAndMaximumCredits/foreign_batch_cannot_mint_credits\n","OutputType":"frame"}
{"Time":"2026-10-08T03:44:25.143765-04:00","Action":"output","Package":"github.com/deliri/primitive/v2026/requestbudget","Test":"TestGrantBindingFieldsAndMaximumCredits/foreign_end_cannot_mint_credits","Output":"--- PASS: TestGrantBindingFieldsAndMaximumCredits/foreign_end_cannot_mint_credits (0.00s)\n","OutputType":"frame"}
{"Time":"2026-10-08T03:44:25.143769-04:00","Action":"pass","Package":"github.com/deliri/primitive/v2026/requestbudget","Test":"TestGrantBindingFieldsAndMaximumCredits/foreign_end_cannot_mint_credits","Elapsed":0}
{"Time":"2026-10-08T03:44:25.143773-04:00","Action":"cont","Package":"github.com/deliri/primitive/v2026/requestbudget","Test":"TestGrantBindingFieldsAndMaximumCredits/foreign_start_cannot_mint_credits"}
{"Time":"2026-10-08T03:44:25.143776-04:00","Action":"output","Package":"github.com/deliri/primitive/v2026/requestbudget","Test":"TestGrantBindingFieldsAndMaximumCredits/foreign_start_cannot_mint_credits","Output":"=== CONT  TestGrantBindingFieldsAndMaximumCredits/foreign_start_cannot_mint_credits\n","OutputType":"frame"}
{"Time":"2026-10-08T03:44:25.143781-04:00","Action":"output","Package":"github.com/deliri/primitive/v2026/requestbudget","Test":"TestGrantBindingFieldsAndMaximumCredits/foreign_batch_cannot_mint_credits","Output":"--- PASS: TestGrantBindingFieldsAndMaximumCredits/foreign_batch_cannot_mint_credits (0.00s)\n","OutputType":"frame"}
{"Time":"2026-10-08T03:44:25.143786-04:00","Action":"pass","Package":"github.com/deliri/primitive/v2026/requestbudget","Test":"TestGrantBindingFieldsAndMaximumCredits/foreign_batch_cannot_mint_credits","Elapsed":0}
{"Time":"2026-10-08T03:44:25.14379-04:00","Action":"output","Package":"github.com/deliri/primitive/v2026/requestbudget","Test":"TestGrantBindingFieldsAndMaximumCredits/foreign_start_cannot_mint_credits","Output":"--- PASS: TestGrantBindingFieldsAndMaximumCredits/foreign_start_cannot_mint_credits (0.00s)\n","OutputType":"frame"}
{"Time":"2026-10-08T03:44:25.143794-04:00","Action":"pass","Package":"github.com/deliri/primitive/v2026/requestbudget","Test":"TestGrantBindingFieldsAndMaximumCredits/foreign_start_cannot_mint_credits","Elapsed":0}
{"Time":"2026-10-08T03:44:25.143798-04:00","Action":"output","Package":"github.com/deliri/primitive/v2026/requestbudget","Test":"TestGrantBindingFieldsAndMaximumCredits","Output":"--- PASS: TestGrantBindingFieldsAndMaximumCredits (0.08s)\n","OutputType":"frame"}
{"Time":"2026-10-08T03:44:26.600509-04:00","Action":"pass","Package":"github.com/deliri/primitive/v2026/requestbudget","Test":"TestGrantBindingFieldsAndMaximumCredits","Elapsed":0.08}
{"Time":"2026-10-08T03:44:26.600617-04:00","Action":"output","Package":"github.com/deliri/primitive/v2026/requestbudget","Test":"TestCreditGrantHandoffExhaustive","Output":"--- PASS: TestCreditGrantHandoffExhaustive (1.54s)\n","OutputType":"frame"}
{"Time":"2026-10-08T03:44:26.600648-04:00","Action":"pass","Package":"github.com/deliri/primitive/v2026/requestbudget","Test":"TestCreditGrantHandoffExhaustive","Elapsed":1.54}
{"Time":"2026-10-08T03:44:26.600658-04:00","Action":"run","Package":"github.com/deliri/primitive/v2026/requestbudget","Test":"FuzzReservationCreditProviderBoundary"}
{"Time":"2026-10-08T03:44:26.600663-04:00","Action":"output","Package":"github.com/deliri/primitive/v2026/requestbudget","Test":"FuzzReservationCreditProviderBoundary","Output":"=== RUN   FuzzReservationCreditProviderBoundary\n","OutputType":"frame"}
{"Time":"2026-10-08T03:44:26.600675-04:00","Action":"run","Package":"github.com/deliri/primitive/v2026/requestbudget","Test":"FuzzReservationCreditProviderBoundary/seed#0"}
{"Time":"2026-10-08T03:44:26.600681-04:00","Action":"output","Package":"github.com/deliri/primitive/v2026/requestbudget","Test":"FuzzReservationCreditProviderBoundary/seed#0","Output":"=== RUN   FuzzReservationCreditProviderBoundary/seed#0\n","OutputType":"frame"}
{"Time":"2026-10-08T03:44:26.600809-04:00","Action":"output","Package":"github.com/deliri/primitive/v2026/requestbudget","Test":"FuzzReservationCreditProviderBoundary/seed#0","Output":"--- PASS: FuzzReservationCreditProviderBoundary/seed#0 (0.00s)\n","OutputType":"frame"}
{"Time":"2026-10-08T03:44:26.600827-04:00","Action":"pass","Package":"github.com/deliri/primitive/v2026/requestbudget","Test":"FuzzReservationCreditProviderBoundary/seed#0","Elapsed":0}
{"Time":"2026-10-08T03:44:26.600833-04:00","Action":"run","Package":"github.com/deliri/primitive/v2026/requestbudget","Test":"FuzzReservationCreditProviderBoundary/seed#1"}
{"Time":"2026-10-08T03:44:26.600861-04:00","Action":"output","Package":"github.com/deliri/primitive/v2026/requestbudget","Test":"FuzzReservationCreditProviderBoundary/seed#1","Output":"=== RUN   FuzzReservationCreditProviderBoundary/seed#1\n","OutputType":"frame"}
{"Time":"2026-10-08T03:44:26.600869-04:00","Action":"output","Package":"github.com/deliri/primitive/v2026/requestbudget","Test":"FuzzReservationCreditProviderBoundary/seed#1","Output":"--- PASS: FuzzReservationCreditProviderBoundary/seed#1 (0.00s)\n","OutputType":"frame"}
{"Time":"2026-10-08T03:44:26.600874-04:00","Action":"pass","Package":"github.com/deliri/primitive/v2026/requestbudget","Test":"FuzzReservationCreditProviderBoundary/seed#1","Elapsed":0}
{"Time":"2026-10-08T03:44:26.605059-04:00","Action":"run","Package":"github.com/deliri/primitive/v2026/requestbudget","Test":"FuzzReservationCreditProviderBoundary/seed#2"}
{"Time":"2026-10-08T03:44:26.605076-04:00","Action":"output","Package":"github.com/deliri/primitive/v2026/requestbudget","Test":"FuzzReservationCreditProviderBoundary/seed#2","Output":"=== RUN   FuzzReservationCreditProviderBoundary/seed#2\n","OutputType":"frame"}
{"Time":"2026-10-08T03:44:26.605088-04:00","Action":"output","Package":"github.com/deliri/primitive/v2026/requestbudget","Test":"FuzzReservationCreditProviderBoundary/seed#2","Output":"--- PASS: FuzzReservationCreditProviderBoundary/seed#2 (0.00s)\n","OutputType":"frame"}
{"Time":"2026-10-08T03:44:26.605157-04:00","Action":"pass","Package":"github.com/deliri/primitive/v2026/requestbudget","Test":"FuzzReservationCreditProviderBoundary/seed#2","Elapsed":0}
{"Time":"2026-10-08T03:44:26.605225-04:00","Action":"output","Package":"github.com/deliri/primitive/v2026/requestbudget","Test":"FuzzReservationCreditProviderBoundary","Output":"--- PASS: FuzzReservationCreditProviderBoundary (0.00s)\n","OutputType":"frame"}
{"Time":"2026-10-08T03:44:26.605328-04:00","Action":"pass","Package":"github.com/deliri/primitive/v2026/requestbudget","Test":"FuzzReservationCreditProviderBoundary","Elapsed":0}
{"Time":"2026-10-08T03:44:26.605337-04:00","Action":"output","Package":"github.com/deliri/primitive/v2026/requestbudget","Output":"PASS\n","OutputType":"frame"}
{"Time":"2026-10-08T03:44:27.612091-04:00","Action":"output","Package":"github.com/deliri/primitive/v2026/requestbudget","Output":"ok  \tgithub.com/deliri/primitive/v2026/requestbudget\t2.681s\n"}
{"Time":"2026-10-08T03:44:27.615071-04:00","Action":"pass","Package":"github.com/deliri/primitive/v2026/requestbudget","Elapsed":2.684}
