{"Time":"2026-10-08T03:50:14.747871-04:00","Action":"start","Package":"github.com/deliri/primitive/v2026/requestbudget"}
{"Time":"2026-10-08T03:50:14.877236-04:00","Action":"run","Package":"github.com/deliri/primitive/v2026/requestbudget","Test":"TestContractBoundaryLayerTriad"}
{"Time":"2026-10-08T03:50:14.877386-04:00","Action":"output","Package":"github.com/deliri/primitive/v2026/requestbudget","Test":"TestContractBoundaryLayerTriad","Output":"=== RUN   TestContractBoundaryLayerTriad\n","OutputType":"frame"}
{"Time":"2026-10-08T03:50:14.877459-04:00","Action":"output","Package":"github.com/deliri/primitive/v2026/requestbudget","Test":"TestContractBoundaryLayerTriad","Output":"=== PAUSE TestContractBoundaryLayerTriad\n","OutputType":"frame"}
{"Time":"2026-10-08T03:50:14.877467-04:00","Action":"pause","Package":"github.com/deliri/primitive/v2026/requestbudget","Test":"TestContractBoundaryLayerTriad"}
{"Time":"2026-10-08T03:50:14.87748-04:00","Action":"run","Package":"github.com/deliri/primitive/v2026/requestbudget","Test":"TestProductionDataFlowInventoryAndBoundedOwnership"}
{"Time":"2026-10-08T03:50:14.877491-04:00","Action":"output","Package":"github.com/deliri/primitive/v2026/requestbudget","Test":"TestProductionDataFlowInventoryAndBoundedOwnership","Output":"=== RUN   TestProductionDataFlowInventoryAndBoundedOwnership\n","OutputType":"frame"}
{"Time":"2026-10-08T03:50:14.877508-04:00","Action":"output","Package":"github.com/deliri/primitive/v2026/requestbudget","Test":"TestProductionDataFlowInventoryAndBoundedOwnership","Output":"=== PAUSE TestProductionDataFlowInventoryAndBoundedOwnership\n","OutputType":"frame"}
{"Time":"2026-10-08T03:50:14.877513-04:00","Action":"pause","Package":"github.com/deliri/primitive/v2026/requestbudget","Test":"TestProductionDataFlowInventoryAndBoundedOwnership"}
{"Time":"2026-10-08T03:50:14.877529-04:00","Action":"run","Package":"github.com/deliri/primitive/v2026/requestbudget","Test":"TestReservationCreditsLayerTriad"}
{"Time":"2026-10-08T03:50:14.877535-04:00","Action":"output","Package":"github.com/deliri/primitive/v2026/requestbudget","Test":"TestReservationCreditsLayerTriad","Output":"=== RUN   TestReservationCreditsLayerTriad\n","OutputType":"frame"}
{"Time":"2026-10-08T03:50:14.877546-04:00","Action":"output","Package":"github.com/deliri/primitive/v2026/requestbudget","Test":"TestReservationCreditsLayerTriad","Output":"=== PAUSE TestReservationCreditsLayerTriad\n","OutputType":"frame"}
{"Time":"2026-10-08T03:50:14.877553-04:00","Action":"pause","Package":"github.com/deliri/primitive/v2026/requestbudget","Test":"TestReservationCreditsLayerTriad"}
{"Time":"2026-10-08T03:50:14.877563-04:00","Action":"run","Package":"github.com/deliri/primitive/v2026/requestbudget","Test":"TestCapacityWindowLayerTriad"}
{"Time":"2026-10-08T03:50:14.877568-04:00","Action":"output","Package":"github.com/deliri/primitive/v2026/requestbudget","Test":"TestCapacityWindowLayerTriad","Output":"=== RUN   TestCapacityWindowLayerTriad\n","OutputType":"frame"}
{"Time":"2026-10-08T03:50:14.877578-04:00","Action":"output","Package":"github.com/deliri/primitive/v2026/requestbudget","Test":"TestCapacityWindowLayerTriad","Output":"=== PAUSE TestCapacityWindowLayerTriad\n","OutputType":"frame"}
{"Time":"2026-10-08T03:50:14.877584-04:00","Action":"pause","Package":"github.com/deliri/primitive/v2026/requestbudget","Test":"TestCapacityWindowLayerTriad"}
{"Time":"2026-10-08T03:50:14.877589-04:00","Action":"run","Package":"github.com/deliri/primitive/v2026/requestbudget","Test":"TestCreditGrantHandoffExhaustive"}
{"Time":"2026-10-08T03:50:14.877594-04:00","Action":"output","Package":"github.com/deliri/primitive/v2026/requestbudget","Test":"TestCreditGrantHandoffExhaustive","Output":"=== RUN   TestCreditGrantHandoffExhaustive\n","OutputType":"frame"}
{"Time":"2026-10-08T03:50:14.877605-04:00","Action":"output","Package":"github.com/deliri/primitive/v2026/requestbudget","Test":"TestCreditGrantHandoffExhaustive","Output":"=== PAUSE TestCreditGrantHandoffExhaustive\n","OutputType":"frame"}
{"Time":"2026-10-08T03:50:14.87761-04:00","Action":"pause","Package":"github.com/deliri/primitive/v2026/requestbudget","Test":"TestCreditGrantHandoffExhaustive"}
{"Time":"2026-10-08T03:50:14.877625-04:00","Action":"run","Package":"github.com/deliri/primitive/v2026/requestbudget","Test":"TestConcurrentCreditConservation"}
{"Time":"2026-10-08T03:50:14.877629-04:00","Action":"output","Package":"github.com/deliri/primitive/v2026/requestbudget","Test":"TestConcurrentCreditConservation","Output":"=== RUN   TestConcurrentCreditConservation\n","OutputType":"frame"}
{"Time":"2026-10-08T03:50:14.877635-04:00","Action":"output","Package":"github.com/deliri/primitive/v2026/requestbudget","Test":"TestConcurrentCreditConservation","Output":"=== PAUSE TestConcurrentCreditConservation\n","OutputType":"frame"}
{"Time":"2026-10-08T03:50:14.877638-04:00","Action":"pause","Package":"github.com/deliri/primitive/v2026/requestbudget","Test":"TestConcurrentCreditConservation"}
{"Time":"2026-10-08T03:50:14.877647-04:00","Action":"run","Package":"github.com/deliri/primitive/v2026/requestbudget","Test":"TestCancellationReservationLayerTriad"}
{"Time":"2026-10-08T03:50:14.877653-04:00","Action":"output","Package":"github.com/deliri/primitive/v2026/requestbudget","Test":"TestCancellationReservationLayerTriad","Output":"=== RUN   TestCancellationReservationLayerTriad\n","OutputType":"frame"}
{"Time":"2026-10-08T03:50:14.877662-04:00","Action":"output","Package":"github.com/deliri/primitive/v2026/requestbudget","Test":"TestCancellationReservationLayerTriad","Output":"=== PAUSE TestCancellationReservationLayerTriad\n","OutputType":"frame"}
{"Time":"2026-10-08T03:50:14.87767-04:00","Action":"pause","Package":"github.com/deliri/primitive/v2026/requestbudget","Test":"TestCancellationReservationLayerTriad"}
{"Time":"2026-10-08T03:50:14.877736-04:00","Action":"run","Package":"github.com/deliri/primitive/v2026/requestbudget","Test":"TestWindowAdvanceRejectsLateGrantAndRollback"}
{"Time":"2026-10-08T03:50:14.877764-04:00","Action":"output","Package":"github.com/deliri/primitive/v2026/requestbudget","Test":"TestWindowAdvanceRejectsLateGrantAndRollback","Output":"=== RUN   TestWindowAdvanceRejectsLateGrantAndRollback\n","OutputType":"frame"}
{"Time":"2026-10-08T03:50:14.877781-04:00","Action":"output","Package":"github.com/deliri/primitive/v2026/requestbudget","Test":"TestWindowAdvanceRejectsLateGrantAndRollback","Output":"=== PAUSE TestWindowAdvanceRejectsLateGrantAndRollback\n","OutputType":"frame"}
{"Time":"2026-10-08T03:50:14.877787-04:00","Action":"pause","Package":"github.com/deliri/primitive/v2026/requestbudget","Test":"TestWindowAdvanceRejectsLateGrantAndRollback"}
{"Time":"2026-10-08T03:50:14.877792-04:00","Action":"run","Package":"github.com/deliri/primitive/v2026/requestbudget","Test":"TestProviderFailureAndPanicNeverBecomeExhaustion"}
{"Time":"2026-10-08T03:50:14.877807-04:00","Action":"output","Package":"github.com/deliri/primitive/v2026/requestbudget","Test":"TestProviderFailureAndPanicNeverBecomeExhaustion","Output":"=== RUN   TestProviderFailureAndPanicNeverBecomeExhaustion\n","OutputType":"frame"}
{"Time":"2026-10-08T03:50:14.877812-04:00","Action":"output","Package":"github.com/deliri/primitive/v2026/requestbudget","Test":"TestProviderFailureAndPanicNeverBecomeExhaustion","Output":"=== PAUSE TestProviderFailureAndPanicNeverBecomeExhaustion\n","OutputType":"frame"}
{"Time":"2026-10-08T03:50:14.877816-04:00","Action":"pause","Package":"github.com/deliri/primitive/v2026/requestbudget","Test":"TestProviderFailureAndPanicNeverBecomeExhaustion"}
{"Time":"2026-10-08T03:50:14.877829-04:00","Action":"run","Package":"github.com/deliri/primitive/v2026/requestbudget","Test":"TestPendingWindowRolloverAndDeadline"}
{"Time":"2026-10-08T03:50:14.877835-04:00","Action":"output","Package":"github.com/deliri/primitive/v2026/requestbudget","Test":"TestPendingWindowRolloverAndDeadline","Output":"=== RUN   TestPendingWindowRolloverAndDeadline\n","OutputType":"frame"}
{"Time":"2026-10-08T03:50:14.877842-04:00","Action":"output","Package":"github.com/deliri/primitive/v2026/requestbudget","Test":"TestPendingWindowRolloverAndDeadline","Output":"=== PAUSE TestPendingWindowRolloverAndDeadline\n","OutputType":"frame"}
{"Time":"2026-10-08T03:50:14.877856-04:00","Action":"pause","Package":"github.com/deliri/primitive/v2026/requestbudget","Test":"TestPendingWindowRolloverAndDeadline"}
{"Time":"2026-10-08T03:50:14.877863-04:00","Action":"run","Package":"github.com/deliri/primitive/v2026/requestbudget","Test":"TestGrantBindingFieldsAndMaximumCredits"}
{"Time":"2026-10-08T03:50:14.877868-04:00","Action":"output","Package":"github.com/deliri/primitive/v2026/requestbudget","Test":"TestGrantBindingFieldsAndMaximumCredits","Output":"=== RUN   TestGrantBindingFieldsAndMaximumCredits\n","OutputType":"frame"}
{"Time":"2026-10-08T03:50:14.877899-04:00","Action":"output","Package":"github.com/deliri/primitive/v2026/requestbudget","Test":"TestGrantBindingFieldsAndMaximumCredits","Output":"=== PAUSE TestGrantBindingFieldsAndMaximumCredits\n","OutputType":"frame"}
{"Time":"2026-10-08T03:50:14.877905-04:00","Action":"pause","Package":"github.com/deliri/primitive/v2026/requestbudget","Test":"TestGrantBindingFieldsAndMaximumCredits"}
{"Time":"2026-10-08T03:50:14.877915-04:00","Action":"cont","Package":"github.com/deliri/primitive/v2026/requestbudget","Test":"TestContractBoundaryLayerTriad"}
{"Time":"2026-10-08T03:50:14.87792-04:00","Action":"output","Package":"github.com/deliri/primitive/v2026/requestbudget","Test":"TestContractBoundaryLayerTriad","Output":"=== CONT  TestContractBoundaryLayerTriad\n","OutputType":"frame"}
{"Time":"2026-10-08T03:50:14.877964-04:00","Action":"cont","Package":"github.com/deliri/primitive/v2026/requestbudget","Test":"TestConcurrentCreditConservation"}
{"Time":"2026-10-08T03:50:14.877979-04:00","Action":"output","Package":"github.com/deliri/primitive/v2026/requestbudget","Test":"TestConcurrentCreditConservation","Output":"=== CONT  TestConcurrentCreditConservation\n","OutputType":"frame"}
{"Time":"2026-10-08T03:50:14.877985-04:00","Action":"run","Package":"github.com/deliri/primitive/v2026/requestbudget","Test":"TestContractBoundaryLayerTriad/exact_start_is_inside"}
{"Time":"2026-10-08T03:50:14.877989-04:00","Action":"output","Package":"github.com/deliri/primitive/v2026/requestbudget","Test":"TestContractBoundaryLayerTriad/exact_start_is_inside","Output":"=== RUN   TestContractBoundaryLayerTriad/exact_start_is_inside\n","OutputType":"frame"}
{"Time":"2026-10-08T03:50:14.878079-04:00","Action":"cont","Package":"github.com/deliri/primitive/v2026/requestbudget","Test":"TestCreditGrantHandoffExhaustive"}
{"Time":"2026-10-08T03:50:14.87809-04:00","Action":"output","Package":"github.com/deliri/primitive/v2026/requestbudget","Test":"TestCreditGrantHandoffExhaustive","Output":"=== CONT  TestCreditGrantHandoffExhaustive\n","OutputType":"frame"}
{"Time":"2026-10-08T03:50:14.879962-04:00","Action":"output","Package":"github.com/deliri/primitive/v2026/requestbudget","Test":"TestContractBoundaryLayerTriad/exact_start_is_inside","Output":"=== PAUSE TestContractBoundaryLayerTriad/exact_start_is_inside\n","OutputType":"frame"}
{"Time":"2026-10-08T03:50:14.880023-04:00","Action":"pause","Package":"github.com/deliri/primitive/v2026/requestbudget","Test":"TestContractBoundaryLayerTriad/exact_start_is_inside"}
{"Time":"2026-10-08T03:50:14.880035-04:00","Action":"run","Package":"github.com/deliri/primitive/v2026/requestbudget","Test":"TestContractBoundaryLayerTriad/last_nanosecond_is_inside"}
{"Time":"2026-10-08T03:50:14.880041-04:00","Action":"output","Package":"github.com/deliri/primitive/v2026/requestbudget","Test":"TestContractBoundaryLayerTriad/last_nanosecond_is_inside","Output":"=== RUN   TestContractBoundaryLayerTriad/last_nanosecond_is_inside\n","OutputType":"frame"}
{"Time":"2026-10-08T03:50:14.880052-04:00","Action":"output","Package":"github.com/deliri/primitive/v2026/requestbudget","Test":"TestContractBoundaryLayerTriad/last_nanosecond_is_inside","Output":"=== PAUSE TestContractBoundaryLayerTriad/last_nanosecond_is_inside\n","OutputType":"frame"}
{"Time":"2026-10-08T03:50:14.880056-04:00","Action":"pause","Package":"github.com/deliri/primitive/v2026/requestbudget","Test":"TestContractBoundaryLayerTriad/last_nanosecond_is_inside"}
{"Time":"2026-10-08T03:50:14.880142-04:00","Action":"cont","Package":"github.com/deliri/primitive/v2026/requestbudget","Test":"TestCancellationReservationLayerTriad"}
{"Time":"2026-10-08T03:50:14.880155-04:00","Action":"output","Package":"github.com/deliri/primitive/v2026/requestbudget","Test":"TestCancellationReservationLayerTriad","Output":"=== CONT  TestCancellationReservationLayerTriad\n","OutputType":"frame"}
{"Time":"2026-10-08T03:50:14.880169-04:00","Action":"run","Package":"github.com/deliri/primitive/v2026/requestbudget","Test":"TestContractBoundaryLayerTriad/unset_identity_refuses"}
{"Time":"2026-10-08T03:50:14.880175-04:00","Action":"output","Package":"github.com/deliri/primitive/v2026/requestbudget","Test":"TestContractBoundaryLayerTriad/unset_identity_refuses","Output":"=== RUN   TestContractBoundaryLayerTriad/unset_identity_refuses\n","OutputType":"frame"}
{"Time":"2026-10-08T03:50:14.880181-04:00","Action":"output","Package":"github.com/deliri/primitive/v2026/requestbudget","Test":"TestContractBoundaryLayerTriad/unset_identity_refuses","Output":"=== PAUSE TestContractBoundaryLayerTriad/unset_identity_refuses\n","OutputType":"frame"}
{"Time":"2026-10-08T03:50:14.880185-04:00","Action":"pause","Package":"github.com/deliri/primitive/v2026/requestbudget","Test":"TestContractBoundaryLayerTriad/unset_identity_refuses"}
{"Time":"2026-10-08T03:50:14.88019-04:00","Action":"run","Package":"github.com/deliri/primitive/v2026/requestbudget","Test":"TestContractBoundaryLayerTriad/unset_start_refuses"}
{"Time":"2026-10-08T03:50:14.880194-04:00","Action":"output","Package":"github.com/deliri/primitive/v2026/requestbudget","Test":"TestContractBoundaryLayerTriad/unset_start_refuses","Output":"=== RUN   TestContractBoundaryLayerTriad/unset_start_refuses\n","OutputType":"frame"}
{"Time":"2026-10-08T03:50:14.88021-04:00","Action":"output","Package":"github.com/deliri/primitive/v2026/requestbudget","Test":"TestContractBoundaryLayerTriad/unset_start_refuses","Output":"=== PAUSE TestContractBoundaryLayerTriad/unset_start_refuses\n","OutputType":"frame"}
{"Time":"2026-10-08T03:50:14.880215-04:00","Action":"pause","Package":"github.com/deliri/primitive/v2026/requestbudget","Test":"TestContractBoundaryLayerTriad/unset_start_refuses"}
{"Time":"2026-10-08T03:50:14.880371-04:00","Action":"run","Package":"github.com/deliri/primitive/v2026/requestbudget","Test":"TestContractBoundaryLayerTriad/unset_end_refuses"}
{"Time":"2026-10-08T03:50:14.880386-04:00","Action":"output","Package":"github.com/deliri/primitive/v2026/requestbudget","Test":"TestContractBoundaryLayerTriad/unset_end_refuses","Output":"=== RUN   TestContractBoundaryLayerTriad/unset_end_refuses\n","OutputType":"frame"}
{"Time":"2026-10-08T03:50:14.880394-04:00","Action":"output","Package":"github.com/deliri/primitive/v2026/requestbudget","Test":"TestContractBoundaryLayerTriad/unset_end_refuses","Output":"=== PAUSE TestContractBoundaryLayerTriad/unset_end_refuses\n","OutputType":"frame"}
{"Time":"2026-10-08T03:50:14.880399-04:00","Action":"pause","Package":"github.com/deliri/primitive/v2026/requestbudget","Test":"TestContractBoundaryLayerTriad/unset_end_refuses"}
{"Time":"2026-10-08T03:50:14.880417-04:00","Action":"run","Package":"github.com/deliri/primitive/v2026/requestbudget","Test":"TestContractBoundaryLayerTriad/equal_interval_bounds_refuse"}
{"Time":"2026-10-08T03:50:14.880423-04:00","Action":"output","Package":"github.com/deliri/primitive/v2026/requestbudget","Test":"TestContractBoundaryLayerTriad/equal_interval_bounds_refuse","Output":"=== RUN   TestContractBoundaryLayerTriad/equal_interval_bounds_refuse\n","OutputType":"frame"}
{"Time":"2026-10-08T03:50:14.880429-04:00","Action":"cont","Package":"github.com/deliri/primitive/v2026/requestbudget","Test":"TestReservationCreditsLayerTriad"}
{"Time":"2026-10-08T03:50:14.880433-04:00","Action":"output","Package":"github.com/deliri/primitive/v2026/requestbudget","Test":"TestReservationCreditsLayerTriad","Output":"=== CONT  TestReservationCreditsLayerTriad\n","OutputType":"frame"}
{"Time":"2026-10-08T03:50:14.880447-04:00","Action":"output","Package":"github.com/deliri/primitive/v2026/requestbudget","Test":"TestReservationCreditsLayerTriad","Output":"--- PASS: TestReservationCreditsLayerTriad (0.00s)\n","OutputType":"frame"}
{"Time":"2026-10-08T03:50:14.880452-04:00","Action":"pass","Package":"github.com/deliri/primitive/v2026/requestbudget","Test":"TestReservationCreditsLayerTriad","Elapsed":0}
{"Time":"2026-10-08T03:50:14.88046-04:00","Action":"cont","Package":"github.com/deliri/primitive/v2026/requestbudget","Test":"TestCapacityWindowLayerTriad"}
{"Time":"2026-10-08T03:50:14.880464-04:00","Action":"output","Package":"github.com/deliri/primitive/v2026/requestbudget","Test":"TestCapacityWindowLayerTriad","Output":"=== CONT  TestCapacityWindowLayerTriad\n","OutputType":"frame"}
{"Time":"2026-10-08T03:50:14.880468-04:00","Action":"run","Package":"github.com/deliri/primitive/v2026/requestbudget","Test":"TestCapacityWindowLayerTriad/cached_exhaustion_never_re-reserves"}
{"Time":"2026-10-08T03:50:14.880472-04:00","Action":"output","Package":"github.com/deliri/primitive/v2026/requestbudget","Test":"TestCapacityWindowLayerTriad/cached_exhaustion_never_re-reserves","Output":"=== RUN   TestCapacityWindowLayerTriad/cached_exhaustion_never_re-reserves\n","OutputType":"frame"}
{"Time":"2026-10-08T03:50:14.880476-04:00","Action":"output","Package":"github.com/deliri/primitive/v2026/requestbudget","Test":"TestCapacityWindowLayerTriad/cached_exhaustion_never_re-reserves","Output":"=== PAUSE TestCapacityWindowLayerTriad/cached_exhaustion_never_re-reserves\n","OutputType":"frame"}
{"Time":"2026-10-08T03:50:14.880481-04:00","Action":"pause","Package":"github.com/deliri/primitive/v2026/requestbudget","Test":"TestCapacityWindowLayerTriad/cached_exhaustion_never_re-reserves"}
{"Time":"2026-10-08T03:50:14.880621-04:00","Action":"output","Package":"github.com/deliri/primitive/v2026/requestbudget","Test":"TestContractBoundaryLayerTriad/equal_interval_bounds_refuse","Output":"=== PAUSE TestContractBoundaryLayerTriad/equal_interval_bounds_refuse\n","OutputType":"frame"}
{"Time":"2026-10-08T03:50:14.880628-04:00","Action":"pause","Package":"github.com/deliri/primitive/v2026/requestbudget","Test":"TestContractBoundaryLayerTriad/equal_interval_bounds_refuse"}
{"Time":"2026-10-08T03:50:14.880633-04:00","Action":"cont","Package":"github.com/deliri/primitive/v2026/requestbudget","Test":"TestProviderFailureAndPanicNeverBecomeExhaustion"}
{"Time":"2026-10-08T03:50:14.880637-04:00","Action":"output","Package":"github.com/deliri/primitive/v2026/requestbudget","Test":"TestProviderFailureAndPanicNeverBecomeExhaustion","Output":"=== CONT  TestProviderFailureAndPanicNeverBecomeExhaustion\n","OutputType":"frame"}
{"Time":"2026-10-08T03:50:14.880663-04:00","Action":"output","Package":"github.com/deliri/primitive/v2026/requestbudget","Test":"TestProviderFailureAndPanicNeverBecomeExhaustion","Output":"--- PASS: TestProviderFailureAndPanicNeverBecomeExhaustion (0.00s)\n","OutputType":"frame"}
{"Time":"2026-10-08T03:50:14.880669-04:00","Action":"pass","Package":"github.com/deliri/primitive/v2026/requestbudget","Test":"TestProviderFailureAndPanicNeverBecomeExhaustion","Elapsed":0}
{"Time":"2026-10-08T03:50:14.880673-04:00","Action":"cont","Package":"github.com/deliri/primitive/v2026/requestbudget","Test":"TestProductionDataFlowInventoryAndBoundedOwnership"}
{"Time":"2026-10-08T03:50:14.880677-04:00","Action":"output","Package":"github.com/deliri/primitive/v2026/requestbudget","Test":"TestProductionDataFlowInventoryAndBoundedOwnership","Output":"=== CONT  TestProductionDataFlowInventoryAndBoundedOwnership\n","OutputType":"frame"}
{"Time":"2026-10-08T03:50:14.884225-04:00","Action":"output","Package":"github.com/deliri/primitive/v2026/requestbudget","Test":"TestProductionDataFlowInventoryAndBoundedOwnership","Output":"--- PASS: TestProductionDataFlowInventoryAndBoundedOwnership (0.00s)\n","OutputType":"frame"}
{"Time":"2026-10-08T03:50:14.884252-04:00","Action":"pass","Package":"github.com/deliri/primitive/v2026/requestbudget","Test":"TestProductionDataFlowInventoryAndBoundedOwnership","Elapsed":0}
{"Time":"2026-10-08T03:50:14.88427-04:00","Action":"cont","Package":"github.com/deliri/primitive/v2026/requestbudget","Test":"TestPendingWindowRolloverAndDeadline"}
{"Time":"2026-10-08T03:50:14.884275-04:00","Action":"output","Package":"github.com/deliri/primitive/v2026/requestbudget","Test":"TestPendingWindowRolloverAndDeadline","Output":"=== CONT  TestPendingWindowRolloverAndDeadline\n","OutputType":"frame"}
{"Time":"2026-10-08T03:50:14.88428-04:00","Action":"cont","Package":"github.com/deliri/primitive/v2026/requestbudget","Test":"TestGrantBindingFieldsAndMaximumCredits"}
{"Time":"2026-10-08T03:50:14.884285-04:00","Action":"output","Package":"github.com/deliri/primitive/v2026/requestbudget","Test":"TestGrantBindingFieldsAndMaximumCredits","Output":"=== CONT  TestGrantBindingFieldsAndMaximumCredits\n","OutputType":"frame"}
{"Time":"2026-10-08T03:50:14.88429-04:00","Action":"run","Package":"github.com/deliri/primitive/v2026/requestbudget","Test":"TestGrantBindingFieldsAndMaximumCredits/foreign_key_cannot_mint_credits"}
{"Time":"2026-10-08T03:50:14.884306-04:00","Action":"output","Package":"github.com/deliri/primitive/v2026/requestbudget","Test":"TestGrantBindingFieldsAndMaximumCredits/foreign_key_cannot_mint_credits","Output":"=== RUN   TestGrantBindingFieldsAndMaximumCredits/foreign_key_cannot_mint_credits\n","OutputType":"frame"}
{"Time":"2026-10-08T03:50:14.884324-04:00","Action":"output","Package":"github.com/deliri/primitive/v2026/requestbudget","Test":"TestGrantBindingFieldsAndMaximumCredits/foreign_key_cannot_mint_credits","Output":"=== PAUSE TestGrantBindingFieldsAndMaximumCredits/foreign_key_cannot_mint_credits\n","OutputType":"frame"}
{"Time":"2026-10-08T03:50:14.884338-04:00","Action":"pause","Package":"github.com/deliri/primitive/v2026/requestbudget","Test":"TestGrantBindingFieldsAndMaximumCredits/foreign_key_cannot_mint_credits"}
{"Time":"2026-10-08T03:50:14.884356-04:00","Action":"run","Package":"github.com/deliri/primitive/v2026/requestbudget","Test":"TestCapacityWindowLayerTriad/different_live_key_refuses_capacity"}
{"Time":"2026-10-08T03:50:14.884362-04:00","Action":"output","Package":"github.com/deliri/primitive/v2026/requestbudget","Test":"TestCapacityWindowLayerTriad/different_live_key_refuses_capacity","Output":"=== RUN   TestCapacityWindowLayerTriad/different_live_key_refuses_capacity\n","OutputType":"frame"}
{"Time":"2026-10-08T03:50:14.884367-04:00","Action":"run","Package":"github.com/deliri/primitive/v2026/requestbudget","Test":"TestContractBoundaryLayerTriad/reversed_interval_bounds_refuse"}
{"Time":"2026-10-08T03:50:14.884429-04:00","Action":"output","Package":"github.com/deliri/primitive/v2026/requestbudget","Test":"TestContractBoundaryLayerTriad/reversed_interval_bounds_refuse","Output":"=== RUN   TestContractBoundaryLayerTriad/reversed_interval_bounds_refuse\n","OutputType":"frame"}
{"Time":"2026-10-08T03:50:14.884456-04:00","Action":"cont","Package":"github.com/deliri/primitive/v2026/requestbudget","Test":"TestWindowAdvanceRejectsLateGrantAndRollback"}
{"Time":"2026-10-08T03:50:14.884464-04:00","Action":"output","Package":"github.com/deliri/primitive/v2026/requestbudget","Test":"TestWindowAdvanceRejectsLateGrantAndRollback","Output":"=== CONT  TestWindowAdvanceRejectsLateGrantAndRollback\n","OutputType":"frame"}
{"Time":"2026-10-08T03:50:14.884475-04:00","Action":"run","Package":"github.com/deliri/primitive/v2026/requestbudget","Test":"TestGrantBindingFieldsAndMaximumCredits/foreign_start_cannot_mint_credits"}
{"Time":"2026-10-08T03:50:14.884485-04:00","Action":"output","Package":"github.com/deliri/primitive/v2026/requestbudget","Test":"TestGrantBindingFieldsAndMaximumCredits/foreign_start_cannot_mint_credits","Output":"=== RUN   TestGrantBindingFieldsAndMaximumCredits/foreign_start_cannot_mint_credits\n","OutputType":"frame"}
{"Time":"2026-10-08T03:50:14.884494-04:00","Action":"output","Package":"github.com/deliri/primitive/v2026/requestbudget","Test":"TestCapacityWindowLayerTriad/different_live_key_refuses_capacity","Output":"=== PAUSE TestCapacityWindowLayerTriad/different_live_key_refuses_capacity\n","OutputType":"frame"}
{"Time":"2026-10-08T03:50:14.884515-04:00","Action":"pause","Package":"github.com/deliri/primitive/v2026/requestbudget","Test":"TestCapacityWindowLayerTriad/different_live_key_refuses_capacity"}
{"Time":"2026-10-08T03:50:14.884527-04:00","Action":"run","Package":"github.com/deliri/primitive/v2026/requestbudget","Test":"TestCapacityWindowLayerTriad/changed_batch_refuses_binding"}
{"Time":"2026-10-08T03:50:14.884532-04:00","Action":"output","Package":"github.com/deliri/primitive/v2026/requestbudget","Test":"TestCapacityWindowLayerTriad/changed_batch_refuses_binding","Output":"=== RUN   TestCapacityWindowLayerTriad/changed_batch_refuses_binding\n","OutputType":"frame"}
{"Time":"2026-10-08T03:50:14.884556-04:00","Action":"output","Package":"github.com/deliri/primitive/v2026/requestbudget","Test":"TestCapacityWindowLayerTriad/changed_batch_refuses_binding","Output":"=== PAUSE TestCapacityWindowLayerTriad/changed_batch_refuses_binding\n","OutputType":"frame"}
{"Time":"2026-10-08T03:50:14.884569-04:00","Action":"pause","Package":"github.com/deliri/primitive/v2026/requestbudget","Test":"TestCapacityWindowLayerTriad/changed_batch_refuses_binding"}
{"Time":"2026-10-08T03:50:14.884577-04:00","Action":"output","Package":"github.com/deliri/primitive/v2026/requestbudget","Test":"TestContractBoundaryLayerTriad/reversed_interval_bounds_refuse","Output":"=== PAUSE TestContractBoundaryLayerTriad/reversed_interval_bounds_refuse\n","OutputType":"frame"}
{"Time":"2026-10-08T03:50:14.884582-04:00","Action":"pause","Package":"github.com/deliri/primitive/v2026/requestbudget","Test":"TestContractBoundaryLayerTriad/reversed_interval_bounds_refuse"}
{"Time":"2026-10-08T03:50:14.884737-04:00","Action":"output","Package":"github.com/deliri/primitive/v2026/requestbudget","Test":"TestGrantBindingFieldsAndMaximumCredits/foreign_start_cannot_mint_credits","Output":"=== PAUSE TestGrantBindingFieldsAndMaximumCredits/foreign_start_cannot_mint_credits\n","OutputType":"frame"}
{"Time":"2026-10-08T03:50:14.884745-04:00","Action":"pause","Package":"github.com/deliri/primitive/v2026/requestbudget","Test":"TestGrantBindingFieldsAndMaximumCredits/foreign_start_cannot_mint_credits"}
{"Time":"2026-10-08T03:50:14.884755-04:00","Action":"run","Package":"github.com/deliri/primitive/v2026/requestbudget","Test":"TestGrantBindingFieldsAndMaximumCredits/foreign_end_cannot_mint_credits"}
{"Time":"2026-10-08T03:50:14.884761-04:00","Action":"output","Package":"github.com/deliri/primitive/v2026/requestbudget","Test":"TestGrantBindingFieldsAndMaximumCredits/foreign_end_cannot_mint_credits","Output":"=== RUN   TestGrantBindingFieldsAndMaximumCredits/foreign_end_cannot_mint_credits\n","OutputType":"frame"}
{"Time":"2026-10-08T03:50:14.884766-04:00","Action":"output","Package":"github.com/deliri/primitive/v2026/requestbudget","Test":"TestGrantBindingFieldsAndMaximumCredits/foreign_end_cannot_mint_credits","Output":"=== PAUSE TestGrantBindingFieldsAndMaximumCredits/foreign_end_cannot_mint_credits\n","OutputType":"frame"}
{"Time":"2026-10-08T03:50:14.88477-04:00","Action":"pause","Package":"github.com/deliri/primitive/v2026/requestbudget","Test":"TestGrantBindingFieldsAndMaximumCredits/foreign_end_cannot_mint_credits"}
{"Time":"2026-10-08T03:50:14.884798-04:00","Action":"run","Package":"github.com/deliri/primitive/v2026/requestbudget","Test":"TestGrantBindingFieldsAndMaximumCredits/foreign_batch_cannot_mint_credits"}
{"Time":"2026-10-08T03:50:14.884805-04:00","Action":"output","Package":"github.com/deliri/primitive/v2026/requestbudget","Test":"TestGrantBindingFieldsAndMaximumCredits/foreign_batch_cannot_mint_credits","Output":"=== RUN   TestGrantBindingFieldsAndMaximumCredits/foreign_batch_cannot_mint_credits\n","OutputType":"frame"}
{"Time":"2026-10-08T03:50:14.884817-04:00","Action":"run","Package":"github.com/deliri/primitive/v2026/requestbudget","Test":"TestCapacityWindowLayerTriad/overlapping_window_refuses_binding"}
{"Time":"2026-10-08T03:50:14.884822-04:00","Action":"output","Package":"github.com/deliri/primitive/v2026/requestbudget","Test":"TestCapacityWindowLayerTriad/overlapping_window_refuses_binding","Output":"=== RUN   TestCapacityWindowLayerTriad/overlapping_window_refuses_binding\n","OutputType":"frame"}
{"Time":"2026-10-08T03:50:14.884837-04:00","Action":"output","Package":"github.com/deliri/primitive/v2026/requestbudget","Test":"TestCapacityWindowLayerTriad/overlapping_window_refuses_binding","Output":"=== PAUSE TestCapacityWindowLayerTriad/overlapping_window_refuses_binding\n","OutputType":"frame"}
{"Time":"2026-10-08T03:50:14.884841-04:00","Action":"pause","Package":"github.com/deliri/primitive/v2026/requestbudget","Test":"TestCapacityWindowLayerTriad/overlapping_window_refuses_binding"}
{"Time":"2026-10-08T03:50:14.884857-04:00","Action":"run","Package":"github.com/deliri/primitive/v2026/requestbudget","Test":"TestCapacityWindowLayerTriad/same_key_next_window_reserves_anew"}
{"Time":"2026-10-08T03:50:14.884862-04:00","Action":"output","Package":"github.com/deliri/primitive/v2026/requestbudget","Test":"TestCapacityWindowLayerTriad/same_key_next_window_reserves_anew","Output":"=== RUN   TestCapacityWindowLayerTriad/same_key_next_window_reserves_anew\n","OutputType":"frame"}
{"Time":"2026-10-08T03:50:14.884877-04:00","Action":"output","Package":"github.com/deliri/primitive/v2026/requestbudget","Test":"TestCapacityWindowLayerTriad/same_key_next_window_reserves_anew","Output":"=== PAUSE TestCapacityWindowLayerTriad/same_key_next_window_reserves_anew\n","OutputType":"frame"}
{"Time":"2026-10-08T03:50:14.884887-04:00","Action":"pause","Package":"github.com/deliri/primitive/v2026/requestbudget","Test":"TestCapacityWindowLayerTriad/same_key_next_window_reserves_anew"}
{"Time":"2026-10-08T03:50:14.884922-04:00","Action":"run","Package":"github.com/deliri/primitive/v2026/requestbudget","Test":"TestContractBoundaryLayerTriad/unset_observation_refuses"}
{"Time":"2026-10-08T03:50:14.884928-04:00","Action":"output","Package":"github.com/deliri/primitive/v2026/requestbudget","Test":"TestContractBoundaryLayerTriad/unset_observation_refuses","Output":"=== RUN   TestContractBoundaryLayerTriad/unset_observation_refuses\n","OutputType":"frame"}
{"Time":"2026-10-08T03:50:14.884934-04:00","Action":"output","Package":"github.com/deliri/primitive/v2026/requestbudget","Test":"TestContractBoundaryLayerTriad/unset_observation_refuses","Output":"=== PAUSE TestContractBoundaryLayerTriad/unset_observation_refuses\n","OutputType":"frame"}
{"Time":"2026-10-08T03:50:14.884966-04:00","Action":"pause","Package":"github.com/deliri/primitive/v2026/requestbudget","Test":"TestContractBoundaryLayerTriad/unset_observation_refuses"}
{"Time":"2026-10-08T03:50:14.884973-04:00","Action":"run","Package":"github.com/deliri/primitive/v2026/requestbudget","Test":"TestContractBoundaryLayerTriad/zero_batch_refuses"}
{"Time":"2026-10-08T03:50:14.884977-04:00","Action":"output","Package":"github.com/deliri/primitive/v2026/requestbudget","Test":"TestContractBoundaryLayerTriad/zero_batch_refuses","Output":"=== RUN   TestContractBoundaryLayerTriad/zero_batch_refuses\n","OutputType":"frame"}
{"Time":"2026-10-08T03:50:14.884982-04:00","Action":"output","Package":"github.com/deliri/primitive/v2026/requestbudget","Test":"TestContractBoundaryLayerTriad/zero_batch_refuses","Output":"=== PAUSE TestContractBoundaryLayerTriad/zero_batch_refuses\n","OutputType":"frame"}
{"Time":"2026-10-08T03:50:14.884986-04:00","Action":"pause","Package":"github.com/deliri/primitive/v2026/requestbudget","Test":"TestContractBoundaryLayerTriad/zero_batch_refuses"}
{"Time":"2026-10-08T03:50:14.885005-04:00","Action":"run","Package":"github.com/deliri/primitive/v2026/requestbudget","Test":"TestContractBoundaryLayerTriad/maximum_batch_is_representable"}
{"Time":"2026-10-08T03:50:14.885014-04:00","Action":"output","Package":"github.com/deliri/primitive/v2026/requestbudget","Test":"TestContractBoundaryLayerTriad/maximum_batch_is_representable","Output":"=== RUN   TestContractBoundaryLayerTriad/maximum_batch_is_representable\n","OutputType":"frame"}
{"Time":"2026-10-08T03:50:14.885043-04:00","Action":"output","Package":"github.com/deliri/primitive/v2026/requestbudget","Test":"TestGrantBindingFieldsAndMaximumCredits/foreign_batch_cannot_mint_credits","Output":"=== PAUSE TestGrantBindingFieldsAndMaximumCredits/foreign_batch_cannot_mint_credits\n","OutputType":"frame"}
{"Time":"2026-10-08T03:50:14.885049-04:00","Action":"pause","Package":"github.com/deliri/primitive/v2026/requestbudget","Test":"TestGrantBindingFieldsAndMaximumCredits/foreign_batch_cannot_mint_credits"}
{"Time":"2026-10-08T03:50:14.891053-04:00","Action":"output","Package":"github.com/deliri/primitive/v2026/requestbudget","Test":"TestContractBoundaryLayerTriad/maximum_batch_is_representable","Output":"=== PAUSE TestContractBoundaryLayerTriad/maximum_batch_is_representable\n","OutputType":"frame"}
{"Time":"2026-10-08T03:50:14.891082-04:00","Action":"pause","Package":"github.com/deliri/primitive/v2026/requestbudget","Test":"TestContractBoundaryLayerTriad/maximum_batch_is_representable"}
{"Time":"2026-10-08T03:50:14.891088-04:00","Action":"run","Package":"github.com/deliri/primitive/v2026/requestbudget","Test":"TestContractBoundaryLayerTriad/minimum_signed_instant_stays_valid"}
{"Time":"2026-10-08T03:50:14.891094-04:00","Action":"output","Package":"github.com/deliri/primitive/v2026/requestbudget","Test":"TestContractBoundaryLayerTriad/minimum_signed_instant_stays_valid","Output":"=== RUN   TestContractBoundaryLayerTriad/minimum_signed_instant_stays_valid\n","OutputType":"frame"}
{"Time":"2026-10-08T03:50:14.891108-04:00","Action":"output","Package":"github.com/deliri/primitive/v2026/requestbudget","Test":"TestContractBoundaryLayerTriad/minimum_signed_instant_stays_valid","Output":"=== PAUSE TestContractBoundaryLayerTriad/minimum_signed_instant_stays_valid\n","OutputType":"frame"}
{"Time":"2026-10-08T03:50:14.891117-04:00","Action":"pause","Package":"github.com/deliri/primitive/v2026/requestbudget","Test":"TestContractBoundaryLayerTriad/minimum_signed_instant_stays_valid"}
{"Time":"2026-10-08T03:50:14.891121-04:00","Action":"run","Package":"github.com/deliri/primitive/v2026/requestbudget","Test":"TestCapacityWindowLayerTriad/expired_slot_admits_different_key"}
{"Time":"2026-10-08T03:50:14.892405-04:00","Action":"output","Package":"github.com/deliri/primitive/v2026/requestbudget","Test":"TestCapacityWindowLayerTriad/expired_slot_admits_different_key","Output":"=== RUN   TestCapacityWindowLayerTriad/expired_slot_admits_different_key\n","OutputType":"frame"}
{"Time":"2026-10-08T03:50:14.892429-04:00","Action":"output","Package":"github.com/deliri/primitive/v2026/requestbudget","Test":"TestPendingWindowRolloverAndDeadline","Output":"--- PASS: TestPendingWindowRolloverAndDeadline (0.01s)\n","OutputType":"frame"}
{"Time":"2026-10-08T03:50:14.892436-04:00","Action":"pass","Package":"github.com/deliri/primitive/v2026/requestbudget","Test":"TestPendingWindowRolloverAndDeadline","Elapsed":0.01}
{"Time":"2026-10-08T03:50:14.892448-04:00","Action":"output","Package":"github.com/deliri/primitive/v2026/requestbudget","Test":"TestCapacityWindowLayerTriad/expired_slot_admits_different_key","Output":"=== PAUSE TestCapacityWindowLayerTriad/expired_slot_admits_different_key\n","OutputType":"frame"}
{"Time":"2026-10-08T03:50:14.892452-04:00","Action":"pause","Package":"github.com/deliri/primitive/v2026/requestbudget","Test":"TestCapacityWindowLayerTriad/expired_slot_admits_different_key"}
{"Time":"2026-10-08T03:50:14.892463-04:00","Action":"run","Package":"github.com/deliri/primitive/v2026/requestbudget","Test":"TestCapacityWindowLayerTriad/one_below_window_end_keeps_exhaustion"}
{"Time":"2026-10-08T03:50:14.892468-04:00","Action":"output","Package":"github.com/deliri/primitive/v2026/requestbudget","Test":"TestCapacityWindowLayerTriad/one_below_window_end_keeps_exhaustion","Output":"=== RUN   TestCapacityWindowLayerTriad/one_below_window_end_keeps_exhaustion\n","OutputType":"frame"}
{"Time":"2026-10-08T03:50:14.892472-04:00","Action":"run","Package":"github.com/deliri/primitive/v2026/requestbudget","Test":"TestContractBoundaryLayerTriad/maximum_signed_end_stays_valid"}
{"Time":"2026-10-08T03:50:14.892488-04:00","Action":"output","Package":"github.com/deliri/primitive/v2026/requestbudget","Test":"TestContractBoundaryLayerTriad/maximum_signed_end_stays_valid","Output":"=== RUN   TestContractBoundaryLayerTriad/maximum_signed_end_stays_valid\n","OutputType":"frame"}
{"Time":"2026-10-08T03:50:14.892497-04:00","Action":"output","Package":"github.com/deliri/primitive/v2026/requestbudget","Test":"TestContractBoundaryLayerTriad/maximum_signed_end_stays_valid","Output":"=== PAUSE TestContractBoundaryLayerTriad/maximum_signed_end_stays_valid\n","OutputType":"frame"}
{"Time":"2026-10-08T03:50:14.892501-04:00","Action":"pause","Package":"github.com/deliri/primitive/v2026/requestbudget","Test":"TestContractBoundaryLayerTriad/maximum_signed_end_stays_valid"}
{"Time":"2026-10-08T03:50:14.892505-04:00","Action":"output","Package":"github.com/deliri/primitive/v2026/requestbudget","Test":"TestCapacityWindowLayerTriad/one_below_window_end_keeps_exhaustion","Output":"=== PAUSE TestCapacityWindowLayerTriad/one_below_window_end_keeps_exhaustion\n","OutputType":"frame"}
{"Time":"2026-10-08T03:50:14.89251-04:00","Action":"pause","Package":"github.com/deliri/primitive/v2026/requestbudget","Test":"TestCapacityWindowLayerTriad/one_below_window_end_keeps_exhaustion"}
{"Time":"2026-10-08T03:50:14.892517-04:00","Action":"run","Package":"github.com/deliri/primitive/v2026/requestbudget","Test":"TestCapacityWindowLayerTriad/exact_window_end_refuses_observation"}
{"Time":"2026-10-08T03:50:14.892521-04:00","Action":"output","Package":"github.com/deliri/primitive/v2026/requestbudget","Test":"TestCapacityWindowLayerTriad/exact_window_end_refuses_observation","Output":"=== RUN   TestCapacityWindowLayerTriad/exact_window_end_refuses_observation\n","OutputType":"frame"}
{"Time":"2026-10-08T03:50:14.892525-04:00","Action":"output","Package":"github.com/deliri/primitive/v2026/requestbudget","Test":"TestCapacityWindowLayerTriad/exact_window_end_refuses_observation","Output":"=== PAUSE TestCapacityWindowLayerTriad/exact_window_end_refuses_observation\n","OutputType":"frame"}
{"Time":"2026-10-08T03:50:14.892528-04:00","Action":"pause","Package":"github.com/deliri/primitive/v2026/requestbudget","Test":"TestCapacityWindowLayerTriad/exact_window_end_refuses_observation"}
{"Time":"2026-10-08T03:50:14.892539-04:00","Action":"run","Package":"github.com/deliri/primitive/v2026/requestbudget","Test":"TestCapacityWindowLayerTriad/one_above_window_end_refuses_observation"}
{"Time":"2026-10-08T03:50:14.892543-04:00","Action":"output","Package":"github.com/deliri/primitive/v2026/requestbudget","Test":"TestCapacityWindowLayerTriad/one_above_window_end_refuses_observation","Output":"=== RUN   TestCapacityWindowLayerTriad/one_above_window_end_refuses_observation\n","OutputType":"frame"}
{"Time":"2026-10-08T03:50:14.892554-04:00","Action":"output","Package":"github.com/deliri/primitive/v2026/requestbudget","Test":"TestCapacityWindowLayerTriad/one_above_window_end_refuses_observation","Output":"=== PAUSE TestCapacityWindowLayerTriad/one_above_window_end_refuses_observation\n","OutputType":"frame"}
{"Time":"2026-10-08T03:50:14.89256-04:00","Action":"pause","Package":"github.com/deliri/primitive/v2026/requestbudget","Test":"TestCapacityWindowLayerTriad/one_above_window_end_refuses_observation"}
{"Time":"2026-10-08T03:50:14.892564-04:00","Action":"run","Package":"github.com/deliri/primitive/v2026/requestbudget","Test":"TestCapacityWindowLayerTriad/one_below_start_refuses_observation"}
{"Time":"2026-10-08T03:50:14.892568-04:00","Action":"output","Package":"github.com/deliri/primitive/v2026/requestbudget","Test":"TestCapacityWindowLayerTriad/one_below_start_refuses_observation","Output":"=== RUN   TestCapacityWindowLayerTriad/one_below_start_refuses_observation\n","OutputType":"frame"}
{"Time":"2026-10-08T03:50:14.892576-04:00","Action":"output","Package":"github.com/deliri/primitive/v2026/requestbudget","Test":"TestCapacityWindowLayerTriad/one_below_start_refuses_observation","Output":"=== PAUSE TestCapacityWindowLayerTriad/one_below_start_refuses_observation\n","OutputType":"frame"}
{"Time":"2026-10-08T03:50:14.892585-04:00","Action":"pause","Package":"github.com/deliri/primitive/v2026/requestbudget","Test":"TestCapacityWindowLayerTriad/one_below_start_refuses_observation"}
{"Time":"2026-10-08T03:50:14.892588-04:00","Action":"cont","Package":"github.com/deliri/primitive/v2026/requestbudget","Test":"TestContractBoundaryLayerTriad/last_nanosecond_is_inside"}
{"Time":"2026-10-08T03:50:14.892601-04:00","Action":"output","Package":"github.com/deliri/primitive/v2026/requestbudget","Test":"TestContractBoundaryLayerTriad/last_nanosecond_is_inside","Output":"=== CONT  TestContractBoundaryLayerTriad/last_nanosecond_is_inside\n","OutputType":"frame"}
{"Time":"2026-10-08T03:50:14.892606-04:00","Action":"cont","Package":"github.com/deliri/primitive/v2026/requestbudget","Test":"TestContractBoundaryLayerTriad/maximum_signed_end_stays_valid"}
{"Time":"2026-10-08T03:50:14.89261-04:00","Action":"output","Package":"github.com/deliri/primitive/v2026/requestbudget","Test":"TestContractBoundaryLayerTriad/maximum_signed_end_stays_valid","Output":"=== CONT  TestContractBoundaryLayerTriad/maximum_signed_end_stays_valid\n","OutputType":"frame"}
{"Time":"2026-10-08T03:50:14.892614-04:00","Action":"output","Package":"github.com/deliri/primitive/v2026/requestbudget","Test":"TestContractBoundaryLayerTriad/last_nanosecond_is_inside","Output":"--- PASS: TestContractBoundaryLayerTriad/last_nanosecond_is_inside (0.00s)\n","OutputType":"frame"}
{"Time":"2026-10-08T03:50:14.892618-04:00","Action":"pass","Package":"github.com/deliri/primitive/v2026/requestbudget","Test":"TestContractBoundaryLayerTriad/last_nanosecond_is_inside","Elapsed":0}
{"Time":"2026-10-08T03:50:14.892622-04:00","Action":"cont","Package":"github.com/deliri/primitive/v2026/requestbudget","Test":"TestContractBoundaryLayerTriad/unset_observation_refuses"}
{"Time":"2026-10-08T03:50:14.892687-04:00","Action":"output","Package":"github.com/deliri/primitive/v2026/requestbudget","Test":"TestContractBoundaryLayerTriad/unset_observation_refuses","Output":"=== CONT  TestContractBoundaryLayerTriad/unset_observation_refuses\n","OutputType":"frame"}
{"Time":"2026-10-08T03:50:14.892692-04:00","Action":"output","Package":"github.com/deliri/primitive/v2026/requestbudget","Test":"TestContractBoundaryLayerTriad/maximum_signed_end_stays_valid","Output":"--- PASS: TestContractBoundaryLayerTriad/maximum_signed_end_stays_valid (0.00s)\n","OutputType":"frame"}
{"Time":"2026-10-08T03:50:14.8927-04:00","Action":"pass","Package":"github.com/deliri/primitive/v2026/requestbudget","Test":"TestContractBoundaryLayerTriad/maximum_signed_end_stays_valid","Elapsed":0}
{"Time":"2026-10-08T03:50:14.892704-04:00","Action":"cont","Package":"github.com/deliri/primitive/v2026/requestbudget","Test":"TestContractBoundaryLayerTriad/unset_end_refuses"}
{"Time":"2026-10-08T03:50:14.892707-04:00","Action":"output","Package":"github.com/deliri/primitive/v2026/requestbudget","Test":"TestContractBoundaryLayerTriad/unset_end_refuses","Output":"=== CONT  TestContractBoundaryLayerTriad/unset_end_refuses\n","OutputType":"frame"}
{"Time":"2026-10-08T03:50:14.892719-04:00","Action":"output","Package":"github.com/deliri/primitive/v2026/requestbudget","Test":"TestContractBoundaryLayerTriad/unset_observation_refuses","Output":"--- PASS: TestContractBoundaryLayerTriad/unset_observation_refuses (0.00s)\n","OutputType":"frame"}
{"Time":"2026-10-08T03:50:14.892723-04:00","Action":"pass","Package":"github.com/deliri/primitive/v2026/requestbudget","Test":"TestContractBoundaryLayerTriad/unset_observation_refuses","Elapsed":0}
{"Time":"2026-10-08T03:50:14.892726-04:00","Action":"output","Package":"github.com/deliri/primitive/v2026/requestbudget","Test":"TestContractBoundaryLayerTriad/unset_end_refuses","Output":"--- PASS: TestContractBoundaryLayerTriad/unset_end_refuses (0.00s)\n","OutputType":"frame"}
{"Time":"2026-10-08T03:50:14.89273-04:00","Action":"pass","Package":"github.com/deliri/primitive/v2026/requestbudget","Test":"TestContractBoundaryLayerTriad/unset_end_refuses","Elapsed":0}
{"Time":"2026-10-08T03:50:14.893149-04:00","Action":"cont","Package":"github.com/deliri/primitive/v2026/requestbudget","Test":"TestContractBoundaryLayerTriad/maximum_batch_is_representable"}
{"Time":"2026-10-08T03:50:14.893192-04:00","Action":"output","Package":"github.com/deliri/primitive/v2026/requestbudget","Test":"TestContractBoundaryLayerTriad/maximum_batch_is_representable","Output":"=== CONT  TestContractBoundaryLayerTriad/maximum_batch_is_representable\n","OutputType":"frame"}
{"Time":"2026-10-08T03:50:14.893204-04:00","Action":"output","Package":"github.com/deliri/primitive/v2026/requestbudget","Test":"TestContractBoundaryLayerTriad/maximum_batch_is_representable","Output":"--- PASS: TestContractBoundaryLayerTriad/maximum_batch_is_representable (0.00s)\n","OutputType":"frame"}
{"Time":"2026-10-08T03:50:14.893211-04:00","Action":"pass","Package":"github.com/deliri/primitive/v2026/requestbudget","Test":"TestContractBoundaryLayerTriad/maximum_batch_is_representable","Elapsed":0}
{"Time":"2026-10-08T03:50:14.893217-04:00","Action":"output","Package":"github.com/deliri/primitive/v2026/requestbudget","Test":"TestWindowAdvanceRejectsLateGrantAndRollback","Output":"--- PASS: TestWindowAdvanceRejectsLateGrantAndRollback (0.01s)\n","OutputType":"frame"}
{"Time":"2026-10-08T03:50:14.893223-04:00","Action":"pass","Package":"github.com/deliri/primitive/v2026/requestbudget","Test":"TestWindowAdvanceRejectsLateGrantAndRollback","Elapsed":0.01}
{"Time":"2026-10-08T03:50:14.893228-04:00","Action":"cont","Package":"github.com/deliri/primitive/v2026/requestbudget","Test":"TestContractBoundaryLayerTriad/unset_start_refuses"}
{"Time":"2026-10-08T03:50:14.893233-04:00","Action":"output","Package":"github.com/deliri/primitive/v2026/requestbudget","Test":"TestContractBoundaryLayerTriad/unset_start_refuses","Output":"=== CONT  TestContractBoundaryLayerTriad/unset_start_refuses\n","OutputType":"frame"}
{"Time":"2026-10-08T03:50:14.893238-04:00","Action":"output","Package":"github.com/deliri/primitive/v2026/requestbudget","Test":"TestContractBoundaryLayerTriad/unset_start_refuses","Output":"--- PASS: TestContractBoundaryLayerTriad/unset_start_refuses (0.00s)\n","OutputType":"frame"}
{"Time":"2026-10-08T03:50:14.893242-04:00","Action":"pass","Package":"github.com/deliri/primitive/v2026/requestbudget","Test":"TestContractBoundaryLayerTriad/unset_start_refuses","Elapsed":0}
{"Time":"2026-10-08T03:50:14.893246-04:00","Action":"cont","Package":"github.com/deliri/primitive/v2026/requestbudget","Test":"TestContractBoundaryLayerTriad/reversed_interval_bounds_refuse"}
{"Time":"2026-10-08T03:50:14.89325-04:00","Action":"output","Package":"github.com/deliri/primitive/v2026/requestbudget","Test":"TestContractBoundaryLayerTriad/reversed_interval_bounds_refuse","Output":"=== CONT  TestContractBoundaryLayerTriad/reversed_interval_bounds_refuse\n","OutputType":"frame"}
{"Time":"2026-10-08T03:50:14.893254-04:00","Action":"output","Package":"github.com/deliri/primitive/v2026/requestbudget","Test":"TestContractBoundaryLayerTriad/reversed_interval_bounds_refuse","Output":"--- PASS: TestContractBoundaryLayerTriad/reversed_interval_bounds_refuse (0.00s)\n","OutputType":"frame"}
{"Time":"2026-10-08T03:50:14.893258-04:00","Action":"pass","Package":"github.com/deliri/primitive/v2026/requestbudget","Test":"TestContractBoundaryLayerTriad/reversed_interval_bounds_refuse","Elapsed":0}
{"Time":"2026-10-08T03:50:14.893262-04:00","Action":"cont","Package":"github.com/deliri/primitive/v2026/requestbudget","Test":"TestContractBoundaryLayerTriad/unset_identity_refuses"}
{"Time":"2026-10-08T03:50:14.893266-04:00","Action":"output","Package":"github.com/deliri/primitive/v2026/requestbudget","Test":"TestContractBoundaryLayerTriad/unset_identity_refuses","Output":"=== CONT  TestContractBoundaryLayerTriad/unset_identity_refuses\n","OutputType":"frame"}
{"Time":"2026-10-08T03:50:14.89327-04:00","Action":"output","Package":"github.com/deliri/primitive/v2026/requestbudget","Test":"TestContractBoundaryLayerTriad/unset_identity_refuses","Output":"--- PASS: TestContractBoundaryLayerTriad/unset_identity_refuses (0.00s)\n","OutputType":"frame"}
{"Time":"2026-10-08T03:50:14.893289-04:00","Action":"pass","Package":"github.com/deliri/primitive/v2026/requestbudget","Test":"TestContractBoundaryLayerTriad/unset_identity_refuses","Elapsed":0}
{"Time":"2026-10-08T03:50:14.893295-04:00","Action":"cont","Package":"github.com/deliri/primitive/v2026/requestbudget","Test":"TestContractBoundaryLayerTriad/exact_start_is_inside"}
{"Time":"2026-10-08T03:50:14.893298-04:00","Action":"output","Package":"github.com/deliri/primitive/v2026/requestbudget","Test":"TestContractBoundaryLayerTriad/exact_start_is_inside","Output":"=== CONT  TestContractBoundaryLayerTriad/exact_start_is_inside\n","OutputType":"frame"}
{"Time":"2026-10-08T03:50:14.893302-04:00","Action":"output","Package":"github.com/deliri/primitive/v2026/requestbudget","Test":"TestContractBoundaryLayerTriad/exact_start_is_inside","Output":"--- PASS: TestContractBoundaryLayerTriad/exact_start_is_inside (0.00s)\n","OutputType":"frame"}
{"Time":"2026-10-08T03:50:14.893307-04:00","Action":"pass","Package":"github.com/deliri/primitive/v2026/requestbudget","Test":"TestContractBoundaryLayerTriad/exact_start_is_inside","Elapsed":0}
{"Time":"2026-10-08T03:50:14.89331-04:00","Action":"cont","Package":"github.com/deliri/primitive/v2026/requestbudget","Test":"TestCapacityWindowLayerTriad/changed_batch_refuses_binding"}
{"Time":"2026-10-08T03:50:14.893314-04:00","Action":"output","Package":"github.com/deliri/primitive/v2026/requestbudget","Test":"TestCapacityWindowLayerTriad/changed_batch_refuses_binding","Output":"=== CONT  TestCapacityWindowLayerTriad/changed_batch_refuses_binding\n","OutputType":"frame"}
{"Time":"2026-10-08T03:50:14.893318-04:00","Action":"output","Package":"github.com/deliri/primitive/v2026/requestbudget","Test":"TestCapacityWindowLayerTriad/changed_batch_refuses_binding","Output":"--- PASS: TestCapacityWindowLayerTriad/changed_batch_refuses_binding (0.00s)\n","OutputType":"frame"}
{"Time":"2026-10-08T03:50:14.893322-04:00","Action":"pass","Package":"github.com/deliri/primitive/v2026/requestbudget","Test":"TestCapacityWindowLayerTriad/changed_batch_refuses_binding","Elapsed":0}
{"Time":"2026-10-08T03:50:14.893325-04:00","Action":"output","Package":"github.com/deliri/primitive/v2026/requestbudget","Test":"TestCancellationReservationLayerTriad","Output":"--- PASS: TestCancellationReservationLayerTriad (0.01s)\n","OutputType":"frame"}
{"Time":"2026-10-08T03:50:14.893329-04:00","Action":"pass","Package":"github.com/deliri/primitive/v2026/requestbudget","Test":"TestCancellationReservationLayerTriad","Elapsed":0.01}
{"Time":"2026-10-08T03:50:14.893332-04:00","Action":"cont","Package":"github.com/deliri/primitive/v2026/requestbudget","Test":"TestContractBoundaryLayerTriad/zero_batch_refuses"}
{"Time":"2026-10-08T03:50:14.893335-04:00","Action":"output","Package":"github.com/deliri/primitive/v2026/requestbudget","Test":"TestContractBoundaryLayerTriad/zero_batch_refuses","Output":"=== CONT  TestContractBoundaryLayerTriad/zero_batch_refuses\n","OutputType":"frame"}
{"Time":"2026-10-08T03:50:14.893339-04:00","Action":"output","Package":"github.com/deliri/primitive/v2026/requestbudget","Test":"TestContractBoundaryLayerTriad/zero_batch_refuses","Output":"--- PASS: TestContractBoundaryLayerTriad/zero_batch_refuses (0.00s)\n","OutputType":"frame"}
{"Time":"2026-10-08T03:50:14.893343-04:00","Action":"pass","Package":"github.com/deliri/primitive/v2026/requestbudget","Test":"TestContractBoundaryLayerTriad/zero_batch_refuses","Elapsed":0}
{"Time":"2026-10-08T03:50:14.893346-04:00","Action":"cont","Package":"github.com/deliri/primitive/v2026/requestbudget","Test":"TestCapacityWindowLayerTriad/one_below_start_refuses_observation"}
{"Time":"2026-10-08T03:50:14.893349-04:00","Action":"output","Package":"github.com/deliri/primitive/v2026/requestbudget","Test":"TestCapacityWindowLayerTriad/one_below_start_refuses_observation","Output":"=== CONT  TestCapacityWindowLayerTriad/one_below_start_refuses_observation\n","OutputType":"frame"}
{"Time":"2026-10-08T03:50:14.893358-04:00","Action":"output","Package":"github.com/deliri/primitive/v2026/requestbudget","Test":"TestCapacityWindowLayerTriad/one_below_start_refuses_observation","Output":"--- PASS: TestCapacityWindowLayerTriad/one_below_start_refuses_observation (0.00s)\n","OutputType":"frame"}
{"Time":"2026-10-08T03:50:14.893366-04:00","Action":"pass","Package":"github.com/deliri/primitive/v2026/requestbudget","Test":"TestCapacityWindowLayerTriad/one_below_start_refuses_observation","Elapsed":0}
{"Time":"2026-10-08T03:50:14.893369-04:00","Action":"cont","Package":"github.com/deliri/primitive/v2026/requestbudget","Test":"TestCapacityWindowLayerTriad/exact_window_end_refuses_observation"}
{"Time":"2026-10-08T03:50:14.893373-04:00","Action":"output","Package":"github.com/deliri/primitive/v2026/requestbudget","Test":"TestCapacityWindowLayerTriad/exact_window_end_refuses_observation","Output":"=== CONT  TestCapacityWindowLayerTriad/exact_window_end_refuses_observation\n","OutputType":"frame"}
{"Time":"2026-10-08T03:50:14.893378-04:00","Action":"output","Package":"github.com/deliri/primitive/v2026/requestbudget","Test":"TestCapacityWindowLayerTriad/exact_window_end_refuses_observation","Output":"--- PASS: TestCapacityWindowLayerTriad/exact_window_end_refuses_observation (0.00s)\n","OutputType":"frame"}
{"Time":"2026-10-08T03:50:14.893382-04:00","Action":"pass","Package":"github.com/deliri/primitive/v2026/requestbudget","Test":"TestCapacityWindowLayerTriad/exact_window_end_refuses_observation","Elapsed":0}
{"Time":"2026-10-08T03:50:14.893385-04:00","Action":"cont","Package":"github.com/deliri/primitive/v2026/requestbudget","Test":"TestCapacityWindowLayerTriad/one_below_window_end_keeps_exhaustion"}
{"Time":"2026-10-08T03:50:14.893389-04:00","Action":"output","Package":"github.com/deliri/primitive/v2026/requestbudget","Test":"TestCapacityWindowLayerTriad/one_below_window_end_keeps_exhaustion","Output":"=== CONT  TestCapacityWindowLayerTriad/one_below_window_end_keeps_exhaustion\n","OutputType":"frame"}
{"Time":"2026-10-08T03:50:14.893402-04:00","Action":"output","Package":"github.com/deliri/primitive/v2026/requestbudget","Test":"TestCapacityWindowLayerTriad/one_below_window_end_keeps_exhaustion","Output":"--- PASS: TestCapacityWindowLayerTriad/one_below_window_end_keeps_exhaustion (0.00s)\n","OutputType":"frame"}
{"Time":"2026-10-08T03:50:14.893408-04:00","Action":"pass","Package":"github.com/deliri/primitive/v2026/requestbudget","Test":"TestCapacityWindowLayerTriad/one_below_window_end_keeps_exhaustion","Elapsed":0}
{"Time":"2026-10-08T03:50:14.893411-04:00","Action":"cont","Package":"github.com/deliri/primitive/v2026/requestbudget","Test":"TestCapacityWindowLayerTriad/expired_slot_admits_different_key"}
{"Time":"2026-10-08T03:50:14.893415-04:00","Action":"output","Package":"github.com/deliri/primitive/v2026/requestbudget","Test":"TestCapacityWindowLayerTriad/expired_slot_admits_different_key","Output":"=== CONT  TestCapacityWindowLayerTriad/expired_slot_admits_different_key\n","OutputType":"frame"}
{"Time":"2026-10-08T03:50:14.893419-04:00","Action":"output","Package":"github.com/deliri/primitive/v2026/requestbudget","Test":"TestCapacityWindowLayerTriad/expired_slot_admits_different_key","Output":"--- PASS: TestCapacityWindowLayerTriad/expired_slot_admits_different_key (0.00s)\n","OutputType":"frame"}
{"Time":"2026-10-08T03:50:14.893423-04:00","Action":"pass","Package":"github.com/deliri/primitive/v2026/requestbudget","Test":"TestCapacityWindowLayerTriad/expired_slot_admits_different_key","Elapsed":0}
{"Time":"2026-10-08T03:50:14.893426-04:00","Action":"cont","Package":"github.com/deliri/primitive/v2026/requestbudget","Test":"TestCapacityWindowLayerTriad/one_above_window_end_refuses_observation"}
{"Time":"2026-10-08T03:50:14.89343-04:00","Action":"output","Package":"github.com/deliri/primitive/v2026/requestbudget","Test":"TestCapacityWindowLayerTriad/one_above_window_end_refuses_observation","Output":"=== CONT  TestCapacityWindowLayerTriad/one_above_window_end_refuses_observation\n","OutputType":"frame"}
{"Time":"2026-10-08T03:50:14.893438-04:00","Action":"output","Package":"github.com/deliri/primitive/v2026/requestbudget","Test":"TestCapacityWindowLayerTriad/one_above_window_end_refuses_observation","Output":"--- PASS: TestCapacityWindowLayerTriad/one_above_window_end_refuses_observation (0.00s)\n","OutputType":"frame"}
{"Time":"2026-10-08T03:50:14.893443-04:00","Action":"pass","Package":"github.com/deliri/primitive/v2026/requestbudget","Test":"TestCapacityWindowLayerTriad/one_above_window_end_refuses_observation","Elapsed":0}
{"Time":"2026-10-08T03:50:14.893447-04:00","Action":"cont","Package":"github.com/deliri/primitive/v2026/requestbudget","Test":"TestCapacityWindowLayerTriad/same_key_next_window_reserves_anew"}
{"Time":"2026-10-08T03:50:14.893451-04:00","Action":"output","Package":"github.com/deliri/primitive/v2026/requestbudget","Test":"TestCapacityWindowLayerTriad/same_key_next_window_reserves_anew","Output":"=== CONT  TestCapacityWindowLayerTriad/same_key_next_window_reserves_anew\n","OutputType":"frame"}
{"Time":"2026-10-08T03:50:14.893454-04:00","Action":"output","Package":"github.com/deliri/primitive/v2026/requestbudget","Test":"TestCapacityWindowLayerTriad/same_key_next_window_reserves_anew","Output":"--- PASS: TestCapacityWindowLayerTriad/same_key_next_window_reserves_anew (0.00s)\n","OutputType":"frame"}
{"Time":"2026-10-08T03:50:14.893458-04:00","Action":"pass","Package":"github.com/deliri/primitive/v2026/requestbudget","Test":"TestCapacityWindowLayerTriad/same_key_next_window_reserves_anew","Elapsed":0}
{"Time":"2026-10-08T03:50:14.893462-04:00","Action":"cont","Package":"github.com/deliri/primitive/v2026/requestbudget","Test":"TestCapacityWindowLayerTriad/overlapping_window_refuses_binding"}
{"Time":"2026-10-08T03:50:14.893465-04:00","Action":"output","Package":"github.com/deliri/primitive/v2026/requestbudget","Test":"TestCapacityWindowLayerTriad/overlapping_window_refuses_binding","Output":"=== CONT  TestCapacityWindowLayerTriad/overlapping_window_refuses_binding\n","OutputType":"frame"}
{"Time":"2026-10-08T03:50:14.893469-04:00","Action":"output","Package":"github.com/deliri/primitive/v2026/requestbudget","Test":"TestCapacityWindowLayerTriad/overlapping_window_refuses_binding","Output":"--- PASS: TestCapacityWindowLayerTriad/overlapping_window_refuses_binding (0.00s)\n","OutputType":"frame"}
{"Time":"2026-10-08T03:50:14.893473-04:00","Action":"pass","Package":"github.com/deliri/primitive/v2026/requestbudget","Test":"TestCapacityWindowLayerTriad/overlapping_window_refuses_binding","Elapsed":0}
{"Time":"2026-10-08T03:50:14.893486-04:00","Action":"cont","Package":"github.com/deliri/primitive/v2026/requestbudget","Test":"TestCapacityWindowLayerTriad/different_live_key_refuses_capacity"}
{"Time":"2026-10-08T03:50:14.893489-04:00","Action":"output","Package":"github.com/deliri/primitive/v2026/requestbudget","Test":"TestCapacityWindowLayerTriad/different_live_key_refuses_capacity","Output":"=== CONT  TestCapacityWindowLayerTriad/different_live_key_refuses_capacity\n","OutputType":"frame"}
{"Time":"2026-10-08T03:50:14.893493-04:00","Action":"output","Package":"github.com/deliri/primitive/v2026/requestbudget","Test":"TestCapacityWindowLayerTriad/different_live_key_refuses_capacity","Output":"--- PASS: TestCapacityWindowLayerTriad/different_live_key_refuses_capacity (0.00s)\n","OutputType":"frame"}
{"Time":"2026-10-08T03:50:14.893497-04:00","Action":"pass","Package":"github.com/deliri/primitive/v2026/requestbudget","Test":"TestCapacityWindowLayerTriad/different_live_key_refuses_capacity","Elapsed":0}
{"Time":"2026-10-08T03:50:14.8935-04:00","Action":"cont","Package":"github.com/deliri/primitive/v2026/requestbudget","Test":"TestCapacityWindowLayerTriad/cached_exhaustion_never_re-reserves"}
{"Time":"2026-10-08T03:50:14.893504-04:00","Action":"output","Package":"github.com/deliri/primitive/v2026/requestbudget","Test":"TestCapacityWindowLayerTriad/cached_exhaustion_never_re-reserves","Output":"=== CONT  TestCapacityWindowLayerTriad/cached_exhaustion_never_re-reserves\n","OutputType":"frame"}
{"Time":"2026-10-08T03:50:14.893511-04:00","Action":"output","Package":"github.com/deliri/primitive/v2026/requestbudget","Test":"TestCapacityWindowLayerTriad/cached_exhaustion_never_re-reserves","Output":"--- PASS: TestCapacityWindowLayerTriad/cached_exhaustion_never_re-reserves (0.00s)\n","OutputType":"frame"}
{"Time":"2026-10-08T03:50:14.893515-04:00","Action":"pass","Package":"github.com/deliri/primitive/v2026/requestbudget","Test":"TestCapacityWindowLayerTriad/cached_exhaustion_never_re-reserves","Elapsed":0}
{"Time":"2026-10-08T03:50:14.893519-04:00","Action":"cont","Package":"github.com/deliri/primitive/v2026/requestbudget","Test":"TestContractBoundaryLayerTriad/minimum_signed_instant_stays_valid"}
{"Time":"2026-10-08T03:50:14.893522-04:00","Action":"output","Package":"github.com/deliri/primitive/v2026/requestbudget","Test":"TestContractBoundaryLayerTriad/minimum_signed_instant_stays_valid","Output":"=== CONT  TestContractBoundaryLayerTriad/minimum_signed_instant_stays_valid\n","OutputType":"frame"}
{"Time":"2026-10-08T03:50:14.893526-04:00","Action":"output","Package":"github.com/deliri/primitive/v2026/requestbudget","Test":"TestContractBoundaryLayerTriad/minimum_signed_instant_stays_valid","Output":"--- PASS: TestContractBoundaryLayerTriad/minimum_signed_instant_stays_valid (0.00s)\n","OutputType":"frame"}
{"Time":"2026-10-08T03:50:14.89353-04:00","Action":"pass","Package":"github.com/deliri/primitive/v2026/requestbudget","Test":"TestContractBoundaryLayerTriad/minimum_signed_instant_stays_valid","Elapsed":0}
{"Time":"2026-10-08T03:50:14.893533-04:00","Action":"cont","Package":"github.com/deliri/primitive/v2026/requestbudget","Test":"TestContractBoundaryLayerTriad/equal_interval_bounds_refuse"}
{"Time":"2026-10-08T03:50:14.893536-04:00","Action":"output","Package":"github.com/deliri/primitive/v2026/requestbudget","Test":"TestContractBoundaryLayerTriad/equal_interval_bounds_refuse","Output":"=== CONT  TestContractBoundaryLayerTriad/equal_interval_bounds_refuse\n","OutputType":"frame"}
{"Time":"2026-10-08T03:50:14.893541-04:00","Action":"output","Package":"github.com/deliri/primitive/v2026/requestbudget","Test":"TestContractBoundaryLayerTriad/equal_interval_bounds_refuse","Output":"--- PASS: TestContractBoundaryLayerTriad/equal_interval_bounds_refuse (0.00s)\n","OutputType":"frame"}
{"Time":"2026-10-08T03:50:14.893545-04:00","Action":"pass","Package":"github.com/deliri/primitive/v2026/requestbudget","Test":"TestContractBoundaryLayerTriad/equal_interval_bounds_refuse","Elapsed":0}
{"Time":"2026-10-08T03:50:14.893548-04:00","Action":"output","Package":"github.com/deliri/primitive/v2026/requestbudget","Test":"TestCapacityWindowLayerTriad","Output":"--- PASS: TestCapacityWindowLayerTriad (0.01s)\n","OutputType":"frame"}
{"Time":"2026-10-08T03:50:14.893553-04:00","Action":"pass","Package":"github.com/deliri/primitive/v2026/requestbudget","Test":"TestCapacityWindowLayerTriad","Elapsed":0.01}
{"Time":"2026-10-08T03:50:14.893557-04:00","Action":"output","Package":"github.com/deliri/primitive/v2026/requestbudget","Test":"TestContractBoundaryLayerTriad","Output":"--- PASS: TestContractBoundaryLayerTriad (0.01s)\n","OutputType":"frame"}
{"Time":"2026-10-08T03:50:14.902477-04:00","Action":"pass","Package":"github.com/deliri/primitive/v2026/requestbudget","Test":"TestContractBoundaryLayerTriad","Elapsed":0.01}
{"Time":"2026-10-08T03:50:14.902509-04:00","Action":"output","Package":"github.com/deliri/primitive/v2026/requestbudget","Test":"TestConcurrentCreditConservation","Output":"--- PASS: TestConcurrentCreditConservation (0.02s)\n","OutputType":"frame"}
{"Time":"2026-10-08T03:50:14.983153-04:00","Action":"pass","Package":"github.com/deliri/primitive/v2026/requestbudget","Test":"TestConcurrentCreditConservation","Elapsed":0.02}
{"Time":"2026-10-08T03:50:14.983193-04:00","Action":"cont","Package":"github.com/deliri/primitive/v2026/requestbudget","Test":"TestGrantBindingFieldsAndMaximumCredits/foreign_batch_cannot_mint_credits"}
{"Time":"2026-10-08T03:50:14.9832-04:00","Action":"output","Package":"github.com/deliri/primitive/v2026/requestbudget","Test":"TestGrantBindingFieldsAndMaximumCredits/foreign_batch_cannot_mint_credits","Output":"=== CONT  TestGrantBindingFieldsAndMaximumCredits/foreign_batch_cannot_mint_credits\n","OutputType":"frame"}
{"Time":"2026-10-08T03:50:14.983236-04:00","Action":"output","Package":"github.com/deliri/primitive/v2026/requestbudget","Test":"TestGrantBindingFieldsAndMaximumCredits/foreign_batch_cannot_mint_credits","Output":"--- PASS: TestGrantBindingFieldsAndMaximumCredits/foreign_batch_cannot_mint_credits (0.00s)\n","OutputType":"frame"}
{"Time":"2026-10-08T03:50:14.983243-04:00","Action":"pass","Package":"github.com/deliri/primitive/v2026/requestbudget","Test":"TestGrantBindingFieldsAndMaximumCredits/foreign_batch_cannot_mint_credits","Elapsed":0}
{"Time":"2026-10-08T03:50:14.983249-04:00","Action":"cont","Package":"github.com/deliri/primitive/v2026/requestbudget","Test":"TestGrantBindingFieldsAndMaximumCredits/foreign_end_cannot_mint_credits"}
{"Time":"2026-10-08T03:50:14.983253-04:00","Action":"output","Package":"github.com/deliri/primitive/v2026/requestbudget","Test":"TestGrantBindingFieldsAndMaximumCredits/foreign_end_cannot_mint_credits","Output":"=== CONT  TestGrantBindingFieldsAndMaximumCredits/foreign_end_cannot_mint_credits\n","OutputType":"frame"}
{"Time":"2026-10-08T03:50:14.983259-04:00","Action":"output","Package":"github.com/deliri/primitive/v2026/requestbudget","Test":"TestGrantBindingFieldsAndMaximumCredits/foreign_end_cannot_mint_credits","Output":"--- PASS: TestGrantBindingFieldsAndMaximumCredits/foreign_end_cannot_mint_credits (0.00s)\n","OutputType":"frame"}
{"Time":"2026-10-08T03:50:14.983266-04:00","Action":"pass","Package":"github.com/deliri/primitive/v2026/requestbudget","Test":"TestGrantBindingFieldsAndMaximumCredits/foreign_end_cannot_mint_credits","Elapsed":0}
{"Time":"2026-10-08T03:50:14.983271-04:00","Action":"cont","Package":"github.com/deliri/primitive/v2026/requestbudget","Test":"TestGrantBindingFieldsAndMaximumCredits/foreign_start_cannot_mint_credits"}
{"Time":"2026-10-08T03:50:14.983276-04:00","Action":"output","Package":"github.com/deliri/primitive/v2026/requestbudget","Test":"TestGrantBindingFieldsAndMaximumCredits/foreign_start_cannot_mint_credits","Output":"=== CONT  TestGrantBindingFieldsAndMaximumCredits/foreign_start_cannot_mint_credits\n","OutputType":"frame"}
{"Time":"2026-10-08T03:50:14.9833-04:00","Action":"output","Package":"github.com/deliri/primitive/v2026/requestbudget","Test":"TestGrantBindingFieldsAndMaximumCredits/foreign_start_cannot_mint_credits","Output":"--- PASS: TestGrantBindingFieldsAndMaximumCredits/foreign_start_cannot_mint_credits (0.00s)\n","OutputType":"frame"}
{"Time":"2026-10-08T03:50:14.983308-04:00","Action":"pass","Package":"github.com/deliri/primitive/v2026/requestbudget","Test":"TestGrantBindingFieldsAndMaximumCredits/foreign_start_cannot_mint_credits","Elapsed":0}
{"Time":"2026-10-08T03:50:14.983312-04:00","Action":"cont","Package":"github.com/deliri/primitive/v2026/requestbudget","Test":"TestGrantBindingFieldsAndMaximumCredits/foreign_key_cannot_mint_credits"}
{"Time":"2026-10-08T03:50:14.983316-04:00","Action":"output","Package":"github.com/deliri/primitive/v2026/requestbudget","Test":"TestGrantBindingFieldsAndMaximumCredits/foreign_key_cannot_mint_credits","Output":"=== CONT  TestGrantBindingFieldsAndMaximumCredits/foreign_key_cannot_mint_credits\n","OutputType":"frame"}
{"Time":"2026-10-08T03:50:14.983321-04:00","Action":"output","Package":"github.com/deliri/primitive/v2026/requestbudget","Test":"TestGrantBindingFieldsAndMaximumCredits/foreign_key_cannot_mint_credits","Output":"--- PASS: TestGrantBindingFieldsAndMaximumCredits/foreign_key_cannot_mint_credits (0.00s)\n","OutputType":"frame"}
{"Time":"2026-10-08T03:50:14.983326-04:00","Action":"pass","Package":"github.com/deliri/primitive/v2026/requestbudget","Test":"TestGrantBindingFieldsAndMaximumCredits/foreign_key_cannot_mint_credits","Elapsed":0}
{"Time":"2026-10-08T03:50:14.98333-04:00","Action":"output","Package":"github.com/deliri/primitive/v2026/requestbudget","Test":"TestGrantBindingFieldsAndMaximumCredits","Output":"--- PASS: TestGrantBindingFieldsAndMaximumCredits (0.10s)\n","OutputType":"frame"}
{"Time":"2026-10-08T03:50:16.645502-04:00","Action":"pass","Package":"github.com/deliri/primitive/v2026/requestbudget","Test":"TestGrantBindingFieldsAndMaximumCredits","Elapsed":0.1}
{"Time":"2026-10-08T03:50:16.645584-04:00","Action":"output","Package":"github.com/deliri/primitive/v2026/requestbudget","Test":"TestCreditGrantHandoffExhaustive","Output":"--- PASS: TestCreditGrantHandoffExhaustive (1.77s)\n","OutputType":"frame"}
{"Time":"2026-10-08T03:50:16.645599-04:00","Action":"pass","Package":"github.com/deliri/primitive/v2026/requestbudget","Test":"TestCreditGrantHandoffExhaustive","Elapsed":1.77}
{"Time":"2026-10-08T03:50:16.645616-04:00","Action":"run","Package":"github.com/deliri/primitive/v2026/requestbudget","Test":"FuzzReservationCreditProviderBoundary"}
{"Time":"2026-10-08T03:50:16.645622-04:00","Action":"output","Package":"github.com/deliri/primitive/v2026/requestbudget","Test":"FuzzReservationCreditProviderBoundary","Output":"=== RUN   FuzzReservationCreditProviderBoundary\n","OutputType":"frame"}
{"Time":"2026-10-08T03:50:16.645673-04:00","Action":"run","Package":"github.com/deliri/primitive/v2026/requestbudget","Test":"FuzzReservationCreditProviderBoundary/seed#0"}
{"Time":"2026-10-08T03:50:16.64568-04:00","Action":"output","Package":"github.com/deliri/primitive/v2026/requestbudget","Test":"FuzzReservationCreditProviderBoundary/seed#0","Output":"=== RUN   FuzzReservationCreditProviderBoundary/seed#0\n","OutputType":"frame"}
{"Time":"2026-10-08T03:50:16.646231-04:00","Action":"output","Package":"github.com/deliri/primitive/v2026/requestbudget","Test":"FuzzReservationCreditProviderBoundary/seed#0","Output":"--- PASS: FuzzReservationCreditProviderBoundary/seed#0 (0.00s)\n","OutputType":"frame"}
{"Time":"2026-10-08T03:50:16.646249-04:00","Action":"pass","Package":"github.com/deliri/primitive/v2026/requestbudget","Test":"FuzzReservationCreditProviderBoundary/seed#0","Elapsed":0}
{"Time":"2026-10-08T03:50:16.646257-04:00","Action":"run","Package":"github.com/deliri/primitive/v2026/requestbudget","Test":"FuzzReservationCreditProviderBoundary/seed#1"}
{"Time":"2026-10-08T03:50:16.646262-04:00","Action":"output","Package":"github.com/deliri/primitive/v2026/requestbudget","Test":"FuzzReservationCreditProviderBoundary/seed#1","Output":"=== RUN   FuzzReservationCreditProviderBoundary/seed#1\n","OutputType":"frame"}
{"Time":"2026-10-08T03:50:16.64627-04:00","Action":"output","Package":"github.com/deliri/primitive/v2026/requestbudget","Test":"FuzzReservationCreditProviderBoundary/seed#1","Output":"--- PASS: FuzzReservationCreditProviderBoundary/seed#1 (0.00s)\n","OutputType":"frame"}
{"Time":"2026-10-08T03:50:16.646275-04:00","Action":"pass","Package":"github.com/deliri/primitive/v2026/requestbudget","Test":"FuzzReservationCreditProviderBoundary/seed#1","Elapsed":0}
{"Time":"2026-10-08T03:50:16.64628-04:00","Action":"run","Package":"github.com/deliri/primitive/v2026/requestbudget","Test":"FuzzReservationCreditProviderBoundary/seed#2"}
{"Time":"2026-10-08T03:50:16.646285-04:00","Action":"output","Package":"github.com/deliri/primitive/v2026/requestbudget","Test":"FuzzReservationCreditProviderBoundary/seed#2","Output":"=== RUN   FuzzReservationCreditProviderBoundary/seed#2\n","OutputType":"frame"}
{"Time":"2026-10-08T03:50:16.646307-04:00","Action":"output","Package":"github.com/deliri/primitive/v2026/requestbudget","Test":"FuzzReservationCreditProviderBoundary/seed#2","Output":"--- PASS: FuzzReservationCreditProviderBoundary/seed#2 (0.00s)\n","OutputType":"frame"}
{"Time":"2026-10-08T03:50:16.646316-04:00","Action":"pass","Package":"github.com/deliri/primitive/v2026/requestbudget","Test":"FuzzReservationCreditProviderBoundary/seed#2","Elapsed":0}
{"Time":"2026-10-08T03:50:16.646369-04:00","Action":"output","Package":"github.com/deliri/primitive/v2026/requestbudget","Test":"FuzzReservationCreditProviderBoundary","Output":"--- PASS: FuzzReservationCreditProviderBoundary (0.00s)\n","OutputType":"frame"}
{"Time":"2026-10-08T03:50:16.646377-04:00","Action":"pass","Package":"github.com/deliri/primitive/v2026/requestbudget","Test":"FuzzReservationCreditProviderBoundary","Elapsed":0}
{"Time":"2026-10-08T03:50:16.646382-04:00","Action":"output","Package":"github.com/deliri/primitive/v2026/requestbudget","Output":"PASS\n","OutputType":"frame"}
{"Time":"2026-10-08T03:50:17.648856-04:00","Action":"output","Package":"github.com/deliri/primitive/v2026/requestbudget","Output":"ok  \tgithub.com/deliri/primitive/v2026/requestbudget\t2.901s\n"}
{"Time":"2026-10-08T03:50:17.64892-04:00","Action":"pass","Package":"github.com/deliri/primitive/v2026/requestbudget","Elapsed":2.901}
