{"Time":"2026-10-08T03:43:03.986705-04:00","Action":"start","Package":"github.com/deliri/primitive/v2026/requestbudget"}
{"Time":"2026-10-08T03:43:04.098328-04:00","Action":"run","Package":"github.com/deliri/primitive/v2026/requestbudget","Test":"TestContractBoundaryLayerTriad"}
{"Time":"2026-10-08T03:43:04.098437-04:00","Action":"output","Package":"github.com/deliri/primitive/v2026/requestbudget","Test":"TestContractBoundaryLayerTriad","Output":"=== RUN   TestContractBoundaryLayerTriad\n","OutputType":"frame"}
{"Time":"2026-10-08T03:43:04.098489-04:00","Action":"output","Package":"github.com/deliri/primitive/v2026/requestbudget","Test":"TestContractBoundaryLayerTriad","Output":"=== PAUSE TestContractBoundaryLayerTriad\n","OutputType":"frame"}
{"Time":"2026-10-08T03:43:04.098498-04:00","Action":"pause","Package":"github.com/deliri/primitive/v2026/requestbudget","Test":"TestContractBoundaryLayerTriad"}
{"Time":"2026-10-08T03:43:04.098763-04:00","Action":"run","Package":"github.com/deliri/primitive/v2026/requestbudget","Test":"TestProductionDataFlowInventoryAndBoundedOwnership"}
{"Time":"2026-10-08T03:43:04.098786-04:00","Action":"output","Package":"github.com/deliri/primitive/v2026/requestbudget","Test":"TestProductionDataFlowInventoryAndBoundedOwnership","Output":"=== RUN   TestProductionDataFlowInventoryAndBoundedOwnership\n","OutputType":"frame"}
{"Time":"2026-10-08T03:43:04.098819-04:00","Action":"output","Package":"github.com/deliri/primitive/v2026/requestbudget","Test":"TestProductionDataFlowInventoryAndBoundedOwnership","Output":"=== PAUSE TestProductionDataFlowInventoryAndBoundedOwnership\n","OutputType":"frame"}
{"Time":"2026-10-08T03:43:04.098826-04:00","Action":"pause","Package":"github.com/deliri/primitive/v2026/requestbudget","Test":"TestProductionDataFlowInventoryAndBoundedOwnership"}
{"Time":"2026-10-08T03:43:04.098832-04:00","Action":"run","Package":"github.com/deliri/primitive/v2026/requestbudget","Test":"TestReservationCreditsLayerTriad"}
{"Time":"2026-10-08T03:43:04.098838-04:00","Action":"output","Package":"github.com/deliri/primitive/v2026/requestbudget","Test":"TestReservationCreditsLayerTriad","Output":"=== RUN   TestReservationCreditsLayerTriad\n","OutputType":"frame"}
{"Time":"2026-10-08T03:43:04.098849-04:00","Action":"output","Package":"github.com/deliri/primitive/v2026/requestbudget","Test":"TestReservationCreditsLayerTriad","Output":"=== PAUSE TestReservationCreditsLayerTriad\n","OutputType":"frame"}
{"Time":"2026-10-08T03:43:04.098855-04:00","Action":"pause","Package":"github.com/deliri/primitive/v2026/requestbudget","Test":"TestReservationCreditsLayerTriad"}
{"Time":"2026-10-08T03:43:04.098868-04:00","Action":"run","Package":"github.com/deliri/primitive/v2026/requestbudget","Test":"TestCapacityWindowLayerTriad"}
{"Time":"2026-10-08T03:43:04.098986-04:00","Action":"output","Package":"github.com/deliri/primitive/v2026/requestbudget","Test":"TestCapacityWindowLayerTriad","Output":"=== RUN   TestCapacityWindowLayerTriad\n","OutputType":"frame"}
{"Time":"2026-10-08T03:43:04.099087-04:00","Action":"output","Package":"github.com/deliri/primitive/v2026/requestbudget","Test":"TestCapacityWindowLayerTriad","Output":"=== PAUSE TestCapacityWindowLayerTriad\n","OutputType":"frame"}
{"Time":"2026-10-08T03:43:04.09911-04:00","Action":"pause","Package":"github.com/deliri/primitive/v2026/requestbudget","Test":"TestCapacityWindowLayerTriad"}
{"Time":"2026-10-08T03:43:04.099163-04:00","Action":"run","Package":"github.com/deliri/primitive/v2026/requestbudget","Test":"TestCreditGrantHandoffExhaustive"}
{"Time":"2026-10-08T03:43:04.099187-04:00","Action":"output","Package":"github.com/deliri/primitive/v2026/requestbudget","Test":"TestCreditGrantHandoffExhaustive","Output":"=== RUN   TestCreditGrantHandoffExhaustive\n","OutputType":"frame"}
{"Time":"2026-10-08T03:43:04.099209-04:00","Action":"output","Package":"github.com/deliri/primitive/v2026/requestbudget","Test":"TestCreditGrantHandoffExhaustive","Output":"=== PAUSE TestCreditGrantHandoffExhaustive\n","OutputType":"frame"}
{"Time":"2026-10-08T03:43:04.099227-04:00","Action":"pause","Package":"github.com/deliri/primitive/v2026/requestbudget","Test":"TestCreditGrantHandoffExhaustive"}
{"Time":"2026-10-08T03:43:04.099288-04:00","Action":"run","Package":"github.com/deliri/primitive/v2026/requestbudget","Test":"TestConcurrentCreditConservation"}
{"Time":"2026-10-08T03:43:04.099304-04:00","Action":"output","Package":"github.com/deliri/primitive/v2026/requestbudget","Test":"TestConcurrentCreditConservation","Output":"=== RUN   TestConcurrentCreditConservation\n","OutputType":"frame"}
{"Time":"2026-10-08T03:43:04.09932-04:00","Action":"output","Package":"github.com/deliri/primitive/v2026/requestbudget","Test":"TestConcurrentCreditConservation","Output":"=== PAUSE TestConcurrentCreditConservation\n","OutputType":"frame"}
{"Time":"2026-10-08T03:43:04.099334-04:00","Action":"pause","Package":"github.com/deliri/primitive/v2026/requestbudget","Test":"TestConcurrentCreditConservation"}
{"Time":"2026-10-08T03:43:04.099349-04:00","Action":"run","Package":"github.com/deliri/primitive/v2026/requestbudget","Test":"TestCancellationReservationLayerTriad"}
{"Time":"2026-10-08T03:43:04.099364-04:00","Action":"output","Package":"github.com/deliri/primitive/v2026/requestbudget","Test":"TestCancellationReservationLayerTriad","Output":"=== RUN   TestCancellationReservationLayerTriad\n","OutputType":"frame"}
{"Time":"2026-10-08T03:43:04.09938-04:00","Action":"output","Package":"github.com/deliri/primitive/v2026/requestbudget","Test":"TestCancellationReservationLayerTriad","Output":"=== PAUSE TestCancellationReservationLayerTriad\n","OutputType":"frame"}
{"Time":"2026-10-08T03:43:04.099395-04:00","Action":"pause","Package":"github.com/deliri/primitive/v2026/requestbudget","Test":"TestCancellationReservationLayerTriad"}
{"Time":"2026-10-08T03:43:04.099415-04:00","Action":"run","Package":"github.com/deliri/primitive/v2026/requestbudget","Test":"TestWindowAdvanceRejectsLateGrantAndRollback"}
{"Time":"2026-10-08T03:43:04.099429-04:00","Action":"output","Package":"github.com/deliri/primitive/v2026/requestbudget","Test":"TestWindowAdvanceRejectsLateGrantAndRollback","Output":"=== RUN   TestWindowAdvanceRejectsLateGrantAndRollback\n","OutputType":"frame"}
{"Time":"2026-10-08T03:43:04.099446-04:00","Action":"output","Package":"github.com/deliri/primitive/v2026/requestbudget","Test":"TestWindowAdvanceRejectsLateGrantAndRollback","Output":"=== PAUSE TestWindowAdvanceRejectsLateGrantAndRollback\n","OutputType":"frame"}
{"Time":"2026-10-08T03:43:04.099461-04:00","Action":"pause","Package":"github.com/deliri/primitive/v2026/requestbudget","Test":"TestWindowAdvanceRejectsLateGrantAndRollback"}
{"Time":"2026-10-08T03:43:04.099476-04:00","Action":"run","Package":"github.com/deliri/primitive/v2026/requestbudget","Test":"TestProviderFailureAndPanicNeverBecomeExhaustion"}
{"Time":"2026-10-08T03:43:04.099494-04:00","Action":"output","Package":"github.com/deliri/primitive/v2026/requestbudget","Test":"TestProviderFailureAndPanicNeverBecomeExhaustion","Output":"=== RUN   TestProviderFailureAndPanicNeverBecomeExhaustion\n","OutputType":"frame"}
{"Time":"2026-10-08T03:43:04.099509-04:00","Action":"output","Package":"github.com/deliri/primitive/v2026/requestbudget","Test":"TestProviderFailureAndPanicNeverBecomeExhaustion","Output":"=== PAUSE TestProviderFailureAndPanicNeverBecomeExhaustion\n","OutputType":"frame"}
{"Time":"2026-10-08T03:43:04.099523-04:00","Action":"pause","Package":"github.com/deliri/primitive/v2026/requestbudget","Test":"TestProviderFailureAndPanicNeverBecomeExhaustion"}
{"Time":"2026-10-08T03:43:04.099544-04:00","Action":"run","Package":"github.com/deliri/primitive/v2026/requestbudget","Test":"TestPendingWindowRolloverAndDeadline"}
{"Time":"2026-10-08T03:43:04.099558-04:00","Action":"output","Package":"github.com/deliri/primitive/v2026/requestbudget","Test":"TestPendingWindowRolloverAndDeadline","Output":"=== RUN   TestPendingWindowRolloverAndDeadline\n","OutputType":"frame"}
{"Time":"2026-10-08T03:43:04.099576-04:00","Action":"output","Package":"github.com/deliri/primitive/v2026/requestbudget","Test":"TestPendingWindowRolloverAndDeadline","Output":"=== PAUSE TestPendingWindowRolloverAndDeadline\n","OutputType":"frame"}
{"Time":"2026-10-08T03:43:04.099601-04:00","Action":"pause","Package":"github.com/deliri/primitive/v2026/requestbudget","Test":"TestPendingWindowRolloverAndDeadline"}
{"Time":"2026-10-08T03:43:04.099616-04:00","Action":"run","Package":"github.com/deliri/primitive/v2026/requestbudget","Test":"TestGrantBindingFieldsAndMaximumCredits"}
{"Time":"2026-10-08T03:43:04.09963-04:00","Action":"output","Package":"github.com/deliri/primitive/v2026/requestbudget","Test":"TestGrantBindingFieldsAndMaximumCredits","Output":"=== RUN   TestGrantBindingFieldsAndMaximumCredits\n","OutputType":"frame"}
{"Time":"2026-10-08T03:43:04.099648-04:00","Action":"output","Package":"github.com/deliri/primitive/v2026/requestbudget","Test":"TestGrantBindingFieldsAndMaximumCredits","Output":"=== PAUSE TestGrantBindingFieldsAndMaximumCredits\n","OutputType":"frame"}
{"Time":"2026-10-08T03:43:04.099664-04:00","Action":"pause","Package":"github.com/deliri/primitive/v2026/requestbudget","Test":"TestGrantBindingFieldsAndMaximumCredits"}
{"Time":"2026-10-08T03:43:04.099691-04:00","Action":"cont","Package":"github.com/deliri/primitive/v2026/requestbudget","Test":"TestContractBoundaryLayerTriad"}
{"Time":"2026-10-08T03:43:04.099712-04:00","Action":"output","Package":"github.com/deliri/primitive/v2026/requestbudget","Test":"TestContractBoundaryLayerTriad","Output":"=== CONT  TestContractBoundaryLayerTriad\n","OutputType":"frame"}
{"Time":"2026-10-08T03:43:04.09973-04:00","Action":"run","Package":"github.com/deliri/primitive/v2026/requestbudget","Test":"TestContractBoundaryLayerTriad/exact_start_is_inside"}
{"Time":"2026-10-08T03:43:04.099881-04:00","Action":"output","Package":"github.com/deliri/primitive/v2026/requestbudget","Test":"TestContractBoundaryLayerTriad/exact_start_is_inside","Output":"=== RUN   TestContractBoundaryLayerTriad/exact_start_is_inside\n","OutputType":"frame"}
{"Time":"2026-10-08T03:43:04.100034-04:00","Action":"output","Package":"github.com/deliri/primitive/v2026/requestbudget","Test":"TestContractBoundaryLayerTriad/exact_start_is_inside","Output":"=== PAUSE TestContractBoundaryLayerTriad/exact_start_is_inside\n","OutputType":"frame"}
{"Time":"2026-10-08T03:43:04.100043-04:00","Action":"pause","Package":"github.com/deliri/primitive/v2026/requestbudget","Test":"TestContractBoundaryLayerTriad/exact_start_is_inside"}
{"Time":"2026-10-08T03:43:04.10005-04:00","Action":"cont","Package":"github.com/deliri/primitive/v2026/requestbudget","Test":"TestCancellationReservationLayerTriad"}
{"Time":"2026-10-08T03:43:04.100057-04:00","Action":"output","Package":"github.com/deliri/primitive/v2026/requestbudget","Test":"TestCancellationReservationLayerTriad","Output":"=== CONT  TestCancellationReservationLayerTriad\n","OutputType":"frame"}
{"Time":"2026-10-08T03:43:04.100063-04:00","Action":"run","Package":"github.com/deliri/primitive/v2026/requestbudget","Test":"TestContractBoundaryLayerTriad/last_nanosecond_is_inside"}
{"Time":"2026-10-08T03:43:04.100067-04:00","Action":"output","Package":"github.com/deliri/primitive/v2026/requestbudget","Test":"TestContractBoundaryLayerTriad/last_nanosecond_is_inside","Output":"=== RUN   TestContractBoundaryLayerTriad/last_nanosecond_is_inside\n","OutputType":"frame"}
{"Time":"2026-10-08T03:43:04.100078-04:00","Action":"output","Package":"github.com/deliri/primitive/v2026/requestbudget","Test":"TestContractBoundaryLayerTriad/last_nanosecond_is_inside","Output":"=== PAUSE TestContractBoundaryLayerTriad/last_nanosecond_is_inside\n","OutputType":"frame"}
{"Time":"2026-10-08T03:43:04.100083-04:00","Action":"pause","Package":"github.com/deliri/primitive/v2026/requestbudget","Test":"TestContractBoundaryLayerTriad/last_nanosecond_is_inside"}
{"Time":"2026-10-08T03:43:04.10009-04:00","Action":"cont","Package":"github.com/deliri/primitive/v2026/requestbudget","Test":"TestConcurrentCreditConservation"}
{"Time":"2026-10-08T03:43:04.100103-04:00","Action":"output","Package":"github.com/deliri/primitive/v2026/requestbudget","Test":"TestConcurrentCreditConservation","Output":"=== CONT  TestConcurrentCreditConservation\n","OutputType":"frame"}
{"Time":"2026-10-08T03:43:04.100125-04:00","Action":"output","Package":"github.com/deliri/primitive/v2026/requestbudget","Test":"TestCancellationReservationLayerTriad","Output":"--- PASS: TestCancellationReservationLayerTriad (0.00s)\n","OutputType":"frame"}
{"Time":"2026-10-08T03:43:04.10013-04:00","Action":"pass","Package":"github.com/deliri/primitive/v2026/requestbudget","Test":"TestCancellationReservationLayerTriad","Elapsed":0}
{"Time":"2026-10-08T03:43:04.100139-04:00","Action":"cont","Package":"github.com/deliri/primitive/v2026/requestbudget","Test":"TestProviderFailureAndPanicNeverBecomeExhaustion"}
{"Time":"2026-10-08T03:43:04.100143-04:00","Action":"output","Package":"github.com/deliri/primitive/v2026/requestbudget","Test":"TestProviderFailureAndPanicNeverBecomeExhaustion","Output":"=== CONT  TestProviderFailureAndPanicNeverBecomeExhaustion\n","OutputType":"frame"}
{"Time":"2026-10-08T03:43:04.100149-04:00","Action":"output","Package":"github.com/deliri/primitive/v2026/requestbudget","Test":"TestProviderFailureAndPanicNeverBecomeExhaustion","Output":"--- PASS: TestProviderFailureAndPanicNeverBecomeExhaustion (0.00s)\n","OutputType":"frame"}
{"Time":"2026-10-08T03:43:04.100155-04:00","Action":"pass","Package":"github.com/deliri/primitive/v2026/requestbudget","Test":"TestProviderFailureAndPanicNeverBecomeExhaustion","Elapsed":0}
{"Time":"2026-10-08T03:43:04.100159-04:00","Action":"cont","Package":"github.com/deliri/primitive/v2026/requestbudget","Test":"TestCreditGrantHandoffExhaustive"}
{"Time":"2026-10-08T03:43:04.100162-04:00","Action":"output","Package":"github.com/deliri/primitive/v2026/requestbudget","Test":"TestCreditGrantHandoffExhaustive","Output":"=== CONT  TestCreditGrantHandoffExhaustive\n","OutputType":"frame"}
{"Time":"2026-10-08T03:43:04.100167-04:00","Action":"output","Package":"github.com/deliri/primitive/v2026/requestbudget","Test":"TestConcurrentCreditConservation","Output":"--- PASS: TestConcurrentCreditConservation (0.00s)\n","OutputType":"frame"}
{"Time":"2026-10-08T03:43:04.100171-04:00","Action":"pass","Package":"github.com/deliri/primitive/v2026/requestbudget","Test":"TestConcurrentCreditConservation","Elapsed":0}
{"Time":"2026-10-08T03:43:04.100175-04:00","Action":"cont","Package":"github.com/deliri/primitive/v2026/requestbudget","Test":"TestCapacityWindowLayerTriad"}
{"Time":"2026-10-08T03:43:04.100179-04:00","Action":"output","Package":"github.com/deliri/primitive/v2026/requestbudget","Test":"TestCapacityWindowLayerTriad","Output":"=== CONT  TestCapacityWindowLayerTriad\n","OutputType":"frame"}
{"Time":"2026-10-08T03:43:04.100186-04:00","Action":"run","Package":"github.com/deliri/primitive/v2026/requestbudget","Test":"TestCapacityWindowLayerTriad/cached_exhaustion_never_re-reserves"}
{"Time":"2026-10-08T03:43:04.100195-04:00","Action":"output","Package":"github.com/deliri/primitive/v2026/requestbudget","Test":"TestCapacityWindowLayerTriad/cached_exhaustion_never_re-reserves","Output":"=== RUN   TestCapacityWindowLayerTriad/cached_exhaustion_never_re-reserves\n","OutputType":"frame"}
{"Time":"2026-10-08T03:43:04.100199-04:00","Action":"output","Package":"github.com/deliri/primitive/v2026/requestbudget","Test":"TestCapacityWindowLayerTriad/cached_exhaustion_never_re-reserves","Output":"=== PAUSE TestCapacityWindowLayerTriad/cached_exhaustion_never_re-reserves\n","OutputType":"frame"}
{"Time":"2026-10-08T03:43:04.100203-04:00","Action":"pause","Package":"github.com/deliri/primitive/v2026/requestbudget","Test":"TestCapacityWindowLayerTriad/cached_exhaustion_never_re-reserves"}
{"Time":"2026-10-08T03:43:04.100208-04:00","Action":"run","Package":"github.com/deliri/primitive/v2026/requestbudget","Test":"TestCapacityWindowLayerTriad/different_live_key_refuses_capacity"}
{"Time":"2026-10-08T03:43:04.100212-04:00","Action":"output","Package":"github.com/deliri/primitive/v2026/requestbudget","Test":"TestCapacityWindowLayerTriad/different_live_key_refuses_capacity","Output":"=== RUN   TestCapacityWindowLayerTriad/different_live_key_refuses_capacity\n","OutputType":"frame"}
{"Time":"2026-10-08T03:43:04.100222-04:00","Action":"output","Package":"github.com/deliri/primitive/v2026/requestbudget","Test":"TestCapacityWindowLayerTriad/different_live_key_refuses_capacity","Output":"=== PAUSE TestCapacityWindowLayerTriad/different_live_key_refuses_capacity\n","OutputType":"frame"}
{"Time":"2026-10-08T03:43:04.100226-04:00","Action":"pause","Package":"github.com/deliri/primitive/v2026/requestbudget","Test":"TestCapacityWindowLayerTriad/different_live_key_refuses_capacity"}
{"Time":"2026-10-08T03:43:04.10023-04:00","Action":"run","Package":"github.com/deliri/primitive/v2026/requestbudget","Test":"TestCapacityWindowLayerTriad/changed_batch_refuses_binding"}
{"Time":"2026-10-08T03:43:04.100235-04:00","Action":"output","Package":"github.com/deliri/primitive/v2026/requestbudget","Test":"TestCapacityWindowLayerTriad/changed_batch_refuses_binding","Output":"=== RUN   TestCapacityWindowLayerTriad/changed_batch_refuses_binding\n","OutputType":"frame"}
{"Time":"2026-10-08T03:43:04.100245-04:00","Action":"output","Package":"github.com/deliri/primitive/v2026/requestbudget","Test":"TestCapacityWindowLayerTriad/changed_batch_refuses_binding","Output":"=== PAUSE TestCapacityWindowLayerTriad/changed_batch_refuses_binding\n","OutputType":"frame"}
{"Time":"2026-10-08T03:43:04.100249-04:00","Action":"pause","Package":"github.com/deliri/primitive/v2026/requestbudget","Test":"TestCapacityWindowLayerTriad/changed_batch_refuses_binding"}
{"Time":"2026-10-08T03:43:04.100254-04:00","Action":"run","Package":"github.com/deliri/primitive/v2026/requestbudget","Test":"TestCapacityWindowLayerTriad/overlapping_window_refuses_binding"}
{"Time":"2026-10-08T03:43:04.100258-04:00","Action":"output","Package":"github.com/deliri/primitive/v2026/requestbudget","Test":"TestCapacityWindowLayerTriad/overlapping_window_refuses_binding","Output":"=== RUN   TestCapacityWindowLayerTriad/overlapping_window_refuses_binding\n","OutputType":"frame"}
{"Time":"2026-10-08T03:43:04.100262-04:00","Action":"output","Package":"github.com/deliri/primitive/v2026/requestbudget","Test":"TestCapacityWindowLayerTriad/overlapping_window_refuses_binding","Output":"=== PAUSE TestCapacityWindowLayerTriad/overlapping_window_refuses_binding\n","OutputType":"frame"}
{"Time":"2026-10-08T03:43:04.100266-04:00","Action":"pause","Package":"github.com/deliri/primitive/v2026/requestbudget","Test":"TestCapacityWindowLayerTriad/overlapping_window_refuses_binding"}
{"Time":"2026-10-08T03:43:04.10027-04:00","Action":"run","Package":"github.com/deliri/primitive/v2026/requestbudget","Test":"TestCapacityWindowLayerTriad/same_key_next_window_reserves_anew"}
{"Time":"2026-10-08T03:43:04.100275-04:00","Action":"output","Package":"github.com/deliri/primitive/v2026/requestbudget","Test":"TestCapacityWindowLayerTriad/same_key_next_window_reserves_anew","Output":"=== RUN   TestCapacityWindowLayerTriad/same_key_next_window_reserves_anew\n","OutputType":"frame"}
{"Time":"2026-10-08T03:43:04.10028-04:00","Action":"output","Package":"github.com/deliri/primitive/v2026/requestbudget","Test":"TestCapacityWindowLayerTriad/same_key_next_window_reserves_anew","Output":"=== PAUSE TestCapacityWindowLayerTriad/same_key_next_window_reserves_anew\n","OutputType":"frame"}
{"Time":"2026-10-08T03:43:04.100284-04:00","Action":"pause","Package":"github.com/deliri/primitive/v2026/requestbudget","Test":"TestCapacityWindowLayerTriad/same_key_next_window_reserves_anew"}
{"Time":"2026-10-08T03:43:04.100288-04:00","Action":"cont","Package":"github.com/deliri/primitive/v2026/requestbudget","Test":"TestReservationCreditsLayerTriad"}
{"Time":"2026-10-08T03:43:04.100291-04:00","Action":"output","Package":"github.com/deliri/primitive/v2026/requestbudget","Test":"TestReservationCreditsLayerTriad","Output":"=== CONT  TestReservationCreditsLayerTriad\n","OutputType":"frame"}
{"Time":"2026-10-08T03:43:04.100295-04:00","Action":"run","Package":"github.com/deliri/primitive/v2026/requestbudget","Test":"TestCapacityWindowLayerTriad/expired_slot_admits_different_key"}
{"Time":"2026-10-08T03:43:04.100303-04:00","Action":"output","Package":"github.com/deliri/primitive/v2026/requestbudget","Test":"TestCapacityWindowLayerTriad/expired_slot_admits_different_key","Output":"=== RUN   TestCapacityWindowLayerTriad/expired_slot_admits_different_key\n","OutputType":"frame"}
{"Time":"2026-10-08T03:43:04.100308-04:00","Action":"output","Package":"github.com/deliri/primitive/v2026/requestbudget","Test":"TestCapacityWindowLayerTriad/expired_slot_admits_different_key","Output":"=== PAUSE TestCapacityWindowLayerTriad/expired_slot_admits_different_key\n","OutputType":"frame"}
{"Time":"2026-10-08T03:43:04.100313-04:00","Action":"pause","Package":"github.com/deliri/primitive/v2026/requestbudget","Test":"TestCapacityWindowLayerTriad/expired_slot_admits_different_key"}
{"Time":"2026-10-08T03:43:04.100318-04:00","Action":"output","Package":"github.com/deliri/primitive/v2026/requestbudget","Test":"TestReservationCreditsLayerTriad","Output":"--- PASS: TestReservationCreditsLayerTriad (0.00s)\n","OutputType":"frame"}
{"Time":"2026-10-08T03:43:04.100322-04:00","Action":"pass","Package":"github.com/deliri/primitive/v2026/requestbudget","Test":"TestReservationCreditsLayerTriad","Elapsed":0}
{"Time":"2026-10-08T03:43:04.100326-04:00","Action":"cont","Package":"github.com/deliri/primitive/v2026/requestbudget","Test":"TestGrantBindingFieldsAndMaximumCredits"}
{"Time":"2026-10-08T03:43:04.100329-04:00","Action":"output","Package":"github.com/deliri/primitive/v2026/requestbudget","Test":"TestGrantBindingFieldsAndMaximumCredits","Output":"=== CONT  TestGrantBindingFieldsAndMaximumCredits\n","OutputType":"frame"}
{"Time":"2026-10-08T03:43:04.100333-04:00","Action":"run","Package":"github.com/deliri/primitive/v2026/requestbudget","Test":"TestGrantBindingFieldsAndMaximumCredits/foreign_key_cannot_mint_credits"}
{"Time":"2026-10-08T03:43:04.100337-04:00","Action":"output","Package":"github.com/deliri/primitive/v2026/requestbudget","Test":"TestGrantBindingFieldsAndMaximumCredits/foreign_key_cannot_mint_credits","Output":"=== RUN   TestGrantBindingFieldsAndMaximumCredits/foreign_key_cannot_mint_credits\n","OutputType":"frame"}
{"Time":"2026-10-08T03:43:04.100342-04:00","Action":"output","Package":"github.com/deliri/primitive/v2026/requestbudget","Test":"TestGrantBindingFieldsAndMaximumCredits/foreign_key_cannot_mint_credits","Output":"=== PAUSE TestGrantBindingFieldsAndMaximumCredits/foreign_key_cannot_mint_credits\n","OutputType":"frame"}
{"Time":"2026-10-08T03:43:04.100347-04:00","Action":"pause","Package":"github.com/deliri/primitive/v2026/requestbudget","Test":"TestGrantBindingFieldsAndMaximumCredits/foreign_key_cannot_mint_credits"}
{"Time":"2026-10-08T03:43:04.100351-04:00","Action":"run","Package":"github.com/deliri/primitive/v2026/requestbudget","Test":"TestGrantBindingFieldsAndMaximumCredits/foreign_start_cannot_mint_credits"}
{"Time":"2026-10-08T03:43:04.100355-04:00","Action":"output","Package":"github.com/deliri/primitive/v2026/requestbudget","Test":"TestGrantBindingFieldsAndMaximumCredits/foreign_start_cannot_mint_credits","Output":"=== RUN   TestGrantBindingFieldsAndMaximumCredits/foreign_start_cannot_mint_credits\n","OutputType":"frame"}
{"Time":"2026-10-08T03:43:04.100365-04:00","Action":"output","Package":"github.com/deliri/primitive/v2026/requestbudget","Test":"TestGrantBindingFieldsAndMaximumCredits/foreign_start_cannot_mint_credits","Output":"=== PAUSE TestGrantBindingFieldsAndMaximumCredits/foreign_start_cannot_mint_credits\n","OutputType":"frame"}
{"Time":"2026-10-08T03:43:04.100369-04:00","Action":"pause","Package":"github.com/deliri/primitive/v2026/requestbudget","Test":"TestGrantBindingFieldsAndMaximumCredits/foreign_start_cannot_mint_credits"}
{"Time":"2026-10-08T03:43:04.100436-04:00","Action":"run","Package":"github.com/deliri/primitive/v2026/requestbudget","Test":"TestGrantBindingFieldsAndMaximumCredits/foreign_end_cannot_mint_credits"}
{"Time":"2026-10-08T03:43:04.10044-04:00","Action":"output","Package":"github.com/deliri/primitive/v2026/requestbudget","Test":"TestGrantBindingFieldsAndMaximumCredits/foreign_end_cannot_mint_credits","Output":"=== RUN   TestGrantBindingFieldsAndMaximumCredits/foreign_end_cannot_mint_credits\n","OutputType":"frame"}
{"Time":"2026-10-08T03:43:04.100451-04:00","Action":"output","Package":"github.com/deliri/primitive/v2026/requestbudget","Test":"TestGrantBindingFieldsAndMaximumCredits/foreign_end_cannot_mint_credits","Output":"=== PAUSE TestGrantBindingFieldsAndMaximumCredits/foreign_end_cannot_mint_credits\n","OutputType":"frame"}
{"Time":"2026-10-08T03:43:04.100456-04:00","Action":"pause","Package":"github.com/deliri/primitive/v2026/requestbudget","Test":"TestGrantBindingFieldsAndMaximumCredits/foreign_end_cannot_mint_credits"}
{"Time":"2026-10-08T03:43:04.10046-04:00","Action":"run","Package":"github.com/deliri/primitive/v2026/requestbudget","Test":"TestGrantBindingFieldsAndMaximumCredits/foreign_batch_cannot_mint_credits"}
{"Time":"2026-10-08T03:43:04.100464-04:00","Action":"output","Package":"github.com/deliri/primitive/v2026/requestbudget","Test":"TestGrantBindingFieldsAndMaximumCredits/foreign_batch_cannot_mint_credits","Output":"=== RUN   TestGrantBindingFieldsAndMaximumCredits/foreign_batch_cannot_mint_credits\n","OutputType":"frame"}
{"Time":"2026-10-08T03:43:04.100469-04:00","Action":"output","Package":"github.com/deliri/primitive/v2026/requestbudget","Test":"TestGrantBindingFieldsAndMaximumCredits/foreign_batch_cannot_mint_credits","Output":"=== PAUSE TestGrantBindingFieldsAndMaximumCredits/foreign_batch_cannot_mint_credits\n","OutputType":"frame"}
{"Time":"2026-10-08T03:43:04.100473-04:00","Action":"pause","Package":"github.com/deliri/primitive/v2026/requestbudget","Test":"TestGrantBindingFieldsAndMaximumCredits/foreign_batch_cannot_mint_credits"}
{"Time":"2026-10-08T03:43:04.100479-04:00","Action":"cont","Package":"github.com/deliri/primitive/v2026/requestbudget","Test":"TestWindowAdvanceRejectsLateGrantAndRollback"}
{"Time":"2026-10-08T03:43:04.100483-04:00","Action":"output","Package":"github.com/deliri/primitive/v2026/requestbudget","Test":"TestWindowAdvanceRejectsLateGrantAndRollback","Output":"=== CONT  TestWindowAdvanceRejectsLateGrantAndRollback\n","OutputType":"frame"}
{"Time":"2026-10-08T03:43:04.100488-04:00","Action":"output","Package":"github.com/deliri/primitive/v2026/requestbudget","Test":"TestWindowAdvanceRejectsLateGrantAndRollback","Output":"--- PASS: TestWindowAdvanceRejectsLateGrantAndRollback (0.00s)\n","OutputType":"frame"}
{"Time":"2026-10-08T03:43:04.100492-04:00","Action":"pass","Package":"github.com/deliri/primitive/v2026/requestbudget","Test":"TestWindowAdvanceRejectsLateGrantAndRollback","Elapsed":0}
{"Time":"2026-10-08T03:43:04.100496-04:00","Action":"run","Package":"github.com/deliri/primitive/v2026/requestbudget","Test":"TestContractBoundaryLayerTriad/unset_identity_refuses"}
{"Time":"2026-10-08T03:43:04.100499-04:00","Action":"output","Package":"github.com/deliri/primitive/v2026/requestbudget","Test":"TestContractBoundaryLayerTriad/unset_identity_refuses","Output":"=== RUN   TestContractBoundaryLayerTriad/unset_identity_refuses\n","OutputType":"frame"}
{"Time":"2026-10-08T03:43:04.100779-04:00","Action":"output","Package":"github.com/deliri/primitive/v2026/requestbudget","Test":"TestContractBoundaryLayerTriad/unset_identity_refuses","Output":"=== PAUSE TestContractBoundaryLayerTriad/unset_identity_refuses\n","OutputType":"frame"}
{"Time":"2026-10-08T03:43:04.100819-04:00","Action":"pause","Package":"github.com/deliri/primitive/v2026/requestbudget","Test":"TestContractBoundaryLayerTriad/unset_identity_refuses"}
{"Time":"2026-10-08T03:43:04.100827-04:00","Action":"run","Package":"github.com/deliri/primitive/v2026/requestbudget","Test":"TestContractBoundaryLayerTriad/unset_start_refuses"}
{"Time":"2026-10-08T03:43:04.100833-04:00","Action":"output","Package":"github.com/deliri/primitive/v2026/requestbudget","Test":"TestContractBoundaryLayerTriad/unset_start_refuses","Output":"=== RUN   TestContractBoundaryLayerTriad/unset_start_refuses\n","OutputType":"frame"}
{"Time":"2026-10-08T03:43:04.100839-04:00","Action":"output","Package":"github.com/deliri/primitive/v2026/requestbudget","Test":"TestContractBoundaryLayerTriad/unset_start_refuses","Output":"=== PAUSE TestContractBoundaryLayerTriad/unset_start_refuses\n","OutputType":"frame"}
{"Time":"2026-10-08T03:43:04.100854-04:00","Action":"pause","Package":"github.com/deliri/primitive/v2026/requestbudget","Test":"TestContractBoundaryLayerTriad/unset_start_refuses"}
{"Time":"2026-10-08T03:43:04.100859-04:00","Action":"run","Package":"github.com/deliri/primitive/v2026/requestbudget","Test":"TestContractBoundaryLayerTriad/unset_end_refuses"}
{"Time":"2026-10-08T03:43:04.100864-04:00","Action":"output","Package":"github.com/deliri/primitive/v2026/requestbudget","Test":"TestContractBoundaryLayerTriad/unset_end_refuses","Output":"=== RUN   TestContractBoundaryLayerTriad/unset_end_refuses\n","OutputType":"frame"}
{"Time":"2026-10-08T03:43:04.100869-04:00","Action":"output","Package":"github.com/deliri/primitive/v2026/requestbudget","Test":"TestContractBoundaryLayerTriad/unset_end_refuses","Output":"=== PAUSE TestContractBoundaryLayerTriad/unset_end_refuses\n","OutputType":"frame"}
{"Time":"2026-10-08T03:43:04.100873-04:00","Action":"pause","Package":"github.com/deliri/primitive/v2026/requestbudget","Test":"TestContractBoundaryLayerTriad/unset_end_refuses"}
{"Time":"2026-10-08T03:43:04.100877-04:00","Action":"run","Package":"github.com/deliri/primitive/v2026/requestbudget","Test":"TestContractBoundaryLayerTriad/equal_interval_bounds_refuse"}
{"Time":"2026-10-08T03:43:04.100903-04:00","Action":"output","Package":"github.com/deliri/primitive/v2026/requestbudget","Test":"TestContractBoundaryLayerTriad/equal_interval_bounds_refuse","Output":"=== RUN   TestContractBoundaryLayerTriad/equal_interval_bounds_refuse\n","OutputType":"frame"}
{"Time":"2026-10-08T03:43:04.100911-04:00","Action":"output","Package":"github.com/deliri/primitive/v2026/requestbudget","Test":"TestContractBoundaryLayerTriad/equal_interval_bounds_refuse","Output":"=== PAUSE TestContractBoundaryLayerTriad/equal_interval_bounds_refuse\n","OutputType":"frame"}
{"Time":"2026-10-08T03:43:04.100914-04:00","Action":"pause","Package":"github.com/deliri/primitive/v2026/requestbudget","Test":"TestContractBoundaryLayerTriad/equal_interval_bounds_refuse"}
{"Time":"2026-10-08T03:43:04.100918-04:00","Action":"run","Package":"github.com/deliri/primitive/v2026/requestbudget","Test":"TestContractBoundaryLayerTriad/reversed_interval_bounds_refuse"}
{"Time":"2026-10-08T03:43:04.100922-04:00","Action":"output","Package":"github.com/deliri/primitive/v2026/requestbudget","Test":"TestContractBoundaryLayerTriad/reversed_interval_bounds_refuse","Output":"=== RUN   TestContractBoundaryLayerTriad/reversed_interval_bounds_refuse\n","OutputType":"frame"}
{"Time":"2026-10-08T03:43:04.100926-04:00","Action":"output","Package":"github.com/deliri/primitive/v2026/requestbudget","Test":"TestContractBoundaryLayerTriad/reversed_interval_bounds_refuse","Output":"=== PAUSE TestContractBoundaryLayerTriad/reversed_interval_bounds_refuse\n","OutputType":"frame"}
{"Time":"2026-10-08T03:43:04.10093-04:00","Action":"pause","Package":"github.com/deliri/primitive/v2026/requestbudget","Test":"TestContractBoundaryLayerTriad/reversed_interval_bounds_refuse"}
{"Time":"2026-10-08T03:43:04.100934-04:00","Action":"run","Package":"github.com/deliri/primitive/v2026/requestbudget","Test":"TestContractBoundaryLayerTriad/unset_observation_refuses"}
{"Time":"2026-10-08T03:43:04.100937-04:00","Action":"output","Package":"github.com/deliri/primitive/v2026/requestbudget","Test":"TestContractBoundaryLayerTriad/unset_observation_refuses","Output":"=== RUN   TestContractBoundaryLayerTriad/unset_observation_refuses\n","OutputType":"frame"}
{"Time":"2026-10-08T03:43:04.100942-04:00","Action":"output","Package":"github.com/deliri/primitive/v2026/requestbudget","Test":"TestContractBoundaryLayerTriad/unset_observation_refuses","Output":"=== PAUSE TestContractBoundaryLayerTriad/unset_observation_refuses\n","OutputType":"frame"}
{"Time":"2026-10-08T03:43:04.100945-04:00","Action":"pause","Package":"github.com/deliri/primitive/v2026/requestbudget","Test":"TestContractBoundaryLayerTriad/unset_observation_refuses"}
{"Time":"2026-10-08T03:43:04.100955-04:00","Action":"run","Package":"github.com/deliri/primitive/v2026/requestbudget","Test":"TestContractBoundaryLayerTriad/zero_batch_refuses"}
{"Time":"2026-10-08T03:43:04.100959-04:00","Action":"output","Package":"github.com/deliri/primitive/v2026/requestbudget","Test":"TestContractBoundaryLayerTriad/zero_batch_refuses","Output":"=== RUN   TestContractBoundaryLayerTriad/zero_batch_refuses\n","OutputType":"frame"}
{"Time":"2026-10-08T03:43:04.100963-04:00","Action":"output","Package":"github.com/deliri/primitive/v2026/requestbudget","Test":"TestContractBoundaryLayerTriad/zero_batch_refuses","Output":"=== PAUSE TestContractBoundaryLayerTriad/zero_batch_refuses\n","OutputType":"frame"}
{"Time":"2026-10-08T03:43:04.100966-04:00","Action":"pause","Package":"github.com/deliri/primitive/v2026/requestbudget","Test":"TestContractBoundaryLayerTriad/zero_batch_refuses"}
{"Time":"2026-10-08T03:43:04.10097-04:00","Action":"run","Package":"github.com/deliri/primitive/v2026/requestbudget","Test":"TestContractBoundaryLayerTriad/maximum_batch_is_representable"}
{"Time":"2026-10-08T03:43:04.100973-04:00","Action":"output","Package":"github.com/deliri/primitive/v2026/requestbudget","Test":"TestContractBoundaryLayerTriad/maximum_batch_is_representable","Output":"=== RUN   TestContractBoundaryLayerTriad/maximum_batch_is_representable\n","OutputType":"frame"}
{"Time":"2026-10-08T03:43:04.100977-04:00","Action":"output","Package":"github.com/deliri/primitive/v2026/requestbudget","Test":"TestContractBoundaryLayerTriad/maximum_batch_is_representable","Output":"=== PAUSE TestContractBoundaryLayerTriad/maximum_batch_is_representable\n","OutputType":"frame"}
{"Time":"2026-10-08T03:43:04.100981-04:00","Action":"pause","Package":"github.com/deliri/primitive/v2026/requestbudget","Test":"TestContractBoundaryLayerTriad/maximum_batch_is_representable"}
{"Time":"2026-10-08T03:43:04.100984-04:00","Action":"run","Package":"github.com/deliri/primitive/v2026/requestbudget","Test":"TestContractBoundaryLayerTriad/minimum_signed_instant_stays_valid"}
{"Time":"2026-10-08T03:43:04.100988-04:00","Action":"output","Package":"github.com/deliri/primitive/v2026/requestbudget","Test":"TestContractBoundaryLayerTriad/minimum_signed_instant_stays_valid","Output":"=== RUN   TestContractBoundaryLayerTriad/minimum_signed_instant_stays_valid\n","OutputType":"frame"}
{"Time":"2026-10-08T03:43:04.100992-04:00","Action":"output","Package":"github.com/deliri/primitive/v2026/requestbudget","Test":"TestContractBoundaryLayerTriad/minimum_signed_instant_stays_valid","Output":"=== PAUSE TestContractBoundaryLayerTriad/minimum_signed_instant_stays_valid\n","OutputType":"frame"}
{"Time":"2026-10-08T03:43:04.100995-04:00","Action":"pause","Package":"github.com/deliri/primitive/v2026/requestbudget","Test":"TestContractBoundaryLayerTriad/minimum_signed_instant_stays_valid"}
{"Time":"2026-10-08T03:43:04.100999-04:00","Action":"run","Package":"github.com/deliri/primitive/v2026/requestbudget","Test":"TestContractBoundaryLayerTriad/maximum_signed_end_stays_valid"}
{"Time":"2026-10-08T03:43:04.101002-04:00","Action":"output","Package":"github.com/deliri/primitive/v2026/requestbudget","Test":"TestContractBoundaryLayerTriad/maximum_signed_end_stays_valid","Output":"=== RUN   TestContractBoundaryLayerTriad/maximum_signed_end_stays_valid\n","OutputType":"frame"}
{"Time":"2026-10-08T03:43:04.101006-04:00","Action":"output","Package":"github.com/deliri/primitive/v2026/requestbudget","Test":"TestContractBoundaryLayerTriad/maximum_signed_end_stays_valid","Output":"=== PAUSE TestContractBoundaryLayerTriad/maximum_signed_end_stays_valid\n","OutputType":"frame"}
{"Time":"2026-10-08T03:43:04.10101-04:00","Action":"pause","Package":"github.com/deliri/primitive/v2026/requestbudget","Test":"TestContractBoundaryLayerTriad/maximum_signed_end_stays_valid"}
{"Time":"2026-10-08T03:43:04.101013-04:00","Action":"run","Package":"github.com/deliri/primitive/v2026/requestbudget","Test":"TestCapacityWindowLayerTriad/one_below_window_end_keeps_exhaustion"}
{"Time":"2026-10-08T03:43:04.10102-04:00","Action":"output","Package":"github.com/deliri/primitive/v2026/requestbudget","Test":"TestCapacityWindowLayerTriad/one_below_window_end_keeps_exhaustion","Output":"=== RUN   TestCapacityWindowLayerTriad/one_below_window_end_keeps_exhaustion\n","OutputType":"frame"}
{"Time":"2026-10-08T03:43:04.101025-04:00","Action":"output","Package":"github.com/deliri/primitive/v2026/requestbudget","Test":"TestCapacityWindowLayerTriad/one_below_window_end_keeps_exhaustion","Output":"=== PAUSE TestCapacityWindowLayerTriad/one_below_window_end_keeps_exhaustion\n","OutputType":"frame"}
{"Time":"2026-10-08T03:43:04.101028-04:00","Action":"pause","Package":"github.com/deliri/primitive/v2026/requestbudget","Test":"TestCapacityWindowLayerTriad/one_below_window_end_keeps_exhaustion"}
{"Time":"2026-10-08T03:43:04.101032-04:00","Action":"run","Package":"github.com/deliri/primitive/v2026/requestbudget","Test":"TestCapacityWindowLayerTriad/exact_window_end_refuses_observation"}
{"Time":"2026-10-08T03:43:04.101035-04:00","Action":"output","Package":"github.com/deliri/primitive/v2026/requestbudget","Test":"TestCapacityWindowLayerTriad/exact_window_end_refuses_observation","Output":"=== RUN   TestCapacityWindowLayerTriad/exact_window_end_refuses_observation\n","OutputType":"frame"}
{"Time":"2026-10-08T03:43:04.101039-04:00","Action":"output","Package":"github.com/deliri/primitive/v2026/requestbudget","Test":"TestCapacityWindowLayerTriad/exact_window_end_refuses_observation","Output":"=== PAUSE TestCapacityWindowLayerTriad/exact_window_end_refuses_observation\n","OutputType":"frame"}
{"Time":"2026-10-08T03:43:04.101042-04:00","Action":"pause","Package":"github.com/deliri/primitive/v2026/requestbudget","Test":"TestCapacityWindowLayerTriad/exact_window_end_refuses_observation"}
{"Time":"2026-10-08T03:43:04.101046-04:00","Action":"run","Package":"github.com/deliri/primitive/v2026/requestbudget","Test":"TestCapacityWindowLayerTriad/one_above_window_end_refuses_observation"}
{"Time":"2026-10-08T03:43:04.101049-04:00","Action":"output","Package":"github.com/deliri/primitive/v2026/requestbudget","Test":"TestCapacityWindowLayerTriad/one_above_window_end_refuses_observation","Output":"=== RUN   TestCapacityWindowLayerTriad/one_above_window_end_refuses_observation\n","OutputType":"frame"}
{"Time":"2026-10-08T03:43:04.101054-04:00","Action":"cont","Package":"github.com/deliri/primitive/v2026/requestbudget","Test":"TestContractBoundaryLayerTriad/exact_start_is_inside"}
{"Time":"2026-10-08T03:43:04.101057-04:00","Action":"output","Package":"github.com/deliri/primitive/v2026/requestbudget","Test":"TestContractBoundaryLayerTriad/exact_start_is_inside","Output":"=== CONT  TestContractBoundaryLayerTriad/exact_start_is_inside\n","OutputType":"frame"}
{"Time":"2026-10-08T03:43:04.101062-04:00","Action":"output","Package":"github.com/deliri/primitive/v2026/requestbudget","Test":"TestCapacityWindowLayerTriad/one_above_window_end_refuses_observation","Output":"=== PAUSE TestCapacityWindowLayerTriad/one_above_window_end_refuses_observation\n","OutputType":"frame"}
{"Time":"2026-10-08T03:43:04.101066-04:00","Action":"pause","Package":"github.com/deliri/primitive/v2026/requestbudget","Test":"TestCapacityWindowLayerTriad/one_above_window_end_refuses_observation"}
{"Time":"2026-10-08T03:43:04.101071-04:00","Action":"output","Package":"github.com/deliri/primitive/v2026/requestbudget","Test":"TestContractBoundaryLayerTriad/exact_start_is_inside","Output":"--- PASS: TestContractBoundaryLayerTriad/exact_start_is_inside (0.00s)\n","OutputType":"frame"}
{"Time":"2026-10-08T03:43:04.101075-04:00","Action":"pass","Package":"github.com/deliri/primitive/v2026/requestbudget","Test":"TestContractBoundaryLayerTriad/exact_start_is_inside","Elapsed":0}
{"Time":"2026-10-08T03:43:04.101079-04:00","Action":"cont","Package":"github.com/deliri/primitive/v2026/requestbudget","Test":"TestContractBoundaryLayerTriad/reversed_interval_bounds_refuse"}
{"Time":"2026-10-08T03:43:04.101082-04:00","Action":"output","Package":"github.com/deliri/primitive/v2026/requestbudget","Test":"TestContractBoundaryLayerTriad/reversed_interval_bounds_refuse","Output":"=== CONT  TestContractBoundaryLayerTriad/reversed_interval_bounds_refuse\n","OutputType":"frame"}
{"Time":"2026-10-08T03:43:04.101089-04:00","Action":"cont","Package":"github.com/deliri/primitive/v2026/requestbudget","Test":"TestContractBoundaryLayerTriad/unset_start_refuses"}
{"Time":"2026-10-08T03:43:04.101092-04:00","Action":"output","Package":"github.com/deliri/primitive/v2026/requestbudget","Test":"TestContractBoundaryLayerTriad/unset_start_refuses","Output":"=== CONT  TestContractBoundaryLayerTriad/unset_start_refuses\n","OutputType":"frame"}
{"Time":"2026-10-08T03:43:04.101097-04:00","Action":"output","Package":"github.com/deliri/primitive/v2026/requestbudget","Test":"TestContractBoundaryLayerTriad/reversed_interval_bounds_refuse","Output":"--- PASS: TestContractBoundaryLayerTriad/reversed_interval_bounds_refuse (0.00s)\n","OutputType":"frame"}
{"Time":"2026-10-08T03:43:04.1011-04:00","Action":"pass","Package":"github.com/deliri/primitive/v2026/requestbudget","Test":"TestContractBoundaryLayerTriad/reversed_interval_bounds_refuse","Elapsed":0}
{"Time":"2026-10-08T03:43:04.101104-04:00","Action":"cont","Package":"github.com/deliri/primitive/v2026/requestbudget","Test":"TestContractBoundaryLayerTriad/equal_interval_bounds_refuse"}
{"Time":"2026-10-08T03:43:04.101107-04:00","Action":"output","Package":"github.com/deliri/primitive/v2026/requestbudget","Test":"TestContractBoundaryLayerTriad/equal_interval_bounds_refuse","Output":"=== CONT  TestContractBoundaryLayerTriad/equal_interval_bounds_refuse\n","OutputType":"frame"}
{"Time":"2026-10-08T03:43:04.101111-04:00","Action":"output","Package":"github.com/deliri/primitive/v2026/requestbudget","Test":"TestContractBoundaryLayerTriad/equal_interval_bounds_refuse","Output":"--- PASS: TestContractBoundaryLayerTriad/equal_interval_bounds_refuse (0.00s)\n","OutputType":"frame"}
{"Time":"2026-10-08T03:43:04.101115-04:00","Action":"pass","Package":"github.com/deliri/primitive/v2026/requestbudget","Test":"TestContractBoundaryLayerTriad/equal_interval_bounds_refuse","Elapsed":0}
{"Time":"2026-10-08T03:43:04.101118-04:00","Action":"cont","Package":"github.com/deliri/primitive/v2026/requestbudget","Test":"TestPendingWindowRolloverAndDeadline"}
{"Time":"2026-10-08T03:43:04.101121-04:00","Action":"output","Package":"github.com/deliri/primitive/v2026/requestbudget","Test":"TestPendingWindowRolloverAndDeadline","Output":"=== CONT  TestPendingWindowRolloverAndDeadline\n","OutputType":"frame"}
{"Time":"2026-10-08T03:43:04.101125-04:00","Action":"cont","Package":"github.com/deliri/primitive/v2026/requestbudget","Test":"TestContractBoundaryLayerTriad/maximum_signed_end_stays_valid"}
{"Time":"2026-10-08T03:43:04.101128-04:00","Action":"output","Package":"github.com/deliri/primitive/v2026/requestbudget","Test":"TestContractBoundaryLayerTriad/maximum_signed_end_stays_valid","Output":"=== CONT  TestContractBoundaryLayerTriad/maximum_signed_end_stays_valid\n","OutputType":"frame"}
{"Time":"2026-10-08T03:43:04.101132-04:00","Action":"output","Package":"github.com/deliri/primitive/v2026/requestbudget","Test":"TestContractBoundaryLayerTriad/maximum_signed_end_stays_valid","Output":"--- PASS: TestContractBoundaryLayerTriad/maximum_signed_end_stays_valid (0.00s)\n","OutputType":"frame"}
{"Time":"2026-10-08T03:43:04.101136-04:00","Action":"pass","Package":"github.com/deliri/primitive/v2026/requestbudget","Test":"TestContractBoundaryLayerTriad/maximum_signed_end_stays_valid","Elapsed":0}
{"Time":"2026-10-08T03:43:04.101139-04:00","Action":"cont","Package":"github.com/deliri/primitive/v2026/requestbudget","Test":"TestContractBoundaryLayerTriad/minimum_signed_instant_stays_valid"}
{"Time":"2026-10-08T03:43:04.101142-04:00","Action":"output","Package":"github.com/deliri/primitive/v2026/requestbudget","Test":"TestContractBoundaryLayerTriad/minimum_signed_instant_stays_valid","Output":"=== CONT  TestContractBoundaryLayerTriad/minimum_signed_instant_stays_valid\n","OutputType":"frame"}
{"Time":"2026-10-08T03:43:04.10115-04:00","Action":"output","Package":"github.com/deliri/primitive/v2026/requestbudget","Test":"TestContractBoundaryLayerTriad/minimum_signed_instant_stays_valid","Output":"--- PASS: TestContractBoundaryLayerTriad/minimum_signed_instant_stays_valid (0.00s)\n","OutputType":"frame"}
{"Time":"2026-10-08T03:43:04.101154-04:00","Action":"pass","Package":"github.com/deliri/primitive/v2026/requestbudget","Test":"TestContractBoundaryLayerTriad/minimum_signed_instant_stays_valid","Elapsed":0}
{"Time":"2026-10-08T03:43:04.101157-04:00","Action":"cont","Package":"github.com/deliri/primitive/v2026/requestbudget","Test":"TestContractBoundaryLayerTriad/maximum_batch_is_representable"}
{"Time":"2026-10-08T03:43:04.101161-04:00","Action":"output","Package":"github.com/deliri/primitive/v2026/requestbudget","Test":"TestContractBoundaryLayerTriad/maximum_batch_is_representable","Output":"=== CONT  TestContractBoundaryLayerTriad/maximum_batch_is_representable\n","OutputType":"frame"}
{"Time":"2026-10-08T03:43:04.101165-04:00","Action":"output","Package":"github.com/deliri/primitive/v2026/requestbudget","Test":"TestContractBoundaryLayerTriad/maximum_batch_is_representable","Output":"--- PASS: TestContractBoundaryLayerTriad/maximum_batch_is_representable (0.00s)\n","OutputType":"frame"}
{"Time":"2026-10-08T03:43:04.101168-04:00","Action":"pass","Package":"github.com/deliri/primitive/v2026/requestbudget","Test":"TestContractBoundaryLayerTriad/maximum_batch_is_representable","Elapsed":0}
{"Time":"2026-10-08T03:43:04.101172-04:00","Action":"cont","Package":"github.com/deliri/primitive/v2026/requestbudget","Test":"TestContractBoundaryLayerTriad/zero_batch_refuses"}
{"Time":"2026-10-08T03:43:04.101175-04:00","Action":"output","Package":"github.com/deliri/primitive/v2026/requestbudget","Test":"TestContractBoundaryLayerTriad/zero_batch_refuses","Output":"=== CONT  TestContractBoundaryLayerTriad/zero_batch_refuses\n","OutputType":"frame"}
{"Time":"2026-10-08T03:43:04.101179-04:00","Action":"output","Package":"github.com/deliri/primitive/v2026/requestbudget","Test":"TestContractBoundaryLayerTriad/zero_batch_refuses","Output":"--- PASS: TestContractBoundaryLayerTriad/zero_batch_refuses (0.00s)\n","OutputType":"frame"}
{"Time":"2026-10-08T03:43:04.101183-04:00","Action":"pass","Package":"github.com/deliri/primitive/v2026/requestbudget","Test":"TestContractBoundaryLayerTriad/zero_batch_refuses","Elapsed":0}
{"Time":"2026-10-08T03:43:04.101187-04:00","Action":"cont","Package":"github.com/deliri/primitive/v2026/requestbudget","Test":"TestContractBoundaryLayerTriad/unset_observation_refuses"}
{"Time":"2026-10-08T03:43:04.10119-04:00","Action":"output","Package":"github.com/deliri/primitive/v2026/requestbudget","Test":"TestContractBoundaryLayerTriad/unset_observation_refuses","Output":"=== CONT  TestContractBoundaryLayerTriad/unset_observation_refuses\n","OutputType":"frame"}
{"Time":"2026-10-08T03:43:04.101194-04:00","Action":"output","Package":"github.com/deliri/primitive/v2026/requestbudget","Test":"TestContractBoundaryLayerTriad/unset_observation_refuses","Output":"--- PASS: TestContractBoundaryLayerTriad/unset_observation_refuses (0.00s)\n","OutputType":"frame"}
{"Time":"2026-10-08T03:43:04.101198-04:00","Action":"pass","Package":"github.com/deliri/primitive/v2026/requestbudget","Test":"TestContractBoundaryLayerTriad/unset_observation_refuses","Elapsed":0}
{"Time":"2026-10-08T03:43:04.101201-04:00","Action":"cont","Package":"github.com/deliri/primitive/v2026/requestbudget","Test":"TestProductionDataFlowInventoryAndBoundedOwnership"}
{"Time":"2026-10-08T03:43:04.101204-04:00","Action":"output","Package":"github.com/deliri/primitive/v2026/requestbudget","Test":"TestProductionDataFlowInventoryAndBoundedOwnership","Output":"=== CONT  TestProductionDataFlowInventoryAndBoundedOwnership\n","OutputType":"frame"}
{"Time":"2026-10-08T03:43:04.101217-04:00","Action":"output","Package":"github.com/deliri/primitive/v2026/requestbudget","Test":"TestContractBoundaryLayerTriad/unset_start_refuses","Output":"--- PASS: TestContractBoundaryLayerTriad/unset_start_refuses (0.00s)\n","OutputType":"frame"}
{"Time":"2026-10-08T03:43:04.101227-04:00","Action":"pass","Package":"github.com/deliri/primitive/v2026/requestbudget","Test":"TestContractBoundaryLayerTriad/unset_start_refuses","Elapsed":0}
{"Time":"2026-10-08T03:43:04.10123-04:00","Action":"cont","Package":"github.com/deliri/primitive/v2026/requestbudget","Test":"TestContractBoundaryLayerTriad/unset_identity_refuses"}
{"Time":"2026-10-08T03:43:04.101234-04:00","Action":"output","Package":"github.com/deliri/primitive/v2026/requestbudget","Test":"TestContractBoundaryLayerTriad/unset_identity_refuses","Output":"=== CONT  TestContractBoundaryLayerTriad/unset_identity_refuses\n","OutputType":"frame"}
{"Time":"2026-10-08T03:43:04.101238-04:00","Action":"output","Package":"github.com/deliri/primitive/v2026/requestbudget","Test":"TestContractBoundaryLayerTriad/unset_identity_refuses","Output":"--- PASS: TestContractBoundaryLayerTriad/unset_identity_refuses (0.00s)\n","OutputType":"frame"}
{"Time":"2026-10-08T03:43:04.101242-04:00","Action":"pass","Package":"github.com/deliri/primitive/v2026/requestbudget","Test":"TestContractBoundaryLayerTriad/unset_identity_refuses","Elapsed":0}
{"Time":"2026-10-08T03:43:04.101245-04:00","Action":"cont","Package":"github.com/deliri/primitive/v2026/requestbudget","Test":"TestContractBoundaryLayerTriad/last_nanosecond_is_inside"}
{"Time":"2026-10-08T03:43:04.101248-04:00","Action":"output","Package":"github.com/deliri/primitive/v2026/requestbudget","Test":"TestContractBoundaryLayerTriad/last_nanosecond_is_inside","Output":"=== CONT  TestContractBoundaryLayerTriad/last_nanosecond_is_inside\n","OutputType":"frame"}
{"Time":"2026-10-08T03:43:04.101253-04:00","Action":"output","Package":"github.com/deliri/primitive/v2026/requestbudget","Test":"TestContractBoundaryLayerTriad/last_nanosecond_is_inside","Output":"--- PASS: TestContractBoundaryLayerTriad/last_nanosecond_is_inside (0.00s)\n","OutputType":"frame"}
{"Time":"2026-10-08T03:43:04.101263-04:00","Action":"pass","Package":"github.com/deliri/primitive/v2026/requestbudget","Test":"TestContractBoundaryLayerTriad/last_nanosecond_is_inside","Elapsed":0}
{"Time":"2026-10-08T03:43:04.101267-04:00","Action":"run","Package":"github.com/deliri/primitive/v2026/requestbudget","Test":"TestCapacityWindowLayerTriad/one_below_start_refuses_observation"}
{"Time":"2026-10-08T03:43:04.101271-04:00","Action":"output","Package":"github.com/deliri/primitive/v2026/requestbudget","Test":"TestCapacityWindowLayerTriad/one_below_start_refuses_observation","Output":"=== RUN   TestCapacityWindowLayerTriad/one_below_start_refuses_observation\n","OutputType":"frame"}
{"Time":"2026-10-08T03:43:04.101275-04:00","Action":"output","Package":"github.com/deliri/primitive/v2026/requestbudget","Test":"TestCapacityWindowLayerTriad/one_below_start_refuses_observation","Output":"=== PAUSE TestCapacityWindowLayerTriad/one_below_start_refuses_observation\n","OutputType":"frame"}
{"Time":"2026-10-08T03:43:04.101279-04:00","Action":"pause","Package":"github.com/deliri/primitive/v2026/requestbudget","Test":"TestCapacityWindowLayerTriad/one_below_start_refuses_observation"}
{"Time":"2026-10-08T03:43:04.101282-04:00","Action":"cont","Package":"github.com/deliri/primitive/v2026/requestbudget","Test":"TestCapacityWindowLayerTriad/cached_exhaustion_never_re-reserves"}
{"Time":"2026-10-08T03:43:04.101286-04:00","Action":"output","Package":"github.com/deliri/primitive/v2026/requestbudget","Test":"TestCapacityWindowLayerTriad/cached_exhaustion_never_re-reserves","Output":"=== CONT  TestCapacityWindowLayerTriad/cached_exhaustion_never_re-reserves\n","OutputType":"frame"}
{"Time":"2026-10-08T03:43:04.10129-04:00","Action":"output","Package":"github.com/deliri/primitive/v2026/requestbudget","Test":"TestCapacityWindowLayerTriad/cached_exhaustion_never_re-reserves","Output":"--- PASS: TestCapacityWindowLayerTriad/cached_exhaustion_never_re-reserves (0.00s)\n","OutputType":"frame"}
{"Time":"2026-10-08T03:43:04.101293-04:00","Action":"pass","Package":"github.com/deliri/primitive/v2026/requestbudget","Test":"TestCapacityWindowLayerTriad/cached_exhaustion_never_re-reserves","Elapsed":0}
{"Time":"2026-10-08T03:43:04.1013-04:00","Action":"cont","Package":"github.com/deliri/primitive/v2026/requestbudget","Test":"TestCapacityWindowLayerTriad/one_below_start_refuses_observation"}
{"Time":"2026-10-08T03:43:04.101304-04:00","Action":"output","Package":"github.com/deliri/primitive/v2026/requestbudget","Test":"TestCapacityWindowLayerTriad/one_below_start_refuses_observation","Output":"=== CONT  TestCapacityWindowLayerTriad/one_below_start_refuses_observation\n","OutputType":"frame"}
{"Time":"2026-10-08T03:43:04.101308-04:00","Action":"output","Package":"github.com/deliri/primitive/v2026/requestbudget","Test":"TestPendingWindowRolloverAndDeadline","Output":"--- PASS: TestPendingWindowRolloverAndDeadline (0.00s)\n","OutputType":"frame"}
{"Time":"2026-10-08T03:43:04.101312-04:00","Action":"pass","Package":"github.com/deliri/primitive/v2026/requestbudget","Test":"TestPendingWindowRolloverAndDeadline","Elapsed":0}
{"Time":"2026-10-08T03:43:04.101316-04:00","Action":"output","Package":"github.com/deliri/primitive/v2026/requestbudget","Test":"TestCapacityWindowLayerTriad/one_below_start_refuses_observation","Output":"--- PASS: TestCapacityWindowLayerTriad/one_below_start_refuses_observation (0.00s)\n","OutputType":"frame"}
{"Time":"2026-10-08T03:43:04.101319-04:00","Action":"pass","Package":"github.com/deliri/primitive/v2026/requestbudget","Test":"TestCapacityWindowLayerTriad/one_below_start_refuses_observation","Elapsed":0}
{"Time":"2026-10-08T03:43:04.101322-04:00","Action":"cont","Package":"github.com/deliri/primitive/v2026/requestbudget","Test":"TestCapacityWindowLayerTriad/one_above_window_end_refuses_observation"}
{"Time":"2026-10-08T03:43:04.101326-04:00","Action":"output","Package":"github.com/deliri/primitive/v2026/requestbudget","Test":"TestCapacityWindowLayerTriad/one_above_window_end_refuses_observation","Output":"=== CONT  TestCapacityWindowLayerTriad/one_above_window_end_refuses_observation\n","OutputType":"frame"}
{"Time":"2026-10-08T03:43:04.10133-04:00","Action":"cont","Package":"github.com/deliri/primitive/v2026/requestbudget","Test":"TestContractBoundaryLayerTriad/unset_end_refuses"}
{"Time":"2026-10-08T03:43:04.101333-04:00","Action":"output","Package":"github.com/deliri/primitive/v2026/requestbudget","Test":"TestContractBoundaryLayerTriad/unset_end_refuses","Output":"=== CONT  TestContractBoundaryLayerTriad/unset_end_refuses\n","OutputType":"frame"}
{"Time":"2026-10-08T03:43:04.101337-04:00","Action":"cont","Package":"github.com/deliri/primitive/v2026/requestbudget","Test":"TestCapacityWindowLayerTriad/changed_batch_refuses_binding"}
{"Time":"2026-10-08T03:43:04.10134-04:00","Action":"output","Package":"github.com/deliri/primitive/v2026/requestbudget","Test":"TestCapacityWindowLayerTriad/changed_batch_refuses_binding","Output":"=== CONT  TestCapacityWindowLayerTriad/changed_batch_refuses_binding\n","OutputType":"frame"}
{"Time":"2026-10-08T03:43:04.101344-04:00","Action":"cont","Package":"github.com/deliri/primitive/v2026/requestbudget","Test":"TestCapacityWindowLayerTriad/different_live_key_refuses_capacity"}
{"Time":"2026-10-08T03:43:04.101347-04:00","Action":"output","Package":"github.com/deliri/primitive/v2026/requestbudget","Test":"TestCapacityWindowLayerTriad/different_live_key_refuses_capacity","Output":"=== CONT  TestCapacityWindowLayerTriad/different_live_key_refuses_capacity\n","OutputType":"frame"}
{"Time":"2026-10-08T03:43:04.101351-04:00","Action":"cont","Package":"github.com/deliri/primitive/v2026/requestbudget","Test":"TestCapacityWindowLayerTriad/one_below_window_end_keeps_exhaustion"}
{"Time":"2026-10-08T03:43:04.101354-04:00","Action":"output","Package":"github.com/deliri/primitive/v2026/requestbudget","Test":"TestCapacityWindowLayerTriad/one_below_window_end_keeps_exhaustion","Output":"=== CONT  TestCapacityWindowLayerTriad/one_below_window_end_keeps_exhaustion\n","OutputType":"frame"}
{"Time":"2026-10-08T03:43:04.101358-04:00","Action":"cont","Package":"github.com/deliri/primitive/v2026/requestbudget","Test":"TestCapacityWindowLayerTriad/expired_slot_admits_different_key"}
{"Time":"2026-10-08T03:43:04.101365-04:00","Action":"output","Package":"github.com/deliri/primitive/v2026/requestbudget","Test":"TestCapacityWindowLayerTriad/expired_slot_admits_different_key","Output":"=== CONT  TestCapacityWindowLayerTriad/expired_slot_admits_different_key\n","OutputType":"frame"}
{"Time":"2026-10-08T03:43:04.101369-04:00","Action":"output","Package":"github.com/deliri/primitive/v2026/requestbudget","Test":"TestContractBoundaryLayerTriad/unset_end_refuses","Output":"--- PASS: TestContractBoundaryLayerTriad/unset_end_refuses (0.00s)\n","OutputType":"frame"}
{"Time":"2026-10-08T03:43:04.101373-04:00","Action":"pass","Package":"github.com/deliri/primitive/v2026/requestbudget","Test":"TestContractBoundaryLayerTriad/unset_end_refuses","Elapsed":0}
{"Time":"2026-10-08T03:43:04.101379-04:00","Action":"output","Package":"github.com/deliri/primitive/v2026/requestbudget","Test":"TestContractBoundaryLayerTriad","Output":"--- PASS: TestContractBoundaryLayerTriad (0.00s)\n","OutputType":"frame"}
{"Time":"2026-10-08T03:43:04.101383-04:00","Action":"pass","Package":"github.com/deliri/primitive/v2026/requestbudget","Test":"TestContractBoundaryLayerTriad","Elapsed":0}
{"Time":"2026-10-08T03:43:04.101387-04:00","Action":"cont","Package":"github.com/deliri/primitive/v2026/requestbudget","Test":"TestCapacityWindowLayerTriad/overlapping_window_refuses_binding"}
{"Time":"2026-10-08T03:43:04.10139-04:00","Action":"output","Package":"github.com/deliri/primitive/v2026/requestbudget","Test":"TestCapacityWindowLayerTriad/overlapping_window_refuses_binding","Output":"=== CONT  TestCapacityWindowLayerTriad/overlapping_window_refuses_binding\n","OutputType":"frame"}
{"Time":"2026-10-08T03:43:04.101395-04:00","Action":"output","Package":"github.com/deliri/primitive/v2026/requestbudget","Test":"TestCapacityWindowLayerTriad/one_above_window_end_refuses_observation","Output":"--- PASS: TestCapacityWindowLayerTriad/one_above_window_end_refuses_observation (0.00s)\n","OutputType":"frame"}
{"Time":"2026-10-08T03:43:04.101399-04:00","Action":"pass","Package":"github.com/deliri/primitive/v2026/requestbudget","Test":"TestCapacityWindowLayerTriad/one_above_window_end_refuses_observation","Elapsed":0}
{"Time":"2026-10-08T03:43:04.101406-04:00","Action":"output","Package":"github.com/deliri/primitive/v2026/requestbudget","Test":"TestCapacityWindowLayerTriad/different_live_key_refuses_capacity","Output":"--- PASS: TestCapacityWindowLayerTriad/different_live_key_refuses_capacity (0.00s)\n","OutputType":"frame"}
{"Time":"2026-10-08T03:43:04.10141-04:00","Action":"pass","Package":"github.com/deliri/primitive/v2026/requestbudget","Test":"TestCapacityWindowLayerTriad/different_live_key_refuses_capacity","Elapsed":0}
{"Time":"2026-10-08T03:43:04.101417-04:00","Action":"cont","Package":"github.com/deliri/primitive/v2026/requestbudget","Test":"TestCapacityWindowLayerTriad/same_key_next_window_reserves_anew"}
{"Time":"2026-10-08T03:43:04.10142-04:00","Action":"output","Package":"github.com/deliri/primitive/v2026/requestbudget","Test":"TestCapacityWindowLayerTriad/same_key_next_window_reserves_anew","Output":"=== CONT  TestCapacityWindowLayerTriad/same_key_next_window_reserves_anew\n","OutputType":"frame"}
{"Time":"2026-10-08T03:43:04.101425-04:00","Action":"output","Package":"github.com/deliri/primitive/v2026/requestbudget","Test":"TestCapacityWindowLayerTriad/same_key_next_window_reserves_anew","Output":"--- PASS: TestCapacityWindowLayerTriad/same_key_next_window_reserves_anew (0.00s)\n","OutputType":"frame"}
{"Time":"2026-10-08T03:43:04.101429-04:00","Action":"pass","Package":"github.com/deliri/primitive/v2026/requestbudget","Test":"TestCapacityWindowLayerTriad/same_key_next_window_reserves_anew","Elapsed":0}
{"Time":"2026-10-08T03:43:04.101432-04:00","Action":"output","Package":"github.com/deliri/primitive/v2026/requestbudget","Test":"TestCapacityWindowLayerTriad/one_below_window_end_keeps_exhaustion","Output":"--- PASS: TestCapacityWindowLayerTriad/one_below_window_end_keeps_exhaustion (0.00s)\n","OutputType":"frame"}
{"Time":"2026-10-08T03:43:04.101439-04:00","Action":"pass","Package":"github.com/deliri/primitive/v2026/requestbudget","Test":"TestCapacityWindowLayerTriad/one_below_window_end_keeps_exhaustion","Elapsed":0}
{"Time":"2026-10-08T03:43:04.101443-04:00","Action":"output","Package":"github.com/deliri/primitive/v2026/requestbudget","Test":"TestCapacityWindowLayerTriad/changed_batch_refuses_binding","Output":"--- PASS: TestCapacityWindowLayerTriad/changed_batch_refuses_binding (0.00s)\n","OutputType":"frame"}
{"Time":"2026-10-08T03:43:04.101447-04:00","Action":"pass","Package":"github.com/deliri/primitive/v2026/requestbudget","Test":"TestCapacityWindowLayerTriad/changed_batch_refuses_binding","Elapsed":0}
{"Time":"2026-10-08T03:43:04.101451-04:00","Action":"output","Package":"github.com/deliri/primitive/v2026/requestbudget","Test":"TestCapacityWindowLayerTriad/expired_slot_admits_different_key","Output":"--- PASS: TestCapacityWindowLayerTriad/expired_slot_admits_different_key (0.00s)\n","OutputType":"frame"}
{"Time":"2026-10-08T03:43:04.101454-04:00","Action":"pass","Package":"github.com/deliri/primitive/v2026/requestbudget","Test":"TestCapacityWindowLayerTriad/expired_slot_admits_different_key","Elapsed":0}
{"Time":"2026-10-08T03:43:04.101458-04:00","Action":"output","Package":"github.com/deliri/primitive/v2026/requestbudget","Test":"TestCapacityWindowLayerTriad/overlapping_window_refuses_binding","Output":"--- PASS: TestCapacityWindowLayerTriad/overlapping_window_refuses_binding (0.00s)\n","OutputType":"frame"}
{"Time":"2026-10-08T03:43:04.101462-04:00","Action":"pass","Package":"github.com/deliri/primitive/v2026/requestbudget","Test":"TestCapacityWindowLayerTriad/overlapping_window_refuses_binding","Elapsed":0}
{"Time":"2026-10-08T03:43:04.101465-04:00","Action":"cont","Package":"github.com/deliri/primitive/v2026/requestbudget","Test":"TestCapacityWindowLayerTriad/exact_window_end_refuses_observation"}
{"Time":"2026-10-08T03:43:04.101469-04:00","Action":"output","Package":"github.com/deliri/primitive/v2026/requestbudget","Test":"TestCapacityWindowLayerTriad/exact_window_end_refuses_observation","Output":"=== CONT  TestCapacityWindowLayerTriad/exact_window_end_refuses_observation\n","OutputType":"frame"}
{"Time":"2026-10-08T03:43:04.101473-04:00","Action":"output","Package":"github.com/deliri/primitive/v2026/requestbudget","Test":"TestCapacityWindowLayerTriad/exact_window_end_refuses_observation","Output":"--- PASS: TestCapacityWindowLayerTriad/exact_window_end_refuses_observation (0.00s)\n","OutputType":"frame"}
{"Time":"2026-10-08T03:43:04.101477-04:00","Action":"pass","Package":"github.com/deliri/primitive/v2026/requestbudget","Test":"TestCapacityWindowLayerTriad/exact_window_end_refuses_observation","Elapsed":0}
{"Time":"2026-10-08T03:43:04.10148-04:00","Action":"output","Package":"github.com/deliri/primitive/v2026/requestbudget","Test":"TestCapacityWindowLayerTriad","Output":"--- PASS: TestCapacityWindowLayerTriad (0.00s)\n","OutputType":"frame"}
{"Time":"2026-10-08T03:43:04.101484-04:00","Action":"pass","Package":"github.com/deliri/primitive/v2026/requestbudget","Test":"TestCapacityWindowLayerTriad","Elapsed":0}
{"Time":"2026-10-08T03:43:04.101488-04:00","Action":"output","Package":"github.com/deliri/primitive/v2026/requestbudget","Test":"TestProductionDataFlowInventoryAndBoundedOwnership","Output":"--- PASS: TestProductionDataFlowInventoryAndBoundedOwnership (0.00s)\n","OutputType":"frame"}
{"Time":"2026-10-08T03:43:04.103259-04:00","Action":"pass","Package":"github.com/deliri/primitive/v2026/requestbudget","Test":"TestProductionDataFlowInventoryAndBoundedOwnership","Elapsed":0}
{"Time":"2026-10-08T03:43:04.103272-04:00","Action":"cont","Package":"github.com/deliri/primitive/v2026/requestbudget","Test":"TestGrantBindingFieldsAndMaximumCredits/foreign_key_cannot_mint_credits"}
{"Time":"2026-10-08T03:43:04.103277-04:00","Action":"output","Package":"github.com/deliri/primitive/v2026/requestbudget","Test":"TestGrantBindingFieldsAndMaximumCredits/foreign_key_cannot_mint_credits","Output":"=== CONT  TestGrantBindingFieldsAndMaximumCredits/foreign_key_cannot_mint_credits\n","OutputType":"frame"}
{"Time":"2026-10-08T03:43:04.103292-04:00","Action":"output","Package":"github.com/deliri/primitive/v2026/requestbudget","Test":"TestGrantBindingFieldsAndMaximumCredits/foreign_key_cannot_mint_credits","Output":"--- PASS: TestGrantBindingFieldsAndMaximumCredits/foreign_key_cannot_mint_credits (0.00s)\n","OutputType":"frame"}
{"Time":"2026-10-08T03:43:04.103301-04:00","Action":"pass","Package":"github.com/deliri/primitive/v2026/requestbudget","Test":"TestGrantBindingFieldsAndMaximumCredits/foreign_key_cannot_mint_credits","Elapsed":0}
{"Time":"2026-10-08T03:43:04.103305-04:00","Action":"cont","Package":"github.com/deliri/primitive/v2026/requestbudget","Test":"TestGrantBindingFieldsAndMaximumCredits/foreign_end_cannot_mint_credits"}
{"Time":"2026-10-08T03:43:04.103309-04:00","Action":"output","Package":"github.com/deliri/primitive/v2026/requestbudget","Test":"TestGrantBindingFieldsAndMaximumCredits/foreign_end_cannot_mint_credits","Output":"=== CONT  TestGrantBindingFieldsAndMaximumCredits/foreign_end_cannot_mint_credits\n","OutputType":"frame"}
{"Time":"2026-10-08T03:43:04.103314-04:00","Action":"output","Package":"github.com/deliri/primitive/v2026/requestbudget","Test":"TestGrantBindingFieldsAndMaximumCredits/foreign_end_cannot_mint_credits","Output":"--- PASS: TestGrantBindingFieldsAndMaximumCredits/foreign_end_cannot_mint_credits (0.00s)\n","OutputType":"frame"}
{"Time":"2026-10-08T03:43:04.103318-04:00","Action":"pass","Package":"github.com/deliri/primitive/v2026/requestbudget","Test":"TestGrantBindingFieldsAndMaximumCredits/foreign_end_cannot_mint_credits","Elapsed":0}
{"Time":"2026-10-08T03:43:04.103321-04:00","Action":"cont","Package":"github.com/deliri/primitive/v2026/requestbudget","Test":"TestGrantBindingFieldsAndMaximumCredits/foreign_batch_cannot_mint_credits"}
{"Time":"2026-10-08T03:43:04.103325-04:00","Action":"output","Package":"github.com/deliri/primitive/v2026/requestbudget","Test":"TestGrantBindingFieldsAndMaximumCredits/foreign_batch_cannot_mint_credits","Output":"=== CONT  TestGrantBindingFieldsAndMaximumCredits/foreign_batch_cannot_mint_credits\n","OutputType":"frame"}
{"Time":"2026-10-08T03:43:04.10333-04:00","Action":"output","Package":"github.com/deliri/primitive/v2026/requestbudget","Test":"TestGrantBindingFieldsAndMaximumCredits/foreign_batch_cannot_mint_credits","Output":"--- PASS: TestGrantBindingFieldsAndMaximumCredits/foreign_batch_cannot_mint_credits (0.00s)\n","OutputType":"frame"}
{"Time":"2026-10-08T03:43:04.103334-04:00","Action":"pass","Package":"github.com/deliri/primitive/v2026/requestbudget","Test":"TestGrantBindingFieldsAndMaximumCredits/foreign_batch_cannot_mint_credits","Elapsed":0}
{"Time":"2026-10-08T03:43:04.103337-04:00","Action":"cont","Package":"github.com/deliri/primitive/v2026/requestbudget","Test":"TestGrantBindingFieldsAndMaximumCredits/foreign_start_cannot_mint_credits"}
{"Time":"2026-10-08T03:43:04.103341-04:00","Action":"output","Package":"github.com/deliri/primitive/v2026/requestbudget","Test":"TestGrantBindingFieldsAndMaximumCredits/foreign_start_cannot_mint_credits","Output":"=== CONT  TestGrantBindingFieldsAndMaximumCredits/foreign_start_cannot_mint_credits\n","OutputType":"frame"}
{"Time":"2026-10-08T03:43:04.103345-04:00","Action":"output","Package":"github.com/deliri/primitive/v2026/requestbudget","Test":"TestGrantBindingFieldsAndMaximumCredits/foreign_start_cannot_mint_credits","Output":"--- PASS: TestGrantBindingFieldsAndMaximumCredits/foreign_start_cannot_mint_credits (0.00s)\n","OutputType":"frame"}
{"Time":"2026-10-08T03:43:04.103353-04:00","Action":"pass","Package":"github.com/deliri/primitive/v2026/requestbudget","Test":"TestGrantBindingFieldsAndMaximumCredits/foreign_start_cannot_mint_credits","Elapsed":0}
{"Time":"2026-10-08T03:43:04.103357-04:00","Action":"output","Package":"github.com/deliri/primitive/v2026/requestbudget","Test":"TestGrantBindingFieldsAndMaximumCredits","Output":"--- PASS: TestGrantBindingFieldsAndMaximumCredits (0.00s)\n","OutputType":"frame"}
{"Time":"2026-10-08T03:43:04.239156-04:00","Action":"pass","Package":"github.com/deliri/primitive/v2026/requestbudget","Test":"TestGrantBindingFieldsAndMaximumCredits","Elapsed":0}
{"Time":"2026-10-08T03:43:04.2392-04:00","Action":"output","Package":"github.com/deliri/primitive/v2026/requestbudget","Test":"TestCreditGrantHandoffExhaustive","Output":"--- PASS: TestCreditGrantHandoffExhaustive (0.14s)\n","OutputType":"frame"}
{"Time":"2026-10-08T03:43:04.23921-04:00","Action":"pass","Package":"github.com/deliri/primitive/v2026/requestbudget","Test":"TestCreditGrantHandoffExhaustive","Elapsed":0.14}
{"Time":"2026-10-08T03:43:04.239225-04:00","Action":"run","Package":"github.com/deliri/primitive/v2026/requestbudget","Test":"FuzzReservationCreditProviderBoundary"}
{"Time":"2026-10-08T03:43:04.23923-04:00","Action":"output","Package":"github.com/deliri/primitive/v2026/requestbudget","Test":"FuzzReservationCreditProviderBoundary","Output":"=== RUN   FuzzReservationCreditProviderBoundary\n","OutputType":"frame"}
{"Time":"2026-10-08T03:43:04.239238-04:00","Action":"run","Package":"github.com/deliri/primitive/v2026/requestbudget","Test":"FuzzReservationCreditProviderBoundary/seed#0"}
{"Time":"2026-10-08T03:43:04.239262-04:00","Action":"output","Package":"github.com/deliri/primitive/v2026/requestbudget","Test":"FuzzReservationCreditProviderBoundary/seed#0","Output":"=== RUN   FuzzReservationCreditProviderBoundary/seed#0\n","OutputType":"frame"}
{"Time":"2026-10-08T03:43:04.239348-04:00","Action":"output","Package":"github.com/deliri/primitive/v2026/requestbudget","Test":"FuzzReservationCreditProviderBoundary/seed#0","Output":"--- PASS: FuzzReservationCreditProviderBoundary/seed#0 (0.00s)\n","OutputType":"frame"}
{"Time":"2026-10-08T03:43:04.239357-04:00","Action":"pass","Package":"github.com/deliri/primitive/v2026/requestbudget","Test":"FuzzReservationCreditProviderBoundary/seed#0","Elapsed":0}
{"Time":"2026-10-08T03:43:04.239361-04:00","Action":"run","Package":"github.com/deliri/primitive/v2026/requestbudget","Test":"FuzzReservationCreditProviderBoundary/seed#1"}
{"Time":"2026-10-08T03:43:04.239366-04:00","Action":"output","Package":"github.com/deliri/primitive/v2026/requestbudget","Test":"FuzzReservationCreditProviderBoundary/seed#1","Output":"=== RUN   FuzzReservationCreditProviderBoundary/seed#1\n","OutputType":"frame"}
{"Time":"2026-10-08T03:43:04.23937-04:00","Action":"output","Package":"github.com/deliri/primitive/v2026/requestbudget","Test":"FuzzReservationCreditProviderBoundary/seed#1","Output":"--- PASS: FuzzReservationCreditProviderBoundary/seed#1 (0.00s)\n","OutputType":"frame"}
{"Time":"2026-10-08T03:43:04.239374-04:00","Action":"pass","Package":"github.com/deliri/primitive/v2026/requestbudget","Test":"FuzzReservationCreditProviderBoundary/seed#1","Elapsed":0}
{"Time":"2026-10-08T03:43:04.239378-04:00","Action":"run","Package":"github.com/deliri/primitive/v2026/requestbudget","Test":"FuzzReservationCreditProviderBoundary/seed#2"}
{"Time":"2026-10-08T03:43:04.239382-04:00","Action":"output","Package":"github.com/deliri/primitive/v2026/requestbudget","Test":"FuzzReservationCreditProviderBoundary/seed#2","Output":"=== RUN   FuzzReservationCreditProviderBoundary/seed#2\n","OutputType":"frame"}
{"Time":"2026-10-08T03:43:04.239387-04:00","Action":"output","Package":"github.com/deliri/primitive/v2026/requestbudget","Test":"FuzzReservationCreditProviderBoundary/seed#2","Output":"--- PASS: FuzzReservationCreditProviderBoundary/seed#2 (0.00s)\n","OutputType":"frame"}
{"Time":"2026-10-08T03:43:04.239392-04:00","Action":"pass","Package":"github.com/deliri/primitive/v2026/requestbudget","Test":"FuzzReservationCreditProviderBoundary/seed#2","Elapsed":0}
{"Time":"2026-10-08T03:43:04.239396-04:00","Action":"output","Package":"github.com/deliri/primitive/v2026/requestbudget","Test":"FuzzReservationCreditProviderBoundary","Output":"--- PASS: FuzzReservationCreditProviderBoundary (0.00s)\n","OutputType":"frame"}
{"Time":"2026-10-08T03:43:04.239401-04:00","Action":"pass","Package":"github.com/deliri/primitive/v2026/requestbudget","Test":"FuzzReservationCreditProviderBoundary","Elapsed":0}
{"Time":"2026-10-08T03:43:04.239414-04:00","Action":"output","Package":"github.com/deliri/primitive/v2026/requestbudget","Output":"PASS\n","OutputType":"frame"}
{"Time":"2026-10-08T03:43:04.240071-04:00","Action":"output","Package":"github.com/deliri/primitive/v2026/requestbudget","Output":"ok  \tgithub.com/deliri/primitive/v2026/requestbudget\t0.253s\n"}
{"Time":"2026-10-08T03:43:04.240108-04:00","Action":"pass","Package":"github.com/deliri/primitive/v2026/requestbudget","Elapsed":0.253}
