{"Time":"2026-10-08T03:40:37.340385-04:00","Action":"start","Package":"github.com/deliri/primitive/v2026/requestbudget"}
{"Time":"2026-10-08T03:40:37.457832-04:00","Action":"run","Package":"github.com/deliri/primitive/v2026/requestbudget","Test":"TestContractBoundaryLayerTriad"}
{"Time":"2026-10-08T03:40:37.457935-04:00","Action":"output","Package":"github.com/deliri/primitive/v2026/requestbudget","Test":"TestContractBoundaryLayerTriad","Output":"=== RUN   TestContractBoundaryLayerTriad\n","OutputType":"frame"}
{"Time":"2026-10-08T03:40:37.457983-04:00","Action":"output","Package":"github.com/deliri/primitive/v2026/requestbudget","Test":"TestContractBoundaryLayerTriad","Output":"=== PAUSE TestContractBoundaryLayerTriad\n","OutputType":"frame"}
{"Time":"2026-10-08T03:40:37.457991-04:00","Action":"pause","Package":"github.com/deliri/primitive/v2026/requestbudget","Test":"TestContractBoundaryLayerTriad"}
{"Time":"2026-10-08T03:40:37.458001-04:00","Action":"run","Package":"github.com/deliri/primitive/v2026/requestbudget","Test":"TestProductionDataFlowInventoryAndBoundedOwnership"}
{"Time":"2026-10-08T03:40:37.458009-04:00","Action":"output","Package":"github.com/deliri/primitive/v2026/requestbudget","Test":"TestProductionDataFlowInventoryAndBoundedOwnership","Output":"=== RUN   TestProductionDataFlowInventoryAndBoundedOwnership\n","OutputType":"frame"}
{"Time":"2026-10-08T03:40:37.458028-04:00","Action":"output","Package":"github.com/deliri/primitive/v2026/requestbudget","Test":"TestProductionDataFlowInventoryAndBoundedOwnership","Output":"=== PAUSE TestProductionDataFlowInventoryAndBoundedOwnership\n","OutputType":"frame"}
{"Time":"2026-10-08T03:40:37.458034-04:00","Action":"pause","Package":"github.com/deliri/primitive/v2026/requestbudget","Test":"TestProductionDataFlowInventoryAndBoundedOwnership"}
{"Time":"2026-10-08T03:40:37.458041-04:00","Action":"run","Package":"github.com/deliri/primitive/v2026/requestbudget","Test":"TestReservationCreditsLayerTriad"}
{"Time":"2026-10-08T03:40:37.458046-04:00","Action":"output","Package":"github.com/deliri/primitive/v2026/requestbudget","Test":"TestReservationCreditsLayerTriad","Output":"=== RUN   TestReservationCreditsLayerTriad\n","OutputType":"frame"}
{"Time":"2026-10-08T03:40:37.458055-04:00","Action":"output","Package":"github.com/deliri/primitive/v2026/requestbudget","Test":"TestReservationCreditsLayerTriad","Output":"=== PAUSE TestReservationCreditsLayerTriad\n","OutputType":"frame"}
{"Time":"2026-10-08T03:40:37.45806-04:00","Action":"pause","Package":"github.com/deliri/primitive/v2026/requestbudget","Test":"TestReservationCreditsLayerTriad"}
{"Time":"2026-10-08T03:40:37.458066-04:00","Action":"run","Package":"github.com/deliri/primitive/v2026/requestbudget","Test":"TestCapacityWindowLayerTriad"}
{"Time":"2026-10-08T03:40:37.45807-04:00","Action":"output","Package":"github.com/deliri/primitive/v2026/requestbudget","Test":"TestCapacityWindowLayerTriad","Output":"=== RUN   TestCapacityWindowLayerTriad\n","OutputType":"frame"}
{"Time":"2026-10-08T03:40:37.458085-04:00","Action":"output","Package":"github.com/deliri/primitive/v2026/requestbudget","Test":"TestCapacityWindowLayerTriad","Output":"=== PAUSE TestCapacityWindowLayerTriad\n","OutputType":"frame"}
{"Time":"2026-10-08T03:40:37.458091-04:00","Action":"pause","Package":"github.com/deliri/primitive/v2026/requestbudget","Test":"TestCapacityWindowLayerTriad"}
{"Time":"2026-10-08T03:40:37.458096-04:00","Action":"run","Package":"github.com/deliri/primitive/v2026/requestbudget","Test":"TestCreditGrantHandoffExhaustive"}
{"Time":"2026-10-08T03:40:37.4581-04:00","Action":"output","Package":"github.com/deliri/primitive/v2026/requestbudget","Test":"TestCreditGrantHandoffExhaustive","Output":"=== RUN   TestCreditGrantHandoffExhaustive\n","OutputType":"frame"}
{"Time":"2026-10-08T03:40:37.458105-04:00","Action":"output","Package":"github.com/deliri/primitive/v2026/requestbudget","Test":"TestCreditGrantHandoffExhaustive","Output":"=== PAUSE TestCreditGrantHandoffExhaustive\n","OutputType":"frame"}
{"Time":"2026-10-08T03:40:37.45811-04:00","Action":"pause","Package":"github.com/deliri/primitive/v2026/requestbudget","Test":"TestCreditGrantHandoffExhaustive"}
{"Time":"2026-10-08T03:40:37.458131-04:00","Action":"run","Package":"github.com/deliri/primitive/v2026/requestbudget","Test":"TestConcurrentCreditConservation"}
{"Time":"2026-10-08T03:40:37.458134-04:00","Action":"output","Package":"github.com/deliri/primitive/v2026/requestbudget","Test":"TestConcurrentCreditConservation","Output":"=== RUN   TestConcurrentCreditConservation\n","OutputType":"frame"}
{"Time":"2026-10-08T03:40:37.458139-04:00","Action":"output","Package":"github.com/deliri/primitive/v2026/requestbudget","Test":"TestConcurrentCreditConservation","Output":"=== PAUSE TestConcurrentCreditConservation\n","OutputType":"frame"}
{"Time":"2026-10-08T03:40:37.458143-04:00","Action":"pause","Package":"github.com/deliri/primitive/v2026/requestbudget","Test":"TestConcurrentCreditConservation"}
{"Time":"2026-10-08T03:40:37.458146-04:00","Action":"run","Package":"github.com/deliri/primitive/v2026/requestbudget","Test":"TestCancellationReservationLayerTriad"}
{"Time":"2026-10-08T03:40:37.458149-04:00","Action":"output","Package":"github.com/deliri/primitive/v2026/requestbudget","Test":"TestCancellationReservationLayerTriad","Output":"=== RUN   TestCancellationReservationLayerTriad\n","OutputType":"frame"}
{"Time":"2026-10-08T03:40:37.458154-04:00","Action":"output","Package":"github.com/deliri/primitive/v2026/requestbudget","Test":"TestCancellationReservationLayerTriad","Output":"=== PAUSE TestCancellationReservationLayerTriad\n","OutputType":"frame"}
{"Time":"2026-10-08T03:40:37.458158-04:00","Action":"pause","Package":"github.com/deliri/primitive/v2026/requestbudget","Test":"TestCancellationReservationLayerTriad"}
{"Time":"2026-10-08T03:40:37.458166-04:00","Action":"run","Package":"github.com/deliri/primitive/v2026/requestbudget","Test":"TestWindowAdvanceRejectsLateGrantAndRollback"}
{"Time":"2026-10-08T03:40:37.458179-04:00","Action":"output","Package":"github.com/deliri/primitive/v2026/requestbudget","Test":"TestWindowAdvanceRejectsLateGrantAndRollback","Output":"=== RUN   TestWindowAdvanceRejectsLateGrantAndRollback\n","OutputType":"frame"}
{"Time":"2026-10-08T03:40:37.458184-04:00","Action":"output","Package":"github.com/deliri/primitive/v2026/requestbudget","Test":"TestWindowAdvanceRejectsLateGrantAndRollback","Output":"=== PAUSE TestWindowAdvanceRejectsLateGrantAndRollback\n","OutputType":"frame"}
{"Time":"2026-10-08T03:40:37.458202-04:00","Action":"pause","Package":"github.com/deliri/primitive/v2026/requestbudget","Test":"TestWindowAdvanceRejectsLateGrantAndRollback"}
{"Time":"2026-10-08T03:40:37.458242-04:00","Action":"run","Package":"github.com/deliri/primitive/v2026/requestbudget","Test":"TestProviderFailureAndPanicNeverBecomeExhaustion"}
{"Time":"2026-10-08T03:40:37.458253-04:00","Action":"output","Package":"github.com/deliri/primitive/v2026/requestbudget","Test":"TestProviderFailureAndPanicNeverBecomeExhaustion","Output":"=== RUN   TestProviderFailureAndPanicNeverBecomeExhaustion\n","OutputType":"frame"}
{"Time":"2026-10-08T03:40:37.458261-04:00","Action":"output","Package":"github.com/deliri/primitive/v2026/requestbudget","Test":"TestProviderFailureAndPanicNeverBecomeExhaustion","Output":"=== PAUSE TestProviderFailureAndPanicNeverBecomeExhaustion\n","OutputType":"frame"}
{"Time":"2026-10-08T03:40:37.458265-04:00","Action":"pause","Package":"github.com/deliri/primitive/v2026/requestbudget","Test":"TestProviderFailureAndPanicNeverBecomeExhaustion"}
{"Time":"2026-10-08T03:40:37.45827-04:00","Action":"cont","Package":"github.com/deliri/primitive/v2026/requestbudget","Test":"TestContractBoundaryLayerTriad"}
{"Time":"2026-10-08T03:40:37.458274-04:00","Action":"output","Package":"github.com/deliri/primitive/v2026/requestbudget","Test":"TestContractBoundaryLayerTriad","Output":"=== CONT  TestContractBoundaryLayerTriad\n","OutputType":"frame"}
{"Time":"2026-10-08T03:40:37.458279-04:00","Action":"run","Package":"github.com/deliri/primitive/v2026/requestbudget","Test":"TestContractBoundaryLayerTriad/exact_start_is_inside"}
{"Time":"2026-10-08T03:40:37.458296-04:00","Action":"output","Package":"github.com/deliri/primitive/v2026/requestbudget","Test":"TestContractBoundaryLayerTriad/exact_start_is_inside","Output":"=== RUN   TestContractBoundaryLayerTriad/exact_start_is_inside\n","OutputType":"frame"}
{"Time":"2026-10-08T03:40:37.458301-04:00","Action":"cont","Package":"github.com/deliri/primitive/v2026/requestbudget","Test":"TestConcurrentCreditConservation"}
{"Time":"2026-10-08T03:40:37.458305-04:00","Action":"output","Package":"github.com/deliri/primitive/v2026/requestbudget","Test":"TestConcurrentCreditConservation","Output":"=== CONT  TestConcurrentCreditConservation\n","OutputType":"frame"}
{"Time":"2026-10-08T03:40:37.458321-04:00","Action":"output","Package":"github.com/deliri/primitive/v2026/requestbudget","Test":"TestContractBoundaryLayerTriad/exact_start_is_inside","Output":"=== PAUSE TestContractBoundaryLayerTriad/exact_start_is_inside\n","OutputType":"frame"}
{"Time":"2026-10-08T03:40:37.458327-04:00","Action":"pause","Package":"github.com/deliri/primitive/v2026/requestbudget","Test":"TestContractBoundaryLayerTriad/exact_start_is_inside"}
{"Time":"2026-10-08T03:40:37.458331-04:00","Action":"cont","Package":"github.com/deliri/primitive/v2026/requestbudget","Test":"TestCancellationReservationLayerTriad"}
{"Time":"2026-10-08T03:40:37.458334-04:00","Action":"output","Package":"github.com/deliri/primitive/v2026/requestbudget","Test":"TestCancellationReservationLayerTriad","Output":"=== CONT  TestCancellationReservationLayerTriad\n","OutputType":"frame"}
{"Time":"2026-10-08T03:40:37.458339-04:00","Action":"run","Package":"github.com/deliri/primitive/v2026/requestbudget","Test":"TestContractBoundaryLayerTriad/last_nanosecond_is_inside"}
{"Time":"2026-10-08T03:40:37.458342-04:00","Action":"output","Package":"github.com/deliri/primitive/v2026/requestbudget","Test":"TestContractBoundaryLayerTriad/last_nanosecond_is_inside","Output":"=== RUN   TestContractBoundaryLayerTriad/last_nanosecond_is_inside\n","OutputType":"frame"}
{"Time":"2026-10-08T03:40:37.458353-04:00","Action":"output","Package":"github.com/deliri/primitive/v2026/requestbudget","Test":"TestContractBoundaryLayerTriad/last_nanosecond_is_inside","Output":"=== PAUSE TestContractBoundaryLayerTriad/last_nanosecond_is_inside\n","OutputType":"frame"}
{"Time":"2026-10-08T03:40:37.458357-04:00","Action":"pause","Package":"github.com/deliri/primitive/v2026/requestbudget","Test":"TestContractBoundaryLayerTriad/last_nanosecond_is_inside"}
{"Time":"2026-10-08T03:40:37.458361-04:00","Action":"run","Package":"github.com/deliri/primitive/v2026/requestbudget","Test":"TestContractBoundaryLayerTriad/unset_identity_refuses"}
{"Time":"2026-10-08T03:40:37.458364-04:00","Action":"output","Package":"github.com/deliri/primitive/v2026/requestbudget","Test":"TestContractBoundaryLayerTriad/unset_identity_refuses","Output":"=== RUN   TestContractBoundaryLayerTriad/unset_identity_refuses\n","OutputType":"frame"}
{"Time":"2026-10-08T03:40:37.458368-04:00","Action":"output","Package":"github.com/deliri/primitive/v2026/requestbudget","Test":"TestContractBoundaryLayerTriad/unset_identity_refuses","Output":"=== PAUSE TestContractBoundaryLayerTriad/unset_identity_refuses\n","OutputType":"frame"}
{"Time":"2026-10-08T03:40:37.458372-04:00","Action":"pause","Package":"github.com/deliri/primitive/v2026/requestbudget","Test":"TestContractBoundaryLayerTriad/unset_identity_refuses"}
{"Time":"2026-10-08T03:40:37.458376-04:00","Action":"run","Package":"github.com/deliri/primitive/v2026/requestbudget","Test":"TestContractBoundaryLayerTriad/unset_start_refuses"}
{"Time":"2026-10-08T03:40:37.458379-04:00","Action":"output","Package":"github.com/deliri/primitive/v2026/requestbudget","Test":"TestContractBoundaryLayerTriad/unset_start_refuses","Output":"=== RUN   TestContractBoundaryLayerTriad/unset_start_refuses\n","OutputType":"frame"}
{"Time":"2026-10-08T03:40:37.458383-04:00","Action":"output","Package":"github.com/deliri/primitive/v2026/requestbudget","Test":"TestContractBoundaryLayerTriad/unset_start_refuses","Output":"=== PAUSE TestContractBoundaryLayerTriad/unset_start_refuses\n","OutputType":"frame"}
{"Time":"2026-10-08T03:40:37.458391-04:00","Action":"pause","Package":"github.com/deliri/primitive/v2026/requestbudget","Test":"TestContractBoundaryLayerTriad/unset_start_refuses"}
{"Time":"2026-10-08T03:40:37.458394-04:00","Action":"run","Package":"github.com/deliri/primitive/v2026/requestbudget","Test":"TestContractBoundaryLayerTriad/unset_end_refuses"}
{"Time":"2026-10-08T03:40:37.458398-04:00","Action":"output","Package":"github.com/deliri/primitive/v2026/requestbudget","Test":"TestContractBoundaryLayerTriad/unset_end_refuses","Output":"=== RUN   TestContractBoundaryLayerTriad/unset_end_refuses\n","OutputType":"frame"}
{"Time":"2026-10-08T03:40:37.458407-04:00","Action":"output","Package":"github.com/deliri/primitive/v2026/requestbudget","Test":"TestCancellationReservationLayerTriad","Output":"--- PASS: TestCancellationReservationLayerTriad (0.00s)\n","OutputType":"frame"}
{"Time":"2026-10-08T03:40:37.458413-04:00","Action":"pass","Package":"github.com/deliri/primitive/v2026/requestbudget","Test":"TestCancellationReservationLayerTriad","Elapsed":0}
{"Time":"2026-10-08T03:40:37.458421-04:00","Action":"cont","Package":"github.com/deliri/primitive/v2026/requestbudget","Test":"TestCapacityWindowLayerTriad"}
{"Time":"2026-10-08T03:40:37.458426-04:00","Action":"output","Package":"github.com/deliri/primitive/v2026/requestbudget","Test":"TestCapacityWindowLayerTriad","Output":"=== CONT  TestCapacityWindowLayerTriad\n","OutputType":"frame"}
{"Time":"2026-10-08T03:40:37.458441-04:00","Action":"run","Package":"github.com/deliri/primitive/v2026/requestbudget","Test":"TestCapacityWindowLayerTriad/cached_exhaustion_never_re-reserves"}
{"Time":"2026-10-08T03:40:37.458448-04:00","Action":"output","Package":"github.com/deliri/primitive/v2026/requestbudget","Test":"TestCapacityWindowLayerTriad/cached_exhaustion_never_re-reserves","Output":"=== RUN   TestCapacityWindowLayerTriad/cached_exhaustion_never_re-reserves\n","OutputType":"frame"}
{"Time":"2026-10-08T03:40:37.458453-04:00","Action":"output","Package":"github.com/deliri/primitive/v2026/requestbudget","Test":"TestContractBoundaryLayerTriad/unset_end_refuses","Output":"=== PAUSE TestContractBoundaryLayerTriad/unset_end_refuses\n","OutputType":"frame"}
{"Time":"2026-10-08T03:40:37.458457-04:00","Action":"pause","Package":"github.com/deliri/primitive/v2026/requestbudget","Test":"TestContractBoundaryLayerTriad/unset_end_refuses"}
{"Time":"2026-10-08T03:40:37.45846-04:00","Action":"run","Package":"github.com/deliri/primitive/v2026/requestbudget","Test":"TestContractBoundaryLayerTriad/equal_interval_bounds_refuse"}
{"Time":"2026-10-08T03:40:37.458463-04:00","Action":"output","Package":"github.com/deliri/primitive/v2026/requestbudget","Test":"TestContractBoundaryLayerTriad/equal_interval_bounds_refuse","Output":"=== RUN   TestContractBoundaryLayerTriad/equal_interval_bounds_refuse\n","OutputType":"frame"}
{"Time":"2026-10-08T03:40:37.45847-04:00","Action":"output","Package":"github.com/deliri/primitive/v2026/requestbudget","Test":"TestContractBoundaryLayerTriad/equal_interval_bounds_refuse","Output":"=== PAUSE TestContractBoundaryLayerTriad/equal_interval_bounds_refuse\n","OutputType":"frame"}
{"Time":"2026-10-08T03:40:37.458474-04:00","Action":"pause","Package":"github.com/deliri/primitive/v2026/requestbudget","Test":"TestContractBoundaryLayerTriad/equal_interval_bounds_refuse"}
{"Time":"2026-10-08T03:40:37.458477-04:00","Action":"run","Package":"github.com/deliri/primitive/v2026/requestbudget","Test":"TestContractBoundaryLayerTriad/reversed_interval_bounds_refuse"}
{"Time":"2026-10-08T03:40:37.458481-04:00","Action":"output","Package":"github.com/deliri/primitive/v2026/requestbudget","Test":"TestContractBoundaryLayerTriad/reversed_interval_bounds_refuse","Output":"=== RUN   TestContractBoundaryLayerTriad/reversed_interval_bounds_refuse\n","OutputType":"frame"}
{"Time":"2026-10-08T03:40:37.458485-04:00","Action":"output","Package":"github.com/deliri/primitive/v2026/requestbudget","Test":"TestContractBoundaryLayerTriad/reversed_interval_bounds_refuse","Output":"=== PAUSE TestContractBoundaryLayerTriad/reversed_interval_bounds_refuse\n","OutputType":"frame"}
{"Time":"2026-10-08T03:40:37.458495-04:00","Action":"pause","Package":"github.com/deliri/primitive/v2026/requestbudget","Test":"TestContractBoundaryLayerTriad/reversed_interval_bounds_refuse"}
{"Time":"2026-10-08T03:40:37.458499-04:00","Action":"run","Package":"github.com/deliri/primitive/v2026/requestbudget","Test":"TestContractBoundaryLayerTriad/unset_observation_refuses"}
{"Time":"2026-10-08T03:40:37.458502-04:00","Action":"output","Package":"github.com/deliri/primitive/v2026/requestbudget","Test":"TestContractBoundaryLayerTriad/unset_observation_refuses","Output":"=== RUN   TestContractBoundaryLayerTriad/unset_observation_refuses\n","OutputType":"frame"}
{"Time":"2026-10-08T03:40:37.458506-04:00","Action":"output","Package":"github.com/deliri/primitive/v2026/requestbudget","Test":"TestCapacityWindowLayerTriad/cached_exhaustion_never_re-reserves","Output":"=== PAUSE TestCapacityWindowLayerTriad/cached_exhaustion_never_re-reserves\n","OutputType":"frame"}
{"Time":"2026-10-08T03:40:37.45851-04:00","Action":"pause","Package":"github.com/deliri/primitive/v2026/requestbudget","Test":"TestCapacityWindowLayerTriad/cached_exhaustion_never_re-reserves"}
{"Time":"2026-10-08T03:40:37.458519-04:00","Action":"run","Package":"github.com/deliri/primitive/v2026/requestbudget","Test":"TestCapacityWindowLayerTriad/different_live_key_refuses_capacity"}
{"Time":"2026-10-08T03:40:37.458522-04:00","Action":"output","Package":"github.com/deliri/primitive/v2026/requestbudget","Test":"TestCapacityWindowLayerTriad/different_live_key_refuses_capacity","Output":"=== RUN   TestCapacityWindowLayerTriad/different_live_key_refuses_capacity\n","OutputType":"frame"}
{"Time":"2026-10-08T03:40:37.458526-04:00","Action":"output","Package":"github.com/deliri/primitive/v2026/requestbudget","Test":"TestCapacityWindowLayerTriad/different_live_key_refuses_capacity","Output":"=== PAUSE TestCapacityWindowLayerTriad/different_live_key_refuses_capacity\n","OutputType":"frame"}
{"Time":"2026-10-08T03:40:37.45853-04:00","Action":"pause","Package":"github.com/deliri/primitive/v2026/requestbudget","Test":"TestCapacityWindowLayerTriad/different_live_key_refuses_capacity"}
{"Time":"2026-10-08T03:40:37.458533-04:00","Action":"cont","Package":"github.com/deliri/primitive/v2026/requestbudget","Test":"TestProductionDataFlowInventoryAndBoundedOwnership"}
{"Time":"2026-10-08T03:40:37.458536-04:00","Action":"output","Package":"github.com/deliri/primitive/v2026/requestbudget","Test":"TestProductionDataFlowInventoryAndBoundedOwnership","Output":"=== CONT  TestProductionDataFlowInventoryAndBoundedOwnership\n","OutputType":"frame"}
{"Time":"2026-10-08T03:40:37.45854-04:00","Action":"run","Package":"github.com/deliri/primitive/v2026/requestbudget","Test":"TestCapacityWindowLayerTriad/changed_batch_refuses_binding"}
{"Time":"2026-10-08T03:40:37.458543-04:00","Action":"output","Package":"github.com/deliri/primitive/v2026/requestbudget","Test":"TestCapacityWindowLayerTriad/changed_batch_refuses_binding","Output":"=== RUN   TestCapacityWindowLayerTriad/changed_batch_refuses_binding\n","OutputType":"frame"}
{"Time":"2026-10-08T03:40:37.458547-04:00","Action":"output","Package":"github.com/deliri/primitive/v2026/requestbudget","Test":"TestCapacityWindowLayerTriad/changed_batch_refuses_binding","Output":"=== PAUSE TestCapacityWindowLayerTriad/changed_batch_refuses_binding\n","OutputType":"frame"}
{"Time":"2026-10-08T03:40:37.45855-04:00","Action":"pause","Package":"github.com/deliri/primitive/v2026/requestbudget","Test":"TestCapacityWindowLayerTriad/changed_batch_refuses_binding"}
{"Time":"2026-10-08T03:40:37.458556-04:00","Action":"run","Package":"github.com/deliri/primitive/v2026/requestbudget","Test":"TestCapacityWindowLayerTriad/overlapping_window_refuses_binding"}
{"Time":"2026-10-08T03:40:37.458559-04:00","Action":"output","Package":"github.com/deliri/primitive/v2026/requestbudget","Test":"TestCapacityWindowLayerTriad/overlapping_window_refuses_binding","Output":"=== RUN   TestCapacityWindowLayerTriad/overlapping_window_refuses_binding\n","OutputType":"frame"}
{"Time":"2026-10-08T03:40:37.458567-04:00","Action":"output","Package":"github.com/deliri/primitive/v2026/requestbudget","Test":"TestCapacityWindowLayerTriad/overlapping_window_refuses_binding","Output":"=== PAUSE TestCapacityWindowLayerTriad/overlapping_window_refuses_binding\n","OutputType":"frame"}
{"Time":"2026-10-08T03:40:37.458571-04:00","Action":"pause","Package":"github.com/deliri/primitive/v2026/requestbudget","Test":"TestCapacityWindowLayerTriad/overlapping_window_refuses_binding"}
{"Time":"2026-10-08T03:40:37.458574-04:00","Action":"run","Package":"github.com/deliri/primitive/v2026/requestbudget","Test":"TestCapacityWindowLayerTriad/same_key_next_window_reserves_anew"}
{"Time":"2026-10-08T03:40:37.458577-04:00","Action":"output","Package":"github.com/deliri/primitive/v2026/requestbudget","Test":"TestCapacityWindowLayerTriad/same_key_next_window_reserves_anew","Output":"=== RUN   TestCapacityWindowLayerTriad/same_key_next_window_reserves_anew\n","OutputType":"frame"}
{"Time":"2026-10-08T03:40:37.458581-04:00","Action":"output","Package":"github.com/deliri/primitive/v2026/requestbudget","Test":"TestCapacityWindowLayerTriad/same_key_next_window_reserves_anew","Output":"=== PAUSE TestCapacityWindowLayerTriad/same_key_next_window_reserves_anew\n","OutputType":"frame"}
{"Time":"2026-10-08T03:40:37.458585-04:00","Action":"pause","Package":"github.com/deliri/primitive/v2026/requestbudget","Test":"TestCapacityWindowLayerTriad/same_key_next_window_reserves_anew"}
{"Time":"2026-10-08T03:40:37.458596-04:00","Action":"run","Package":"github.com/deliri/primitive/v2026/requestbudget","Test":"TestCapacityWindowLayerTriad/expired_slot_admits_different_key"}
{"Time":"2026-10-08T03:40:37.4586-04:00","Action":"output","Package":"github.com/deliri/primitive/v2026/requestbudget","Test":"TestCapacityWindowLayerTriad/expired_slot_admits_different_key","Output":"=== RUN   TestCapacityWindowLayerTriad/expired_slot_admits_different_key\n","OutputType":"frame"}
{"Time":"2026-10-08T03:40:37.458604-04:00","Action":"output","Package":"github.com/deliri/primitive/v2026/requestbudget","Test":"TestCapacityWindowLayerTriad/expired_slot_admits_different_key","Output":"=== PAUSE TestCapacityWindowLayerTriad/expired_slot_admits_different_key\n","OutputType":"frame"}
{"Time":"2026-10-08T03:40:37.458608-04:00","Action":"pause","Package":"github.com/deliri/primitive/v2026/requestbudget","Test":"TestCapacityWindowLayerTriad/expired_slot_admits_different_key"}
{"Time":"2026-10-08T03:40:37.458613-04:00","Action":"run","Package":"github.com/deliri/primitive/v2026/requestbudget","Test":"TestCapacityWindowLayerTriad/one_below_window_end_keeps_exhaustion"}
{"Time":"2026-10-08T03:40:37.458617-04:00","Action":"output","Package":"github.com/deliri/primitive/v2026/requestbudget","Test":"TestCapacityWindowLayerTriad/one_below_window_end_keeps_exhaustion","Output":"=== RUN   TestCapacityWindowLayerTriad/one_below_window_end_keeps_exhaustion\n","OutputType":"frame"}
{"Time":"2026-10-08T03:40:37.458621-04:00","Action":"output","Package":"github.com/deliri/primitive/v2026/requestbudget","Test":"TestCapacityWindowLayerTriad/one_below_window_end_keeps_exhaustion","Output":"=== PAUSE TestCapacityWindowLayerTriad/one_below_window_end_keeps_exhaustion\n","OutputType":"frame"}
{"Time":"2026-10-08T03:40:37.458624-04:00","Action":"pause","Package":"github.com/deliri/primitive/v2026/requestbudget","Test":"TestCapacityWindowLayerTriad/one_below_window_end_keeps_exhaustion"}
{"Time":"2026-10-08T03:40:37.458628-04:00","Action":"run","Package":"github.com/deliri/primitive/v2026/requestbudget","Test":"TestCapacityWindowLayerTriad/exact_window_end_refuses_observation"}
{"Time":"2026-10-08T03:40:37.458631-04:00","Action":"output","Package":"github.com/deliri/primitive/v2026/requestbudget","Test":"TestCapacityWindowLayerTriad/exact_window_end_refuses_observation","Output":"=== RUN   TestCapacityWindowLayerTriad/exact_window_end_refuses_observation\n","OutputType":"frame"}
{"Time":"2026-10-08T03:40:37.458639-04:00","Action":"output","Package":"github.com/deliri/primitive/v2026/requestbudget","Test":"TestCapacityWindowLayerTriad/exact_window_end_refuses_observation","Output":"=== PAUSE TestCapacityWindowLayerTriad/exact_window_end_refuses_observation\n","OutputType":"frame"}
{"Time":"2026-10-08T03:40:37.458642-04:00","Action":"pause","Package":"github.com/deliri/primitive/v2026/requestbudget","Test":"TestCapacityWindowLayerTriad/exact_window_end_refuses_observation"}
{"Time":"2026-10-08T03:40:37.458646-04:00","Action":"run","Package":"github.com/deliri/primitive/v2026/requestbudget","Test":"TestCapacityWindowLayerTriad/one_above_window_end_refuses_observation"}
{"Time":"2026-10-08T03:40:37.458649-04:00","Action":"output","Package":"github.com/deliri/primitive/v2026/requestbudget","Test":"TestCapacityWindowLayerTriad/one_above_window_end_refuses_observation","Output":"=== RUN   TestCapacityWindowLayerTriad/one_above_window_end_refuses_observation\n","OutputType":"frame"}
{"Time":"2026-10-08T03:40:37.458653-04:00","Action":"output","Package":"github.com/deliri/primitive/v2026/requestbudget","Test":"TestCapacityWindowLayerTriad/one_above_window_end_refuses_observation","Output":"=== PAUSE TestCapacityWindowLayerTriad/one_above_window_end_refuses_observation\n","OutputType":"frame"}
{"Time":"2026-10-08T03:40:37.458662-04:00","Action":"pause","Package":"github.com/deliri/primitive/v2026/requestbudget","Test":"TestCapacityWindowLayerTriad/one_above_window_end_refuses_observation"}
{"Time":"2026-10-08T03:40:37.458666-04:00","Action":"run","Package":"github.com/deliri/primitive/v2026/requestbudget","Test":"TestCapacityWindowLayerTriad/one_below_start_refuses_observation"}
{"Time":"2026-10-08T03:40:37.458669-04:00","Action":"output","Package":"github.com/deliri/primitive/v2026/requestbudget","Test":"TestCapacityWindowLayerTriad/one_below_start_refuses_observation","Output":"=== RUN   TestCapacityWindowLayerTriad/one_below_start_refuses_observation\n","OutputType":"frame"}
{"Time":"2026-10-08T03:40:37.458673-04:00","Action":"output","Package":"github.com/deliri/primitive/v2026/requestbudget","Test":"TestCapacityWindowLayerTriad/one_below_start_refuses_observation","Output":"=== PAUSE TestCapacityWindowLayerTriad/one_below_start_refuses_observation\n","OutputType":"frame"}
{"Time":"2026-10-08T03:40:37.458676-04:00","Action":"pause","Package":"github.com/deliri/primitive/v2026/requestbudget","Test":"TestCapacityWindowLayerTriad/one_below_start_refuses_observation"}
{"Time":"2026-10-08T03:40:37.45868-04:00","Action":"cont","Package":"github.com/deliri/primitive/v2026/requestbudget","Test":"TestCapacityWindowLayerTriad/cached_exhaustion_never_re-reserves"}
{"Time":"2026-10-08T03:40:37.458683-04:00","Action":"output","Package":"github.com/deliri/primitive/v2026/requestbudget","Test":"TestCapacityWindowLayerTriad/cached_exhaustion_never_re-reserves","Output":"=== CONT  TestCapacityWindowLayerTriad/cached_exhaustion_never_re-reserves\n","OutputType":"frame"}
{"Time":"2026-10-08T03:40:37.458687-04:00","Action":"output","Package":"github.com/deliri/primitive/v2026/requestbudget","Test":"TestCapacityWindowLayerTriad/cached_exhaustion_never_re-reserves","Output":"--- PASS: TestCapacityWindowLayerTriad/cached_exhaustion_never_re-reserves (0.00s)\n","OutputType":"frame"}
{"Time":"2026-10-08T03:40:37.458693-04:00","Action":"pass","Package":"github.com/deliri/primitive/v2026/requestbudget","Test":"TestCapacityWindowLayerTriad/cached_exhaustion_never_re-reserves","Elapsed":0}
{"Time":"2026-10-08T03:40:37.458697-04:00","Action":"cont","Package":"github.com/deliri/primitive/v2026/requestbudget","Test":"TestWindowAdvanceRejectsLateGrantAndRollback"}
{"Time":"2026-10-08T03:40:37.4587-04:00","Action":"output","Package":"github.com/deliri/primitive/v2026/requestbudget","Test":"TestWindowAdvanceRejectsLateGrantAndRollback","Output":"=== CONT  TestWindowAdvanceRejectsLateGrantAndRollback\n","OutputType":"frame"}
{"Time":"2026-10-08T03:40:37.458704-04:00","Action":"output","Package":"github.com/deliri/primitive/v2026/requestbudget","Test":"TestWindowAdvanceRejectsLateGrantAndRollback","Output":"--- PASS: TestWindowAdvanceRejectsLateGrantAndRollback (0.00s)\n","OutputType":"frame"}
{"Time":"2026-10-08T03:40:37.458712-04:00","Action":"pass","Package":"github.com/deliri/primitive/v2026/requestbudget","Test":"TestWindowAdvanceRejectsLateGrantAndRollback","Elapsed":0}
{"Time":"2026-10-08T03:40:37.458715-04:00","Action":"cont","Package":"github.com/deliri/primitive/v2026/requestbudget","Test":"TestCapacityWindowLayerTriad/one_below_start_refuses_observation"}
{"Time":"2026-10-08T03:40:37.458719-04:00","Action":"output","Package":"github.com/deliri/primitive/v2026/requestbudget","Test":"TestCapacityWindowLayerTriad/one_below_start_refuses_observation","Output":"=== CONT  TestCapacityWindowLayerTriad/one_below_start_refuses_observation\n","OutputType":"frame"}
{"Time":"2026-10-08T03:40:37.458723-04:00","Action":"output","Package":"github.com/deliri/primitive/v2026/requestbudget","Test":"TestCapacityWindowLayerTriad/one_below_start_refuses_observation","Output":"--- PASS: TestCapacityWindowLayerTriad/one_below_start_refuses_observation (0.00s)\n","OutputType":"frame"}
{"Time":"2026-10-08T03:40:37.458727-04:00","Action":"pass","Package":"github.com/deliri/primitive/v2026/requestbudget","Test":"TestCapacityWindowLayerTriad/one_below_start_refuses_observation","Elapsed":0}
{"Time":"2026-10-08T03:40:37.45873-04:00","Action":"cont","Package":"github.com/deliri/primitive/v2026/requestbudget","Test":"TestCapacityWindowLayerTriad/one_above_window_end_refuses_observation"}
{"Time":"2026-10-08T03:40:37.458733-04:00","Action":"output","Package":"github.com/deliri/primitive/v2026/requestbudget","Test":"TestCapacityWindowLayerTriad/one_above_window_end_refuses_observation","Output":"=== CONT  TestCapacityWindowLayerTriad/one_above_window_end_refuses_observation\n","OutputType":"frame"}
{"Time":"2026-10-08T03:40:37.45874-04:00","Action":"output","Package":"github.com/deliri/primitive/v2026/requestbudget","Test":"TestCapacityWindowLayerTriad/one_above_window_end_refuses_observation","Output":"--- PASS: TestCapacityWindowLayerTriad/one_above_window_end_refuses_observation (0.00s)\n","OutputType":"frame"}
{"Time":"2026-10-08T03:40:37.458744-04:00","Action":"pass","Package":"github.com/deliri/primitive/v2026/requestbudget","Test":"TestCapacityWindowLayerTriad/one_above_window_end_refuses_observation","Elapsed":0}
{"Time":"2026-10-08T03:40:37.458747-04:00","Action":"cont","Package":"github.com/deliri/primitive/v2026/requestbudget","Test":"TestCapacityWindowLayerTriad/exact_window_end_refuses_observation"}
{"Time":"2026-10-08T03:40:37.458751-04:00","Action":"output","Package":"github.com/deliri/primitive/v2026/requestbudget","Test":"TestCapacityWindowLayerTriad/exact_window_end_refuses_observation","Output":"=== CONT  TestCapacityWindowLayerTriad/exact_window_end_refuses_observation\n","OutputType":"frame"}
{"Time":"2026-10-08T03:40:37.458755-04:00","Action":"output","Package":"github.com/deliri/primitive/v2026/requestbudget","Test":"TestCapacityWindowLayerTriad/exact_window_end_refuses_observation","Output":"--- PASS: TestCapacityWindowLayerTriad/exact_window_end_refuses_observation (0.00s)\n","OutputType":"frame"}
{"Time":"2026-10-08T03:40:37.458758-04:00","Action":"pass","Package":"github.com/deliri/primitive/v2026/requestbudget","Test":"TestCapacityWindowLayerTriad/exact_window_end_refuses_observation","Elapsed":0}
{"Time":"2026-10-08T03:40:37.458762-04:00","Action":"cont","Package":"github.com/deliri/primitive/v2026/requestbudget","Test":"TestCapacityWindowLayerTriad/one_below_window_end_keeps_exhaustion"}
{"Time":"2026-10-08T03:40:37.458767-04:00","Action":"output","Package":"github.com/deliri/primitive/v2026/requestbudget","Test":"TestCapacityWindowLayerTriad/one_below_window_end_keeps_exhaustion","Output":"=== CONT  TestCapacityWindowLayerTriad/one_below_window_end_keeps_exhaustion\n","OutputType":"frame"}
{"Time":"2026-10-08T03:40:37.458772-04:00","Action":"output","Package":"github.com/deliri/primitive/v2026/requestbudget","Test":"TestCapacityWindowLayerTriad/one_below_window_end_keeps_exhaustion","Output":"--- PASS: TestCapacityWindowLayerTriad/one_below_window_end_keeps_exhaustion (0.00s)\n","OutputType":"frame"}
{"Time":"2026-10-08T03:40:37.45878-04:00","Action":"pass","Package":"github.com/deliri/primitive/v2026/requestbudget","Test":"TestCapacityWindowLayerTriad/one_below_window_end_keeps_exhaustion","Elapsed":0}
{"Time":"2026-10-08T03:40:37.458784-04:00","Action":"cont","Package":"github.com/deliri/primitive/v2026/requestbudget","Test":"TestCapacityWindowLayerTriad/expired_slot_admits_different_key"}
{"Time":"2026-10-08T03:40:37.458787-04:00","Action":"output","Package":"github.com/deliri/primitive/v2026/requestbudget","Test":"TestCapacityWindowLayerTriad/expired_slot_admits_different_key","Output":"=== CONT  TestCapacityWindowLayerTriad/expired_slot_admits_different_key\n","OutputType":"frame"}
{"Time":"2026-10-08T03:40:37.458791-04:00","Action":"output","Package":"github.com/deliri/primitive/v2026/requestbudget","Test":"TestCapacityWindowLayerTriad/expired_slot_admits_different_key","Output":"--- PASS: TestCapacityWindowLayerTriad/expired_slot_admits_different_key (0.00s)\n","OutputType":"frame"}
{"Time":"2026-10-08T03:40:37.458795-04:00","Action":"pass","Package":"github.com/deliri/primitive/v2026/requestbudget","Test":"TestCapacityWindowLayerTriad/expired_slot_admits_different_key","Elapsed":0}
{"Time":"2026-10-08T03:40:37.458798-04:00","Action":"cont","Package":"github.com/deliri/primitive/v2026/requestbudget","Test":"TestCapacityWindowLayerTriad/same_key_next_window_reserves_anew"}
{"Time":"2026-10-08T03:40:37.458801-04:00","Action":"output","Package":"github.com/deliri/primitive/v2026/requestbudget","Test":"TestCapacityWindowLayerTriad/same_key_next_window_reserves_anew","Output":"=== CONT  TestCapacityWindowLayerTriad/same_key_next_window_reserves_anew\n","OutputType":"frame"}
{"Time":"2026-10-08T03:40:37.458806-04:00","Action":"output","Package":"github.com/deliri/primitive/v2026/requestbudget","Test":"TestCapacityWindowLayerTriad/same_key_next_window_reserves_anew","Output":"--- PASS: TestCapacityWindowLayerTriad/same_key_next_window_reserves_anew (0.00s)\n","OutputType":"frame"}
{"Time":"2026-10-08T03:40:37.458812-04:00","Action":"pass","Package":"github.com/deliri/primitive/v2026/requestbudget","Test":"TestCapacityWindowLayerTriad/same_key_next_window_reserves_anew","Elapsed":0}
{"Time":"2026-10-08T03:40:37.458903-04:00","Action":"cont","Package":"github.com/deliri/primitive/v2026/requestbudget","Test":"TestCapacityWindowLayerTriad/overlapping_window_refuses_binding"}
{"Time":"2026-10-08T03:40:37.459187-04:00","Action":"output","Package":"github.com/deliri/primitive/v2026/requestbudget","Test":"TestCapacityWindowLayerTriad/overlapping_window_refuses_binding","Output":"=== CONT  TestCapacityWindowLayerTriad/overlapping_window_refuses_binding\n","OutputType":"frame"}
{"Time":"2026-10-08T03:40:37.459208-04:00","Action":"output","Package":"github.com/deliri/primitive/v2026/requestbudget","Test":"TestCapacityWindowLayerTriad/overlapping_window_refuses_binding","Output":"--- PASS: TestCapacityWindowLayerTriad/overlapping_window_refuses_binding (0.00s)\n","OutputType":"frame"}
{"Time":"2026-10-08T03:40:37.459214-04:00","Action":"pass","Package":"github.com/deliri/primitive/v2026/requestbudget","Test":"TestCapacityWindowLayerTriad/overlapping_window_refuses_binding","Elapsed":0}
{"Time":"2026-10-08T03:40:37.45922-04:00","Action":"cont","Package":"github.com/deliri/primitive/v2026/requestbudget","Test":"TestCapacityWindowLayerTriad/changed_batch_refuses_binding"}
{"Time":"2026-10-08T03:40:37.459224-04:00","Action":"output","Package":"github.com/deliri/primitive/v2026/requestbudget","Test":"TestCapacityWindowLayerTriad/changed_batch_refuses_binding","Output":"=== CONT  TestCapacityWindowLayerTriad/changed_batch_refuses_binding\n","OutputType":"frame"}
{"Time":"2026-10-08T03:40:37.45923-04:00","Action":"output","Package":"github.com/deliri/primitive/v2026/requestbudget","Test":"TestCapacityWindowLayerTriad/changed_batch_refuses_binding","Output":"--- PASS: TestCapacityWindowLayerTriad/changed_batch_refuses_binding (0.00s)\n","OutputType":"frame"}
{"Time":"2026-10-08T03:40:37.459242-04:00","Action":"pass","Package":"github.com/deliri/primitive/v2026/requestbudget","Test":"TestCapacityWindowLayerTriad/changed_batch_refuses_binding","Elapsed":0}
{"Time":"2026-10-08T03:40:37.459246-04:00","Action":"cont","Package":"github.com/deliri/primitive/v2026/requestbudget","Test":"TestCapacityWindowLayerTriad/different_live_key_refuses_capacity"}
{"Time":"2026-10-08T03:40:37.459253-04:00","Action":"output","Package":"github.com/deliri/primitive/v2026/requestbudget","Test":"TestCapacityWindowLayerTriad/different_live_key_refuses_capacity","Output":"=== CONT  TestCapacityWindowLayerTriad/different_live_key_refuses_capacity\n","OutputType":"frame"}
{"Time":"2026-10-08T03:40:37.459257-04:00","Action":"output","Package":"github.com/deliri/primitive/v2026/requestbudget","Test":"TestCapacityWindowLayerTriad/different_live_key_refuses_capacity","Output":"--- PASS: TestCapacityWindowLayerTriad/different_live_key_refuses_capacity (0.00s)\n","OutputType":"frame"}
{"Time":"2026-10-08T03:40:37.459265-04:00","Action":"pass","Package":"github.com/deliri/primitive/v2026/requestbudget","Test":"TestCapacityWindowLayerTriad/different_live_key_refuses_capacity","Elapsed":0}
{"Time":"2026-10-08T03:40:37.459271-04:00","Action":"output","Package":"github.com/deliri/primitive/v2026/requestbudget","Test":"TestCapacityWindowLayerTriad","Output":"--- PASS: TestCapacityWindowLayerTriad (0.00s)\n","OutputType":"frame"}
{"Time":"2026-10-08T03:40:37.459276-04:00","Action":"pass","Package":"github.com/deliri/primitive/v2026/requestbudget","Test":"TestCapacityWindowLayerTriad","Elapsed":0}
{"Time":"2026-10-08T03:40:37.459279-04:00","Action":"cont","Package":"github.com/deliri/primitive/v2026/requestbudget","Test":"TestProviderFailureAndPanicNeverBecomeExhaustion"}
{"Time":"2026-10-08T03:40:37.459283-04:00","Action":"output","Package":"github.com/deliri/primitive/v2026/requestbudget","Test":"TestProviderFailureAndPanicNeverBecomeExhaustion","Output":"=== CONT  TestProviderFailureAndPanicNeverBecomeExhaustion\n","OutputType":"frame"}
{"Time":"2026-10-08T03:40:37.459305-04:00","Action":"output","Package":"github.com/deliri/primitive/v2026/requestbudget","Test":"TestProviderFailureAndPanicNeverBecomeExhaustion","Output":"--- PASS: TestProviderFailureAndPanicNeverBecomeExhaustion (0.00s)\n","OutputType":"frame"}
{"Time":"2026-10-08T03:40:37.459321-04:00","Action":"pass","Package":"github.com/deliri/primitive/v2026/requestbudget","Test":"TestProviderFailureAndPanicNeverBecomeExhaustion","Elapsed":0}
{"Time":"2026-10-08T03:40:37.459325-04:00","Action":"cont","Package":"github.com/deliri/primitive/v2026/requestbudget","Test":"TestCreditGrantHandoffExhaustive"}
{"Time":"2026-10-08T03:40:37.459328-04:00","Action":"output","Package":"github.com/deliri/primitive/v2026/requestbudget","Test":"TestCreditGrantHandoffExhaustive","Output":"=== CONT  TestCreditGrantHandoffExhaustive\n","OutputType":"frame"}
{"Time":"2026-10-08T03:40:37.459334-04:00","Action":"cont","Package":"github.com/deliri/primitive/v2026/requestbudget","Test":"TestReservationCreditsLayerTriad"}
{"Time":"2026-10-08T03:40:37.459337-04:00","Action":"output","Package":"github.com/deliri/primitive/v2026/requestbudget","Test":"TestReservationCreditsLayerTriad","Output":"=== CONT  TestReservationCreditsLayerTriad\n","OutputType":"frame"}
{"Time":"2026-10-08T03:40:37.459342-04:00","Action":"output","Package":"github.com/deliri/primitive/v2026/requestbudget","Test":"TestReservationCreditsLayerTriad","Output":"--- PASS: TestReservationCreditsLayerTriad (0.00s)\n","OutputType":"frame"}
{"Time":"2026-10-08T03:40:37.459346-04:00","Action":"pass","Package":"github.com/deliri/primitive/v2026/requestbudget","Test":"TestReservationCreditsLayerTriad","Elapsed":0}
{"Time":"2026-10-08T03:40:37.45935-04:00","Action":"output","Package":"github.com/deliri/primitive/v2026/requestbudget","Test":"TestContractBoundaryLayerTriad/unset_observation_refuses","Output":"=== PAUSE TestContractBoundaryLayerTriad/unset_observation_refuses\n","OutputType":"frame"}
{"Time":"2026-10-08T03:40:37.459358-04:00","Action":"pause","Package":"github.com/deliri/primitive/v2026/requestbudget","Test":"TestContractBoundaryLayerTriad/unset_observation_refuses"}
{"Time":"2026-10-08T03:40:37.459365-04:00","Action":"run","Package":"github.com/deliri/primitive/v2026/requestbudget","Test":"TestContractBoundaryLayerTriad/zero_batch_refuses"}
{"Time":"2026-10-08T03:40:37.459368-04:00","Action":"output","Package":"github.com/deliri/primitive/v2026/requestbudget","Test":"TestContractBoundaryLayerTriad/zero_batch_refuses","Output":"=== RUN   TestContractBoundaryLayerTriad/zero_batch_refuses\n","OutputType":"frame"}
{"Time":"2026-10-08T03:40:37.459373-04:00","Action":"output","Package":"github.com/deliri/primitive/v2026/requestbudget","Test":"TestContractBoundaryLayerTriad/zero_batch_refuses","Output":"=== PAUSE TestContractBoundaryLayerTriad/zero_batch_refuses\n","OutputType":"frame"}
{"Time":"2026-10-08T03:40:37.459376-04:00","Action":"pause","Package":"github.com/deliri/primitive/v2026/requestbudget","Test":"TestContractBoundaryLayerTriad/zero_batch_refuses"}
{"Time":"2026-10-08T03:40:37.45938-04:00","Action":"run","Package":"github.com/deliri/primitive/v2026/requestbudget","Test":"TestContractBoundaryLayerTriad/maximum_batch_is_representable"}
{"Time":"2026-10-08T03:40:37.45939-04:00","Action":"output","Package":"github.com/deliri/primitive/v2026/requestbudget","Test":"TestContractBoundaryLayerTriad/maximum_batch_is_representable","Output":"=== RUN   TestContractBoundaryLayerTriad/maximum_batch_is_representable\n","OutputType":"frame"}
{"Time":"2026-10-08T03:40:37.459399-04:00","Action":"output","Package":"github.com/deliri/primitive/v2026/requestbudget","Test":"TestContractBoundaryLayerTriad/maximum_batch_is_representable","Output":"=== PAUSE TestContractBoundaryLayerTriad/maximum_batch_is_representable\n","OutputType":"frame"}
{"Time":"2026-10-08T03:40:37.459403-04:00","Action":"pause","Package":"github.com/deliri/primitive/v2026/requestbudget","Test":"TestContractBoundaryLayerTriad/maximum_batch_is_representable"}
{"Time":"2026-10-08T03:40:37.459407-04:00","Action":"run","Package":"github.com/deliri/primitive/v2026/requestbudget","Test":"TestContractBoundaryLayerTriad/minimum_signed_instant_stays_valid"}
{"Time":"2026-10-08T03:40:37.45941-04:00","Action":"output","Package":"github.com/deliri/primitive/v2026/requestbudget","Test":"TestContractBoundaryLayerTriad/minimum_signed_instant_stays_valid","Output":"=== RUN   TestContractBoundaryLayerTriad/minimum_signed_instant_stays_valid\n","OutputType":"frame"}
{"Time":"2026-10-08T03:40:37.459417-04:00","Action":"output","Package":"github.com/deliri/primitive/v2026/requestbudget","Test":"TestContractBoundaryLayerTriad/minimum_signed_instant_stays_valid","Output":"=== PAUSE TestContractBoundaryLayerTriad/minimum_signed_instant_stays_valid\n","OutputType":"frame"}
{"Time":"2026-10-08T03:40:37.459421-04:00","Action":"pause","Package":"github.com/deliri/primitive/v2026/requestbudget","Test":"TestContractBoundaryLayerTriad/minimum_signed_instant_stays_valid"}
{"Time":"2026-10-08T03:40:37.459425-04:00","Action":"run","Package":"github.com/deliri/primitive/v2026/requestbudget","Test":"TestContractBoundaryLayerTriad/maximum_signed_end_stays_valid"}
{"Time":"2026-10-08T03:40:37.459429-04:00","Action":"output","Package":"github.com/deliri/primitive/v2026/requestbudget","Test":"TestContractBoundaryLayerTriad/maximum_signed_end_stays_valid","Output":"=== RUN   TestContractBoundaryLayerTriad/maximum_signed_end_stays_valid\n","OutputType":"frame"}
{"Time":"2026-10-08T03:40:37.459432-04:00","Action":"output","Package":"github.com/deliri/primitive/v2026/requestbudget","Test":"TestContractBoundaryLayerTriad/maximum_signed_end_stays_valid","Output":"=== PAUSE TestContractBoundaryLayerTriad/maximum_signed_end_stays_valid\n","OutputType":"frame"}
{"Time":"2026-10-08T03:40:37.459436-04:00","Action":"pause","Package":"github.com/deliri/primitive/v2026/requestbudget","Test":"TestContractBoundaryLayerTriad/maximum_signed_end_stays_valid"}
{"Time":"2026-10-08T03:40:37.459444-04:00","Action":"cont","Package":"github.com/deliri/primitive/v2026/requestbudget","Test":"TestContractBoundaryLayerTriad/exact_start_is_inside"}
{"Time":"2026-10-08T03:40:37.459447-04:00","Action":"output","Package":"github.com/deliri/primitive/v2026/requestbudget","Test":"TestContractBoundaryLayerTriad/exact_start_is_inside","Output":"=== CONT  TestContractBoundaryLayerTriad/exact_start_is_inside\n","OutputType":"frame"}
{"Time":"2026-10-08T03:40:37.459457-04:00","Action":"cont","Package":"github.com/deliri/primitive/v2026/requestbudget","Test":"TestContractBoundaryLayerTriad/reversed_interval_bounds_refuse"}
{"Time":"2026-10-08T03:40:37.459461-04:00","Action":"output","Package":"github.com/deliri/primitive/v2026/requestbudget","Test":"TestContractBoundaryLayerTriad/reversed_interval_bounds_refuse","Output":"=== CONT  TestContractBoundaryLayerTriad/reversed_interval_bounds_refuse\n","OutputType":"frame"}
{"Time":"2026-10-08T03:40:37.459573-04:00","Action":"cont","Package":"github.com/deliri/primitive/v2026/requestbudget","Test":"TestContractBoundaryLayerTriad/maximum_signed_end_stays_valid"}
{"Time":"2026-10-08T03:40:37.45959-04:00","Action":"output","Package":"github.com/deliri/primitive/v2026/requestbudget","Test":"TestContractBoundaryLayerTriad/maximum_signed_end_stays_valid","Output":"=== CONT  TestContractBoundaryLayerTriad/maximum_signed_end_stays_valid\n","OutputType":"frame"}
{"Time":"2026-10-08T03:40:37.459598-04:00","Action":"cont","Package":"github.com/deliri/primitive/v2026/requestbudget","Test":"TestContractBoundaryLayerTriad/minimum_signed_instant_stays_valid"}
{"Time":"2026-10-08T03:40:37.459604-04:00","Action":"output","Package":"github.com/deliri/primitive/v2026/requestbudget","Test":"TestContractBoundaryLayerTriad/minimum_signed_instant_stays_valid","Output":"=== CONT  TestContractBoundaryLayerTriad/minimum_signed_instant_stays_valid\n","OutputType":"frame"}
{"Time":"2026-10-08T03:40:37.45961-04:00","Action":"cont","Package":"github.com/deliri/primitive/v2026/requestbudget","Test":"TestContractBoundaryLayerTriad/zero_batch_refuses"}
{"Time":"2026-10-08T03:40:37.459614-04:00","Action":"output","Package":"github.com/deliri/primitive/v2026/requestbudget","Test":"TestContractBoundaryLayerTriad/zero_batch_refuses","Output":"=== CONT  TestContractBoundaryLayerTriad/zero_batch_refuses\n","OutputType":"frame"}
{"Time":"2026-10-08T03:40:37.459628-04:00","Action":"cont","Package":"github.com/deliri/primitive/v2026/requestbudget","Test":"TestContractBoundaryLayerTriad/unset_observation_refuses"}
{"Time":"2026-10-08T03:40:37.459632-04:00","Action":"output","Package":"github.com/deliri/primitive/v2026/requestbudget","Test":"TestContractBoundaryLayerTriad/unset_observation_refuses","Output":"=== CONT  TestContractBoundaryLayerTriad/unset_observation_refuses\n","OutputType":"frame"}
{"Time":"2026-10-08T03:40:37.459638-04:00","Action":"output","Package":"github.com/deliri/primitive/v2026/requestbudget","Test":"TestContractBoundaryLayerTriad/exact_start_is_inside","Output":"--- PASS: TestContractBoundaryLayerTriad/exact_start_is_inside (0.00s)\n","OutputType":"frame"}
{"Time":"2026-10-08T03:40:37.459643-04:00","Action":"pass","Package":"github.com/deliri/primitive/v2026/requestbudget","Test":"TestContractBoundaryLayerTriad/exact_start_is_inside","Elapsed":0}
{"Time":"2026-10-08T03:40:37.459647-04:00","Action":"cont","Package":"github.com/deliri/primitive/v2026/requestbudget","Test":"TestContractBoundaryLayerTriad/equal_interval_bounds_refuse"}
{"Time":"2026-10-08T03:40:37.459651-04:00","Action":"output","Package":"github.com/deliri/primitive/v2026/requestbudget","Test":"TestContractBoundaryLayerTriad/equal_interval_bounds_refuse","Output":"=== CONT  TestContractBoundaryLayerTriad/equal_interval_bounds_refuse\n","OutputType":"frame"}
{"Time":"2026-10-08T03:40:37.459655-04:00","Action":"output","Package":"github.com/deliri/primitive/v2026/requestbudget","Test":"TestContractBoundaryLayerTriad/equal_interval_bounds_refuse","Output":"--- PASS: TestContractBoundaryLayerTriad/equal_interval_bounds_refuse (0.00s)\n","OutputType":"frame"}
{"Time":"2026-10-08T03:40:37.459668-04:00","Action":"pass","Package":"github.com/deliri/primitive/v2026/requestbudget","Test":"TestContractBoundaryLayerTriad/equal_interval_bounds_refuse","Elapsed":0}
{"Time":"2026-10-08T03:40:37.459672-04:00","Action":"cont","Package":"github.com/deliri/primitive/v2026/requestbudget","Test":"TestContractBoundaryLayerTriad/unset_end_refuses"}
{"Time":"2026-10-08T03:40:37.459675-04:00","Action":"output","Package":"github.com/deliri/primitive/v2026/requestbudget","Test":"TestContractBoundaryLayerTriad/unset_end_refuses","Output":"=== CONT  TestContractBoundaryLayerTriad/unset_end_refuses\n","OutputType":"frame"}
{"Time":"2026-10-08T03:40:37.45968-04:00","Action":"output","Package":"github.com/deliri/primitive/v2026/requestbudget","Test":"TestContractBoundaryLayerTriad/unset_end_refuses","Output":"--- PASS: TestContractBoundaryLayerTriad/unset_end_refuses (0.00s)\n","OutputType":"frame"}
{"Time":"2026-10-08T03:40:37.459683-04:00","Action":"pass","Package":"github.com/deliri/primitive/v2026/requestbudget","Test":"TestContractBoundaryLayerTriad/unset_end_refuses","Elapsed":0}
{"Time":"2026-10-08T03:40:37.459686-04:00","Action":"cont","Package":"github.com/deliri/primitive/v2026/requestbudget","Test":"TestContractBoundaryLayerTriad/unset_start_refuses"}
{"Time":"2026-10-08T03:40:37.45969-04:00","Action":"output","Package":"github.com/deliri/primitive/v2026/requestbudget","Test":"TestContractBoundaryLayerTriad/unset_start_refuses","Output":"=== CONT  TestContractBoundaryLayerTriad/unset_start_refuses\n","OutputType":"frame"}
{"Time":"2026-10-08T03:40:37.459694-04:00","Action":"output","Package":"github.com/deliri/primitive/v2026/requestbudget","Test":"TestContractBoundaryLayerTriad/unset_start_refuses","Output":"--- PASS: TestContractBoundaryLayerTriad/unset_start_refuses (0.00s)\n","OutputType":"frame"}
{"Time":"2026-10-08T03:40:37.459697-04:00","Action":"pass","Package":"github.com/deliri/primitive/v2026/requestbudget","Test":"TestContractBoundaryLayerTriad/unset_start_refuses","Elapsed":0}
{"Time":"2026-10-08T03:40:37.459701-04:00","Action":"cont","Package":"github.com/deliri/primitive/v2026/requestbudget","Test":"TestContractBoundaryLayerTriad/unset_identity_refuses"}
{"Time":"2026-10-08T03:40:37.459704-04:00","Action":"output","Package":"github.com/deliri/primitive/v2026/requestbudget","Test":"TestContractBoundaryLayerTriad/unset_identity_refuses","Output":"=== CONT  TestContractBoundaryLayerTriad/unset_identity_refuses\n","OutputType":"frame"}
{"Time":"2026-10-08T03:40:37.459708-04:00","Action":"output","Package":"github.com/deliri/primitive/v2026/requestbudget","Test":"TestContractBoundaryLayerTriad/unset_identity_refuses","Output":"--- PASS: TestContractBoundaryLayerTriad/unset_identity_refuses (0.00s)\n","OutputType":"frame"}
{"Time":"2026-10-08T03:40:37.459712-04:00","Action":"pass","Package":"github.com/deliri/primitive/v2026/requestbudget","Test":"TestContractBoundaryLayerTriad/unset_identity_refuses","Elapsed":0}
{"Time":"2026-10-08T03:40:37.459715-04:00","Action":"cont","Package":"github.com/deliri/primitive/v2026/requestbudget","Test":"TestContractBoundaryLayerTriad/last_nanosecond_is_inside"}
{"Time":"2026-10-08T03:40:37.459718-04:00","Action":"output","Package":"github.com/deliri/primitive/v2026/requestbudget","Test":"TestContractBoundaryLayerTriad/last_nanosecond_is_inside","Output":"=== CONT  TestContractBoundaryLayerTriad/last_nanosecond_is_inside\n","OutputType":"frame"}
{"Time":"2026-10-08T03:40:37.459722-04:00","Action":"output","Package":"github.com/deliri/primitive/v2026/requestbudget","Test":"TestContractBoundaryLayerTriad/last_nanosecond_is_inside","Output":"--- PASS: TestContractBoundaryLayerTriad/last_nanosecond_is_inside (0.00s)\n","OutputType":"frame"}
{"Time":"2026-10-08T03:40:37.459726-04:00","Action":"pass","Package":"github.com/deliri/primitive/v2026/requestbudget","Test":"TestContractBoundaryLayerTriad/last_nanosecond_is_inside","Elapsed":0}
{"Time":"2026-10-08T03:40:37.459729-04:00","Action":"output","Package":"github.com/deliri/primitive/v2026/requestbudget","Test":"TestContractBoundaryLayerTriad/reversed_interval_bounds_refuse","Output":"--- PASS: TestContractBoundaryLayerTriad/reversed_interval_bounds_refuse (0.00s)\n","OutputType":"frame"}
{"Time":"2026-10-08T03:40:37.459737-04:00","Action":"pass","Package":"github.com/deliri/primitive/v2026/requestbudget","Test":"TestContractBoundaryLayerTriad/reversed_interval_bounds_refuse","Elapsed":0}
{"Time":"2026-10-08T03:40:37.459741-04:00","Action":"cont","Package":"github.com/deliri/primitive/v2026/requestbudget","Test":"TestContractBoundaryLayerTriad/maximum_batch_is_representable"}
{"Time":"2026-10-08T03:40:37.459744-04:00","Action":"output","Package":"github.com/deliri/primitive/v2026/requestbudget","Test":"TestContractBoundaryLayerTriad/maximum_batch_is_representable","Output":"=== CONT  TestContractBoundaryLayerTriad/maximum_batch_is_representable\n","OutputType":"frame"}
{"Time":"2026-10-08T03:40:37.459748-04:00","Action":"output","Package":"github.com/deliri/primitive/v2026/requestbudget","Test":"TestContractBoundaryLayerTriad/maximum_batch_is_representable","Output":"--- PASS: TestContractBoundaryLayerTriad/maximum_batch_is_representable (0.00s)\n","OutputType":"frame"}
{"Time":"2026-10-08T03:40:37.459752-04:00","Action":"pass","Package":"github.com/deliri/primitive/v2026/requestbudget","Test":"TestContractBoundaryLayerTriad/maximum_batch_is_representable","Elapsed":0}
{"Time":"2026-10-08T03:40:37.459755-04:00","Action":"output","Package":"github.com/deliri/primitive/v2026/requestbudget","Test":"TestContractBoundaryLayerTriad/maximum_signed_end_stays_valid","Output":"--- PASS: TestContractBoundaryLayerTriad/maximum_signed_end_stays_valid (0.00s)\n","OutputType":"frame"}
{"Time":"2026-10-08T03:40:37.459759-04:00","Action":"pass","Package":"github.com/deliri/primitive/v2026/requestbudget","Test":"TestContractBoundaryLayerTriad/maximum_signed_end_stays_valid","Elapsed":0}
{"Time":"2026-10-08T03:40:37.459763-04:00","Action":"output","Package":"github.com/deliri/primitive/v2026/requestbudget","Test":"TestContractBoundaryLayerTriad/minimum_signed_instant_stays_valid","Output":"--- PASS: TestContractBoundaryLayerTriad/minimum_signed_instant_stays_valid (0.00s)\n","OutputType":"frame"}
{"Time":"2026-10-08T03:40:37.459767-04:00","Action":"pass","Package":"github.com/deliri/primitive/v2026/requestbudget","Test":"TestContractBoundaryLayerTriad/minimum_signed_instant_stays_valid","Elapsed":0}
{"Time":"2026-10-08T03:40:37.459771-04:00","Action":"output","Package":"github.com/deliri/primitive/v2026/requestbudget","Test":"TestContractBoundaryLayerTriad/zero_batch_refuses","Output":"--- PASS: TestContractBoundaryLayerTriad/zero_batch_refuses (0.00s)\n","OutputType":"frame"}
{"Time":"2026-10-08T03:40:37.459775-04:00","Action":"pass","Package":"github.com/deliri/primitive/v2026/requestbudget","Test":"TestContractBoundaryLayerTriad/zero_batch_refuses","Elapsed":0}
{"Time":"2026-10-08T03:40:37.459778-04:00","Action":"output","Package":"github.com/deliri/primitive/v2026/requestbudget","Test":"TestContractBoundaryLayerTriad/unset_observation_refuses","Output":"--- PASS: TestContractBoundaryLayerTriad/unset_observation_refuses (0.00s)\n","OutputType":"frame"}
{"Time":"2026-10-08T03:40:37.459782-04:00","Action":"pass","Package":"github.com/deliri/primitive/v2026/requestbudget","Test":"TestContractBoundaryLayerTriad/unset_observation_refuses","Elapsed":0}
{"Time":"2026-10-08T03:40:37.459785-04:00","Action":"output","Package":"github.com/deliri/primitive/v2026/requestbudget","Test":"TestContractBoundaryLayerTriad","Output":"--- PASS: TestContractBoundaryLayerTriad (0.00s)\n","OutputType":"frame"}
{"Time":"2026-10-08T03:40:37.459789-04:00","Action":"pass","Package":"github.com/deliri/primitive/v2026/requestbudget","Test":"TestContractBoundaryLayerTriad","Elapsed":0}
{"Time":"2026-10-08T03:40:37.459793-04:00","Action":"output","Package":"github.com/deliri/primitive/v2026/requestbudget","Test":"TestConcurrentCreditConservation","Output":"--- PASS: TestConcurrentCreditConservation (0.00s)\n","OutputType":"frame"}
{"Time":"2026-10-08T03:40:37.459802-04:00","Action":"pass","Package":"github.com/deliri/primitive/v2026/requestbudget","Test":"TestConcurrentCreditConservation","Elapsed":0}
{"Time":"2026-10-08T03:40:37.459805-04:00","Action":"output","Package":"github.com/deliri/primitive/v2026/requestbudget","Test":"TestProductionDataFlowInventoryAndBoundedOwnership","Output":"--- PASS: TestProductionDataFlowInventoryAndBoundedOwnership (0.00s)\n","OutputType":"frame"}
{"Time":"2026-10-08T03:40:37.602514-04:00","Action":"pass","Package":"github.com/deliri/primitive/v2026/requestbudget","Test":"TestProductionDataFlowInventoryAndBoundedOwnership","Elapsed":0}
{"Time":"2026-10-08T03:40:37.602563-04:00","Action":"output","Package":"github.com/deliri/primitive/v2026/requestbudget","Test":"TestCreditGrantHandoffExhaustive","Output":"--- PASS: TestCreditGrantHandoffExhaustive (0.14s)\n","OutputType":"frame"}
{"Time":"2026-10-08T03:40:37.602586-04:00","Action":"pass","Package":"github.com/deliri/primitive/v2026/requestbudget","Test":"TestCreditGrantHandoffExhaustive","Elapsed":0.14}
{"Time":"2026-10-08T03:40:37.609184-04:00","Action":"run","Package":"github.com/deliri/primitive/v2026/requestbudget","Test":"FuzzReservationCreditProviderBoundary"}
{"Time":"2026-10-08T03:40:37.609245-04:00","Action":"output","Package":"github.com/deliri/primitive/v2026/requestbudget","Test":"FuzzReservationCreditProviderBoundary","Output":"=== RUN   FuzzReservationCreditProviderBoundary\n","OutputType":"frame"}
{"Time":"2026-10-08T03:40:37.609268-04:00","Action":"run","Package":"github.com/deliri/primitive/v2026/requestbudget","Test":"FuzzReservationCreditProviderBoundary/seed#0"}
{"Time":"2026-10-08T03:40:37.609276-04:00","Action":"output","Package":"github.com/deliri/primitive/v2026/requestbudget","Test":"FuzzReservationCreditProviderBoundary/seed#0","Output":"=== RUN   FuzzReservationCreditProviderBoundary/seed#0\n","OutputType":"frame"}
{"Time":"2026-10-08T03:40:37.60929-04:00","Action":"output","Package":"github.com/deliri/primitive/v2026/requestbudget","Test":"FuzzReservationCreditProviderBoundary/seed#0","Output":"--- PASS: FuzzReservationCreditProviderBoundary/seed#0 (0.00s)\n","OutputType":"frame"}
{"Time":"2026-10-08T03:40:37.609296-04:00","Action":"pass","Package":"github.com/deliri/primitive/v2026/requestbudget","Test":"FuzzReservationCreditProviderBoundary/seed#0","Elapsed":0}
{"Time":"2026-10-08T03:40:37.609305-04:00","Action":"run","Package":"github.com/deliri/primitive/v2026/requestbudget","Test":"FuzzReservationCreditProviderBoundary/seed#1"}
{"Time":"2026-10-08T03:40:37.609309-04:00","Action":"output","Package":"github.com/deliri/primitive/v2026/requestbudget","Test":"FuzzReservationCreditProviderBoundary/seed#1","Output":"=== RUN   FuzzReservationCreditProviderBoundary/seed#1\n","OutputType":"frame"}
{"Time":"2026-10-08T03:40:37.609314-04:00","Action":"output","Package":"github.com/deliri/primitive/v2026/requestbudget","Test":"FuzzReservationCreditProviderBoundary/seed#1","Output":"--- PASS: FuzzReservationCreditProviderBoundary/seed#1 (0.00s)\n","OutputType":"frame"}
{"Time":"2026-10-08T03:40:37.609319-04:00","Action":"pass","Package":"github.com/deliri/primitive/v2026/requestbudget","Test":"FuzzReservationCreditProviderBoundary/seed#1","Elapsed":0}
{"Time":"2026-10-08T03:40:37.609323-04:00","Action":"run","Package":"github.com/deliri/primitive/v2026/requestbudget","Test":"FuzzReservationCreditProviderBoundary/seed#2"}
{"Time":"2026-10-08T03:40:37.609327-04:00","Action":"output","Package":"github.com/deliri/primitive/v2026/requestbudget","Test":"FuzzReservationCreditProviderBoundary/seed#2","Output":"=== RUN   FuzzReservationCreditProviderBoundary/seed#2\n","OutputType":"frame"}
{"Time":"2026-10-08T03:40:37.609332-04:00","Action":"output","Package":"github.com/deliri/primitive/v2026/requestbudget","Test":"FuzzReservationCreditProviderBoundary/seed#2","Output":"--- PASS: FuzzReservationCreditProviderBoundary/seed#2 (0.00s)\n","OutputType":"frame"}
{"Time":"2026-10-08T03:40:37.609336-04:00","Action":"pass","Package":"github.com/deliri/primitive/v2026/requestbudget","Test":"FuzzReservationCreditProviderBoundary/seed#2","Elapsed":0}
{"Time":"2026-10-08T03:40:37.609358-04:00","Action":"output","Package":"github.com/deliri/primitive/v2026/requestbudget","Test":"FuzzReservationCreditProviderBoundary","Output":"--- PASS: FuzzReservationCreditProviderBoundary (0.00s)\n","OutputType":"frame"}
{"Time":"2026-10-08T03:40:37.609362-04:00","Action":"pass","Package":"github.com/deliri/primitive/v2026/requestbudget","Test":"FuzzReservationCreditProviderBoundary","Elapsed":0}
{"Time":"2026-10-08T03:40:37.609365-04:00","Action":"output","Package":"github.com/deliri/primitive/v2026/requestbudget","Output":"PASS\n","OutputType":"frame"}
{"Time":"2026-10-08T03:40:37.609434-04:00","Action":"output","Package":"github.com/deliri/primitive/v2026/requestbudget","Output":"ok  \tgithub.com/deliri/primitive/v2026/requestbudget\t0.269s\n"}
{"Time":"2026-10-08T03:40:37.609458-04:00","Action":"pass","Package":"github.com/deliri/primitive/v2026/requestbudget","Elapsed":0.269}
