{"Time":"2026-10-07T06:31:32.399307-04:00","Action":"start","Package":"github.com/deliri/primitive/v2026/chit"}
{"Time":"2026-10-07T06:31:32.538074-04:00","Action":"run","Package":"github.com/deliri/primitive/v2026/chit","Test":"TestManifestMembershipLayerTriad"}
{"Time":"2026-10-07T06:31:32.538189-04:00","Action":"output","Package":"github.com/deliri/primitive/v2026/chit","Test":"TestManifestMembershipLayerTriad","Output":"=== RUN   TestManifestMembershipLayerTriad\n","OutputType":"frame"}
{"Time":"2026-10-07T06:31:32.538239-04:00","Action":"output","Package":"github.com/deliri/primitive/v2026/chit","Test":"TestManifestMembershipLayerTriad","Output":"=== PAUSE TestManifestMembershipLayerTriad\n","OutputType":"frame"}
{"Time":"2026-10-07T06:31:32.538247-04:00","Action":"pause","Package":"github.com/deliri/primitive/v2026/chit","Test":"TestManifestMembershipLayerTriad"}
{"Time":"2026-10-07T06:31:32.538254-04:00","Action":"cont","Package":"github.com/deliri/primitive/v2026/chit","Test":"TestManifestMembershipLayerTriad"}
{"Time":"2026-10-07T06:31:32.538262-04:00","Action":"output","Package":"github.com/deliri/primitive/v2026/chit","Test":"TestManifestMembershipLayerTriad","Output":"=== CONT  TestManifestMembershipLayerTriad\n","OutputType":"frame"}
{"Time":"2026-10-07T06:31:32.540595-04:00","Action":"run","Package":"github.com/deliri/primitive/v2026/chit","Test":"TestManifestMembershipLayerTriad/negative_unsigned_name_substitution"}
{"Time":"2026-10-07T06:31:32.540682-04:00","Action":"output","Package":"github.com/deliri/primitive/v2026/chit","Test":"TestManifestMembershipLayerTriad/negative_unsigned_name_substitution","Output":"=== RUN   TestManifestMembershipLayerTriad/negative_unsigned_name_substitution\n","OutputType":"frame"}
{"Time":"2026-10-07T06:31:32.541461-04:00","Action":"output","Package":"github.com/deliri/primitive/v2026/chit","Test":"TestManifestMembershipLayerTriad/negative_unsigned_name_substitution","Output":"=== PAUSE TestManifestMembershipLayerTriad/negative_unsigned_name_substitution\n","OutputType":"frame"}
{"Time":"2026-10-07T06:31:32.541555-04:00","Action":"pause","Package":"github.com/deliri/primitive/v2026/chit","Test":"TestManifestMembershipLayerTriad/negative_unsigned_name_substitution"}
{"Time":"2026-10-07T06:31:32.541586-04:00","Action":"cont","Package":"github.com/deliri/primitive/v2026/chit","Test":"TestManifestMembershipLayerTriad/negative_unsigned_name_substitution"}
{"Time":"2026-10-07T06:31:32.541593-04:00","Action":"output","Package":"github.com/deliri/primitive/v2026/chit","Test":"TestManifestMembershipLayerTriad/negative_unsigned_name_substitution","Output":"=== CONT  TestManifestMembershipLayerTriad/negative_unsigned_name_substitution\n","OutputType":"frame"}
{"Time":"2026-10-07T06:31:32.541615-04:00","Action":"output","Package":"github.com/deliri/primitive/v2026/chit","Test":"TestManifestMembershipLayerTriad/negative_unsigned_name_substitution","Output":"    manifest_membership_test.go:76: membership error = \u003cnil\u003e, want chit verification failed\n","OutputType":"error"}
{"Time":"2026-10-07T06:31:32.541641-04:00","Action":"output","Package":"github.com/deliri/primitive/v2026/chit","Test":"TestManifestMembershipLayerTriad/negative_unsigned_name_substitution","Output":"--- FAIL: TestManifestMembershipLayerTriad/negative_unsigned_name_substitution (0.00s)\n","OutputType":"frame"}
{"Time":"2026-10-07T06:31:32.541662-04:00","Action":"fail","Package":"github.com/deliri/primitive/v2026/chit","Test":"TestManifestMembershipLayerTriad/negative_unsigned_name_substitution","Elapsed":0}
{"Time":"2026-10-07T06:31:32.541717-04:00","Action":"output","Package":"github.com/deliri/primitive/v2026/chit","Test":"TestManifestMembershipLayerTriad","Output":"--- FAIL: TestManifestMembershipLayerTriad (0.00s)\n","OutputType":"frame"}
{"Time":"2026-10-07T06:31:32.541727-04:00","Action":"fail","Package":"github.com/deliri/primitive/v2026/chit","Test":"TestManifestMembershipLayerTriad","Elapsed":0}
{"Time":"2026-10-07T06:31:32.541739-04:00","Action":"output","Package":"github.com/deliri/primitive/v2026/chit","Output":"FAIL\n","OutputType":"frame"}
{"Time":"2026-10-07T06:31:32.541819-04:00","Action":"output","Package":"github.com/deliri/primitive/v2026/chit","Output":"FAIL\tgithub.com/deliri/primitive/v2026/chit\t0.142s\n","OutputType":"frame"}
{"Time":"2026-10-07T06:31:32.541834-04:00","Action":"fail","Package":"github.com/deliri/primitive/v2026/chit","Elapsed":0.143}
