{"Time":"2026-10-07T06:48:45.755689-04:00","Action":"start","Package":"github.com/deliri/primitive/v2026/chit"}
{"Time":"2026-10-07T06:48:45.968269-04:00","Action":"run","Package":"github.com/deliri/primitive/v2026/chit","Test":"TestManifestMembershipCompleteStreamBoundaryTable"}
{"Time":"2026-10-07T06:48:45.968367-04:00","Action":"output","Package":"github.com/deliri/primitive/v2026/chit","Test":"TestManifestMembershipCompleteStreamBoundaryTable","Output":"=== RUN   TestManifestMembershipCompleteStreamBoundaryTable\n","OutputType":"frame"}
{"Time":"2026-10-07T06:48:45.968414-04:00","Action":"output","Package":"github.com/deliri/primitive/v2026/chit","Test":"TestManifestMembershipCompleteStreamBoundaryTable","Output":"=== PAUSE TestManifestMembershipCompleteStreamBoundaryTable\n","OutputType":"frame"}
{"Time":"2026-10-07T06:48:45.968422-04:00","Action":"pause","Package":"github.com/deliri/primitive/v2026/chit","Test":"TestManifestMembershipCompleteStreamBoundaryTable"}
{"Time":"2026-10-07T06:48:45.968439-04:00","Action":"run","Package":"github.com/deliri/primitive/v2026/chit","Test":"TestManifestMembershipLayerTriad"}
{"Time":"2026-10-07T06:48:45.968451-04:00","Action":"output","Package":"github.com/deliri/primitive/v2026/chit","Test":"TestManifestMembershipLayerTriad","Output":"=== RUN   TestManifestMembershipLayerTriad\n","OutputType":"frame"}
{"Time":"2026-10-07T06:48:45.968462-04:00","Action":"output","Package":"github.com/deliri/primitive/v2026/chit","Test":"TestManifestMembershipLayerTriad","Output":"=== PAUSE TestManifestMembershipLayerTriad\n","OutputType":"frame"}
{"Time":"2026-10-07T06:48:45.968469-04:00","Action":"pause","Package":"github.com/deliri/primitive/v2026/chit","Test":"TestManifestMembershipLayerTriad"}
{"Time":"2026-10-07T06:48:45.968477-04:00","Action":"cont","Package":"github.com/deliri/primitive/v2026/chit","Test":"TestManifestMembershipCompleteStreamBoundaryTable"}
{"Time":"2026-10-07T06:48:45.968483-04:00","Action":"output","Package":"github.com/deliri/primitive/v2026/chit","Test":"TestManifestMembershipCompleteStreamBoundaryTable","Output":"=== CONT  TestManifestMembershipCompleteStreamBoundaryTable\n","OutputType":"frame"}
{"Time":"2026-10-07T06:48:45.968497-04:00","Action":"run","Package":"github.com/deliri/primitive/v2026/chit","Test":"TestManifestMembershipCompleteStreamBoundaryTable/empty_object_preserves_zero_extent"}
{"Time":"2026-10-07T06:48:45.968546-04:00","Action":"output","Package":"github.com/deliri/primitive/v2026/chit","Test":"TestManifestMembershipCompleteStreamBoundaryTable/empty_object_preserves_zero_extent","Output":"=== RUN   TestManifestMembershipCompleteStreamBoundaryTable/empty_object_preserves_zero_extent\n","OutputType":"frame"}
{"Time":"2026-10-07T06:48:45.968562-04:00","Action":"output","Package":"github.com/deliri/primitive/v2026/chit","Test":"TestManifestMembershipCompleteStreamBoundaryTable/empty_object_preserves_zero_extent","Output":"=== PAUSE TestManifestMembershipCompleteStreamBoundaryTable/empty_object_preserves_zero_extent\n","OutputType":"frame"}
{"Time":"2026-10-07T06:48:45.96857-04:00","Action":"pause","Package":"github.com/deliri/primitive/v2026/chit","Test":"TestManifestMembershipCompleteStreamBoundaryTable/empty_object_preserves_zero_extent"}
{"Time":"2026-10-07T06:48:45.968578-04:00","Action":"run","Package":"github.com/deliri/primitive/v2026/chit","Test":"TestManifestMembershipCompleteStreamBoundaryTable/minimum_nonempty_object_preserves_one_byte"}
{"Time":"2026-10-07T06:48:45.968587-04:00","Action":"output","Package":"github.com/deliri/primitive/v2026/chit","Test":"TestManifestMembershipCompleteStreamBoundaryTable/minimum_nonempty_object_preserves_one_byte","Output":"=== RUN   TestManifestMembershipCompleteStreamBoundaryTable/minimum_nonempty_object_preserves_one_byte\n","OutputType":"frame"}
{"Time":"2026-10-07T06:48:45.968593-04:00","Action":"output","Package":"github.com/deliri/primitive/v2026/chit","Test":"TestManifestMembershipCompleteStreamBoundaryTable/minimum_nonempty_object_preserves_one_byte","Output":"=== PAUSE TestManifestMembershipCompleteStreamBoundaryTable/minimum_nonempty_object_preserves_one_byte\n","OutputType":"frame"}
{"Time":"2026-10-07T06:48:45.968627-04:00","Action":"pause","Package":"github.com/deliri/primitive/v2026/chit","Test":"TestManifestMembershipCompleteStreamBoundaryTable/minimum_nonempty_object_preserves_one_byte"}
{"Time":"2026-10-07T06:48:45.968632-04:00","Action":"run","Package":"github.com/deliri/primitive/v2026/chit","Test":"TestManifestMembershipCompleteStreamBoundaryTable/first_member_remains_bound_to_a_nonempty_tail"}
{"Time":"2026-10-07T06:48:45.968639-04:00","Action":"output","Package":"github.com/deliri/primitive/v2026/chit","Test":"TestManifestMembershipCompleteStreamBoundaryTable/first_member_remains_bound_to_a_nonempty_tail","Output":"=== RUN   TestManifestMembershipCompleteStreamBoundaryTable/first_member_remains_bound_to_a_nonempty_tail\n","OutputType":"frame"}
{"Time":"2026-10-07T06:48:45.968647-04:00","Action":"output","Package":"github.com/deliri/primitive/v2026/chit","Test":"TestManifestMembershipCompleteStreamBoundaryTable/first_member_remains_bound_to_a_nonempty_tail","Output":"=== PAUSE TestManifestMembershipCompleteStreamBoundaryTable/first_member_remains_bound_to_a_nonempty_tail\n","OutputType":"frame"}
{"Time":"2026-10-07T06:48:45.968654-04:00","Action":"pause","Package":"github.com/deliri/primitive/v2026/chit","Test":"TestManifestMembershipCompleteStreamBoundaryTable/first_member_remains_bound_to_a_nonempty_tail"}
{"Time":"2026-10-07T06:48:45.968658-04:00","Action":"run","Package":"github.com/deliri/primitive/v2026/chit","Test":"TestManifestMembershipCompleteStreamBoundaryTable/last_member_remains_bound_to_a_nonempty_prefix"}
{"Time":"2026-10-07T06:48:45.968664-04:00","Action":"output","Package":"github.com/deliri/primitive/v2026/chit","Test":"TestManifestMembershipCompleteStreamBoundaryTable/last_member_remains_bound_to_a_nonempty_prefix","Output":"=== RUN   TestManifestMembershipCompleteStreamBoundaryTable/last_member_remains_bound_to_a_nonempty_prefix\n","OutputType":"frame"}
{"Time":"2026-10-07T06:48:45.968671-04:00","Action":"output","Package":"github.com/deliri/primitive/v2026/chit","Test":"TestManifestMembershipCompleteStreamBoundaryTable/last_member_remains_bound_to_a_nonempty_prefix","Output":"=== PAUSE TestManifestMembershipCompleteStreamBoundaryTable/last_member_remains_bound_to_a_nonempty_prefix\n","OutputType":"frame"}
{"Time":"2026-10-07T06:48:45.968675-04:00","Action":"pause","Package":"github.com/deliri/primitive/v2026/chit","Test":"TestManifestMembershipCompleteStreamBoundaryTable/last_member_remains_bound_to_a_nonempty_prefix"}
{"Time":"2026-10-07T06:48:45.968683-04:00","Action":"run","Package":"github.com/deliri/primitive/v2026/chit","Test":"TestManifestMembershipCompleteStreamBoundaryTable/empty_interior_member_keeps_its_exact_position"}
{"Time":"2026-10-07T06:48:45.968688-04:00","Action":"output","Package":"github.com/deliri/primitive/v2026/chit","Test":"TestManifestMembershipCompleteStreamBoundaryTable/empty_interior_member_keeps_its_exact_position","Output":"=== RUN   TestManifestMembershipCompleteStreamBoundaryTable/empty_interior_member_keeps_its_exact_position\n","OutputType":"frame"}
{"Time":"2026-10-07T06:48:45.968693-04:00","Action":"output","Package":"github.com/deliri/primitive/v2026/chit","Test":"TestManifestMembershipCompleteStreamBoundaryTable/empty_interior_member_keeps_its_exact_position","Output":"=== PAUSE TestManifestMembershipCompleteStreamBoundaryTable/empty_interior_member_keeps_its_exact_position\n","OutputType":"frame"}
{"Time":"2026-10-07T06:48:45.968697-04:00","Action":"pause","Package":"github.com/deliri/primitive/v2026/chit","Test":"TestManifestMembershipCompleteStreamBoundaryTable/empty_interior_member_keeps_its_exact_position"}
{"Time":"2026-10-07T06:48:45.968702-04:00","Action":"run","Package":"github.com/deliri/primitive/v2026/chit","Test":"TestManifestMembershipCompleteStreamBoundaryTable/one_below_signed_extent_ceiling_is_authentic"}
{"Time":"2026-10-07T06:48:45.968706-04:00","Action":"output","Package":"github.com/deliri/primitive/v2026/chit","Test":"TestManifestMembershipCompleteStreamBoundaryTable/one_below_signed_extent_ceiling_is_authentic","Output":"=== RUN   TestManifestMembershipCompleteStreamBoundaryTable/one_below_signed_extent_ceiling_is_authentic\n","OutputType":"frame"}
{"Time":"2026-10-07T06:48:45.968718-04:00","Action":"output","Package":"github.com/deliri/primitive/v2026/chit","Test":"TestManifestMembershipCompleteStreamBoundaryTable/one_below_signed_extent_ceiling_is_authentic","Output":"=== PAUSE TestManifestMembershipCompleteStreamBoundaryTable/one_below_signed_extent_ceiling_is_authentic\n","OutputType":"frame"}
{"Time":"2026-10-07T06:48:45.968723-04:00","Action":"pause","Package":"github.com/deliri/primitive/v2026/chit","Test":"TestManifestMembershipCompleteStreamBoundaryTable/one_below_signed_extent_ceiling_is_authentic"}
{"Time":"2026-10-07T06:48:45.968728-04:00","Action":"run","Package":"github.com/deliri/primitive/v2026/chit","Test":"TestManifestMembershipCompleteStreamBoundaryTable/exact_signed_extent_ceiling_is_authentic"}
{"Time":"2026-10-07T06:48:45.968733-04:00","Action":"output","Package":"github.com/deliri/primitive/v2026/chit","Test":"TestManifestMembershipCompleteStreamBoundaryTable/exact_signed_extent_ceiling_is_authentic","Output":"=== RUN   TestManifestMembershipCompleteStreamBoundaryTable/exact_signed_extent_ceiling_is_authentic\n","OutputType":"frame"}
{"Time":"2026-10-07T06:48:45.968737-04:00","Action":"output","Package":"github.com/deliri/primitive/v2026/chit","Test":"TestManifestMembershipCompleteStreamBoundaryTable/exact_signed_extent_ceiling_is_authentic","Output":"=== PAUSE TestManifestMembershipCompleteStreamBoundaryTable/exact_signed_extent_ceiling_is_authentic\n","OutputType":"frame"}
{"Time":"2026-10-07T06:48:45.968741-04:00","Action":"pause","Package":"github.com/deliri/primitive/v2026/chit","Test":"TestManifestMembershipCompleteStreamBoundaryTable/exact_signed_extent_ceiling_is_authentic"}
{"Time":"2026-10-07T06:48:45.968745-04:00","Action":"run","Package":"github.com/deliri/primitive/v2026/chit","Test":"TestManifestMembershipCompleteStreamBoundaryTable/last_member_closes_the_exact_aggregate_extent"}
{"Time":"2026-10-07T06:48:45.968748-04:00","Action":"output","Package":"github.com/deliri/primitive/v2026/chit","Test":"TestManifestMembershipCompleteStreamBoundaryTable/last_member_closes_the_exact_aggregate_extent","Output":"=== RUN   TestManifestMembershipCompleteStreamBoundaryTable/last_member_closes_the_exact_aggregate_extent\n","OutputType":"frame"}
{"Time":"2026-10-07T06:48:45.968753-04:00","Action":"output","Package":"github.com/deliri/primitive/v2026/chit","Test":"TestManifestMembershipCompleteStreamBoundaryTable/last_member_closes_the_exact_aggregate_extent","Output":"=== PAUSE TestManifestMembershipCompleteStreamBoundaryTable/last_member_closes_the_exact_aggregate_extent\n","OutputType":"frame"}
{"Time":"2026-10-07T06:48:45.968757-04:00","Action":"pause","Package":"github.com/deliri/primitive/v2026/chit","Test":"TestManifestMembershipCompleteStreamBoundaryTable/last_member_closes_the_exact_aggregate_extent"}
{"Time":"2026-10-07T06:48:45.968767-04:00","Action":"run","Package":"github.com/deliri/primitive/v2026/chit","Test":"TestManifestMembershipCompleteStreamBoundaryTable/empty_prefix_stays_distinct_beside_saturated_tail"}
{"Time":"2026-10-07T06:48:45.968771-04:00","Action":"output","Package":"github.com/deliri/primitive/v2026/chit","Test":"TestManifestMembershipCompleteStreamBoundaryTable/empty_prefix_stays_distinct_beside_saturated_tail","Output":"=== RUN   TestManifestMembershipCompleteStreamBoundaryTable/empty_prefix_stays_distinct_beside_saturated_tail\n","OutputType":"frame"}
{"Time":"2026-10-07T06:48:45.968777-04:00","Action":"output","Package":"github.com/deliri/primitive/v2026/chit","Test":"TestManifestMembershipCompleteStreamBoundaryTable/empty_prefix_stays_distinct_beside_saturated_tail","Output":"=== PAUSE TestManifestMembershipCompleteStreamBoundaryTable/empty_prefix_stays_distinct_beside_saturated_tail\n","OutputType":"frame"}
{"Time":"2026-10-07T06:48:45.968782-04:00","Action":"pause","Package":"github.com/deliri/primitive/v2026/chit","Test":"TestManifestMembershipCompleteStreamBoundaryTable/empty_prefix_stays_distinct_beside_saturated_tail"}
{"Time":"2026-10-07T06:48:45.968791-04:00","Action":"run","Package":"github.com/deliri/primitive/v2026/chit","Test":"TestManifestMembershipCompleteStreamBoundaryTable/member_beyond_catalog_page_retains_full_stream_closure"}
{"Time":"2026-10-07T06:48:45.968796-04:00","Action":"output","Package":"github.com/deliri/primitive/v2026/chit","Test":"TestManifestMembershipCompleteStreamBoundaryTable/member_beyond_catalog_page_retains_full_stream_closure","Output":"=== RUN   TestManifestMembershipCompleteStreamBoundaryTable/member_beyond_catalog_page_retains_full_stream_closure\n","OutputType":"frame"}
{"Time":"2026-10-07T06:48:45.968802-04:00","Action":"output","Package":"github.com/deliri/primitive/v2026/chit","Test":"TestManifestMembershipCompleteStreamBoundaryTable/member_beyond_catalog_page_retains_full_stream_closure","Output":"=== PAUSE TestManifestMembershipCompleteStreamBoundaryTable/member_beyond_catalog_page_retains_full_stream_closure\n","OutputType":"frame"}
{"Time":"2026-10-07T06:48:45.968806-04:00","Action":"pause","Package":"github.com/deliri/primitive/v2026/chit","Test":"TestManifestMembershipCompleteStreamBoundaryTable/member_beyond_catalog_page_retains_full_stream_closure"}
{"Time":"2026-10-07T06:48:45.968813-04:00","Action":"cont","Package":"github.com/deliri/primitive/v2026/chit","Test":"TestManifestMembershipCompleteStreamBoundaryTable/empty_object_preserves_zero_extent"}
{"Time":"2026-10-07T06:48:45.968817-04:00","Action":"output","Package":"github.com/deliri/primitive/v2026/chit","Test":"TestManifestMembershipCompleteStreamBoundaryTable/empty_object_preserves_zero_extent","Output":"=== CONT  TestManifestMembershipCompleteStreamBoundaryTable/empty_object_preserves_zero_extent\n","OutputType":"frame"}
{"Time":"2026-10-07T06:48:45.972238-04:00","Action":"output","Package":"github.com/deliri/primitive/v2026/chit","Test":"TestManifestMembershipCompleteStreamBoundaryTable/empty_object_preserves_zero_extent","Output":"--- PASS: TestManifestMembershipCompleteStreamBoundaryTable/empty_object_preserves_zero_extent (0.00s)\n","OutputType":"frame"}
{"Time":"2026-10-07T06:48:45.972259-04:00","Action":"pass","Package":"github.com/deliri/primitive/v2026/chit","Test":"TestManifestMembershipCompleteStreamBoundaryTable/empty_object_preserves_zero_extent","Elapsed":0}
{"Time":"2026-10-07T06:48:45.972272-04:00","Action":"cont","Package":"github.com/deliri/primitive/v2026/chit","Test":"TestManifestMembershipLayerTriad"}
{"Time":"2026-10-07T06:48:45.972278-04:00","Action":"output","Package":"github.com/deliri/primitive/v2026/chit","Test":"TestManifestMembershipLayerTriad","Output":"=== CONT  TestManifestMembershipLayerTriad\n","OutputType":"frame"}
{"Time":"2026-10-07T06:48:45.973346-04:00","Action":"run","Package":"github.com/deliri/primitive/v2026/chit","Test":"TestManifestMembershipLayerTriad/positive_exact_verified_closure_restores_exact_entry"}
{"Time":"2026-10-07T06:48:45.973354-04:00","Action":"output","Package":"github.com/deliri/primitive/v2026/chit","Test":"TestManifestMembershipLayerTriad/positive_exact_verified_closure_restores_exact_entry","Output":"=== RUN   TestManifestMembershipLayerTriad/positive_exact_verified_closure_restores_exact_entry\n","OutputType":"frame"}
{"Time":"2026-10-07T06:48:45.973364-04:00","Action":"output","Package":"github.com/deliri/primitive/v2026/chit","Test":"TestManifestMembershipLayerTriad/positive_exact_verified_closure_restores_exact_entry","Output":"=== PAUSE TestManifestMembershipLayerTriad/positive_exact_verified_closure_restores_exact_entry\n","OutputType":"frame"}
{"Time":"2026-10-07T06:48:45.97337-04:00","Action":"pause","Package":"github.com/deliri/primitive/v2026/chit","Test":"TestManifestMembershipLayerTriad/positive_exact_verified_closure_restores_exact_entry"}
{"Time":"2026-10-07T06:48:45.973375-04:00","Action":"run","Package":"github.com/deliri/primitive/v2026/chit","Test":"TestManifestMembershipLayerTriad/neutral_repeated_verification_yields_same_membership"}
{"Time":"2026-10-07T06:48:45.97339-04:00","Action":"output","Package":"github.com/deliri/primitive/v2026/chit","Test":"TestManifestMembershipLayerTriad/neutral_repeated_verification_yields_same_membership","Output":"=== RUN   TestManifestMembershipLayerTriad/neutral_repeated_verification_yields_same_membership\n","OutputType":"frame"}
{"Time":"2026-10-07T06:48:45.973398-04:00","Action":"output","Package":"github.com/deliri/primitive/v2026/chit","Test":"TestManifestMembershipLayerTriad/neutral_repeated_verification_yields_same_membership","Output":"=== PAUSE TestManifestMembershipLayerTriad/neutral_repeated_verification_yields_same_membership\n","OutputType":"frame"}
{"Time":"2026-10-07T06:48:45.973402-04:00","Action":"pause","Package":"github.com/deliri/primitive/v2026/chit","Test":"TestManifestMembershipLayerTriad/neutral_repeated_verification_yields_same_membership"}
{"Time":"2026-10-07T06:48:45.973414-04:00","Action":"run","Package":"github.com/deliri/primitive/v2026/chit","Test":"TestManifestMembershipLayerTriad/negative_unset_certificate"}
{"Time":"2026-10-07T06:48:45.973419-04:00","Action":"output","Package":"github.com/deliri/primitive/v2026/chit","Test":"TestManifestMembershipLayerTriad/negative_unset_certificate","Output":"=== RUN   TestManifestMembershipLayerTriad/negative_unset_certificate\n","OutputType":"frame"}
{"Time":"2026-10-07T06:48:45.973424-04:00","Action":"output","Package":"github.com/deliri/primitive/v2026/chit","Test":"TestManifestMembershipLayerTriad/negative_unset_certificate","Output":"=== PAUSE TestManifestMembershipLayerTriad/negative_unset_certificate\n","OutputType":"frame"}
{"Time":"2026-10-07T06:48:45.973428-04:00","Action":"pause","Package":"github.com/deliri/primitive/v2026/chit","Test":"TestManifestMembershipLayerTriad/negative_unset_certificate"}
{"Time":"2026-10-07T06:48:45.973432-04:00","Action":"run","Package":"github.com/deliri/primitive/v2026/chit","Test":"TestManifestMembershipLayerTriad/negative_unset_custody"}
{"Time":"2026-10-07T06:48:45.973436-04:00","Action":"output","Package":"github.com/deliri/primitive/v2026/chit","Test":"TestManifestMembershipLayerTriad/negative_unset_custody","Output":"=== RUN   TestManifestMembershipLayerTriad/negative_unset_custody\n","OutputType":"frame"}
{"Time":"2026-10-07T06:48:45.97344-04:00","Action":"output","Package":"github.com/deliri/primitive/v2026/chit","Test":"TestManifestMembershipLayerTriad/negative_unset_custody","Output":"=== PAUSE TestManifestMembershipLayerTriad/negative_unset_custody\n","OutputType":"frame"}
{"Time":"2026-10-07T06:48:45.973444-04:00","Action":"pause","Package":"github.com/deliri/primitive/v2026/chit","Test":"TestManifestMembershipLayerTriad/negative_unset_custody"}
{"Time":"2026-10-07T06:48:45.973452-04:00","Action":"run","Package":"github.com/deliri/primitive/v2026/chit","Test":"TestManifestMembershipLayerTriad/negative_unset_receipt"}
{"Time":"2026-10-07T06:48:45.973456-04:00","Action":"output","Package":"github.com/deliri/primitive/v2026/chit","Test":"TestManifestMembershipLayerTriad/negative_unset_receipt","Output":"=== RUN   TestManifestMembershipLayerTriad/negative_unset_receipt\n","OutputType":"frame"}
{"Time":"2026-10-07T06:48:45.97346-04:00","Action":"output","Package":"github.com/deliri/primitive/v2026/chit","Test":"TestManifestMembershipLayerTriad/negative_unset_receipt","Output":"=== PAUSE TestManifestMembershipLayerTriad/negative_unset_receipt\n","OutputType":"frame"}
{"Time":"2026-10-07T06:48:45.973464-04:00","Action":"pause","Package":"github.com/deliri/primitive/v2026/chit","Test":"TestManifestMembershipLayerTriad/negative_unset_receipt"}
{"Time":"2026-10-07T06:48:45.973467-04:00","Action":"run","Package":"github.com/deliri/primitive/v2026/chit","Test":"TestManifestMembershipLayerTriad/negative_untrusted_issuer"}
{"Time":"2026-10-07T06:48:45.973471-04:00","Action":"output","Package":"github.com/deliri/primitive/v2026/chit","Test":"TestManifestMembershipLayerTriad/negative_untrusted_issuer","Output":"=== RUN   TestManifestMembershipLayerTriad/negative_untrusted_issuer\n","OutputType":"frame"}
{"Time":"2026-10-07T06:48:45.973482-04:00","Action":"output","Package":"github.com/deliri/primitive/v2026/chit","Test":"TestManifestMembershipLayerTriad/negative_untrusted_issuer","Output":"=== PAUSE TestManifestMembershipLayerTriad/negative_untrusted_issuer\n","OutputType":"frame"}
{"Time":"2026-10-07T06:48:45.973486-04:00","Action":"pause","Package":"github.com/deliri/primitive/v2026/chit","Test":"TestManifestMembershipLayerTriad/negative_untrusted_issuer"}
{"Time":"2026-10-07T06:48:45.973489-04:00","Action":"run","Package":"github.com/deliri/primitive/v2026/chit","Test":"TestManifestMembershipLayerTriad/negative_unsigned_name_substitution"}
{"Time":"2026-10-07T06:48:45.973493-04:00","Action":"output","Package":"github.com/deliri/primitive/v2026/chit","Test":"TestManifestMembershipLayerTriad/negative_unsigned_name_substitution","Output":"=== RUN   TestManifestMembershipLayerTriad/negative_unsigned_name_substitution\n","OutputType":"frame"}
{"Time":"2026-10-07T06:48:45.973501-04:00","Action":"output","Package":"github.com/deliri/primitive/v2026/chit","Test":"TestManifestMembershipLayerTriad/negative_unsigned_name_substitution","Output":"=== PAUSE TestManifestMembershipLayerTriad/negative_unsigned_name_substitution\n","OutputType":"frame"}
{"Time":"2026-10-07T06:48:45.973505-04:00","Action":"pause","Package":"github.com/deliri/primitive/v2026/chit","Test":"TestManifestMembershipLayerTriad/negative_unsigned_name_substitution"}
{"Time":"2026-10-07T06:48:45.973509-04:00","Action":"run","Package":"github.com/deliri/primitive/v2026/chit","Test":"TestManifestMembershipLayerTriad/negative_foreign_authenticated_custody"}
{"Time":"2026-10-07T06:48:45.973513-04:00","Action":"output","Package":"github.com/deliri/primitive/v2026/chit","Test":"TestManifestMembershipLayerTriad/negative_foreign_authenticated_custody","Output":"=== RUN   TestManifestMembershipLayerTriad/negative_foreign_authenticated_custody\n","OutputType":"frame"}
{"Time":"2026-10-07T06:48:45.973518-04:00","Action":"output","Package":"github.com/deliri/primitive/v2026/chit","Test":"TestManifestMembershipLayerTriad/negative_foreign_authenticated_custody","Output":"=== PAUSE TestManifestMembershipLayerTriad/negative_foreign_authenticated_custody\n","OutputType":"frame"}
{"Time":"2026-10-07T06:48:45.973522-04:00","Action":"pause","Package":"github.com/deliri/primitive/v2026/chit","Test":"TestManifestMembershipLayerTriad/negative_foreign_authenticated_custody"}
{"Time":"2026-10-07T06:48:45.973526-04:00","Action":"run","Package":"github.com/deliri/primitive/v2026/chit","Test":"TestManifestMembershipLayerTriad/negative_foreign_authenticated_receipt"}
{"Time":"2026-10-07T06:48:45.973529-04:00","Action":"output","Package":"github.com/deliri/primitive/v2026/chit","Test":"TestManifestMembershipLayerTriad/negative_foreign_authenticated_receipt","Output":"=== RUN   TestManifestMembershipLayerTriad/negative_foreign_authenticated_receipt\n","OutputType":"frame"}
{"Time":"2026-10-07T06:48:45.973533-04:00","Action":"output","Package":"github.com/deliri/primitive/v2026/chit","Test":"TestManifestMembershipLayerTriad/negative_foreign_authenticated_receipt","Output":"=== PAUSE TestManifestMembershipLayerTriad/negative_foreign_authenticated_receipt\n","OutputType":"frame"}
{"Time":"2026-10-07T06:48:45.973536-04:00","Action":"pause","Package":"github.com/deliri/primitive/v2026/chit","Test":"TestManifestMembershipLayerTriad/negative_foreign_authenticated_receipt"}
{"Time":"2026-10-07T06:48:45.97354-04:00","Action":"run","Package":"github.com/deliri/primitive/v2026/chit","Test":"TestManifestMembershipLayerTriad/negative_wrong_selected_sequence"}
{"Time":"2026-10-07T06:48:45.973543-04:00","Action":"output","Package":"github.com/deliri/primitive/v2026/chit","Test":"TestManifestMembershipLayerTriad/negative_wrong_selected_sequence","Output":"=== RUN   TestManifestMembershipLayerTriad/negative_wrong_selected_sequence\n","OutputType":"frame"}
{"Time":"2026-10-07T06:48:45.973547-04:00","Action":"output","Package":"github.com/deliri/primitive/v2026/chit","Test":"TestManifestMembershipLayerTriad/negative_wrong_selected_sequence","Output":"=== PAUSE TestManifestMembershipLayerTriad/negative_wrong_selected_sequence\n","OutputType":"frame"}
{"Time":"2026-10-07T06:48:45.973554-04:00","Action":"pause","Package":"github.com/deliri/primitive/v2026/chit","Test":"TestManifestMembershipLayerTriad/negative_wrong_selected_sequence"}
{"Time":"2026-10-07T06:48:45.973558-04:00","Action":"run","Package":"github.com/deliri/primitive/v2026/chit","Test":"TestManifestMembershipLayerTriad/negative_unsigned_collection_substitution"}
{"Time":"2026-10-07T06:48:45.973562-04:00","Action":"output","Package":"github.com/deliri/primitive/v2026/chit","Test":"TestManifestMembershipLayerTriad/negative_unsigned_collection_substitution","Output":"=== RUN   TestManifestMembershipLayerTriad/negative_unsigned_collection_substitution\n","OutputType":"frame"}
{"Time":"2026-10-07T06:48:45.973566-04:00","Action":"output","Package":"github.com/deliri/primitive/v2026/chit","Test":"TestManifestMembershipLayerTriad/negative_unsigned_collection_substitution","Output":"=== PAUSE TestManifestMembershipLayerTriad/negative_unsigned_collection_substitution\n","OutputType":"frame"}
{"Time":"2026-10-07T06:48:45.97357-04:00","Action":"pause","Package":"github.com/deliri/primitive/v2026/chit","Test":"TestManifestMembershipLayerTriad/negative_unsigned_collection_substitution"}
{"Time":"2026-10-07T06:48:45.973573-04:00","Action":"run","Package":"github.com/deliri/primitive/v2026/chit","Test":"TestManifestMembershipLayerTriad/negative_foreign_attestation_substitution"}
{"Time":"2026-10-07T06:48:45.973578-04:00","Action":"output","Package":"github.com/deliri/primitive/v2026/chit","Test":"TestManifestMembershipLayerTriad/negative_foreign_attestation_substitution","Output":"=== RUN   TestManifestMembershipLayerTriad/negative_foreign_attestation_substitution\n","OutputType":"frame"}
{"Time":"2026-10-07T06:48:45.973583-04:00","Action":"output","Package":"github.com/deliri/primitive/v2026/chit","Test":"TestManifestMembershipLayerTriad/negative_foreign_attestation_substitution","Output":"=== PAUSE TestManifestMembershipLayerTriad/negative_foreign_attestation_substitution\n","OutputType":"frame"}
{"Time":"2026-10-07T06:48:45.973587-04:00","Action":"pause","Package":"github.com/deliri/primitive/v2026/chit","Test":"TestManifestMembershipLayerTriad/negative_foreign_attestation_substitution"}
{"Time":"2026-10-07T06:48:45.973591-04:00","Action":"cont","Package":"github.com/deliri/primitive/v2026/chit","Test":"TestManifestMembershipLayerTriad/positive_exact_verified_closure_restores_exact_entry"}
{"Time":"2026-10-07T06:48:45.973594-04:00","Action":"output","Package":"github.com/deliri/primitive/v2026/chit","Test":"TestManifestMembershipLayerTriad/positive_exact_verified_closure_restores_exact_entry","Output":"=== CONT  TestManifestMembershipLayerTriad/positive_exact_verified_closure_restores_exact_entry\n","OutputType":"frame"}
{"Time":"2026-10-07T06:48:45.973608-04:00","Action":"output","Package":"github.com/deliri/primitive/v2026/chit","Test":"TestManifestMembershipLayerTriad/positive_exact_verified_closure_restores_exact_entry","Output":"--- PASS: TestManifestMembershipLayerTriad/positive_exact_verified_closure_restores_exact_entry (0.00s)\n","OutputType":"frame"}
{"Time":"2026-10-07T06:48:45.973614-04:00","Action":"pass","Package":"github.com/deliri/primitive/v2026/chit","Test":"TestManifestMembershipLayerTriad/positive_exact_verified_closure_restores_exact_entry","Elapsed":0}
{"Time":"2026-10-07T06:48:45.973618-04:00","Action":"cont","Package":"github.com/deliri/primitive/v2026/chit","Test":"TestManifestMembershipCompleteStreamBoundaryTable/member_beyond_catalog_page_retains_full_stream_closure"}
{"Time":"2026-10-07T06:48:45.973623-04:00","Action":"output","Package":"github.com/deliri/primitive/v2026/chit","Test":"TestManifestMembershipCompleteStreamBoundaryTable/member_beyond_catalog_page_retains_full_stream_closure","Output":"=== CONT  TestManifestMembershipCompleteStreamBoundaryTable/member_beyond_catalog_page_retains_full_stream_closure\n","OutputType":"frame"}
{"Time":"2026-10-07T06:48:45.995164-04:00","Action":"output","Package":"github.com/deliri/primitive/v2026/chit","Test":"TestManifestMembershipCompleteStreamBoundaryTable/member_beyond_catalog_page_retains_full_stream_closure","Output":"--- PASS: TestManifestMembershipCompleteStreamBoundaryTable/member_beyond_catalog_page_retains_full_stream_closure (0.02s)\n","OutputType":"frame"}
{"Time":"2026-10-07T06:48:45.995239-04:00","Action":"pass","Package":"github.com/deliri/primitive/v2026/chit","Test":"TestManifestMembershipCompleteStreamBoundaryTable/member_beyond_catalog_page_retains_full_stream_closure","Elapsed":0.02}
{"Time":"2026-10-07T06:48:45.995254-04:00","Action":"cont","Package":"github.com/deliri/primitive/v2026/chit","Test":"TestManifestMembershipCompleteStreamBoundaryTable/empty_prefix_stays_distinct_beside_saturated_tail"}
{"Time":"2026-10-07T06:48:45.995262-04:00","Action":"output","Package":"github.com/deliri/primitive/v2026/chit","Test":"TestManifestMembershipCompleteStreamBoundaryTable/empty_prefix_stays_distinct_beside_saturated_tail","Output":"=== CONT  TestManifestMembershipCompleteStreamBoundaryTable/empty_prefix_stays_distinct_beside_saturated_tail\n","OutputType":"frame"}
{"Time":"2026-10-07T06:48:45.996851-04:00","Action":"output","Package":"github.com/deliri/primitive/v2026/chit","Test":"TestManifestMembershipCompleteStreamBoundaryTable/empty_prefix_stays_distinct_beside_saturated_tail","Output":"--- PASS: TestManifestMembershipCompleteStreamBoundaryTable/empty_prefix_stays_distinct_beside_saturated_tail (0.00s)\n","OutputType":"frame"}
{"Time":"2026-10-07T06:48:45.996861-04:00","Action":"pass","Package":"github.com/deliri/primitive/v2026/chit","Test":"TestManifestMembershipCompleteStreamBoundaryTable/empty_prefix_stays_distinct_beside_saturated_tail","Elapsed":0}
{"Time":"2026-10-07T06:48:45.996866-04:00","Action":"cont","Package":"github.com/deliri/primitive/v2026/chit","Test":"TestManifestMembershipCompleteStreamBoundaryTable/last_member_closes_the_exact_aggregate_extent"}
{"Time":"2026-10-07T06:48:45.99687-04:00","Action":"output","Package":"github.com/deliri/primitive/v2026/chit","Test":"TestManifestMembershipCompleteStreamBoundaryTable/last_member_closes_the_exact_aggregate_extent","Output":"=== CONT  TestManifestMembershipCompleteStreamBoundaryTable/last_member_closes_the_exact_aggregate_extent\n","OutputType":"frame"}
{"Time":"2026-10-07T06:48:45.99907-04:00","Action":"output","Package":"github.com/deliri/primitive/v2026/chit","Test":"TestManifestMembershipCompleteStreamBoundaryTable/last_member_closes_the_exact_aggregate_extent","Output":"--- PASS: TestManifestMembershipCompleteStreamBoundaryTable/last_member_closes_the_exact_aggregate_extent (0.00s)\n","OutputType":"frame"}
{"Time":"2026-10-07T06:48:45.999079-04:00","Action":"pass","Package":"github.com/deliri/primitive/v2026/chit","Test":"TestManifestMembershipCompleteStreamBoundaryTable/last_member_closes_the_exact_aggregate_extent","Elapsed":0}
{"Time":"2026-10-07T06:48:45.999084-04:00","Action":"cont","Package":"github.com/deliri/primitive/v2026/chit","Test":"TestManifestMembershipCompleteStreamBoundaryTable/exact_signed_extent_ceiling_is_authentic"}
{"Time":"2026-10-07T06:48:45.999088-04:00","Action":"output","Package":"github.com/deliri/primitive/v2026/chit","Test":"TestManifestMembershipCompleteStreamBoundaryTable/exact_signed_extent_ceiling_is_authentic","Output":"=== CONT  TestManifestMembershipCompleteStreamBoundaryTable/exact_signed_extent_ceiling_is_authentic\n","OutputType":"frame"}
{"Time":"2026-10-07T06:48:46.001021-04:00","Action":"output","Package":"github.com/deliri/primitive/v2026/chit","Test":"TestManifestMembershipCompleteStreamBoundaryTable/exact_signed_extent_ceiling_is_authentic","Output":"--- PASS: TestManifestMembershipCompleteStreamBoundaryTable/exact_signed_extent_ceiling_is_authentic (0.00s)\n","OutputType":"frame"}
{"Time":"2026-10-07T06:48:46.001031-04:00","Action":"pass","Package":"github.com/deliri/primitive/v2026/chit","Test":"TestManifestMembershipCompleteStreamBoundaryTable/exact_signed_extent_ceiling_is_authentic","Elapsed":0}
{"Time":"2026-10-07T06:48:46.001065-04:00","Action":"cont","Package":"github.com/deliri/primitive/v2026/chit","Test":"TestManifestMembershipCompleteStreamBoundaryTable/one_below_signed_extent_ceiling_is_authentic"}
{"Time":"2026-10-07T06:48:46.00107-04:00","Action":"output","Package":"github.com/deliri/primitive/v2026/chit","Test":"TestManifestMembershipCompleteStreamBoundaryTable/one_below_signed_extent_ceiling_is_authentic","Output":"=== CONT  TestManifestMembershipCompleteStreamBoundaryTable/one_below_signed_extent_ceiling_is_authentic\n","OutputType":"frame"}
{"Time":"2026-10-07T06:48:46.002785-04:00","Action":"output","Package":"github.com/deliri/primitive/v2026/chit","Test":"TestManifestMembershipCompleteStreamBoundaryTable/one_below_signed_extent_ceiling_is_authentic","Output":"--- PASS: TestManifestMembershipCompleteStreamBoundaryTable/one_below_signed_extent_ceiling_is_authentic (0.00s)\n","OutputType":"frame"}
{"Time":"2026-10-07T06:48:46.0028-04:00","Action":"pass","Package":"github.com/deliri/primitive/v2026/chit","Test":"TestManifestMembershipCompleteStreamBoundaryTable/one_below_signed_extent_ceiling_is_authentic","Elapsed":0}
{"Time":"2026-10-07T06:48:46.002805-04:00","Action":"cont","Package":"github.com/deliri/primitive/v2026/chit","Test":"TestManifestMembershipCompleteStreamBoundaryTable/empty_interior_member_keeps_its_exact_position"}
{"Time":"2026-10-07T06:48:46.002812-04:00","Action":"output","Package":"github.com/deliri/primitive/v2026/chit","Test":"TestManifestMembershipCompleteStreamBoundaryTable/empty_interior_member_keeps_its_exact_position","Output":"=== CONT  TestManifestMembershipCompleteStreamBoundaryTable/empty_interior_member_keeps_its_exact_position\n","OutputType":"frame"}
{"Time":"2026-10-07T06:48:46.005012-04:00","Action":"output","Package":"github.com/deliri/primitive/v2026/chit","Test":"TestManifestMembershipCompleteStreamBoundaryTable/empty_interior_member_keeps_its_exact_position","Output":"--- PASS: TestManifestMembershipCompleteStreamBoundaryTable/empty_interior_member_keeps_its_exact_position (0.00s)\n","OutputType":"frame"}
{"Time":"2026-10-07T06:48:46.005028-04:00","Action":"pass","Package":"github.com/deliri/primitive/v2026/chit","Test":"TestManifestMembershipCompleteStreamBoundaryTable/empty_interior_member_keeps_its_exact_position","Elapsed":0}
{"Time":"2026-10-07T06:48:46.005035-04:00","Action":"cont","Package":"github.com/deliri/primitive/v2026/chit","Test":"TestManifestMembershipCompleteStreamBoundaryTable/last_member_remains_bound_to_a_nonempty_prefix"}
{"Time":"2026-10-07T06:48:46.005043-04:00","Action":"output","Package":"github.com/deliri/primitive/v2026/chit","Test":"TestManifestMembershipCompleteStreamBoundaryTable/last_member_remains_bound_to_a_nonempty_prefix","Output":"=== CONT  TestManifestMembershipCompleteStreamBoundaryTable/last_member_remains_bound_to_a_nonempty_prefix\n","OutputType":"frame"}
{"Time":"2026-10-07T06:48:46.006814-04:00","Action":"output","Package":"github.com/deliri/primitive/v2026/chit","Test":"TestManifestMembershipCompleteStreamBoundaryTable/last_member_remains_bound_to_a_nonempty_prefix","Output":"--- PASS: TestManifestMembershipCompleteStreamBoundaryTable/last_member_remains_bound_to_a_nonempty_prefix (0.00s)\n","OutputType":"frame"}
{"Time":"2026-10-07T06:48:46.00686-04:00","Action":"pass","Package":"github.com/deliri/primitive/v2026/chit","Test":"TestManifestMembershipCompleteStreamBoundaryTable/last_member_remains_bound_to_a_nonempty_prefix","Elapsed":0}
{"Time":"2026-10-07T06:48:46.006869-04:00","Action":"cont","Package":"github.com/deliri/primitive/v2026/chit","Test":"TestManifestMembershipCompleteStreamBoundaryTable/first_member_remains_bound_to_a_nonempty_tail"}
{"Time":"2026-10-07T06:48:46.006874-04:00","Action":"output","Package":"github.com/deliri/primitive/v2026/chit","Test":"TestManifestMembershipCompleteStreamBoundaryTable/first_member_remains_bound_to_a_nonempty_tail","Output":"=== CONT  TestManifestMembershipCompleteStreamBoundaryTable/first_member_remains_bound_to_a_nonempty_tail\n","OutputType":"frame"}
{"Time":"2026-10-07T06:48:46.008598-04:00","Action":"output","Package":"github.com/deliri/primitive/v2026/chit","Test":"TestManifestMembershipCompleteStreamBoundaryTable/first_member_remains_bound_to_a_nonempty_tail","Output":"--- PASS: TestManifestMembershipCompleteStreamBoundaryTable/first_member_remains_bound_to_a_nonempty_tail (0.00s)\n","OutputType":"frame"}
{"Time":"2026-10-07T06:48:46.008625-04:00","Action":"pass","Package":"github.com/deliri/primitive/v2026/chit","Test":"TestManifestMembershipCompleteStreamBoundaryTable/first_member_remains_bound_to_a_nonempty_tail","Elapsed":0}
{"Time":"2026-10-07T06:48:46.008632-04:00","Action":"cont","Package":"github.com/deliri/primitive/v2026/chit","Test":"TestManifestMembershipCompleteStreamBoundaryTable/minimum_nonempty_object_preserves_one_byte"}
{"Time":"2026-10-07T06:48:46.008637-04:00","Action":"output","Package":"github.com/deliri/primitive/v2026/chit","Test":"TestManifestMembershipCompleteStreamBoundaryTable/minimum_nonempty_object_preserves_one_byte","Output":"=== CONT  TestManifestMembershipCompleteStreamBoundaryTable/minimum_nonempty_object_preserves_one_byte\n","OutputType":"frame"}
{"Time":"2026-10-07T06:48:46.01004-04:00","Action":"output","Package":"github.com/deliri/primitive/v2026/chit","Test":"TestManifestMembershipCompleteStreamBoundaryTable/minimum_nonempty_object_preserves_one_byte","Output":"--- PASS: TestManifestMembershipCompleteStreamBoundaryTable/minimum_nonempty_object_preserves_one_byte (0.00s)\n","OutputType":"frame"}
{"Time":"2026-10-07T06:48:46.010055-04:00","Action":"pass","Package":"github.com/deliri/primitive/v2026/chit","Test":"TestManifestMembershipCompleteStreamBoundaryTable/minimum_nonempty_object_preserves_one_byte","Elapsed":0}
{"Time":"2026-10-07T06:48:46.010062-04:00","Action":"output","Package":"github.com/deliri/primitive/v2026/chit","Test":"TestManifestMembershipCompleteStreamBoundaryTable","Output":"--- PASS: TestManifestMembershipCompleteStreamBoundaryTable (0.00s)\n","OutputType":"frame"}
{"Time":"2026-10-07T06:48:46.010068-04:00","Action":"pass","Package":"github.com/deliri/primitive/v2026/chit","Test":"TestManifestMembershipCompleteStreamBoundaryTable","Elapsed":0}
{"Time":"2026-10-07T06:48:46.010072-04:00","Action":"cont","Package":"github.com/deliri/primitive/v2026/chit","Test":"TestManifestMembershipLayerTriad/negative_foreign_attestation_substitution"}
{"Time":"2026-10-07T06:48:46.010078-04:00","Action":"output","Package":"github.com/deliri/primitive/v2026/chit","Test":"TestManifestMembershipLayerTriad/negative_foreign_attestation_substitution","Output":"=== CONT  TestManifestMembershipLayerTriad/negative_foreign_attestation_substitution\n","OutputType":"frame"}
{"Time":"2026-10-07T06:48:46.010086-04:00","Action":"output","Package":"github.com/deliri/primitive/v2026/chit","Test":"TestManifestMembershipLayerTriad/negative_foreign_attestation_substitution","Output":"--- PASS: TestManifestMembershipLayerTriad/negative_foreign_attestation_substitution (0.00s)\n","OutputType":"frame"}
{"Time":"2026-10-07T06:48:46.010109-04:00","Action":"pass","Package":"github.com/deliri/primitive/v2026/chit","Test":"TestManifestMembershipLayerTriad/negative_foreign_attestation_substitution","Elapsed":0}
{"Time":"2026-10-07T06:48:46.010113-04:00","Action":"cont","Package":"github.com/deliri/primitive/v2026/chit","Test":"TestManifestMembershipLayerTriad/negative_unsigned_collection_substitution"}
{"Time":"2026-10-07T06:48:46.010117-04:00","Action":"output","Package":"github.com/deliri/primitive/v2026/chit","Test":"TestManifestMembershipLayerTriad/negative_unsigned_collection_substitution","Output":"=== CONT  TestManifestMembershipLayerTriad/negative_unsigned_collection_substitution\n","OutputType":"frame"}
{"Time":"2026-10-07T06:48:46.010122-04:00","Action":"output","Package":"github.com/deliri/primitive/v2026/chit","Test":"TestManifestMembershipLayerTriad/negative_unsigned_collection_substitution","Output":"--- PASS: TestManifestMembershipLayerTriad/negative_unsigned_collection_substitution (0.00s)\n","OutputType":"frame"}
{"Time":"2026-10-07T06:48:46.01014-04:00","Action":"pass","Package":"github.com/deliri/primitive/v2026/chit","Test":"TestManifestMembershipLayerTriad/negative_unsigned_collection_substitution","Elapsed":0}
{"Time":"2026-10-07T06:48:46.010143-04:00","Action":"cont","Package":"github.com/deliri/primitive/v2026/chit","Test":"TestManifestMembershipLayerTriad/negative_wrong_selected_sequence"}
{"Time":"2026-10-07T06:48:46.010147-04:00","Action":"output","Package":"github.com/deliri/primitive/v2026/chit","Test":"TestManifestMembershipLayerTriad/negative_wrong_selected_sequence","Output":"=== CONT  TestManifestMembershipLayerTriad/negative_wrong_selected_sequence\n","OutputType":"frame"}
{"Time":"2026-10-07T06:48:46.010154-04:00","Action":"output","Package":"github.com/deliri/primitive/v2026/chit","Test":"TestManifestMembershipLayerTriad/negative_wrong_selected_sequence","Output":"--- PASS: TestManifestMembershipLayerTriad/negative_wrong_selected_sequence (0.00s)\n","OutputType":"frame"}
{"Time":"2026-10-07T06:48:46.01016-04:00","Action":"pass","Package":"github.com/deliri/primitive/v2026/chit","Test":"TestManifestMembershipLayerTriad/negative_wrong_selected_sequence","Elapsed":0}
{"Time":"2026-10-07T06:48:46.010164-04:00","Action":"cont","Package":"github.com/deliri/primitive/v2026/chit","Test":"TestManifestMembershipLayerTriad/negative_foreign_authenticated_receipt"}
{"Time":"2026-10-07T06:48:46.010168-04:00","Action":"output","Package":"github.com/deliri/primitive/v2026/chit","Test":"TestManifestMembershipLayerTriad/negative_foreign_authenticated_receipt","Output":"=== CONT  TestManifestMembershipLayerTriad/negative_foreign_authenticated_receipt\n","OutputType":"frame"}
{"Time":"2026-10-07T06:48:46.01025-04:00","Action":"output","Package":"github.com/deliri/primitive/v2026/chit","Test":"TestManifestMembershipLayerTriad/negative_foreign_authenticated_receipt","Output":"--- PASS: TestManifestMembershipLayerTriad/negative_foreign_authenticated_receipt (0.00s)\n","OutputType":"frame"}
{"Time":"2026-10-07T06:48:46.010261-04:00","Action":"pass","Package":"github.com/deliri/primitive/v2026/chit","Test":"TestManifestMembershipLayerTriad/negative_foreign_authenticated_receipt","Elapsed":0}
{"Time":"2026-10-07T06:48:46.010266-04:00","Action":"cont","Package":"github.com/deliri/primitive/v2026/chit","Test":"TestManifestMembershipLayerTriad/negative_foreign_authenticated_custody"}
{"Time":"2026-10-07T06:48:46.010271-04:00","Action":"output","Package":"github.com/deliri/primitive/v2026/chit","Test":"TestManifestMembershipLayerTriad/negative_foreign_authenticated_custody","Output":"=== CONT  TestManifestMembershipLayerTriad/negative_foreign_authenticated_custody\n","OutputType":"frame"}
{"Time":"2026-10-07T06:48:46.010341-04:00","Action":"output","Package":"github.com/deliri/primitive/v2026/chit","Test":"TestManifestMembershipLayerTriad/negative_foreign_authenticated_custody","Output":"--- PASS: TestManifestMembershipLayerTriad/negative_foreign_authenticated_custody (0.00s)\n","OutputType":"frame"}
{"Time":"2026-10-07T06:48:46.01035-04:00","Action":"pass","Package":"github.com/deliri/primitive/v2026/chit","Test":"TestManifestMembershipLayerTriad/negative_foreign_authenticated_custody","Elapsed":0}
{"Time":"2026-10-07T06:48:46.010355-04:00","Action":"cont","Package":"github.com/deliri/primitive/v2026/chit","Test":"TestManifestMembershipLayerTriad/negative_unsigned_name_substitution"}
{"Time":"2026-10-07T06:48:46.010366-04:00","Action":"output","Package":"github.com/deliri/primitive/v2026/chit","Test":"TestManifestMembershipLayerTriad/negative_unsigned_name_substitution","Output":"=== CONT  TestManifestMembershipLayerTriad/negative_unsigned_name_substitution\n","OutputType":"frame"}
{"Time":"2026-10-07T06:48:46.010373-04:00","Action":"output","Package":"github.com/deliri/primitive/v2026/chit","Test":"TestManifestMembershipLayerTriad/negative_unsigned_name_substitution","Output":"--- PASS: TestManifestMembershipLayerTriad/negative_unsigned_name_substitution (0.00s)\n","OutputType":"frame"}
{"Time":"2026-10-07T06:48:46.010378-04:00","Action":"pass","Package":"github.com/deliri/primitive/v2026/chit","Test":"TestManifestMembershipLayerTriad/negative_unsigned_name_substitution","Elapsed":0}
{"Time":"2026-10-07T06:48:46.010387-04:00","Action":"cont","Package":"github.com/deliri/primitive/v2026/chit","Test":"TestManifestMembershipLayerTriad/negative_untrusted_issuer"}
{"Time":"2026-10-07T06:48:46.010391-04:00","Action":"output","Package":"github.com/deliri/primitive/v2026/chit","Test":"TestManifestMembershipLayerTriad/negative_untrusted_issuer","Output":"=== CONT  TestManifestMembershipLayerTriad/negative_untrusted_issuer\n","OutputType":"frame"}
{"Time":"2026-10-07T06:48:46.010397-04:00","Action":"output","Package":"github.com/deliri/primitive/v2026/chit","Test":"TestManifestMembershipLayerTriad/negative_untrusted_issuer","Output":"--- PASS: TestManifestMembershipLayerTriad/negative_untrusted_issuer (0.00s)\n","OutputType":"frame"}
{"Time":"2026-10-07T06:48:46.010401-04:00","Action":"pass","Package":"github.com/deliri/primitive/v2026/chit","Test":"TestManifestMembershipLayerTriad/negative_untrusted_issuer","Elapsed":0}
{"Time":"2026-10-07T06:48:46.010405-04:00","Action":"cont","Package":"github.com/deliri/primitive/v2026/chit","Test":"TestManifestMembershipLayerTriad/negative_unset_receipt"}
{"Time":"2026-10-07T06:48:46.01041-04:00","Action":"output","Package":"github.com/deliri/primitive/v2026/chit","Test":"TestManifestMembershipLayerTriad/negative_unset_receipt","Output":"=== CONT  TestManifestMembershipLayerTriad/negative_unset_receipt\n","OutputType":"frame"}
{"Time":"2026-10-07T06:48:46.010414-04:00","Action":"output","Package":"github.com/deliri/primitive/v2026/chit","Test":"TestManifestMembershipLayerTriad/negative_unset_receipt","Output":"--- PASS: TestManifestMembershipLayerTriad/negative_unset_receipt (0.00s)\n","OutputType":"frame"}
{"Time":"2026-10-07T06:48:46.01042-04:00","Action":"pass","Package":"github.com/deliri/primitive/v2026/chit","Test":"TestManifestMembershipLayerTriad/negative_unset_receipt","Elapsed":0}
{"Time":"2026-10-07T06:48:46.010424-04:00","Action":"cont","Package":"github.com/deliri/primitive/v2026/chit","Test":"TestManifestMembershipLayerTriad/negative_unset_custody"}
{"Time":"2026-10-07T06:48:46.010428-04:00","Action":"output","Package":"github.com/deliri/primitive/v2026/chit","Test":"TestManifestMembershipLayerTriad/negative_unset_custody","Output":"=== CONT  TestManifestMembershipLayerTriad/negative_unset_custody\n","OutputType":"frame"}
{"Time":"2026-10-07T06:48:46.01044-04:00","Action":"output","Package":"github.com/deliri/primitive/v2026/chit","Test":"TestManifestMembershipLayerTriad/negative_unset_custody","Output":"--- PASS: TestManifestMembershipLayerTriad/negative_unset_custody (0.00s)\n","OutputType":"frame"}
{"Time":"2026-10-07T06:48:46.010447-04:00","Action":"pass","Package":"github.com/deliri/primitive/v2026/chit","Test":"TestManifestMembershipLayerTriad/negative_unset_custody","Elapsed":0}
{"Time":"2026-10-07T06:48:46.010451-04:00","Action":"cont","Package":"github.com/deliri/primitive/v2026/chit","Test":"TestManifestMembershipLayerTriad/negative_unset_certificate"}
{"Time":"2026-10-07T06:48:46.010455-04:00","Action":"output","Package":"github.com/deliri/primitive/v2026/chit","Test":"TestManifestMembershipLayerTriad/negative_unset_certificate","Output":"=== CONT  TestManifestMembershipLayerTriad/negative_unset_certificate\n","OutputType":"frame"}
{"Time":"2026-10-07T06:48:46.01046-04:00","Action":"output","Package":"github.com/deliri/primitive/v2026/chit","Test":"TestManifestMembershipLayerTriad/negative_unset_certificate","Output":"--- PASS: TestManifestMembershipLayerTriad/negative_unset_certificate (0.00s)\n","OutputType":"frame"}
{"Time":"2026-10-07T06:48:46.010467-04:00","Action":"pass","Package":"github.com/deliri/primitive/v2026/chit","Test":"TestManifestMembershipLayerTriad/negative_unset_certificate","Elapsed":0}
{"Time":"2026-10-07T06:48:46.010472-04:00","Action":"cont","Package":"github.com/deliri/primitive/v2026/chit","Test":"TestManifestMembershipLayerTriad/neutral_repeated_verification_yields_same_membership"}
{"Time":"2026-10-07T06:48:46.010481-04:00","Action":"output","Package":"github.com/deliri/primitive/v2026/chit","Test":"TestManifestMembershipLayerTriad/neutral_repeated_verification_yields_same_membership","Output":"=== CONT  TestManifestMembershipLayerTriad/neutral_repeated_verification_yields_same_membership\n","OutputType":"frame"}
{"Time":"2026-10-07T06:48:46.010492-04:00","Action":"output","Package":"github.com/deliri/primitive/v2026/chit","Test":"TestManifestMembershipLayerTriad/neutral_repeated_verification_yields_same_membership","Output":"--- PASS: TestManifestMembershipLayerTriad/neutral_repeated_verification_yields_same_membership (0.00s)\n","OutputType":"frame"}
{"Time":"2026-10-07T06:48:46.010498-04:00","Action":"pass","Package":"github.com/deliri/primitive/v2026/chit","Test":"TestManifestMembershipLayerTriad/neutral_repeated_verification_yields_same_membership","Elapsed":0}
{"Time":"2026-10-07T06:48:46.010503-04:00","Action":"output","Package":"github.com/deliri/primitive/v2026/chit","Test":"TestManifestMembershipLayerTriad","Output":"--- PASS: TestManifestMembershipLayerTriad (0.00s)\n","OutputType":"frame"}
{"Time":"2026-10-07T06:48:46.010508-04:00","Action":"pass","Package":"github.com/deliri/primitive/v2026/chit","Test":"TestManifestMembershipLayerTriad","Elapsed":0}
{"Time":"2026-10-07T06:48:46.010517-04:00","Action":"output","Package":"github.com/deliri/primitive/v2026/chit","Output":"PASS\n","OutputType":"frame"}
{"Time":"2026-10-07T06:48:46.01119-04:00","Action":"output","Package":"github.com/deliri/primitive/v2026/chit","Output":"ok  \tgithub.com/deliri/primitive/v2026/chit\t0.255s\n"}
{"Time":"2026-10-07T06:48:46.011213-04:00","Action":"pass","Package":"github.com/deliri/primitive/v2026/chit","Elapsed":0.256}
