{"Time":"2026-10-08T03:41:19.612126-04:00","Action":"start","Package":"github.com/deliri/primitive/v2026/core"}
{"Time":"2026-10-08T03:41:19.746414-04:00","Action":"run","Package":"github.com/deliri/primitive/v2026/core","Test":"TestPrimitiveArchitectureExactCatalogRatchet"}
{"Time":"2026-10-08T03:41:19.746559-04:00","Action":"output","Package":"github.com/deliri/primitive/v2026/core","Test":"TestPrimitiveArchitectureExactCatalogRatchet","Output":"=== RUN   TestPrimitiveArchitectureExactCatalogRatchet\n","OutputType":"frame"}
{"Time":"2026-10-08T03:41:19.746624-04:00","Action":"output","Package":"github.com/deliri/primitive/v2026/core","Test":"TestPrimitiveArchitectureExactCatalogRatchet","Output":"=== PAUSE TestPrimitiveArchitectureExactCatalogRatchet\n","OutputType":"frame"}
{"Time":"2026-10-08T03:41:19.746632-04:00","Action":"pause","Package":"github.com/deliri/primitive/v2026/core","Test":"TestPrimitiveArchitectureExactCatalogRatchet"}
{"Time":"2026-10-08T03:41:19.746644-04:00","Action":"run","Package":"github.com/deliri/primitive/v2026/core","Test":"TestArchitectureCatalogRejectsEveryStructuralFailureMode"}
{"Time":"2026-10-08T03:41:19.74665-04:00","Action":"output","Package":"github.com/deliri/primitive/v2026/core","Test":"TestArchitectureCatalogRejectsEveryStructuralFailureMode","Output":"=== RUN   TestArchitectureCatalogRejectsEveryStructuralFailureMode\n","OutputType":"frame"}
{"Time":"2026-10-08T03:41:19.746673-04:00","Action":"output","Package":"github.com/deliri/primitive/v2026/core","Test":"TestArchitectureCatalogRejectsEveryStructuralFailureMode","Output":"=== PAUSE TestArchitectureCatalogRejectsEveryStructuralFailureMode\n","OutputType":"frame"}
{"Time":"2026-10-08T03:41:19.746679-04:00","Action":"pause","Package":"github.com/deliri/primitive/v2026/core","Test":"TestArchitectureCatalogRejectsEveryStructuralFailureMode"}
{"Time":"2026-10-08T03:41:19.746685-04:00","Action":"run","Package":"github.com/deliri/primitive/v2026/core","Test":"TestErrorIdentityExhaustsClosedDomainAndParentDecisions"}
{"Time":"2026-10-08T03:41:19.74669-04:00","Action":"output","Package":"github.com/deliri/primitive/v2026/core","Test":"TestErrorIdentityExhaustsClosedDomainAndParentDecisions","Output":"=== RUN   TestErrorIdentityExhaustsClosedDomainAndParentDecisions\n","OutputType":"frame"}
{"Time":"2026-10-08T03:41:19.746695-04:00","Action":"output","Package":"github.com/deliri/primitive/v2026/core","Test":"TestErrorIdentityExhaustsClosedDomainAndParentDecisions","Output":"=== PAUSE TestErrorIdentityExhaustsClosedDomainAndParentDecisions\n","OutputType":"frame"}
{"Time":"2026-10-08T03:41:19.7467-04:00","Action":"pause","Package":"github.com/deliri/primitive/v2026/core","Test":"TestErrorIdentityExhaustsClosedDomainAndParentDecisions"}
{"Time":"2026-10-08T03:41:19.746714-04:00","Action":"run","Package":"github.com/deliri/primitive/v2026/core","Test":"TestErrorIdentityMatchesEveryClosedDomainPair"}
{"Time":"2026-10-08T03:41:19.746719-04:00","Action":"output","Package":"github.com/deliri/primitive/v2026/core","Test":"TestErrorIdentityMatchesEveryClosedDomainPair","Output":"=== RUN   TestErrorIdentityMatchesEveryClosedDomainPair\n","OutputType":"frame"}
{"Time":"2026-10-08T03:41:19.746725-04:00","Action":"output","Package":"github.com/deliri/primitive/v2026/core","Test":"TestErrorIdentityMatchesEveryClosedDomainPair","Output":"=== PAUSE TestErrorIdentityMatchesEveryClosedDomainPair\n","OutputType":"frame"}
{"Time":"2026-10-08T03:41:19.746729-04:00","Action":"pause","Package":"github.com/deliri/primitive/v2026/core","Test":"TestErrorIdentityMatchesEveryClosedDomainPair"}
{"Time":"2026-10-08T03:41:19.746734-04:00","Action":"run","Package":"github.com/deliri/primitive/v2026/core","Test":"TestErrorIdentityStableTextAndJSONExhaustClosedDomain"}
{"Time":"2026-10-08T03:41:19.746738-04:00","Action":"output","Package":"github.com/deliri/primitive/v2026/core","Test":"TestErrorIdentityStableTextAndJSONExhaustClosedDomain","Output":"=== RUN   TestErrorIdentityStableTextAndJSONExhaustClosedDomain\n","OutputType":"frame"}
{"Time":"2026-10-08T03:41:19.746744-04:00","Action":"output","Package":"github.com/deliri/primitive/v2026/core","Test":"TestErrorIdentityStableTextAndJSONExhaustClosedDomain","Output":"=== PAUSE TestErrorIdentityStableTextAndJSONExhaustClosedDomain\n","OutputType":"frame"}
{"Time":"2026-10-08T03:41:19.746767-04:00","Action":"pause","Package":"github.com/deliri/primitive/v2026/core","Test":"TestErrorIdentityStableTextAndJSONExhaustClosedDomain"}
{"Time":"2026-10-08T03:41:19.746881-04:00","Action":"run","Package":"github.com/deliri/primitive/v2026/core","Test":"TestErrorIdentityVisitSetCoversTheWholeClosedDomain"}
{"Time":"2026-10-08T03:41:19.74691-04:00","Action":"output","Package":"github.com/deliri/primitive/v2026/core","Test":"TestErrorIdentityVisitSetCoversTheWholeClosedDomain","Output":"=== RUN   TestErrorIdentityVisitSetCoversTheWholeClosedDomain\n","OutputType":"frame"}
{"Time":"2026-10-08T03:41:19.746958-04:00","Action":"output","Package":"github.com/deliri/primitive/v2026/core","Test":"TestErrorIdentityVisitSetCoversTheWholeClosedDomain","Output":"=== PAUSE TestErrorIdentityVisitSetCoversTheWholeClosedDomain\n","OutputType":"frame"}
{"Time":"2026-10-08T03:41:19.746968-04:00","Action":"pause","Package":"github.com/deliri/primitive/v2026/core","Test":"TestErrorIdentityVisitSetCoversTheWholeClosedDomain"}
{"Time":"2026-10-08T03:41:19.747012-04:00","Action":"run","Package":"github.com/deliri/primitive/v2026/core","Test":"TestErrorIdentityVisitSetMarksBothSidesOfEveryWordBoundary"}
{"Time":"2026-10-08T03:41:19.747025-04:00","Action":"output","Package":"github.com/deliri/primitive/v2026/core","Test":"TestErrorIdentityVisitSetMarksBothSidesOfEveryWordBoundary","Output":"=== RUN   TestErrorIdentityVisitSetMarksBothSidesOfEveryWordBoundary\n","OutputType":"frame"}
{"Time":"2026-10-08T03:41:19.747032-04:00","Action":"output","Package":"github.com/deliri/primitive/v2026/core","Test":"TestErrorIdentityVisitSetMarksBothSidesOfEveryWordBoundary","Output":"=== PAUSE TestErrorIdentityVisitSetMarksBothSidesOfEveryWordBoundary\n","OutputType":"frame"}
{"Time":"2026-10-08T03:41:19.747038-04:00","Action":"pause","Package":"github.com/deliri/primitive/v2026/core","Test":"TestErrorIdentityVisitSetMarksBothSidesOfEveryWordBoundary"}
{"Time":"2026-10-08T03:41:19.747063-04:00","Action":"run","Package":"github.com/deliri/primitive/v2026/core","Test":"TestErrorIdentityVisitSetRefusesAnIndexItCannotHold"}
{"Time":"2026-10-08T03:41:19.74707-04:00","Action":"output","Package":"github.com/deliri/primitive/v2026/core","Test":"TestErrorIdentityVisitSetRefusesAnIndexItCannotHold","Output":"=== RUN   TestErrorIdentityVisitSetRefusesAnIndexItCannotHold\n","OutputType":"frame"}
{"Time":"2026-10-08T03:41:19.747075-04:00","Action":"output","Package":"github.com/deliri/primitive/v2026/core","Test":"TestErrorIdentityVisitSetRefusesAnIndexItCannotHold","Output":"=== PAUSE TestErrorIdentityVisitSetRefusesAnIndexItCannotHold\n","OutputType":"frame"}
{"Time":"2026-10-08T03:41:19.747079-04:00","Action":"pause","Package":"github.com/deliri/primitive/v2026/core","Test":"TestErrorIdentityVisitSetRefusesAnIndexItCannotHold"}
{"Time":"2026-10-08T03:41:19.747219-04:00","Action":"run","Package":"github.com/deliri/primitive/v2026/core","Test":"TestPrimitiveArchitectureCatalogMatchesEveryLandedPackage"}
{"Time":"2026-10-08T03:41:19.747235-04:00","Action":"output","Package":"github.com/deliri/primitive/v2026/core","Test":"TestPrimitiveArchitectureCatalogMatchesEveryLandedPackage","Output":"=== RUN   TestPrimitiveArchitectureCatalogMatchesEveryLandedPackage\n","OutputType":"frame"}
{"Time":"2026-10-08T03:41:19.747247-04:00","Action":"output","Package":"github.com/deliri/primitive/v2026/core","Test":"TestPrimitiveArchitectureCatalogMatchesEveryLandedPackage","Output":"=== PAUSE TestPrimitiveArchitectureCatalogMatchesEveryLandedPackage\n","OutputType":"frame"}
{"Time":"2026-10-08T03:41:19.747253-04:00","Action":"pause","Package":"github.com/deliri/primitive/v2026/core","Test":"TestPrimitiveArchitectureCatalogMatchesEveryLandedPackage"}
{"Time":"2026-10-08T03:41:19.747736-04:00","Action":"cont","Package":"github.com/deliri/primitive/v2026/core","Test":"TestPrimitiveArchitectureExactCatalogRatchet"}
{"Time":"2026-10-08T03:41:19.747848-04:00","Action":"output","Package":"github.com/deliri/primitive/v2026/core","Test":"TestPrimitiveArchitectureExactCatalogRatchet","Output":"=== CONT  TestPrimitiveArchitectureExactCatalogRatchet\n","OutputType":"frame"}
{"Time":"2026-10-08T03:41:19.747874-04:00","Action":"cont","Package":"github.com/deliri/primitive/v2026/core","Test":"TestErrorIdentityVisitSetCoversTheWholeClosedDomain"}
{"Time":"2026-10-08T03:41:19.747892-04:00","Action":"output","Package":"github.com/deliri/primitive/v2026/core","Test":"TestErrorIdentityVisitSetCoversTheWholeClosedDomain","Output":"=== CONT  TestErrorIdentityVisitSetCoversTheWholeClosedDomain\n","OutputType":"frame"}
{"Time":"2026-10-08T03:41:19.74797-04:00","Action":"output","Package":"github.com/deliri/primitive/v2026/core","Test":"TestErrorIdentityVisitSetCoversTheWholeClosedDomain","Output":"--- PASS: TestErrorIdentityVisitSetCoversTheWholeClosedDomain (0.00s)\n","OutputType":"frame"}
{"Time":"2026-10-08T03:41:19.747988-04:00","Action":"pass","Package":"github.com/deliri/primitive/v2026/core","Test":"TestErrorIdentityVisitSetCoversTheWholeClosedDomain","Elapsed":0}
{"Time":"2026-10-08T03:41:19.747998-04:00","Action":"cont","Package":"github.com/deliri/primitive/v2026/core","Test":"TestErrorIdentityVisitSetMarksBothSidesOfEveryWordBoundary"}
{"Time":"2026-10-08T03:41:19.748003-04:00","Action":"output","Package":"github.com/deliri/primitive/v2026/core","Test":"TestErrorIdentityVisitSetMarksBothSidesOfEveryWordBoundary","Output":"=== CONT  TestErrorIdentityVisitSetMarksBothSidesOfEveryWordBoundary\n","OutputType":"frame"}
{"Time":"2026-10-08T03:41:19.74801-04:00","Action":"output","Package":"github.com/deliri/primitive/v2026/core","Test":"TestPrimitiveArchitectureExactCatalogRatchet","Output":"--- PASS: TestPrimitiveArchitectureExactCatalogRatchet (0.00s)\n","OutputType":"frame"}
{"Time":"2026-10-08T03:41:19.748015-04:00","Action":"pass","Package":"github.com/deliri/primitive/v2026/core","Test":"TestPrimitiveArchitectureExactCatalogRatchet","Elapsed":0}
{"Time":"2026-10-08T03:41:19.74802-04:00","Action":"cont","Package":"github.com/deliri/primitive/v2026/core","Test":"TestErrorIdentityStableTextAndJSONExhaustClosedDomain"}
{"Time":"2026-10-08T03:41:19.748024-04:00","Action":"output","Package":"github.com/deliri/primitive/v2026/core","Test":"TestErrorIdentityStableTextAndJSONExhaustClosedDomain","Output":"=== CONT  TestErrorIdentityStableTextAndJSONExhaustClosedDomain\n","OutputType":"frame"}
{"Time":"2026-10-08T03:41:19.748033-04:00","Action":"run","Package":"github.com/deliri/primitive/v2026/core","Test":"TestErrorIdentityVisitSetMarksBothSidesOfEveryWordBoundary/first_bit_of_a_word"}
{"Time":"2026-10-08T03:41:19.74805-04:00","Action":"output","Package":"github.com/deliri/primitive/v2026/core","Test":"TestErrorIdentityVisitSetMarksBothSidesOfEveryWordBoundary/first_bit_of_a_word","Output":"=== RUN   TestErrorIdentityVisitSetMarksBothSidesOfEveryWordBoundary/first_bit_of_a_word\n","OutputType":"frame"}
{"Time":"2026-10-08T03:41:19.748055-04:00","Action":"cont","Package":"github.com/deliri/primitive/v2026/core","Test":"TestErrorIdentityVisitSetRefusesAnIndexItCannotHold"}
{"Time":"2026-10-08T03:41:19.748059-04:00","Action":"output","Package":"github.com/deliri/primitive/v2026/core","Test":"TestErrorIdentityVisitSetRefusesAnIndexItCannotHold","Output":"=== CONT  TestErrorIdentityVisitSetRefusesAnIndexItCannotHold\n","OutputType":"frame"}
{"Time":"2026-10-08T03:41:19.748063-04:00","Action":"output","Package":"github.com/deliri/primitive/v2026/core","Test":"TestErrorIdentityVisitSetRefusesAnIndexItCannotHold","Output":"--- PASS: TestErrorIdentityVisitSetRefusesAnIndexItCannotHold (0.00s)\n","OutputType":"frame"}
{"Time":"2026-10-08T03:41:19.748068-04:00","Action":"pass","Package":"github.com/deliri/primitive/v2026/core","Test":"TestErrorIdentityVisitSetRefusesAnIndexItCannotHold","Elapsed":0}
{"Time":"2026-10-08T03:41:19.748071-04:00","Action":"cont","Package":"github.com/deliri/primitive/v2026/core","Test":"TestPrimitiveArchitectureCatalogMatchesEveryLandedPackage"}
{"Time":"2026-10-08T03:41:19.748083-04:00","Action":"output","Package":"github.com/deliri/primitive/v2026/core","Test":"TestPrimitiveArchitectureCatalogMatchesEveryLandedPackage","Output":"=== CONT  TestPrimitiveArchitectureCatalogMatchesEveryLandedPackage\n","OutputType":"frame"}
{"Time":"2026-10-08T03:41:19.748094-04:00","Action":"output","Package":"github.com/deliri/primitive/v2026/core","Test":"TestErrorIdentityVisitSetMarksBothSidesOfEveryWordBoundary/first_bit_of_a_word","Output":"=== PAUSE TestErrorIdentityVisitSetMarksBothSidesOfEveryWordBoundary/first_bit_of_a_word\n","OutputType":"frame"}
{"Time":"2026-10-08T03:41:19.748098-04:00","Action":"pause","Package":"github.com/deliri/primitive/v2026/core","Test":"TestErrorIdentityVisitSetMarksBothSidesOfEveryWordBoundary/first_bit_of_a_word"}
{"Time":"2026-10-08T03:41:19.748102-04:00","Action":"run","Package":"github.com/deliri/primitive/v2026/core","Test":"TestErrorIdentityVisitSetMarksBothSidesOfEveryWordBoundary/interior_bit"}
{"Time":"2026-10-08T03:41:19.748106-04:00","Action":"output","Package":"github.com/deliri/primitive/v2026/core","Test":"TestErrorIdentityVisitSetMarksBothSidesOfEveryWordBoundary/interior_bit","Output":"=== RUN   TestErrorIdentityVisitSetMarksBothSidesOfEveryWordBoundary/interior_bit\n","OutputType":"frame"}
{"Time":"2026-10-08T03:41:19.748115-04:00","Action":"output","Package":"github.com/deliri/primitive/v2026/core","Test":"TestErrorIdentityVisitSetMarksBothSidesOfEveryWordBoundary/interior_bit","Output":"=== PAUSE TestErrorIdentityVisitSetMarksBothSidesOfEveryWordBoundary/interior_bit\n","OutputType":"frame"}
{"Time":"2026-10-08T03:41:19.74812-04:00","Action":"pause","Package":"github.com/deliri/primitive/v2026/core","Test":"TestErrorIdentityVisitSetMarksBothSidesOfEveryWordBoundary/interior_bit"}
{"Time":"2026-10-08T03:41:19.748124-04:00","Action":"cont","Package":"github.com/deliri/primitive/v2026/core","Test":"TestErrorIdentityExhaustsClosedDomainAndParentDecisions"}
{"Time":"2026-10-08T03:41:19.748127-04:00","Action":"output","Package":"github.com/deliri/primitive/v2026/core","Test":"TestErrorIdentityExhaustsClosedDomainAndParentDecisions","Output":"=== CONT  TestErrorIdentityExhaustsClosedDomainAndParentDecisions\n","OutputType":"frame"}
{"Time":"2026-10-08T03:41:19.748183-04:00","Action":"cont","Package":"github.com/deliri/primitive/v2026/core","Test":"TestErrorIdentityMatchesEveryClosedDomainPair"}
{"Time":"2026-10-08T03:41:19.748211-04:00","Action":"output","Package":"github.com/deliri/primitive/v2026/core","Test":"TestErrorIdentityMatchesEveryClosedDomainPair","Output":"=== CONT  TestErrorIdentityMatchesEveryClosedDomainPair\n","OutputType":"frame"}
{"Time":"2026-10-08T03:41:19.748289-04:00","Action":"cont","Package":"github.com/deliri/primitive/v2026/core","Test":"TestArchitectureCatalogRejectsEveryStructuralFailureMode"}
{"Time":"2026-10-08T03:41:19.748319-04:00","Action":"output","Package":"github.com/deliri/primitive/v2026/core","Test":"TestArchitectureCatalogRejectsEveryStructuralFailureMode","Output":"=== CONT  TestArchitectureCatalogRejectsEveryStructuralFailureMode\n","OutputType":"frame"}
{"Time":"2026-10-08T03:41:19.748344-04:00","Action":"run","Package":"github.com/deliri/primitive/v2026/core","Test":"TestArchitectureCatalogRejectsEveryStructuralFailureMode/zero_catalog_has_missing_package_identities"}
{"Time":"2026-10-08T03:41:19.748374-04:00","Action":"output","Package":"github.com/deliri/primitive/v2026/core","Test":"TestArchitectureCatalogRejectsEveryStructuralFailureMode/zero_catalog_has_missing_package_identities","Output":"=== RUN   TestArchitectureCatalogRejectsEveryStructuralFailureMode/zero_catalog_has_missing_package_identities\n","OutputType":"frame"}
{"Time":"2026-10-08T03:41:19.74842-04:00","Action":"output","Package":"github.com/deliri/primitive/v2026/core","Test":"TestArchitectureCatalogRejectsEveryStructuralFailureMode/zero_catalog_has_missing_package_identities","Output":"=== PAUSE TestArchitectureCatalogRejectsEveryStructuralFailureMode/zero_catalog_has_missing_package_identities\n","OutputType":"frame"}
{"Time":"2026-10-08T03:41:19.748471-04:00","Action":"pause","Package":"github.com/deliri/primitive/v2026/core","Test":"TestArchitectureCatalogRejectsEveryStructuralFailureMode/zero_catalog_has_missing_package_identities"}
{"Time":"2026-10-08T03:41:19.748539-04:00","Action":"run","Package":"github.com/deliri/primitive/v2026/core","Test":"TestArchitectureCatalogRejectsEveryStructuralFailureMode/unknown_package_identity_replaces_core"}
{"Time":"2026-10-08T03:41:19.748565-04:00","Action":"output","Package":"github.com/deliri/primitive/v2026/core","Test":"TestArchitectureCatalogRejectsEveryStructuralFailureMode/unknown_package_identity_replaces_core","Output":"=== RUN   TestArchitectureCatalogRejectsEveryStructuralFailureMode/unknown_package_identity_replaces_core\n","OutputType":"frame"}
{"Time":"2026-10-08T03:41:19.748585-04:00","Action":"output","Package":"github.com/deliri/primitive/v2026/core","Test":"TestArchitectureCatalogRejectsEveryStructuralFailureMode/unknown_package_identity_replaces_core","Output":"=== PAUSE TestArchitectureCatalogRejectsEveryStructuralFailureMode/unknown_package_identity_replaces_core\n","OutputType":"frame"}
{"Time":"2026-10-08T03:41:19.748603-04:00","Action":"pause","Package":"github.com/deliri/primitive/v2026/core","Test":"TestArchitectureCatalogRejectsEveryStructuralFailureMode/unknown_package_identity_replaces_core"}
{"Time":"2026-10-08T03:41:19.748623-04:00","Action":"run","Package":"github.com/deliri/primitive/v2026/core","Test":"TestArchitectureCatalogRejectsEveryStructuralFailureMode/future_package_identity_exceeds_closed_domain"}
{"Time":"2026-10-08T03:41:19.748638-04:00","Action":"output","Package":"github.com/deliri/primitive/v2026/core","Test":"TestArchitectureCatalogRejectsEveryStructuralFailureMode/future_package_identity_exceeds_closed_domain","Output":"=== RUN   TestArchitectureCatalogRejectsEveryStructuralFailureMode/future_package_identity_exceeds_closed_domain\n","OutputType":"frame"}
{"Time":"2026-10-08T03:41:19.748656-04:00","Action":"output","Package":"github.com/deliri/primitive/v2026/core","Test":"TestArchitectureCatalogRejectsEveryStructuralFailureMode/future_package_identity_exceeds_closed_domain","Output":"=== PAUSE TestArchitectureCatalogRejectsEveryStructuralFailureMode/future_package_identity_exceeds_closed_domain\n","OutputType":"frame"}
{"Time":"2026-10-08T03:41:19.748734-04:00","Action":"pause","Package":"github.com/deliri/primitive/v2026/core","Test":"TestArchitectureCatalogRejectsEveryStructuralFailureMode/future_package_identity_exceeds_closed_domain"}
{"Time":"2026-10-08T03:41:19.748766-04:00","Action":"run","Package":"github.com/deliri/primitive/v2026/core","Test":"TestArchitectureCatalogRejectsEveryStructuralFailureMode/duplicate_package_identity_removes_one_owner"}
{"Time":"2026-10-08T03:41:19.748772-04:00","Action":"output","Package":"github.com/deliri/primitive/v2026/core","Test":"TestArchitectureCatalogRejectsEveryStructuralFailureMode/duplicate_package_identity_removes_one_owner","Output":"=== RUN   TestArchitectureCatalogRejectsEveryStructuralFailureMode/duplicate_package_identity_removes_one_owner\n","OutputType":"frame"}
{"Time":"2026-10-08T03:41:19.748781-04:00","Action":"output","Package":"github.com/deliri/primitive/v2026/core","Test":"TestArchitectureCatalogRejectsEveryStructuralFailureMode/duplicate_package_identity_removes_one_owner","Output":"=== PAUSE TestArchitectureCatalogRejectsEveryStructuralFailureMode/duplicate_package_identity_removes_one_owner\n","OutputType":"frame"}
{"Time":"2026-10-08T03:41:19.748788-04:00","Action":"pause","Package":"github.com/deliri/primitive/v2026/core","Test":"TestArchitectureCatalogRejectsEveryStructuralFailureMode/duplicate_package_identity_removes_one_owner"}
{"Time":"2026-10-08T03:41:19.748793-04:00","Action":"run","Package":"github.com/deliri/primitive/v2026/core","Test":"TestArchitectureCatalogRejectsEveryStructuralFailureMode/production_package_marked_test_support"}
{"Time":"2026-10-08T03:41:19.748797-04:00","Action":"output","Package":"github.com/deliri/primitive/v2026/core","Test":"TestArchitectureCatalogRejectsEveryStructuralFailureMode/production_package_marked_test_support","Output":"=== RUN   TestArchitectureCatalogRejectsEveryStructuralFailureMode/production_package_marked_test_support\n","OutputType":"frame"}
{"Time":"2026-10-08T03:41:19.748823-04:00","Action":"run","Package":"github.com/deliri/primitive/v2026/core","Test":"TestErrorIdentityVisitSetMarksBothSidesOfEveryWordBoundary/interior_bit#01"}
{"Time":"2026-10-08T03:41:19.748829-04:00","Action":"output","Package":"github.com/deliri/primitive/v2026/core","Test":"TestErrorIdentityVisitSetMarksBothSidesOfEveryWordBoundary/interior_bit#01","Output":"=== RUN   TestErrorIdentityVisitSetMarksBothSidesOfEveryWordBoundary/interior_bit#01\n","OutputType":"frame"}
{"Time":"2026-10-08T03:41:19.748834-04:00","Action":"output","Package":"github.com/deliri/primitive/v2026/core","Test":"TestErrorIdentityVisitSetMarksBothSidesOfEveryWordBoundary/interior_bit#01","Output":"=== PAUSE TestErrorIdentityVisitSetMarksBothSidesOfEveryWordBoundary/interior_bit#01\n","OutputType":"frame"}
{"Time":"2026-10-08T03:41:19.748838-04:00","Action":"pause","Package":"github.com/deliri/primitive/v2026/core","Test":"TestErrorIdentityVisitSetMarksBothSidesOfEveryWordBoundary/interior_bit#01"}
{"Time":"2026-10-08T03:41:19.748846-04:00","Action":"output","Package":"github.com/deliri/primitive/v2026/core","Test":"TestArchitectureCatalogRejectsEveryStructuralFailureMode/production_package_marked_test_support","Output":"=== PAUSE TestArchitectureCatalogRejectsEveryStructuralFailureMode/production_package_marked_test_support\n","OutputType":"frame"}
{"Time":"2026-10-08T03:41:19.748851-04:00","Action":"pause","Package":"github.com/deliri/primitive/v2026/core","Test":"TestArchitectureCatalogRejectsEveryStructuralFailureMode/production_package_marked_test_support"}
{"Time":"2026-10-08T03:41:19.748855-04:00","Action":"run","Package":"github.com/deliri/primitive/v2026/core","Test":"TestErrorIdentityVisitSetMarksBothSidesOfEveryWordBoundary/last_bit_of_a_word"}
{"Time":"2026-10-08T03:41:19.748858-04:00","Action":"output","Package":"github.com/deliri/primitive/v2026/core","Test":"TestErrorIdentityVisitSetMarksBothSidesOfEveryWordBoundary/last_bit_of_a_word","Output":"=== RUN   TestErrorIdentityVisitSetMarksBothSidesOfEveryWordBoundary/last_bit_of_a_word\n","OutputType":"frame"}
{"Time":"2026-10-08T03:41:19.748863-04:00","Action":"output","Package":"github.com/deliri/primitive/v2026/core","Test":"TestErrorIdentityVisitSetMarksBothSidesOfEveryWordBoundary/last_bit_of_a_word","Output":"=== PAUSE TestErrorIdentityVisitSetMarksBothSidesOfEveryWordBoundary/last_bit_of_a_word\n","OutputType":"frame"}
{"Time":"2026-10-08T03:41:19.748866-04:00","Action":"pause","Package":"github.com/deliri/primitive/v2026/core","Test":"TestErrorIdentityVisitSetMarksBothSidesOfEveryWordBoundary/last_bit_of_a_word"}
{"Time":"2026-10-08T03:41:19.74887-04:00","Action":"run","Package":"github.com/deliri/primitive/v2026/core","Test":"TestErrorIdentityVisitSetMarksBothSidesOfEveryWordBoundary/first_bit_of_a_word#01"}
{"Time":"2026-10-08T03:41:19.748873-04:00","Action":"output","Package":"github.com/deliri/primitive/v2026/core","Test":"TestErrorIdentityVisitSetMarksBothSidesOfEveryWordBoundary/first_bit_of_a_word#01","Output":"=== RUN   TestErrorIdentityVisitSetMarksBothSidesOfEveryWordBoundary/first_bit_of_a_word#01\n","OutputType":"frame"}
{"Time":"2026-10-08T03:41:19.749073-04:00","Action":"output","Package":"github.com/deliri/primitive/v2026/core","Test":"TestErrorIdentityVisitSetMarksBothSidesOfEveryWordBoundary/first_bit_of_a_word#01","Output":"=== PAUSE TestErrorIdentityVisitSetMarksBothSidesOfEveryWordBoundary/first_bit_of_a_word#01\n","OutputType":"frame"}
{"Time":"2026-10-08T03:41:19.749094-04:00","Action":"pause","Package":"github.com/deliri/primitive/v2026/core","Test":"TestErrorIdentityVisitSetMarksBothSidesOfEveryWordBoundary/first_bit_of_a_word#01"}
{"Time":"2026-10-08T03:41:19.749303-04:00","Action":"run","Package":"github.com/deliri/primitive/v2026/core","Test":"TestArchitectureCatalogRejectsEveryStructuralFailureMode/package_role_is_absent"}
{"Time":"2026-10-08T03:41:19.749318-04:00","Action":"output","Package":"github.com/deliri/primitive/v2026/core","Test":"TestArchitectureCatalogRejectsEveryStructuralFailureMode/package_role_is_absent","Output":"=== RUN   TestArchitectureCatalogRejectsEveryStructuralFailureMode/package_role_is_absent\n","OutputType":"frame"}
{"Time":"2026-10-08T03:41:19.749323-04:00","Action":"output","Package":"github.com/deliri/primitive/v2026/core","Test":"TestArchitectureCatalogRejectsEveryStructuralFailureMode/package_role_is_absent","Output":"=== PAUSE TestArchitectureCatalogRejectsEveryStructuralFailureMode/package_role_is_absent\n","OutputType":"frame"}
{"Time":"2026-10-08T03:41:19.749327-04:00","Action":"pause","Package":"github.com/deliri/primitive/v2026/core","Test":"TestArchitectureCatalogRejectsEveryStructuralFailureMode/package_role_is_absent"}
{"Time":"2026-10-08T03:41:19.749331-04:00","Action":"run","Package":"github.com/deliri/primitive/v2026/core","Test":"TestArchitectureCatalogRejectsEveryStructuralFailureMode/package_role_is_a_future_value"}
{"Time":"2026-10-08T03:41:19.749338-04:00","Action":"output","Package":"github.com/deliri/primitive/v2026/core","Test":"TestArchitectureCatalogRejectsEveryStructuralFailureMode/package_role_is_a_future_value","Output":"=== RUN   TestArchitectureCatalogRejectsEveryStructuralFailureMode/package_role_is_a_future_value\n","OutputType":"frame"}
{"Time":"2026-10-08T03:41:19.749343-04:00","Action":"output","Package":"github.com/deliri/primitive/v2026/core","Test":"TestArchitectureCatalogRejectsEveryStructuralFailureMode/package_role_is_a_future_value","Output":"=== PAUSE TestArchitectureCatalogRejectsEveryStructuralFailureMode/package_role_is_a_future_value\n","OutputType":"frame"}
{"Time":"2026-10-08T03:41:19.749347-04:00","Action":"pause","Package":"github.com/deliri/primitive/v2026/core","Test":"TestArchitectureCatalogRejectsEveryStructuralFailureMode/package_role_is_a_future_value"}
{"Time":"2026-10-08T03:41:19.749355-04:00","Action":"run","Package":"github.com/deliri/primitive/v2026/core","Test":"TestArchitectureCatalogRejectsEveryStructuralFailureMode/testserial_marked_production"}
{"Time":"2026-10-08T03:41:19.749361-04:00","Action":"output","Package":"github.com/deliri/primitive/v2026/core","Test":"TestArchitectureCatalogRejectsEveryStructuralFailureMode/testserial_marked_production","Output":"=== RUN   TestArchitectureCatalogRejectsEveryStructuralFailureMode/testserial_marked_production\n","OutputType":"frame"}
{"Time":"2026-10-08T03:41:19.749369-04:00","Action":"output","Package":"github.com/deliri/primitive/v2026/core","Test":"TestArchitectureCatalogRejectsEveryStructuralFailureMode/testserial_marked_production","Output":"=== PAUSE TestArchitectureCatalogRejectsEveryStructuralFailureMode/testserial_marked_production\n","OutputType":"frame"}
{"Time":"2026-10-08T03:41:19.749374-04:00","Action":"pause","Package":"github.com/deliri/primitive/v2026/core","Test":"TestArchitectureCatalogRejectsEveryStructuralFailureMode/testserial_marked_production"}
{"Time":"2026-10-08T03:41:19.749802-04:00","Action":"cont","Package":"github.com/deliri/primitive/v2026/core","Test":"TestArchitectureCatalogRejectsEveryStructuralFailureMode/package_role_is_absent"}
{"Time":"2026-10-08T03:41:19.749808-04:00","Action":"output","Package":"github.com/deliri/primitive/v2026/core","Test":"TestArchitectureCatalogRejectsEveryStructuralFailureMode/package_role_is_absent","Output":"=== CONT  TestArchitectureCatalogRejectsEveryStructuralFailureMode/package_role_is_absent\n","OutputType":"frame"}
{"Time":"2026-10-08T03:41:19.749813-04:00","Action":"output","Package":"github.com/deliri/primitive/v2026/core","Test":"TestArchitectureCatalogRejectsEveryStructuralFailureMode/package_role_is_absent","Output":"--- PASS: TestArchitectureCatalogRejectsEveryStructuralFailureMode/package_role_is_absent (0.00s)\n","OutputType":"frame"}
{"Time":"2026-10-08T03:41:19.749817-04:00","Action":"pass","Package":"github.com/deliri/primitive/v2026/core","Test":"TestArchitectureCatalogRejectsEveryStructuralFailureMode/package_role_is_absent","Elapsed":0}
{"Time":"2026-10-08T03:41:19.749825-04:00","Action":"cont","Package":"github.com/deliri/primitive/v2026/core","Test":"TestArchitectureCatalogRejectsEveryStructuralFailureMode/unknown_package_identity_replaces_core"}
{"Time":"2026-10-08T03:41:19.749829-04:00","Action":"output","Package":"github.com/deliri/primitive/v2026/core","Test":"TestArchitectureCatalogRejectsEveryStructuralFailureMode/unknown_package_identity_replaces_core","Output":"=== CONT  TestArchitectureCatalogRejectsEveryStructuralFailureMode/unknown_package_identity_replaces_core\n","OutputType":"frame"}
{"Time":"2026-10-08T03:41:19.749834-04:00","Action":"output","Package":"github.com/deliri/primitive/v2026/core","Test":"TestArchitectureCatalogRejectsEveryStructuralFailureMode/unknown_package_identity_replaces_core","Output":"--- PASS: TestArchitectureCatalogRejectsEveryStructuralFailureMode/unknown_package_identity_replaces_core (0.00s)\n","OutputType":"frame"}
{"Time":"2026-10-08T03:41:19.74984-04:00","Action":"pass","Package":"github.com/deliri/primitive/v2026/core","Test":"TestArchitectureCatalogRejectsEveryStructuralFailureMode/unknown_package_identity_replaces_core","Elapsed":0}
{"Time":"2026-10-08T03:41:19.749847-04:00","Action":"cont","Package":"github.com/deliri/primitive/v2026/core","Test":"TestArchitectureCatalogRejectsEveryStructuralFailureMode/testserial_marked_production"}
{"Time":"2026-10-08T03:41:19.74985-04:00","Action":"output","Package":"github.com/deliri/primitive/v2026/core","Test":"TestArchitectureCatalogRejectsEveryStructuralFailureMode/testserial_marked_production","Output":"=== CONT  TestArchitectureCatalogRejectsEveryStructuralFailureMode/testserial_marked_production\n","OutputType":"frame"}
{"Time":"2026-10-08T03:41:19.749855-04:00","Action":"output","Package":"github.com/deliri/primitive/v2026/core","Test":"TestArchitectureCatalogRejectsEveryStructuralFailureMode/testserial_marked_production","Output":"--- PASS: TestArchitectureCatalogRejectsEveryStructuralFailureMode/testserial_marked_production (0.00s)\n","OutputType":"frame"}
{"Time":"2026-10-08T03:41:19.749863-04:00","Action":"pass","Package":"github.com/deliri/primitive/v2026/core","Test":"TestArchitectureCatalogRejectsEveryStructuralFailureMode/testserial_marked_production","Elapsed":0}
{"Time":"2026-10-08T03:41:19.749866-04:00","Action":"cont","Package":"github.com/deliri/primitive/v2026/core","Test":"TestArchitectureCatalogRejectsEveryStructuralFailureMode/package_role_is_a_future_value"}
{"Time":"2026-10-08T03:41:19.749869-04:00","Action":"output","Package":"github.com/deliri/primitive/v2026/core","Test":"TestArchitectureCatalogRejectsEveryStructuralFailureMode/package_role_is_a_future_value","Output":"=== CONT  TestArchitectureCatalogRejectsEveryStructuralFailureMode/package_role_is_a_future_value\n","OutputType":"frame"}
{"Time":"2026-10-08T03:41:19.749876-04:00","Action":"output","Package":"github.com/deliri/primitive/v2026/core","Test":"TestArchitectureCatalogRejectsEveryStructuralFailureMode/package_role_is_a_future_value","Output":"--- PASS: TestArchitectureCatalogRejectsEveryStructuralFailureMode/package_role_is_a_future_value (0.00s)\n","OutputType":"frame"}
{"Time":"2026-10-08T03:41:19.74988-04:00","Action":"pass","Package":"github.com/deliri/primitive/v2026/core","Test":"TestArchitectureCatalogRejectsEveryStructuralFailureMode/package_role_is_a_future_value","Elapsed":0}
{"Time":"2026-10-08T03:41:19.749884-04:00","Action":"run","Package":"github.com/deliri/primitive/v2026/core","Test":"TestErrorIdentityVisitSetMarksBothSidesOfEveryWordBoundary/interior_bit#02"}
{"Time":"2026-10-08T03:41:19.749887-04:00","Action":"output","Package":"github.com/deliri/primitive/v2026/core","Test":"TestErrorIdentityVisitSetMarksBothSidesOfEveryWordBoundary/interior_bit#02","Output":"=== RUN   TestErrorIdentityVisitSetMarksBothSidesOfEveryWordBoundary/interior_bit#02\n","OutputType":"frame"}
{"Time":"2026-10-08T03:41:19.749891-04:00","Action":"output","Package":"github.com/deliri/primitive/v2026/core","Test":"TestErrorIdentityVisitSetMarksBothSidesOfEveryWordBoundary/interior_bit#02","Output":"=== PAUSE TestErrorIdentityVisitSetMarksBothSidesOfEveryWordBoundary/interior_bit#02\n","OutputType":"frame"}
{"Time":"2026-10-08T03:41:19.7499-04:00","Action":"pause","Package":"github.com/deliri/primitive/v2026/core","Test":"TestErrorIdentityVisitSetMarksBothSidesOfEveryWordBoundary/interior_bit#02"}
{"Time":"2026-10-08T03:41:19.749904-04:00","Action":"run","Package":"github.com/deliri/primitive/v2026/core","Test":"TestErrorIdentityVisitSetMarksBothSidesOfEveryWordBoundary/interior_bit#03"}
{"Time":"2026-10-08T03:41:19.74991-04:00","Action":"output","Package":"github.com/deliri/primitive/v2026/core","Test":"TestErrorIdentityVisitSetMarksBothSidesOfEveryWordBoundary/interior_bit#03","Output":"=== RUN   TestErrorIdentityVisitSetMarksBothSidesOfEveryWordBoundary/interior_bit#03\n","OutputType":"frame"}
{"Time":"2026-10-08T03:41:19.751264-04:00","Action":"cont","Package":"github.com/deliri/primitive/v2026/core","Test":"TestArchitectureCatalogRejectsEveryStructuralFailureMode/duplicate_package_identity_removes_one_owner"}
{"Time":"2026-10-08T03:41:19.751282-04:00","Action":"output","Package":"github.com/deliri/primitive/v2026/core","Test":"TestArchitectureCatalogRejectsEveryStructuralFailureMode/duplicate_package_identity_removes_one_owner","Output":"=== CONT  TestArchitectureCatalogRejectsEveryStructuralFailureMode/duplicate_package_identity_removes_one_owner\n","OutputType":"frame"}
{"Time":"2026-10-08T03:41:19.75129-04:00","Action":"output","Package":"github.com/deliri/primitive/v2026/core","Test":"TestArchitectureCatalogRejectsEveryStructuralFailureMode/duplicate_package_identity_removes_one_owner","Output":"--- PASS: TestArchitectureCatalogRejectsEveryStructuralFailureMode/duplicate_package_identity_removes_one_owner (0.00s)\n","OutputType":"frame"}
{"Time":"2026-10-08T03:41:19.751296-04:00","Action":"pass","Package":"github.com/deliri/primitive/v2026/core","Test":"TestArchitectureCatalogRejectsEveryStructuralFailureMode/duplicate_package_identity_removes_one_owner","Elapsed":0}
{"Time":"2026-10-08T03:41:19.751301-04:00","Action":"cont","Package":"github.com/deliri/primitive/v2026/core","Test":"TestArchitectureCatalogRejectsEveryStructuralFailureMode/production_package_marked_test_support"}
{"Time":"2026-10-08T03:41:19.751314-04:00","Action":"output","Package":"github.com/deliri/primitive/v2026/core","Test":"TestArchitectureCatalogRejectsEveryStructuralFailureMode/production_package_marked_test_support","Output":"=== CONT  TestArchitectureCatalogRejectsEveryStructuralFailureMode/production_package_marked_test_support\n","OutputType":"frame"}
{"Time":"2026-10-08T03:41:19.751321-04:00","Action":"output","Package":"github.com/deliri/primitive/v2026/core","Test":"TestArchitectureCatalogRejectsEveryStructuralFailureMode/production_package_marked_test_support","Output":"--- PASS: TestArchitectureCatalogRejectsEveryStructuralFailureMode/production_package_marked_test_support (0.00s)\n","OutputType":"frame"}
{"Time":"2026-10-08T03:41:19.751326-04:00","Action":"pass","Package":"github.com/deliri/primitive/v2026/core","Test":"TestArchitectureCatalogRejectsEveryStructuralFailureMode/production_package_marked_test_support","Elapsed":0}
{"Time":"2026-10-08T03:41:19.751329-04:00","Action":"cont","Package":"github.com/deliri/primitive/v2026/core","Test":"TestArchitectureCatalogRejectsEveryStructuralFailureMode/future_package_identity_exceeds_closed_domain"}
{"Time":"2026-10-08T03:41:19.751333-04:00","Action":"output","Package":"github.com/deliri/primitive/v2026/core","Test":"TestArchitectureCatalogRejectsEveryStructuralFailureMode/future_package_identity_exceeds_closed_domain","Output":"=== CONT  TestArchitectureCatalogRejectsEveryStructuralFailureMode/future_package_identity_exceeds_closed_domain\n","OutputType":"frame"}
{"Time":"2026-10-08T03:41:19.751338-04:00","Action":"output","Package":"github.com/deliri/primitive/v2026/core","Test":"TestArchitectureCatalogRejectsEveryStructuralFailureMode/future_package_identity_exceeds_closed_domain","Output":"--- PASS: TestArchitectureCatalogRejectsEveryStructuralFailureMode/future_package_identity_exceeds_closed_domain (0.00s)\n","OutputType":"frame"}
{"Time":"2026-10-08T03:41:19.751351-04:00","Action":"pass","Package":"github.com/deliri/primitive/v2026/core","Test":"TestArchitectureCatalogRejectsEveryStructuralFailureMode/future_package_identity_exceeds_closed_domain","Elapsed":0}
{"Time":"2026-10-08T03:41:19.751355-04:00","Action":"output","Package":"github.com/deliri/primitive/v2026/core","Test":"TestErrorIdentityVisitSetMarksBothSidesOfEveryWordBoundary/interior_bit#03","Output":"=== PAUSE TestErrorIdentityVisitSetMarksBothSidesOfEveryWordBoundary/interior_bit#03\n","OutputType":"frame"}
{"Time":"2026-10-08T03:41:19.751359-04:00","Action":"pause","Package":"github.com/deliri/primitive/v2026/core","Test":"TestErrorIdentityVisitSetMarksBothSidesOfEveryWordBoundary/interior_bit#03"}
{"Time":"2026-10-08T03:41:19.751366-04:00","Action":"run","Package":"github.com/deliri/primitive/v2026/core","Test":"TestErrorIdentityVisitSetMarksBothSidesOfEveryWordBoundary/last_bit_of_a_word#01"}
{"Time":"2026-10-08T03:41:19.751371-04:00","Action":"output","Package":"github.com/deliri/primitive/v2026/core","Test":"TestErrorIdentityVisitSetMarksBothSidesOfEveryWordBoundary/last_bit_of_a_word#01","Output":"=== RUN   TestErrorIdentityVisitSetMarksBothSidesOfEveryWordBoundary/last_bit_of_a_word#01\n","OutputType":"frame"}
{"Time":"2026-10-08T03:41:19.751376-04:00","Action":"output","Package":"github.com/deliri/primitive/v2026/core","Test":"TestErrorIdentityVisitSetMarksBothSidesOfEveryWordBoundary/last_bit_of_a_word#01","Output":"=== PAUSE TestErrorIdentityVisitSetMarksBothSidesOfEveryWordBoundary/last_bit_of_a_word#01\n","OutputType":"frame"}
{"Time":"2026-10-08T03:41:19.751379-04:00","Action":"pause","Package":"github.com/deliri/primitive/v2026/core","Test":"TestErrorIdentityVisitSetMarksBothSidesOfEveryWordBoundary/last_bit_of_a_word#01"}
{"Time":"2026-10-08T03:41:19.751383-04:00","Action":"run","Package":"github.com/deliri/primitive/v2026/core","Test":"TestErrorIdentityVisitSetMarksBothSidesOfEveryWordBoundary/first_bit_of_a_word#02"}
{"Time":"2026-10-08T03:41:19.751386-04:00","Action":"output","Package":"github.com/deliri/primitive/v2026/core","Test":"TestErrorIdentityVisitSetMarksBothSidesOfEveryWordBoundary/first_bit_of_a_word#02","Output":"=== RUN   TestErrorIdentityVisitSetMarksBothSidesOfEveryWordBoundary/first_bit_of_a_word#02\n","OutputType":"frame"}
{"Time":"2026-10-08T03:41:19.75139-04:00","Action":"output","Package":"github.com/deliri/primitive/v2026/core","Test":"TestErrorIdentityVisitSetMarksBothSidesOfEveryWordBoundary/first_bit_of_a_word#02","Output":"=== PAUSE TestErrorIdentityVisitSetMarksBothSidesOfEveryWordBoundary/first_bit_of_a_word#02\n","OutputType":"frame"}
{"Time":"2026-10-08T03:41:19.751394-04:00","Action":"pause","Package":"github.com/deliri/primitive/v2026/core","Test":"TestErrorIdentityVisitSetMarksBothSidesOfEveryWordBoundary/first_bit_of_a_word#02"}
{"Time":"2026-10-08T03:41:19.751397-04:00","Action":"run","Package":"github.com/deliri/primitive/v2026/core","Test":"TestErrorIdentityVisitSetMarksBothSidesOfEveryWordBoundary/interior_bit#04"}
{"Time":"2026-10-08T03:41:19.751401-04:00","Action":"output","Package":"github.com/deliri/primitive/v2026/core","Test":"TestErrorIdentityVisitSetMarksBothSidesOfEveryWordBoundary/interior_bit#04","Output":"=== RUN   TestErrorIdentityVisitSetMarksBothSidesOfEveryWordBoundary/interior_bit#04\n","OutputType":"frame"}
{"Time":"2026-10-08T03:41:19.751405-04:00","Action":"output","Package":"github.com/deliri/primitive/v2026/core","Test":"TestErrorIdentityVisitSetMarksBothSidesOfEveryWordBoundary/interior_bit#04","Output":"=== PAUSE TestErrorIdentityVisitSetMarksBothSidesOfEveryWordBoundary/interior_bit#04\n","OutputType":"frame"}
{"Time":"2026-10-08T03:41:19.751408-04:00","Action":"pause","Package":"github.com/deliri/primitive/v2026/core","Test":"TestErrorIdentityVisitSetMarksBothSidesOfEveryWordBoundary/interior_bit#04"}
{"Time":"2026-10-08T03:41:19.751418-04:00","Action":"cont","Package":"github.com/deliri/primitive/v2026/core","Test":"TestErrorIdentityVisitSetMarksBothSidesOfEveryWordBoundary/first_bit_of_a_word"}
{"Time":"2026-10-08T03:41:19.751421-04:00","Action":"output","Package":"github.com/deliri/primitive/v2026/core","Test":"TestErrorIdentityVisitSetMarksBothSidesOfEveryWordBoundary/first_bit_of_a_word","Output":"=== CONT  TestErrorIdentityVisitSetMarksBothSidesOfEveryWordBoundary/first_bit_of_a_word\n","OutputType":"frame"}
{"Time":"2026-10-08T03:41:19.751426-04:00","Action":"output","Package":"github.com/deliri/primitive/v2026/core","Test":"TestErrorIdentityVisitSetMarksBothSidesOfEveryWordBoundary/first_bit_of_a_word","Output":"--- PASS: TestErrorIdentityVisitSetMarksBothSidesOfEveryWordBoundary/first_bit_of_a_word (0.00s)\n","OutputType":"frame"}
{"Time":"2026-10-08T03:41:19.751429-04:00","Action":"pass","Package":"github.com/deliri/primitive/v2026/core","Test":"TestErrorIdentityVisitSetMarksBothSidesOfEveryWordBoundary/first_bit_of_a_word","Elapsed":0}
{"Time":"2026-10-08T03:41:19.751433-04:00","Action":"cont","Package":"github.com/deliri/primitive/v2026/core","Test":"TestArchitectureCatalogRejectsEveryStructuralFailureMode/zero_catalog_has_missing_package_identities"}
{"Time":"2026-10-08T03:41:19.751436-04:00","Action":"output","Package":"github.com/deliri/primitive/v2026/core","Test":"TestArchitectureCatalogRejectsEveryStructuralFailureMode/zero_catalog_has_missing_package_identities","Output":"=== CONT  TestArchitectureCatalogRejectsEveryStructuralFailureMode/zero_catalog_has_missing_package_identities\n","OutputType":"frame"}
{"Time":"2026-10-08T03:41:19.751441-04:00","Action":"output","Package":"github.com/deliri/primitive/v2026/core","Test":"TestArchitectureCatalogRejectsEveryStructuralFailureMode/zero_catalog_has_missing_package_identities","Output":"--- PASS: TestArchitectureCatalogRejectsEveryStructuralFailureMode/zero_catalog_has_missing_package_identities (0.00s)\n","OutputType":"frame"}
{"Time":"2026-10-08T03:41:19.751445-04:00","Action":"pass","Package":"github.com/deliri/primitive/v2026/core","Test":"TestArchitectureCatalogRejectsEveryStructuralFailureMode/zero_catalog_has_missing_package_identities","Elapsed":0}
{"Time":"2026-10-08T03:41:19.751456-04:00","Action":"output","Package":"github.com/deliri/primitive/v2026/core","Test":"TestArchitectureCatalogRejectsEveryStructuralFailureMode","Output":"--- PASS: TestArchitectureCatalogRejectsEveryStructuralFailureMode (0.00s)\n","OutputType":"frame"}
{"Time":"2026-10-08T03:41:19.751462-04:00","Action":"pass","Package":"github.com/deliri/primitive/v2026/core","Test":"TestArchitectureCatalogRejectsEveryStructuralFailureMode","Elapsed":0}
{"Time":"2026-10-08T03:41:19.751465-04:00","Action":"cont","Package":"github.com/deliri/primitive/v2026/core","Test":"TestErrorIdentityVisitSetMarksBothSidesOfEveryWordBoundary/interior_bit#04"}
{"Time":"2026-10-08T03:41:19.751468-04:00","Action":"output","Package":"github.com/deliri/primitive/v2026/core","Test":"TestErrorIdentityVisitSetMarksBothSidesOfEveryWordBoundary/interior_bit#04","Output":"=== CONT  TestErrorIdentityVisitSetMarksBothSidesOfEveryWordBoundary/interior_bit#04\n","OutputType":"frame"}
{"Time":"2026-10-08T03:41:19.751472-04:00","Action":"output","Package":"github.com/deliri/primitive/v2026/core","Test":"TestErrorIdentityVisitSetMarksBothSidesOfEveryWordBoundary/interior_bit#04","Output":"--- PASS: TestErrorIdentityVisitSetMarksBothSidesOfEveryWordBoundary/interior_bit#04 (0.00s)\n","OutputType":"frame"}
{"Time":"2026-10-08T03:41:19.751476-04:00","Action":"pass","Package":"github.com/deliri/primitive/v2026/core","Test":"TestErrorIdentityVisitSetMarksBothSidesOfEveryWordBoundary/interior_bit#04","Elapsed":0}
{"Time":"2026-10-08T03:41:19.75148-04:00","Action":"cont","Package":"github.com/deliri/primitive/v2026/core","Test":"TestErrorIdentityVisitSetMarksBothSidesOfEveryWordBoundary/first_bit_of_a_word#02"}
{"Time":"2026-10-08T03:41:19.751483-04:00","Action":"output","Package":"github.com/deliri/primitive/v2026/core","Test":"TestErrorIdentityVisitSetMarksBothSidesOfEveryWordBoundary/first_bit_of_a_word#02","Output":"=== CONT  TestErrorIdentityVisitSetMarksBothSidesOfEveryWordBoundary/first_bit_of_a_word#02\n","OutputType":"frame"}
{"Time":"2026-10-08T03:41:19.751493-04:00","Action":"output","Package":"github.com/deliri/primitive/v2026/core","Test":"TestErrorIdentityVisitSetMarksBothSidesOfEveryWordBoundary/first_bit_of_a_word#02","Output":"--- PASS: TestErrorIdentityVisitSetMarksBothSidesOfEveryWordBoundary/first_bit_of_a_word#02 (0.00s)\n","OutputType":"frame"}
{"Time":"2026-10-08T03:41:19.751497-04:00","Action":"pass","Package":"github.com/deliri/primitive/v2026/core","Test":"TestErrorIdentityVisitSetMarksBothSidesOfEveryWordBoundary/first_bit_of_a_word#02","Elapsed":0}
{"Time":"2026-10-08T03:41:19.751501-04:00","Action":"cont","Package":"github.com/deliri/primitive/v2026/core","Test":"TestErrorIdentityVisitSetMarksBothSidesOfEveryWordBoundary/last_bit_of_a_word#01"}
{"Time":"2026-10-08T03:41:19.751504-04:00","Action":"output","Package":"github.com/deliri/primitive/v2026/core","Test":"TestErrorIdentityVisitSetMarksBothSidesOfEveryWordBoundary/last_bit_of_a_word#01","Output":"=== CONT  TestErrorIdentityVisitSetMarksBothSidesOfEveryWordBoundary/last_bit_of_a_word#01\n","OutputType":"frame"}
{"Time":"2026-10-08T03:41:19.751508-04:00","Action":"output","Package":"github.com/deliri/primitive/v2026/core","Test":"TestErrorIdentityVisitSetMarksBothSidesOfEveryWordBoundary/last_bit_of_a_word#01","Output":"--- PASS: TestErrorIdentityVisitSetMarksBothSidesOfEveryWordBoundary/last_bit_of_a_word#01 (0.00s)\n","OutputType":"frame"}
{"Time":"2026-10-08T03:41:19.751512-04:00","Action":"pass","Package":"github.com/deliri/primitive/v2026/core","Test":"TestErrorIdentityVisitSetMarksBothSidesOfEveryWordBoundary/last_bit_of_a_word#01","Elapsed":0}
{"Time":"2026-10-08T03:41:19.751515-04:00","Action":"cont","Package":"github.com/deliri/primitive/v2026/core","Test":"TestErrorIdentityVisitSetMarksBothSidesOfEveryWordBoundary/interior_bit#03"}
{"Time":"2026-10-08T03:41:19.751519-04:00","Action":"output","Package":"github.com/deliri/primitive/v2026/core","Test":"TestErrorIdentityVisitSetMarksBothSidesOfEveryWordBoundary/interior_bit#03","Output":"=== CONT  TestErrorIdentityVisitSetMarksBothSidesOfEveryWordBoundary/interior_bit#03\n","OutputType":"frame"}
{"Time":"2026-10-08T03:41:19.751523-04:00","Action":"output","Package":"github.com/deliri/primitive/v2026/core","Test":"TestErrorIdentityVisitSetMarksBothSidesOfEveryWordBoundary/interior_bit#03","Output":"--- PASS: TestErrorIdentityVisitSetMarksBothSidesOfEveryWordBoundary/interior_bit#03 (0.00s)\n","OutputType":"frame"}
{"Time":"2026-10-08T03:41:19.751527-04:00","Action":"pass","Package":"github.com/deliri/primitive/v2026/core","Test":"TestErrorIdentityVisitSetMarksBothSidesOfEveryWordBoundary/interior_bit#03","Elapsed":0}
{"Time":"2026-10-08T03:41:19.75153-04:00","Action":"cont","Package":"github.com/deliri/primitive/v2026/core","Test":"TestErrorIdentityVisitSetMarksBothSidesOfEveryWordBoundary/interior_bit#02"}
{"Time":"2026-10-08T03:41:19.751534-04:00","Action":"output","Package":"github.com/deliri/primitive/v2026/core","Test":"TestErrorIdentityVisitSetMarksBothSidesOfEveryWordBoundary/interior_bit#02","Output":"=== CONT  TestErrorIdentityVisitSetMarksBothSidesOfEveryWordBoundary/interior_bit#02\n","OutputType":"frame"}
{"Time":"2026-10-08T03:41:19.751538-04:00","Action":"output","Package":"github.com/deliri/primitive/v2026/core","Test":"TestErrorIdentityVisitSetMarksBothSidesOfEveryWordBoundary/interior_bit#02","Output":"--- PASS: TestErrorIdentityVisitSetMarksBothSidesOfEveryWordBoundary/interior_bit#02 (0.00s)\n","OutputType":"frame"}
{"Time":"2026-10-08T03:41:19.751542-04:00","Action":"pass","Package":"github.com/deliri/primitive/v2026/core","Test":"TestErrorIdentityVisitSetMarksBothSidesOfEveryWordBoundary/interior_bit#02","Elapsed":0}
{"Time":"2026-10-08T03:41:19.751545-04:00","Action":"cont","Package":"github.com/deliri/primitive/v2026/core","Test":"TestErrorIdentityVisitSetMarksBothSidesOfEveryWordBoundary/first_bit_of_a_word#01"}
{"Time":"2026-10-08T03:41:19.751553-04:00","Action":"output","Package":"github.com/deliri/primitive/v2026/core","Test":"TestErrorIdentityVisitSetMarksBothSidesOfEveryWordBoundary/first_bit_of_a_word#01","Output":"=== CONT  TestErrorIdentityVisitSetMarksBothSidesOfEveryWordBoundary/first_bit_of_a_word#01\n","OutputType":"frame"}
{"Time":"2026-10-08T03:41:19.751558-04:00","Action":"output","Package":"github.com/deliri/primitive/v2026/core","Test":"TestErrorIdentityVisitSetMarksBothSidesOfEveryWordBoundary/first_bit_of_a_word#01","Output":"--- PASS: TestErrorIdentityVisitSetMarksBothSidesOfEveryWordBoundary/first_bit_of_a_word#01 (0.00s)\n","OutputType":"frame"}
{"Time":"2026-10-08T03:41:19.751561-04:00","Action":"pass","Package":"github.com/deliri/primitive/v2026/core","Test":"TestErrorIdentityVisitSetMarksBothSidesOfEveryWordBoundary/first_bit_of_a_word#01","Elapsed":0}
{"Time":"2026-10-08T03:41:19.751564-04:00","Action":"cont","Package":"github.com/deliri/primitive/v2026/core","Test":"TestErrorIdentityVisitSetMarksBothSidesOfEveryWordBoundary/last_bit_of_a_word"}
{"Time":"2026-10-08T03:41:19.751584-04:00","Action":"output","Package":"github.com/deliri/primitive/v2026/core","Test":"TestErrorIdentityVisitSetMarksBothSidesOfEveryWordBoundary/last_bit_of_a_word","Output":"=== CONT  TestErrorIdentityVisitSetMarksBothSidesOfEveryWordBoundary/last_bit_of_a_word\n","OutputType":"frame"}
{"Time":"2026-10-08T03:41:19.751588-04:00","Action":"output","Package":"github.com/deliri/primitive/v2026/core","Test":"TestErrorIdentityVisitSetMarksBothSidesOfEveryWordBoundary/last_bit_of_a_word","Output":"--- PASS: TestErrorIdentityVisitSetMarksBothSidesOfEveryWordBoundary/last_bit_of_a_word (0.00s)\n","OutputType":"frame"}
{"Time":"2026-10-08T03:41:19.751592-04:00","Action":"pass","Package":"github.com/deliri/primitive/v2026/core","Test":"TestErrorIdentityVisitSetMarksBothSidesOfEveryWordBoundary/last_bit_of_a_word","Elapsed":0}
{"Time":"2026-10-08T03:41:19.751596-04:00","Action":"cont","Package":"github.com/deliri/primitive/v2026/core","Test":"TestErrorIdentityVisitSetMarksBothSidesOfEveryWordBoundary/interior_bit#01"}
{"Time":"2026-10-08T03:41:19.751599-04:00","Action":"output","Package":"github.com/deliri/primitive/v2026/core","Test":"TestErrorIdentityVisitSetMarksBothSidesOfEveryWordBoundary/interior_bit#01","Output":"=== CONT  TestErrorIdentityVisitSetMarksBothSidesOfEveryWordBoundary/interior_bit#01\n","OutputType":"frame"}
{"Time":"2026-10-08T03:41:19.751603-04:00","Action":"output","Package":"github.com/deliri/primitive/v2026/core","Test":"TestErrorIdentityVisitSetMarksBothSidesOfEveryWordBoundary/interior_bit#01","Output":"--- PASS: TestErrorIdentityVisitSetMarksBothSidesOfEveryWordBoundary/interior_bit#01 (0.00s)\n","OutputType":"frame"}
{"Time":"2026-10-08T03:41:19.751608-04:00","Action":"pass","Package":"github.com/deliri/primitive/v2026/core","Test":"TestErrorIdentityVisitSetMarksBothSidesOfEveryWordBoundary/interior_bit#01","Elapsed":0}
{"Time":"2026-10-08T03:41:19.751611-04:00","Action":"cont","Package":"github.com/deliri/primitive/v2026/core","Test":"TestErrorIdentityVisitSetMarksBothSidesOfEveryWordBoundary/interior_bit"}
{"Time":"2026-10-08T03:41:19.751614-04:00","Action":"output","Package":"github.com/deliri/primitive/v2026/core","Test":"TestErrorIdentityVisitSetMarksBothSidesOfEveryWordBoundary/interior_bit","Output":"=== CONT  TestErrorIdentityVisitSetMarksBothSidesOfEveryWordBoundary/interior_bit\n","OutputType":"frame"}
{"Time":"2026-10-08T03:41:19.751619-04:00","Action":"output","Package":"github.com/deliri/primitive/v2026/core","Test":"TestErrorIdentityVisitSetMarksBothSidesOfEveryWordBoundary/interior_bit","Output":"--- PASS: TestErrorIdentityVisitSetMarksBothSidesOfEveryWordBoundary/interior_bit (0.00s)\n","OutputType":"frame"}
{"Time":"2026-10-08T03:41:19.751623-04:00","Action":"pass","Package":"github.com/deliri/primitive/v2026/core","Test":"TestErrorIdentityVisitSetMarksBothSidesOfEveryWordBoundary/interior_bit","Elapsed":0}
{"Time":"2026-10-08T03:41:19.751626-04:00","Action":"output","Package":"github.com/deliri/primitive/v2026/core","Test":"TestErrorIdentityVisitSetMarksBothSidesOfEveryWordBoundary","Output":"--- PASS: TestErrorIdentityVisitSetMarksBothSidesOfEveryWordBoundary (0.00s)\n","OutputType":"frame"}
{"Time":"2026-10-08T03:41:19.756258-04:00","Action":"pass","Package":"github.com/deliri/primitive/v2026/core","Test":"TestErrorIdentityVisitSetMarksBothSidesOfEveryWordBoundary","Elapsed":0}
{"Time":"2026-10-08T03:41:19.756294-04:00","Action":"output","Package":"github.com/deliri/primitive/v2026/core","Test":"TestPrimitiveArchitectureCatalogMatchesEveryLandedPackage","Output":"--- PASS: TestPrimitiveArchitectureCatalogMatchesEveryLandedPackage (0.01s)\n","OutputType":"frame"}
{"Time":"2026-10-08T03:41:19.757756-04:00","Action":"pass","Package":"github.com/deliri/primitive/v2026/core","Test":"TestPrimitiveArchitectureCatalogMatchesEveryLandedPackage","Elapsed":0.01}
{"Time":"2026-10-08T03:41:19.757794-04:00","Action":"output","Package":"github.com/deliri/primitive/v2026/core","Test":"TestErrorIdentityStableTextAndJSONExhaustClosedDomain","Output":"--- PASS: TestErrorIdentityStableTextAndJSONExhaustClosedDomain (0.01s)\n","OutputType":"frame"}
{"Time":"2026-10-08T03:41:19.758786-04:00","Action":"pass","Package":"github.com/deliri/primitive/v2026/core","Test":"TestErrorIdentityStableTextAndJSONExhaustClosedDomain","Elapsed":0.01}
{"Time":"2026-10-08T03:41:19.758938-04:00","Action":"run","Package":"github.com/deliri/primitive/v2026/core","Test":"TestErrorIdentityExhaustsClosedDomainAndParentDecisions/currency_overflow_is_numeric_overflow"}
{"Time":"2026-10-08T03:41:19.758947-04:00","Action":"output","Package":"github.com/deliri/primitive/v2026/core","Test":"TestErrorIdentityExhaustsClosedDomainAndParentDecisions/currency_overflow_is_numeric_overflow","Output":"=== RUN   TestErrorIdentityExhaustsClosedDomainAndParentDecisions/currency_overflow_is_numeric_overflow\n","OutputType":"frame"}
{"Time":"2026-10-08T03:41:19.758956-04:00","Action":"output","Package":"github.com/deliri/primitive/v2026/core","Test":"TestErrorIdentityExhaustsClosedDomainAndParentDecisions/currency_overflow_is_numeric_overflow","Output":"=== PAUSE TestErrorIdentityExhaustsClosedDomainAndParentDecisions/currency_overflow_is_numeric_overflow\n","OutputType":"frame"}
{"Time":"2026-10-08T03:41:19.758961-04:00","Action":"pause","Package":"github.com/deliri/primitive/v2026/core","Test":"TestErrorIdentityExhaustsClosedDomainAndParentDecisions/currency_overflow_is_numeric_overflow"}
{"Time":"2026-10-08T03:41:19.758969-04:00","Action":"run","Package":"github.com/deliri/primitive/v2026/core","Test":"TestErrorIdentityExhaustsClosedDomainAndParentDecisions/currency_mismatch_remains_currency_family"}
{"Time":"2026-10-08T03:41:19.758984-04:00","Action":"output","Package":"github.com/deliri/primitive/v2026/core","Test":"TestErrorIdentityExhaustsClosedDomainAndParentDecisions/currency_mismatch_remains_currency_family","Output":"=== RUN   TestErrorIdentityExhaustsClosedDomainAndParentDecisions/currency_mismatch_remains_currency_family\n","OutputType":"frame"}
{"Time":"2026-10-08T03:41:19.758991-04:00","Action":"output","Package":"github.com/deliri/primitive/v2026/core","Test":"TestErrorIdentityExhaustsClosedDomainAndParentDecisions/currency_mismatch_remains_currency_family","Output":"=== PAUSE TestErrorIdentityExhaustsClosedDomainAndParentDecisions/currency_mismatch_remains_currency_family\n","OutputType":"frame"}
{"Time":"2026-10-08T03:41:19.758995-04:00","Action":"pause","Package":"github.com/deliri/primitive/v2026/core","Test":"TestErrorIdentityExhaustsClosedDomainAndParentDecisions/currency_mismatch_remains_currency_family"}
{"Time":"2026-10-08T03:41:19.758999-04:00","Action":"run","Package":"github.com/deliri/primitive/v2026/core","Test":"TestErrorIdentityExhaustsClosedDomainAndParentDecisions/indeterminate_activation_is_activation_failure"}
{"Time":"2026-10-08T03:41:19.759002-04:00","Action":"output","Package":"github.com/deliri/primitive/v2026/core","Test":"TestErrorIdentityExhaustsClosedDomainAndParentDecisions/indeterminate_activation_is_activation_failure","Output":"=== RUN   TestErrorIdentityExhaustsClosedDomainAndParentDecisions/indeterminate_activation_is_activation_failure\n","OutputType":"frame"}
{"Time":"2026-10-08T03:41:19.759019-04:00","Action":"output","Package":"github.com/deliri/primitive/v2026/core","Test":"TestErrorIdentityExhaustsClosedDomainAndParentDecisions/indeterminate_activation_is_activation_failure","Output":"=== PAUSE TestErrorIdentityExhaustsClosedDomainAndParentDecisions/indeterminate_activation_is_activation_failure\n","OutputType":"frame"}
{"Time":"2026-10-08T03:41:19.759023-04:00","Action":"pause","Package":"github.com/deliri/primitive/v2026/core","Test":"TestErrorIdentityExhaustsClosedDomainAndParentDecisions/indeterminate_activation_is_activation_failure"}
{"Time":"2026-10-08T03:41:19.759027-04:00","Action":"run","Package":"github.com/deliri/primitive/v2026/core","Test":"TestErrorIdentityExhaustsClosedDomainAndParentDecisions/disk_pressure_is_host_facts_pressure_not_contract"}
{"Time":"2026-10-08T03:41:19.759031-04:00","Action":"output","Package":"github.com/deliri/primitive/v2026/core","Test":"TestErrorIdentityExhaustsClosedDomainAndParentDecisions/disk_pressure_is_host_facts_pressure_not_contract","Output":"=== RUN   TestErrorIdentityExhaustsClosedDomainAndParentDecisions/disk_pressure_is_host_facts_pressure_not_contract\n","OutputType":"frame"}
{"Time":"2026-10-08T03:41:19.759036-04:00","Action":"output","Package":"github.com/deliri/primitive/v2026/core","Test":"TestErrorIdentityExhaustsClosedDomainAndParentDecisions/disk_pressure_is_host_facts_pressure_not_contract","Output":"=== PAUSE TestErrorIdentityExhaustsClosedDomainAndParentDecisions/disk_pressure_is_host_facts_pressure_not_contract\n","OutputType":"frame"}
{"Time":"2026-10-08T03:41:19.759039-04:00","Action":"pause","Package":"github.com/deliri/primitive/v2026/core","Test":"TestErrorIdentityExhaustsClosedDomainAndParentDecisions/disk_pressure_is_host_facts_pressure_not_contract"}
{"Time":"2026-10-08T03:41:19.759043-04:00","Action":"run","Package":"github.com/deliri/primitive/v2026/core","Test":"TestErrorIdentityExhaustsClosedDomainAndParentDecisions/exchange_transport_is_exchange_family"}
{"Time":"2026-10-08T03:41:19.759047-04:00","Action":"output","Package":"github.com/deliri/primitive/v2026/core","Test":"TestErrorIdentityExhaustsClosedDomainAndParentDecisions/exchange_transport_is_exchange_family","Output":"=== RUN   TestErrorIdentityExhaustsClosedDomainAndParentDecisions/exchange_transport_is_exchange_family\n","OutputType":"frame"}
{"Time":"2026-10-08T03:41:19.759051-04:00","Action":"output","Package":"github.com/deliri/primitive/v2026/core","Test":"TestErrorIdentityExhaustsClosedDomainAndParentDecisions/exchange_transport_is_exchange_family","Output":"=== PAUSE TestErrorIdentityExhaustsClosedDomainAndParentDecisions/exchange_transport_is_exchange_family\n","OutputType":"frame"}
{"Time":"2026-10-08T03:41:19.759054-04:00","Action":"pause","Package":"github.com/deliri/primitive/v2026/core","Test":"TestErrorIdentityExhaustsClosedDomainAndParentDecisions/exchange_transport_is_exchange_family"}
{"Time":"2026-10-08T03:41:19.759058-04:00","Action":"run","Package":"github.com/deliri/primitive/v2026/core","Test":"TestErrorIdentityExhaustsClosedDomainAndParentDecisions/object_absence_is_objectstore_family"}
{"Time":"2026-10-08T03:41:19.759061-04:00","Action":"output","Package":"github.com/deliri/primitive/v2026/core","Test":"TestErrorIdentityExhaustsClosedDomainAndParentDecisions/object_absence_is_objectstore_family","Output":"=== RUN   TestErrorIdentityExhaustsClosedDomainAndParentDecisions/object_absence_is_objectstore_family\n","OutputType":"frame"}
{"Time":"2026-10-08T03:41:19.759066-04:00","Action":"output","Package":"github.com/deliri/primitive/v2026/core","Test":"TestErrorIdentityExhaustsClosedDomainAndParentDecisions/object_absence_is_objectstore_family","Output":"=== PAUSE TestErrorIdentityExhaustsClosedDomainAndParentDecisions/object_absence_is_objectstore_family\n","OutputType":"frame"}
{"Time":"2026-10-08T03:41:19.759074-04:00","Action":"pause","Package":"github.com/deliri/primitive/v2026/core","Test":"TestErrorIdentityExhaustsClosedDomainAndParentDecisions/object_absence_is_objectstore_family"}
{"Time":"2026-10-08T03:41:19.759083-04:00","Action":"cont","Package":"github.com/deliri/primitive/v2026/core","Test":"TestErrorIdentityExhaustsClosedDomainAndParentDecisions/currency_overflow_is_numeric_overflow"}
{"Time":"2026-10-08T03:41:19.75909-04:00","Action":"output","Package":"github.com/deliri/primitive/v2026/core","Test":"TestErrorIdentityExhaustsClosedDomainAndParentDecisions/currency_overflow_is_numeric_overflow","Output":"=== CONT  TestErrorIdentityExhaustsClosedDomainAndParentDecisions/currency_overflow_is_numeric_overflow\n","OutputType":"frame"}
{"Time":"2026-10-08T03:41:19.759101-04:00","Action":"output","Package":"github.com/deliri/primitive/v2026/core","Test":"TestErrorIdentityExhaustsClosedDomainAndParentDecisions/currency_overflow_is_numeric_overflow","Output":"--- PASS: TestErrorIdentityExhaustsClosedDomainAndParentDecisions/currency_overflow_is_numeric_overflow (0.00s)\n","OutputType":"frame"}
{"Time":"2026-10-08T03:41:19.759105-04:00","Action":"pass","Package":"github.com/deliri/primitive/v2026/core","Test":"TestErrorIdentityExhaustsClosedDomainAndParentDecisions/currency_overflow_is_numeric_overflow","Elapsed":0}
{"Time":"2026-10-08T03:41:19.759109-04:00","Action":"cont","Package":"github.com/deliri/primitive/v2026/core","Test":"TestErrorIdentityExhaustsClosedDomainAndParentDecisions/indeterminate_activation_is_activation_failure"}
{"Time":"2026-10-08T03:41:19.759112-04:00","Action":"output","Package":"github.com/deliri/primitive/v2026/core","Test":"TestErrorIdentityExhaustsClosedDomainAndParentDecisions/indeterminate_activation_is_activation_failure","Output":"=== CONT  TestErrorIdentityExhaustsClosedDomainAndParentDecisions/indeterminate_activation_is_activation_failure\n","OutputType":"frame"}
{"Time":"2026-10-08T03:41:19.759117-04:00","Action":"output","Package":"github.com/deliri/primitive/v2026/core","Test":"TestErrorIdentityExhaustsClosedDomainAndParentDecisions/indeterminate_activation_is_activation_failure","Output":"--- PASS: TestErrorIdentityExhaustsClosedDomainAndParentDecisions/indeterminate_activation_is_activation_failure (0.00s)\n","OutputType":"frame"}
{"Time":"2026-10-08T03:41:19.759121-04:00","Action":"pass","Package":"github.com/deliri/primitive/v2026/core","Test":"TestErrorIdentityExhaustsClosedDomainAndParentDecisions/indeterminate_activation_is_activation_failure","Elapsed":0}
{"Time":"2026-10-08T03:41:19.759124-04:00","Action":"cont","Package":"github.com/deliri/primitive/v2026/core","Test":"TestErrorIdentityExhaustsClosedDomainAndParentDecisions/currency_mismatch_remains_currency_family"}
{"Time":"2026-10-08T03:41:19.759132-04:00","Action":"output","Package":"github.com/deliri/primitive/v2026/core","Test":"TestErrorIdentityExhaustsClosedDomainAndParentDecisions/currency_mismatch_remains_currency_family","Output":"=== CONT  TestErrorIdentityExhaustsClosedDomainAndParentDecisions/currency_mismatch_remains_currency_family\n","OutputType":"frame"}
{"Time":"2026-10-08T03:41:19.759137-04:00","Action":"output","Package":"github.com/deliri/primitive/v2026/core","Test":"TestErrorIdentityExhaustsClosedDomainAndParentDecisions/currency_mismatch_remains_currency_family","Output":"--- PASS: TestErrorIdentityExhaustsClosedDomainAndParentDecisions/currency_mismatch_remains_currency_family (0.00s)\n","OutputType":"frame"}
{"Time":"2026-10-08T03:41:19.759141-04:00","Action":"pass","Package":"github.com/deliri/primitive/v2026/core","Test":"TestErrorIdentityExhaustsClosedDomainAndParentDecisions/currency_mismatch_remains_currency_family","Elapsed":0}
{"Time":"2026-10-08T03:41:19.759144-04:00","Action":"cont","Package":"github.com/deliri/primitive/v2026/core","Test":"TestErrorIdentityExhaustsClosedDomainAndParentDecisions/object_absence_is_objectstore_family"}
{"Time":"2026-10-08T03:41:19.759147-04:00","Action":"output","Package":"github.com/deliri/primitive/v2026/core","Test":"TestErrorIdentityExhaustsClosedDomainAndParentDecisions/object_absence_is_objectstore_family","Output":"=== CONT  TestErrorIdentityExhaustsClosedDomainAndParentDecisions/object_absence_is_objectstore_family\n","OutputType":"frame"}
{"Time":"2026-10-08T03:41:19.759157-04:00","Action":"output","Package":"github.com/deliri/primitive/v2026/core","Test":"TestErrorIdentityExhaustsClosedDomainAndParentDecisions/object_absence_is_objectstore_family","Output":"--- PASS: TestErrorIdentityExhaustsClosedDomainAndParentDecisions/object_absence_is_objectstore_family (0.00s)\n","OutputType":"frame"}
{"Time":"2026-10-08T03:41:19.759161-04:00","Action":"pass","Package":"github.com/deliri/primitive/v2026/core","Test":"TestErrorIdentityExhaustsClosedDomainAndParentDecisions/object_absence_is_objectstore_family","Elapsed":0}
{"Time":"2026-10-08T03:41:19.759164-04:00","Action":"cont","Package":"github.com/deliri/primitive/v2026/core","Test":"TestErrorIdentityExhaustsClosedDomainAndParentDecisions/exchange_transport_is_exchange_family"}
{"Time":"2026-10-08T03:41:19.759168-04:00","Action":"output","Package":"github.com/deliri/primitive/v2026/core","Test":"TestErrorIdentityExhaustsClosedDomainAndParentDecisions/exchange_transport_is_exchange_family","Output":"=== CONT  TestErrorIdentityExhaustsClosedDomainAndParentDecisions/exchange_transport_is_exchange_family\n","OutputType":"frame"}
{"Time":"2026-10-08T03:41:19.759172-04:00","Action":"output","Package":"github.com/deliri/primitive/v2026/core","Test":"TestErrorIdentityExhaustsClosedDomainAndParentDecisions/exchange_transport_is_exchange_family","Output":"--- PASS: TestErrorIdentityExhaustsClosedDomainAndParentDecisions/exchange_transport_is_exchange_family (0.00s)\n","OutputType":"frame"}
{"Time":"2026-10-08T03:41:19.759176-04:00","Action":"pass","Package":"github.com/deliri/primitive/v2026/core","Test":"TestErrorIdentityExhaustsClosedDomainAndParentDecisions/exchange_transport_is_exchange_family","Elapsed":0}
{"Time":"2026-10-08T03:41:19.759179-04:00","Action":"cont","Package":"github.com/deliri/primitive/v2026/core","Test":"TestErrorIdentityExhaustsClosedDomainAndParentDecisions/disk_pressure_is_host_facts_pressure_not_contract"}
{"Time":"2026-10-08T03:41:19.759182-04:00","Action":"output","Package":"github.com/deliri/primitive/v2026/core","Test":"TestErrorIdentityExhaustsClosedDomainAndParentDecisions/disk_pressure_is_host_facts_pressure_not_contract","Output":"=== CONT  TestErrorIdentityExhaustsClosedDomainAndParentDecisions/disk_pressure_is_host_facts_pressure_not_contract\n","OutputType":"frame"}
{"Time":"2026-10-08T03:41:19.759187-04:00","Action":"output","Package":"github.com/deliri/primitive/v2026/core","Test":"TestErrorIdentityExhaustsClosedDomainAndParentDecisions/disk_pressure_is_host_facts_pressure_not_contract","Output":"--- PASS: TestErrorIdentityExhaustsClosedDomainAndParentDecisions/disk_pressure_is_host_facts_pressure_not_contract (0.00s)\n","OutputType":"frame"}
{"Time":"2026-10-08T03:41:19.759191-04:00","Action":"pass","Package":"github.com/deliri/primitive/v2026/core","Test":"TestErrorIdentityExhaustsClosedDomainAndParentDecisions/disk_pressure_is_host_facts_pressure_not_contract","Elapsed":0}
{"Time":"2026-10-08T03:41:19.759199-04:00","Action":"output","Package":"github.com/deliri/primitive/v2026/core","Test":"TestErrorIdentityExhaustsClosedDomainAndParentDecisions","Output":"--- PASS: TestErrorIdentityExhaustsClosedDomainAndParentDecisions (0.01s)\n","OutputType":"frame"}
{"Time":"2026-10-08T03:41:19.760257-04:00","Action":"pass","Package":"github.com/deliri/primitive/v2026/core","Test":"TestErrorIdentityExhaustsClosedDomainAndParentDecisions","Elapsed":0.01}
{"Time":"2026-10-08T03:41:19.760292-04:00","Action":"output","Package":"github.com/deliri/primitive/v2026/core","Test":"TestErrorIdentityMatchesEveryClosedDomainPair","Output":"--- PASS: TestErrorIdentityMatchesEveryClosedDomainPair (0.01s)\n","OutputType":"frame"}
{"Time":"2026-10-08T03:41:19.760396-04:00","Action":"pass","Package":"github.com/deliri/primitive/v2026/core","Test":"TestErrorIdentityMatchesEveryClosedDomainPair","Elapsed":0.01}
{"Time":"2026-10-08T03:41:19.760404-04:00","Action":"output","Package":"github.com/deliri/primitive/v2026/core","Output":"PASS\n","OutputType":"frame"}
{"Time":"2026-10-08T03:41:19.761358-04:00","Action":"output","Package":"github.com/deliri/primitive/v2026/core","Output":"ok  \tgithub.com/deliri/primitive/v2026/core\t0.149s\n"}
{"Time":"2026-10-08T03:41:19.761386-04:00","Action":"pass","Package":"github.com/deliri/primitive/v2026/core","Elapsed":0.149}
