{"Time":"2026-10-08T03:42:11.524669-04:00","Action":"start","Package":"github.com/deliri/primitive/v2026/requestbudget"}
{"Time":"2026-10-08T03:42:11.643599-04:00","Action":"run","Package":"github.com/deliri/primitive/v2026/requestbudget","Test":"TestContractBoundaryLayerTriad"}
{"Time":"2026-10-08T03:42:11.643731-04:00","Action":"output","Package":"github.com/deliri/primitive/v2026/requestbudget","Test":"TestContractBoundaryLayerTriad","Output":"=== RUN   TestContractBoundaryLayerTriad\n","OutputType":"frame"}
{"Time":"2026-10-08T03:42:11.643793-04:00","Action":"output","Package":"github.com/deliri/primitive/v2026/requestbudget","Test":"TestContractBoundaryLayerTriad","Output":"=== PAUSE TestContractBoundaryLayerTriad\n","OutputType":"frame"}
{"Time":"2026-10-08T03:42:11.643801-04:00","Action":"pause","Package":"github.com/deliri/primitive/v2026/requestbudget","Test":"TestContractBoundaryLayerTriad"}
{"Time":"2026-10-08T03:42:11.643812-04:00","Action":"run","Package":"github.com/deliri/primitive/v2026/requestbudget","Test":"TestProductionDataFlowInventoryAndBoundedOwnership"}
{"Time":"2026-10-08T03:42:11.643826-04:00","Action":"output","Package":"github.com/deliri/primitive/v2026/requestbudget","Test":"TestProductionDataFlowInventoryAndBoundedOwnership","Output":"=== RUN   TestProductionDataFlowInventoryAndBoundedOwnership\n","OutputType":"frame"}
{"Time":"2026-10-08T03:42:11.64385-04:00","Action":"output","Package":"github.com/deliri/primitive/v2026/requestbudget","Test":"TestProductionDataFlowInventoryAndBoundedOwnership","Output":"=== PAUSE TestProductionDataFlowInventoryAndBoundedOwnership\n","OutputType":"frame"}
{"Time":"2026-10-08T03:42:11.643856-04:00","Action":"pause","Package":"github.com/deliri/primitive/v2026/requestbudget","Test":"TestProductionDataFlowInventoryAndBoundedOwnership"}
{"Time":"2026-10-08T03:42:11.643864-04:00","Action":"run","Package":"github.com/deliri/primitive/v2026/requestbudget","Test":"TestReservationCreditsLayerTriad"}
{"Time":"2026-10-08T03:42:11.643869-04:00","Action":"output","Package":"github.com/deliri/primitive/v2026/requestbudget","Test":"TestReservationCreditsLayerTriad","Output":"=== RUN   TestReservationCreditsLayerTriad\n","OutputType":"frame"}
{"Time":"2026-10-08T03:42:11.643877-04:00","Action":"output","Package":"github.com/deliri/primitive/v2026/requestbudget","Test":"TestReservationCreditsLayerTriad","Output":"=== PAUSE TestReservationCreditsLayerTriad\n","OutputType":"frame"}
{"Time":"2026-10-08T03:42:11.643882-04:00","Action":"pause","Package":"github.com/deliri/primitive/v2026/requestbudget","Test":"TestReservationCreditsLayerTriad"}
{"Time":"2026-10-08T03:42:11.643892-04:00","Action":"run","Package":"github.com/deliri/primitive/v2026/requestbudget","Test":"TestCapacityWindowLayerTriad"}
{"Time":"2026-10-08T03:42:11.643897-04:00","Action":"output","Package":"github.com/deliri/primitive/v2026/requestbudget","Test":"TestCapacityWindowLayerTriad","Output":"=== RUN   TestCapacityWindowLayerTriad\n","OutputType":"frame"}
{"Time":"2026-10-08T03:42:11.643902-04:00","Action":"output","Package":"github.com/deliri/primitive/v2026/requestbudget","Test":"TestCapacityWindowLayerTriad","Output":"=== PAUSE TestCapacityWindowLayerTriad\n","OutputType":"frame"}
{"Time":"2026-10-08T03:42:11.643906-04:00","Action":"pause","Package":"github.com/deliri/primitive/v2026/requestbudget","Test":"TestCapacityWindowLayerTriad"}
{"Time":"2026-10-08T03:42:11.643911-04:00","Action":"run","Package":"github.com/deliri/primitive/v2026/requestbudget","Test":"TestCreditGrantHandoffExhaustive"}
{"Time":"2026-10-08T03:42:11.643915-04:00","Action":"output","Package":"github.com/deliri/primitive/v2026/requestbudget","Test":"TestCreditGrantHandoffExhaustive","Output":"=== RUN   TestCreditGrantHandoffExhaustive\n","OutputType":"frame"}
{"Time":"2026-10-08T03:42:11.64392-04:00","Action":"output","Package":"github.com/deliri/primitive/v2026/requestbudget","Test":"TestCreditGrantHandoffExhaustive","Output":"=== PAUSE TestCreditGrantHandoffExhaustive\n","OutputType":"frame"}
{"Time":"2026-10-08T03:42:11.643925-04:00","Action":"pause","Package":"github.com/deliri/primitive/v2026/requestbudget","Test":"TestCreditGrantHandoffExhaustive"}
{"Time":"2026-10-08T03:42:11.64394-04:00","Action":"run","Package":"github.com/deliri/primitive/v2026/requestbudget","Test":"TestConcurrentCreditConservation"}
{"Time":"2026-10-08T03:42:11.643944-04:00","Action":"output","Package":"github.com/deliri/primitive/v2026/requestbudget","Test":"TestConcurrentCreditConservation","Output":"=== RUN   TestConcurrentCreditConservation\n","OutputType":"frame"}
{"Time":"2026-10-08T03:42:11.643948-04:00","Action":"output","Package":"github.com/deliri/primitive/v2026/requestbudget","Test":"TestConcurrentCreditConservation","Output":"=== PAUSE TestConcurrentCreditConservation\n","OutputType":"frame"}
{"Time":"2026-10-08T03:42:11.643951-04:00","Action":"pause","Package":"github.com/deliri/primitive/v2026/requestbudget","Test":"TestConcurrentCreditConservation"}
{"Time":"2026-10-08T03:42:11.643962-04:00","Action":"run","Package":"github.com/deliri/primitive/v2026/requestbudget","Test":"TestCancellationReservationLayerTriad"}
{"Time":"2026-10-08T03:42:11.643966-04:00","Action":"output","Package":"github.com/deliri/primitive/v2026/requestbudget","Test":"TestCancellationReservationLayerTriad","Output":"=== RUN   TestCancellationReservationLayerTriad\n","OutputType":"frame"}
{"Time":"2026-10-08T03:42:11.64397-04:00","Action":"output","Package":"github.com/deliri/primitive/v2026/requestbudget","Test":"TestCancellationReservationLayerTriad","Output":"=== PAUSE TestCancellationReservationLayerTriad\n","OutputType":"frame"}
{"Time":"2026-10-08T03:42:11.643974-04:00","Action":"pause","Package":"github.com/deliri/primitive/v2026/requestbudget","Test":"TestCancellationReservationLayerTriad"}
{"Time":"2026-10-08T03:42:11.643977-04:00","Action":"run","Package":"github.com/deliri/primitive/v2026/requestbudget","Test":"TestWindowAdvanceRejectsLateGrantAndRollback"}
{"Time":"2026-10-08T03:42:11.643987-04:00","Action":"output","Package":"github.com/deliri/primitive/v2026/requestbudget","Test":"TestWindowAdvanceRejectsLateGrantAndRollback","Output":"=== RUN   TestWindowAdvanceRejectsLateGrantAndRollback\n","OutputType":"frame"}
{"Time":"2026-10-08T03:42:11.643992-04:00","Action":"output","Package":"github.com/deliri/primitive/v2026/requestbudget","Test":"TestWindowAdvanceRejectsLateGrantAndRollback","Output":"=== PAUSE TestWindowAdvanceRejectsLateGrantAndRollback\n","OutputType":"frame"}
{"Time":"2026-10-08T03:42:11.643996-04:00","Action":"pause","Package":"github.com/deliri/primitive/v2026/requestbudget","Test":"TestWindowAdvanceRejectsLateGrantAndRollback"}
{"Time":"2026-10-08T03:42:11.644-04:00","Action":"run","Package":"github.com/deliri/primitive/v2026/requestbudget","Test":"TestProviderFailureAndPanicNeverBecomeExhaustion"}
{"Time":"2026-10-08T03:42:11.644003-04:00","Action":"output","Package":"github.com/deliri/primitive/v2026/requestbudget","Test":"TestProviderFailureAndPanicNeverBecomeExhaustion","Output":"=== RUN   TestProviderFailureAndPanicNeverBecomeExhaustion\n","OutputType":"frame"}
{"Time":"2026-10-08T03:42:11.644007-04:00","Action":"output","Package":"github.com/deliri/primitive/v2026/requestbudget","Test":"TestProviderFailureAndPanicNeverBecomeExhaustion","Output":"=== PAUSE TestProviderFailureAndPanicNeverBecomeExhaustion\n","OutputType":"frame"}
{"Time":"2026-10-08T03:42:11.644011-04:00","Action":"pause","Package":"github.com/deliri/primitive/v2026/requestbudget","Test":"TestProviderFailureAndPanicNeverBecomeExhaustion"}
{"Time":"2026-10-08T03:42:11.644018-04:00","Action":"run","Package":"github.com/deliri/primitive/v2026/requestbudget","Test":"TestPendingWindowRolloverAndDeadline"}
{"Time":"2026-10-08T03:42:11.644022-04:00","Action":"output","Package":"github.com/deliri/primitive/v2026/requestbudget","Test":"TestPendingWindowRolloverAndDeadline","Output":"=== RUN   TestPendingWindowRolloverAndDeadline\n","OutputType":"frame"}
{"Time":"2026-10-08T03:42:11.644026-04:00","Action":"output","Package":"github.com/deliri/primitive/v2026/requestbudget","Test":"TestPendingWindowRolloverAndDeadline","Output":"=== PAUSE TestPendingWindowRolloverAndDeadline\n","OutputType":"frame"}
{"Time":"2026-10-08T03:42:11.644035-04:00","Action":"pause","Package":"github.com/deliri/primitive/v2026/requestbudget","Test":"TestPendingWindowRolloverAndDeadline"}
{"Time":"2026-10-08T03:42:11.644038-04:00","Action":"run","Package":"github.com/deliri/primitive/v2026/requestbudget","Test":"TestGrantBindingFieldsAndMaximumCredits"}
{"Time":"2026-10-08T03:42:11.644042-04:00","Action":"output","Package":"github.com/deliri/primitive/v2026/requestbudget","Test":"TestGrantBindingFieldsAndMaximumCredits","Output":"=== RUN   TestGrantBindingFieldsAndMaximumCredits\n","OutputType":"frame"}
{"Time":"2026-10-08T03:42:11.644046-04:00","Action":"output","Package":"github.com/deliri/primitive/v2026/requestbudget","Test":"TestGrantBindingFieldsAndMaximumCredits","Output":"=== PAUSE TestGrantBindingFieldsAndMaximumCredits\n","OutputType":"frame"}
{"Time":"2026-10-08T03:42:11.64405-04:00","Action":"pause","Package":"github.com/deliri/primitive/v2026/requestbudget","Test":"TestGrantBindingFieldsAndMaximumCredits"}
{"Time":"2026-10-08T03:42:11.644053-04:00","Action":"cont","Package":"github.com/deliri/primitive/v2026/requestbudget","Test":"TestContractBoundaryLayerTriad"}
{"Time":"2026-10-08T03:42:11.644056-04:00","Action":"output","Package":"github.com/deliri/primitive/v2026/requestbudget","Test":"TestContractBoundaryLayerTriad","Output":"=== CONT  TestContractBoundaryLayerTriad\n","OutputType":"frame"}
{"Time":"2026-10-08T03:42:11.644061-04:00","Action":"run","Package":"github.com/deliri/primitive/v2026/requestbudget","Test":"TestContractBoundaryLayerTriad/exact_start_is_inside"}
{"Time":"2026-10-08T03:42:11.644064-04:00","Action":"output","Package":"github.com/deliri/primitive/v2026/requestbudget","Test":"TestContractBoundaryLayerTriad/exact_start_is_inside","Output":"=== RUN   TestContractBoundaryLayerTriad/exact_start_is_inside\n","OutputType":"frame"}
{"Time":"2026-10-08T03:42:11.644069-04:00","Action":"output","Package":"github.com/deliri/primitive/v2026/requestbudget","Test":"TestContractBoundaryLayerTriad/exact_start_is_inside","Output":"=== PAUSE TestContractBoundaryLayerTriad/exact_start_is_inside\n","OutputType":"frame"}
{"Time":"2026-10-08T03:42:11.644073-04:00","Action":"pause","Package":"github.com/deliri/primitive/v2026/requestbudget","Test":"TestContractBoundaryLayerTriad/exact_start_is_inside"}
{"Time":"2026-10-08T03:42:11.644077-04:00","Action":"run","Package":"github.com/deliri/primitive/v2026/requestbudget","Test":"TestContractBoundaryLayerTriad/last_nanosecond_is_inside"}
{"Time":"2026-10-08T03:42:11.644081-04:00","Action":"output","Package":"github.com/deliri/primitive/v2026/requestbudget","Test":"TestContractBoundaryLayerTriad/last_nanosecond_is_inside","Output":"=== RUN   TestContractBoundaryLayerTriad/last_nanosecond_is_inside\n","OutputType":"frame"}
{"Time":"2026-10-08T03:42:11.644091-04:00","Action":"output","Package":"github.com/deliri/primitive/v2026/requestbudget","Test":"TestContractBoundaryLayerTriad/last_nanosecond_is_inside","Output":"=== PAUSE TestContractBoundaryLayerTriad/last_nanosecond_is_inside\n","OutputType":"frame"}
{"Time":"2026-10-08T03:42:11.644095-04:00","Action":"pause","Package":"github.com/deliri/primitive/v2026/requestbudget","Test":"TestContractBoundaryLayerTriad/last_nanosecond_is_inside"}
{"Time":"2026-10-08T03:42:11.644103-04:00","Action":"cont","Package":"github.com/deliri/primitive/v2026/requestbudget","Test":"TestCancellationReservationLayerTriad"}
{"Time":"2026-10-08T03:42:11.644107-04:00","Action":"output","Package":"github.com/deliri/primitive/v2026/requestbudget","Test":"TestCancellationReservationLayerTriad","Output":"=== CONT  TestCancellationReservationLayerTriad\n","OutputType":"frame"}
{"Time":"2026-10-08T03:42:11.644121-04:00","Action":"run","Package":"github.com/deliri/primitive/v2026/requestbudget","Test":"TestContractBoundaryLayerTriad/unset_identity_refuses"}
{"Time":"2026-10-08T03:42:11.644126-04:00","Action":"output","Package":"github.com/deliri/primitive/v2026/requestbudget","Test":"TestContractBoundaryLayerTriad/unset_identity_refuses","Output":"=== RUN   TestContractBoundaryLayerTriad/unset_identity_refuses\n","OutputType":"frame"}
{"Time":"2026-10-08T03:42:11.644134-04:00","Action":"output","Package":"github.com/deliri/primitive/v2026/requestbudget","Test":"TestContractBoundaryLayerTriad/unset_identity_refuses","Output":"=== PAUSE TestContractBoundaryLayerTriad/unset_identity_refuses\n","OutputType":"frame"}
{"Time":"2026-10-08T03:42:11.644137-04:00","Action":"pause","Package":"github.com/deliri/primitive/v2026/requestbudget","Test":"TestContractBoundaryLayerTriad/unset_identity_refuses"}
{"Time":"2026-10-08T03:42:11.644141-04:00","Action":"cont","Package":"github.com/deliri/primitive/v2026/requestbudget","Test":"TestReservationCreditsLayerTriad"}
{"Time":"2026-10-08T03:42:11.644145-04:00","Action":"output","Package":"github.com/deliri/primitive/v2026/requestbudget","Test":"TestReservationCreditsLayerTriad","Output":"=== CONT  TestReservationCreditsLayerTriad\n","OutputType":"frame"}
{"Time":"2026-10-08T03:42:11.644151-04:00","Action":"output","Package":"github.com/deliri/primitive/v2026/requestbudget","Test":"TestCancellationReservationLayerTriad","Output":"--- PASS: TestCancellationReservationLayerTriad (0.00s)\n","OutputType":"frame"}
{"Time":"2026-10-08T03:42:11.644155-04:00","Action":"pass","Package":"github.com/deliri/primitive/v2026/requestbudget","Test":"TestCancellationReservationLayerTriad","Elapsed":0}
{"Time":"2026-10-08T03:42:11.644161-04:00","Action":"cont","Package":"github.com/deliri/primitive/v2026/requestbudget","Test":"TestCapacityWindowLayerTriad"}
{"Time":"2026-10-08T03:42:11.644164-04:00","Action":"output","Package":"github.com/deliri/primitive/v2026/requestbudget","Test":"TestCapacityWindowLayerTriad","Output":"=== CONT  TestCapacityWindowLayerTriad\n","OutputType":"frame"}
{"Time":"2026-10-08T03:42:11.644251-04:00","Action":"cont","Package":"github.com/deliri/primitive/v2026/requestbudget","Test":"TestConcurrentCreditConservation"}
{"Time":"2026-10-08T03:42:11.644273-04:00","Action":"output","Package":"github.com/deliri/primitive/v2026/requestbudget","Test":"TestConcurrentCreditConservation","Output":"=== CONT  TestConcurrentCreditConservation\n","OutputType":"frame"}
{"Time":"2026-10-08T03:42:11.644328-04:00","Action":"output","Package":"github.com/deliri/primitive/v2026/requestbudget","Test":"TestReservationCreditsLayerTriad","Output":"--- PASS: TestReservationCreditsLayerTriad (0.00s)\n","OutputType":"frame"}
{"Time":"2026-10-08T03:42:11.64435-04:00","Action":"pass","Package":"github.com/deliri/primitive/v2026/requestbudget","Test":"TestReservationCreditsLayerTriad","Elapsed":0}
{"Time":"2026-10-08T03:42:11.644358-04:00","Action":"run","Package":"github.com/deliri/primitive/v2026/requestbudget","Test":"TestCapacityWindowLayerTriad/cached_exhaustion_never_re-reserves"}
{"Time":"2026-10-08T03:42:11.644371-04:00","Action":"output","Package":"github.com/deliri/primitive/v2026/requestbudget","Test":"TestCapacityWindowLayerTriad/cached_exhaustion_never_re-reserves","Output":"=== RUN   TestCapacityWindowLayerTriad/cached_exhaustion_never_re-reserves\n","OutputType":"frame"}
{"Time":"2026-10-08T03:42:11.644377-04:00","Action":"output","Package":"github.com/deliri/primitive/v2026/requestbudget","Test":"TestCapacityWindowLayerTriad/cached_exhaustion_never_re-reserves","Output":"=== PAUSE TestCapacityWindowLayerTriad/cached_exhaustion_never_re-reserves\n","OutputType":"frame"}
{"Time":"2026-10-08T03:42:11.644382-04:00","Action":"pause","Package":"github.com/deliri/primitive/v2026/requestbudget","Test":"TestCapacityWindowLayerTriad/cached_exhaustion_never_re-reserves"}
{"Time":"2026-10-08T03:42:11.644389-04:00","Action":"run","Package":"github.com/deliri/primitive/v2026/requestbudget","Test":"TestCapacityWindowLayerTriad/different_live_key_refuses_capacity"}
{"Time":"2026-10-08T03:42:11.644393-04:00","Action":"output","Package":"github.com/deliri/primitive/v2026/requestbudget","Test":"TestCapacityWindowLayerTriad/different_live_key_refuses_capacity","Output":"=== RUN   TestCapacityWindowLayerTriad/different_live_key_refuses_capacity\n","OutputType":"frame"}
{"Time":"2026-10-08T03:42:11.644411-04:00","Action":"output","Package":"github.com/deliri/primitive/v2026/requestbudget","Test":"TestCapacityWindowLayerTriad/different_live_key_refuses_capacity","Output":"=== PAUSE TestCapacityWindowLayerTriad/different_live_key_refuses_capacity\n","OutputType":"frame"}
{"Time":"2026-10-08T03:42:11.644415-04:00","Action":"pause","Package":"github.com/deliri/primitive/v2026/requestbudget","Test":"TestCapacityWindowLayerTriad/different_live_key_refuses_capacity"}
{"Time":"2026-10-08T03:42:11.644419-04:00","Action":"run","Package":"github.com/deliri/primitive/v2026/requestbudget","Test":"TestCapacityWindowLayerTriad/changed_batch_refuses_binding"}
{"Time":"2026-10-08T03:42:11.644423-04:00","Action":"output","Package":"github.com/deliri/primitive/v2026/requestbudget","Test":"TestCapacityWindowLayerTriad/changed_batch_refuses_binding","Output":"=== RUN   TestCapacityWindowLayerTriad/changed_batch_refuses_binding\n","OutputType":"frame"}
{"Time":"2026-10-08T03:42:11.644427-04:00","Action":"cont","Package":"github.com/deliri/primitive/v2026/requestbudget","Test":"TestPendingWindowRolloverAndDeadline"}
{"Time":"2026-10-08T03:42:11.64443-04:00","Action":"output","Package":"github.com/deliri/primitive/v2026/requestbudget","Test":"TestPendingWindowRolloverAndDeadline","Output":"=== CONT  TestPendingWindowRolloverAndDeadline\n","OutputType":"frame"}
{"Time":"2026-10-08T03:42:11.644434-04:00","Action":"cont","Package":"github.com/deliri/primitive/v2026/requestbudget","Test":"TestGrantBindingFieldsAndMaximumCredits"}
{"Time":"2026-10-08T03:42:11.644438-04:00","Action":"output","Package":"github.com/deliri/primitive/v2026/requestbudget","Test":"TestGrantBindingFieldsAndMaximumCredits","Output":"=== CONT  TestGrantBindingFieldsAndMaximumCredits\n","OutputType":"frame"}
{"Time":"2026-10-08T03:42:11.644442-04:00","Action":"run","Package":"github.com/deliri/primitive/v2026/requestbudget","Test":"TestGrantBindingFieldsAndMaximumCredits/foreign_key_cannot_mint_credits"}
{"Time":"2026-10-08T03:42:11.644445-04:00","Action":"output","Package":"github.com/deliri/primitive/v2026/requestbudget","Test":"TestGrantBindingFieldsAndMaximumCredits/foreign_key_cannot_mint_credits","Output":"=== RUN   TestGrantBindingFieldsAndMaximumCredits/foreign_key_cannot_mint_credits\n","OutputType":"frame"}
{"Time":"2026-10-08T03:42:11.644449-04:00","Action":"output","Package":"github.com/deliri/primitive/v2026/requestbudget","Test":"TestGrantBindingFieldsAndMaximumCredits/foreign_key_cannot_mint_credits","Output":"=== PAUSE TestGrantBindingFieldsAndMaximumCredits/foreign_key_cannot_mint_credits\n","OutputType":"frame"}
{"Time":"2026-10-08T03:42:11.644453-04:00","Action":"pause","Package":"github.com/deliri/primitive/v2026/requestbudget","Test":"TestGrantBindingFieldsAndMaximumCredits/foreign_key_cannot_mint_credits"}
{"Time":"2026-10-08T03:42:11.64446-04:00","Action":"run","Package":"github.com/deliri/primitive/v2026/requestbudget","Test":"TestGrantBindingFieldsAndMaximumCredits/foreign_start_cannot_mint_credits"}
{"Time":"2026-10-08T03:42:11.644464-04:00","Action":"output","Package":"github.com/deliri/primitive/v2026/requestbudget","Test":"TestGrantBindingFieldsAndMaximumCredits/foreign_start_cannot_mint_credits","Output":"=== RUN   TestGrantBindingFieldsAndMaximumCredits/foreign_start_cannot_mint_credits\n","OutputType":"frame"}
{"Time":"2026-10-08T03:42:11.644472-04:00","Action":"output","Package":"github.com/deliri/primitive/v2026/requestbudget","Test":"TestGrantBindingFieldsAndMaximumCredits/foreign_start_cannot_mint_credits","Output":"=== PAUSE TestGrantBindingFieldsAndMaximumCredits/foreign_start_cannot_mint_credits\n","OutputType":"frame"}
{"Time":"2026-10-08T03:42:11.644475-04:00","Action":"pause","Package":"github.com/deliri/primitive/v2026/requestbudget","Test":"TestGrantBindingFieldsAndMaximumCredits/foreign_start_cannot_mint_credits"}
{"Time":"2026-10-08T03:42:11.644479-04:00","Action":"run","Package":"github.com/deliri/primitive/v2026/requestbudget","Test":"TestGrantBindingFieldsAndMaximumCredits/foreign_end_cannot_mint_credits"}
{"Time":"2026-10-08T03:42:11.644486-04:00","Action":"output","Package":"github.com/deliri/primitive/v2026/requestbudget","Test":"TestGrantBindingFieldsAndMaximumCredits/foreign_end_cannot_mint_credits","Output":"=== RUN   TestGrantBindingFieldsAndMaximumCredits/foreign_end_cannot_mint_credits\n","OutputType":"frame"}
{"Time":"2026-10-08T03:42:11.64449-04:00","Action":"output","Package":"github.com/deliri/primitive/v2026/requestbudget","Test":"TestGrantBindingFieldsAndMaximumCredits/foreign_end_cannot_mint_credits","Output":"=== PAUSE TestGrantBindingFieldsAndMaximumCredits/foreign_end_cannot_mint_credits\n","OutputType":"frame"}
{"Time":"2026-10-08T03:42:11.644494-04:00","Action":"pause","Package":"github.com/deliri/primitive/v2026/requestbudget","Test":"TestGrantBindingFieldsAndMaximumCredits/foreign_end_cannot_mint_credits"}
{"Time":"2026-10-08T03:42:11.644497-04:00","Action":"run","Package":"github.com/deliri/primitive/v2026/requestbudget","Test":"TestGrantBindingFieldsAndMaximumCredits/foreign_batch_cannot_mint_credits"}
{"Time":"2026-10-08T03:42:11.644501-04:00","Action":"output","Package":"github.com/deliri/primitive/v2026/requestbudget","Test":"TestGrantBindingFieldsAndMaximumCredits/foreign_batch_cannot_mint_credits","Output":"=== RUN   TestGrantBindingFieldsAndMaximumCredits/foreign_batch_cannot_mint_credits\n","OutputType":"frame"}
{"Time":"2026-10-08T03:42:11.644516-04:00","Action":"output","Package":"github.com/deliri/primitive/v2026/requestbudget","Test":"TestGrantBindingFieldsAndMaximumCredits/foreign_batch_cannot_mint_credits","Output":"=== PAUSE TestGrantBindingFieldsAndMaximumCredits/foreign_batch_cannot_mint_credits\n","OutputType":"frame"}
{"Time":"2026-10-08T03:42:11.644521-04:00","Action":"pause","Package":"github.com/deliri/primitive/v2026/requestbudget","Test":"TestGrantBindingFieldsAndMaximumCredits/foreign_batch_cannot_mint_credits"}
{"Time":"2026-10-08T03:42:11.644524-04:00","Action":"cont","Package":"github.com/deliri/primitive/v2026/requestbudget","Test":"TestCreditGrantHandoffExhaustive"}
{"Time":"2026-10-08T03:42:11.644527-04:00","Action":"output","Package":"github.com/deliri/primitive/v2026/requestbudget","Test":"TestCreditGrantHandoffExhaustive","Output":"=== CONT  TestCreditGrantHandoffExhaustive\n","OutputType":"frame"}
{"Time":"2026-10-08T03:42:11.644531-04:00","Action":"output","Package":"github.com/deliri/primitive/v2026/requestbudget","Test":"TestPendingWindowRolloverAndDeadline","Output":"--- PASS: TestPendingWindowRolloverAndDeadline (0.00s)\n","OutputType":"frame"}
{"Time":"2026-10-08T03:42:11.644537-04:00","Action":"pass","Package":"github.com/deliri/primitive/v2026/requestbudget","Test":"TestPendingWindowRolloverAndDeadline","Elapsed":0}
{"Time":"2026-10-08T03:42:11.64454-04:00","Action":"cont","Package":"github.com/deliri/primitive/v2026/requestbudget","Test":"TestProviderFailureAndPanicNeverBecomeExhaustion"}
{"Time":"2026-10-08T03:42:11.644544-04:00","Action":"output","Package":"github.com/deliri/primitive/v2026/requestbudget","Test":"TestProviderFailureAndPanicNeverBecomeExhaustion","Output":"=== CONT  TestProviderFailureAndPanicNeverBecomeExhaustion\n","OutputType":"frame"}
{"Time":"2026-10-08T03:42:11.644673-04:00","Action":"output","Package":"github.com/deliri/primitive/v2026/requestbudget","Test":"TestProviderFailureAndPanicNeverBecomeExhaustion","Output":"--- PASS: TestProviderFailureAndPanicNeverBecomeExhaustion (0.00s)\n","OutputType":"frame"}
{"Time":"2026-10-08T03:42:11.644704-04:00","Action":"pass","Package":"github.com/deliri/primitive/v2026/requestbudget","Test":"TestProviderFailureAndPanicNeverBecomeExhaustion","Elapsed":0}
{"Time":"2026-10-08T03:42:11.644761-04:00","Action":"cont","Package":"github.com/deliri/primitive/v2026/requestbudget","Test":"TestWindowAdvanceRejectsLateGrantAndRollback"}
{"Time":"2026-10-08T03:42:11.644781-04:00","Action":"output","Package":"github.com/deliri/primitive/v2026/requestbudget","Test":"TestWindowAdvanceRejectsLateGrantAndRollback","Output":"=== CONT  TestWindowAdvanceRejectsLateGrantAndRollback\n","OutputType":"frame"}
{"Time":"2026-10-08T03:42:11.644876-04:00","Action":"output","Package":"github.com/deliri/primitive/v2026/requestbudget","Test":"TestWindowAdvanceRejectsLateGrantAndRollback","Output":"--- PASS: TestWindowAdvanceRejectsLateGrantAndRollback (0.00s)\n","OutputType":"frame"}
{"Time":"2026-10-08T03:42:11.644903-04:00","Action":"pass","Package":"github.com/deliri/primitive/v2026/requestbudget","Test":"TestWindowAdvanceRejectsLateGrantAndRollback","Elapsed":0}
{"Time":"2026-10-08T03:42:11.644918-04:00","Action":"run","Package":"github.com/deliri/primitive/v2026/requestbudget","Test":"TestContractBoundaryLayerTriad/unset_start_refuses"}
{"Time":"2026-10-08T03:42:11.644932-04:00","Action":"output","Package":"github.com/deliri/primitive/v2026/requestbudget","Test":"TestContractBoundaryLayerTriad/unset_start_refuses","Output":"=== RUN   TestContractBoundaryLayerTriad/unset_start_refuses\n","OutputType":"frame"}
{"Time":"2026-10-08T03:42:11.644948-04:00","Action":"output","Package":"github.com/deliri/primitive/v2026/requestbudget","Test":"TestContractBoundaryLayerTriad/unset_start_refuses","Output":"=== PAUSE TestContractBoundaryLayerTriad/unset_start_refuses\n","OutputType":"frame"}
{"Time":"2026-10-08T03:42:11.644964-04:00","Action":"pause","Package":"github.com/deliri/primitive/v2026/requestbudget","Test":"TestContractBoundaryLayerTriad/unset_start_refuses"}
{"Time":"2026-10-08T03:42:11.644978-04:00","Action":"run","Package":"github.com/deliri/primitive/v2026/requestbudget","Test":"TestContractBoundaryLayerTriad/unset_end_refuses"}
{"Time":"2026-10-08T03:42:11.644992-04:00","Action":"output","Package":"github.com/deliri/primitive/v2026/requestbudget","Test":"TestContractBoundaryLayerTriad/unset_end_refuses","Output":"=== RUN   TestContractBoundaryLayerTriad/unset_end_refuses\n","OutputType":"frame"}
{"Time":"2026-10-08T03:42:11.645009-04:00","Action":"cont","Package":"github.com/deliri/primitive/v2026/requestbudget","Test":"TestProductionDataFlowInventoryAndBoundedOwnership"}
{"Time":"2026-10-08T03:42:11.645023-04:00","Action":"output","Package":"github.com/deliri/primitive/v2026/requestbudget","Test":"TestProductionDataFlowInventoryAndBoundedOwnership","Output":"=== CONT  TestProductionDataFlowInventoryAndBoundedOwnership\n","OutputType":"frame"}
{"Time":"2026-10-08T03:42:11.645047-04:00","Action":"output","Package":"github.com/deliri/primitive/v2026/requestbudget","Test":"TestCapacityWindowLayerTriad/changed_batch_refuses_binding","Output":"=== PAUSE TestCapacityWindowLayerTriad/changed_batch_refuses_binding\n","OutputType":"frame"}
{"Time":"2026-10-08T03:42:11.645061-04:00","Action":"pause","Package":"github.com/deliri/primitive/v2026/requestbudget","Test":"TestCapacityWindowLayerTriad/changed_batch_refuses_binding"}
{"Time":"2026-10-08T03:42:11.645075-04:00","Action":"run","Package":"github.com/deliri/primitive/v2026/requestbudget","Test":"TestCapacityWindowLayerTriad/overlapping_window_refuses_binding"}
{"Time":"2026-10-08T03:42:11.645088-04:00","Action":"output","Package":"github.com/deliri/primitive/v2026/requestbudget","Test":"TestCapacityWindowLayerTriad/overlapping_window_refuses_binding","Output":"=== RUN   TestCapacityWindowLayerTriad/overlapping_window_refuses_binding\n","OutputType":"frame"}
{"Time":"2026-10-08T03:42:11.645103-04:00","Action":"output","Package":"github.com/deliri/primitive/v2026/requestbudget","Test":"TestCapacityWindowLayerTriad/overlapping_window_refuses_binding","Output":"=== PAUSE TestCapacityWindowLayerTriad/overlapping_window_refuses_binding\n","OutputType":"frame"}
{"Time":"2026-10-08T03:42:11.645116-04:00","Action":"pause","Package":"github.com/deliri/primitive/v2026/requestbudget","Test":"TestCapacityWindowLayerTriad/overlapping_window_refuses_binding"}
{"Time":"2026-10-08T03:42:11.645142-04:00","Action":"run","Package":"github.com/deliri/primitive/v2026/requestbudget","Test":"TestCapacityWindowLayerTriad/same_key_next_window_reserves_anew"}
{"Time":"2026-10-08T03:42:11.645157-04:00","Action":"output","Package":"github.com/deliri/primitive/v2026/requestbudget","Test":"TestCapacityWindowLayerTriad/same_key_next_window_reserves_anew","Output":"=== RUN   TestCapacityWindowLayerTriad/same_key_next_window_reserves_anew\n","OutputType":"frame"}
{"Time":"2026-10-08T03:42:11.64519-04:00","Action":"output","Package":"github.com/deliri/primitive/v2026/requestbudget","Test":"TestCapacityWindowLayerTriad/same_key_next_window_reserves_anew","Output":"=== PAUSE TestCapacityWindowLayerTriad/same_key_next_window_reserves_anew\n","OutputType":"frame"}
{"Time":"2026-10-08T03:42:11.645203-04:00","Action":"pause","Package":"github.com/deliri/primitive/v2026/requestbudget","Test":"TestCapacityWindowLayerTriad/same_key_next_window_reserves_anew"}
{"Time":"2026-10-08T03:42:11.645242-04:00","Action":"run","Package":"github.com/deliri/primitive/v2026/requestbudget","Test":"TestCapacityWindowLayerTriad/expired_slot_admits_different_key"}
{"Time":"2026-10-08T03:42:11.645259-04:00","Action":"output","Package":"github.com/deliri/primitive/v2026/requestbudget","Test":"TestCapacityWindowLayerTriad/expired_slot_admits_different_key","Output":"=== RUN   TestCapacityWindowLayerTriad/expired_slot_admits_different_key\n","OutputType":"frame"}
{"Time":"2026-10-08T03:42:11.645274-04:00","Action":"output","Package":"github.com/deliri/primitive/v2026/requestbudget","Test":"TestCapacityWindowLayerTriad/expired_slot_admits_different_key","Output":"=== PAUSE TestCapacityWindowLayerTriad/expired_slot_admits_different_key\n","OutputType":"frame"}
{"Time":"2026-10-08T03:42:11.645287-04:00","Action":"pause","Package":"github.com/deliri/primitive/v2026/requestbudget","Test":"TestCapacityWindowLayerTriad/expired_slot_admits_different_key"}
{"Time":"2026-10-08T03:42:11.645301-04:00","Action":"run","Package":"github.com/deliri/primitive/v2026/requestbudget","Test":"TestCapacityWindowLayerTriad/one_below_window_end_keeps_exhaustion"}
{"Time":"2026-10-08T03:42:11.645316-04:00","Action":"output","Package":"github.com/deliri/primitive/v2026/requestbudget","Test":"TestCapacityWindowLayerTriad/one_below_window_end_keeps_exhaustion","Output":"=== RUN   TestCapacityWindowLayerTriad/one_below_window_end_keeps_exhaustion\n","OutputType":"frame"}
{"Time":"2026-10-08T03:42:11.645331-04:00","Action":"output","Package":"github.com/deliri/primitive/v2026/requestbudget","Test":"TestCapacityWindowLayerTriad/one_below_window_end_keeps_exhaustion","Output":"=== PAUSE TestCapacityWindowLayerTriad/one_below_window_end_keeps_exhaustion\n","OutputType":"frame"}
{"Time":"2026-10-08T03:42:11.645345-04:00","Action":"pause","Package":"github.com/deliri/primitive/v2026/requestbudget","Test":"TestCapacityWindowLayerTriad/one_below_window_end_keeps_exhaustion"}
{"Time":"2026-10-08T03:42:11.645358-04:00","Action":"run","Package":"github.com/deliri/primitive/v2026/requestbudget","Test":"TestCapacityWindowLayerTriad/exact_window_end_refuses_observation"}
{"Time":"2026-10-08T03:42:11.645371-04:00","Action":"output","Package":"github.com/deliri/primitive/v2026/requestbudget","Test":"TestCapacityWindowLayerTriad/exact_window_end_refuses_observation","Output":"=== RUN   TestCapacityWindowLayerTriad/exact_window_end_refuses_observation\n","OutputType":"frame"}
{"Time":"2026-10-08T03:42:11.645386-04:00","Action":"output","Package":"github.com/deliri/primitive/v2026/requestbudget","Test":"TestCapacityWindowLayerTriad/exact_window_end_refuses_observation","Output":"=== PAUSE TestCapacityWindowLayerTriad/exact_window_end_refuses_observation\n","OutputType":"frame"}
{"Time":"2026-10-08T03:42:11.645399-04:00","Action":"pause","Package":"github.com/deliri/primitive/v2026/requestbudget","Test":"TestCapacityWindowLayerTriad/exact_window_end_refuses_observation"}
{"Time":"2026-10-08T03:42:11.645412-04:00","Action":"run","Package":"github.com/deliri/primitive/v2026/requestbudget","Test":"TestCapacityWindowLayerTriad/one_above_window_end_refuses_observation"}
{"Time":"2026-10-08T03:42:11.645425-04:00","Action":"output","Package":"github.com/deliri/primitive/v2026/requestbudget","Test":"TestCapacityWindowLayerTriad/one_above_window_end_refuses_observation","Output":"=== RUN   TestCapacityWindowLayerTriad/one_above_window_end_refuses_observation\n","OutputType":"frame"}
{"Time":"2026-10-08T03:42:11.645454-04:00","Action":"output","Package":"github.com/deliri/primitive/v2026/requestbudget","Test":"TestCapacityWindowLayerTriad/one_above_window_end_refuses_observation","Output":"=== PAUSE TestCapacityWindowLayerTriad/one_above_window_end_refuses_observation\n","OutputType":"frame"}
{"Time":"2026-10-08T03:42:11.645493-04:00","Action":"pause","Package":"github.com/deliri/primitive/v2026/requestbudget","Test":"TestCapacityWindowLayerTriad/one_above_window_end_refuses_observation"}
{"Time":"2026-10-08T03:42:11.645507-04:00","Action":"run","Package":"github.com/deliri/primitive/v2026/requestbudget","Test":"TestCapacityWindowLayerTriad/one_below_start_refuses_observation"}
{"Time":"2026-10-08T03:42:11.645527-04:00","Action":"output","Package":"github.com/deliri/primitive/v2026/requestbudget","Test":"TestCapacityWindowLayerTriad/one_below_start_refuses_observation","Output":"=== RUN   TestCapacityWindowLayerTriad/one_below_start_refuses_observation\n","OutputType":"frame"}
{"Time":"2026-10-08T03:42:11.645551-04:00","Action":"output","Package":"github.com/deliri/primitive/v2026/requestbudget","Test":"TestCapacityWindowLayerTriad/one_below_start_refuses_observation","Output":"=== PAUSE TestCapacityWindowLayerTriad/one_below_start_refuses_observation\n","OutputType":"frame"}
{"Time":"2026-10-08T03:42:11.645564-04:00","Action":"pause","Package":"github.com/deliri/primitive/v2026/requestbudget","Test":"TestCapacityWindowLayerTriad/one_below_start_refuses_observation"}
{"Time":"2026-10-08T03:42:11.645577-04:00","Action":"cont","Package":"github.com/deliri/primitive/v2026/requestbudget","Test":"TestCapacityWindowLayerTriad/cached_exhaustion_never_re-reserves"}
{"Time":"2026-10-08T03:42:11.64559-04:00","Action":"output","Package":"github.com/deliri/primitive/v2026/requestbudget","Test":"TestCapacityWindowLayerTriad/cached_exhaustion_never_re-reserves","Output":"=== CONT  TestCapacityWindowLayerTriad/cached_exhaustion_never_re-reserves\n","OutputType":"frame"}
{"Time":"2026-10-08T03:42:11.645612-04:00","Action":"output","Package":"github.com/deliri/primitive/v2026/requestbudget","Test":"TestCapacityWindowLayerTriad/cached_exhaustion_never_re-reserves","Output":"--- PASS: TestCapacityWindowLayerTriad/cached_exhaustion_never_re-reserves (0.00s)\n","OutputType":"frame"}
{"Time":"2026-10-08T03:42:11.645629-04:00","Action":"pass","Package":"github.com/deliri/primitive/v2026/requestbudget","Test":"TestCapacityWindowLayerTriad/cached_exhaustion_never_re-reserves","Elapsed":0}
{"Time":"2026-10-08T03:42:11.645642-04:00","Action":"cont","Package":"github.com/deliri/primitive/v2026/requestbudget","Test":"TestCapacityWindowLayerTriad/one_below_start_refuses_observation"}
{"Time":"2026-10-08T03:42:11.645783-04:00","Action":"output","Package":"github.com/deliri/primitive/v2026/requestbudget","Test":"TestCapacityWindowLayerTriad/one_below_start_refuses_observation","Output":"=== CONT  TestCapacityWindowLayerTriad/one_below_start_refuses_observation\n","OutputType":"frame"}
{"Time":"2026-10-08T03:42:11.645803-04:00","Action":"output","Package":"github.com/deliri/primitive/v2026/requestbudget","Test":"TestCapacityWindowLayerTriad/one_below_start_refuses_observation","Output":"--- PASS: TestCapacityWindowLayerTriad/one_below_start_refuses_observation (0.00s)\n","OutputType":"frame"}
{"Time":"2026-10-08T03:42:11.645811-04:00","Action":"pass","Package":"github.com/deliri/primitive/v2026/requestbudget","Test":"TestCapacityWindowLayerTriad/one_below_start_refuses_observation","Elapsed":0}
{"Time":"2026-10-08T03:42:11.645824-04:00","Action":"cont","Package":"github.com/deliri/primitive/v2026/requestbudget","Test":"TestCapacityWindowLayerTriad/one_above_window_end_refuses_observation"}
{"Time":"2026-10-08T03:42:11.645831-04:00","Action":"output","Package":"github.com/deliri/primitive/v2026/requestbudget","Test":"TestCapacityWindowLayerTriad/one_above_window_end_refuses_observation","Output":"=== CONT  TestCapacityWindowLayerTriad/one_above_window_end_refuses_observation\n","OutputType":"frame"}
{"Time":"2026-10-08T03:42:11.645849-04:00","Action":"output","Package":"github.com/deliri/primitive/v2026/requestbudget","Test":"TestCapacityWindowLayerTriad/one_above_window_end_refuses_observation","Output":"--- PASS: TestCapacityWindowLayerTriad/one_above_window_end_refuses_observation (0.00s)\n","OutputType":"frame"}
{"Time":"2026-10-08T03:42:11.645855-04:00","Action":"pass","Package":"github.com/deliri/primitive/v2026/requestbudget","Test":"TestCapacityWindowLayerTriad/one_above_window_end_refuses_observation","Elapsed":0}
{"Time":"2026-10-08T03:42:11.645874-04:00","Action":"cont","Package":"github.com/deliri/primitive/v2026/requestbudget","Test":"TestCapacityWindowLayerTriad/exact_window_end_refuses_observation"}
{"Time":"2026-10-08T03:42:11.645879-04:00","Action":"output","Package":"github.com/deliri/primitive/v2026/requestbudget","Test":"TestCapacityWindowLayerTriad/exact_window_end_refuses_observation","Output":"=== CONT  TestCapacityWindowLayerTriad/exact_window_end_refuses_observation\n","OutputType":"frame"}
{"Time":"2026-10-08T03:42:11.645884-04:00","Action":"output","Package":"github.com/deliri/primitive/v2026/requestbudget","Test":"TestCapacityWindowLayerTriad/exact_window_end_refuses_observation","Output":"--- PASS: TestCapacityWindowLayerTriad/exact_window_end_refuses_observation (0.00s)\n","OutputType":"frame"}
{"Time":"2026-10-08T03:42:11.645893-04:00","Action":"pass","Package":"github.com/deliri/primitive/v2026/requestbudget","Test":"TestCapacityWindowLayerTriad/exact_window_end_refuses_observation","Elapsed":0}
{"Time":"2026-10-08T03:42:11.645897-04:00","Action":"cont","Package":"github.com/deliri/primitive/v2026/requestbudget","Test":"TestCapacityWindowLayerTriad/one_below_window_end_keeps_exhaustion"}
{"Time":"2026-10-08T03:42:11.645905-04:00","Action":"output","Package":"github.com/deliri/primitive/v2026/requestbudget","Test":"TestCapacityWindowLayerTriad/one_below_window_end_keeps_exhaustion","Output":"=== CONT  TestCapacityWindowLayerTriad/one_below_window_end_keeps_exhaustion\n","OutputType":"frame"}
{"Time":"2026-10-08T03:42:11.64591-04:00","Action":"output","Package":"github.com/deliri/primitive/v2026/requestbudget","Test":"TestCapacityWindowLayerTriad/one_below_window_end_keeps_exhaustion","Output":"--- PASS: TestCapacityWindowLayerTriad/one_below_window_end_keeps_exhaustion (0.00s)\n","OutputType":"frame"}
{"Time":"2026-10-08T03:42:11.645914-04:00","Action":"pass","Package":"github.com/deliri/primitive/v2026/requestbudget","Test":"TestCapacityWindowLayerTriad/one_below_window_end_keeps_exhaustion","Elapsed":0}
{"Time":"2026-10-08T03:42:11.645917-04:00","Action":"cont","Package":"github.com/deliri/primitive/v2026/requestbudget","Test":"TestCapacityWindowLayerTriad/expired_slot_admits_different_key"}
{"Time":"2026-10-08T03:42:11.645921-04:00","Action":"output","Package":"github.com/deliri/primitive/v2026/requestbudget","Test":"TestCapacityWindowLayerTriad/expired_slot_admits_different_key","Output":"=== CONT  TestCapacityWindowLayerTriad/expired_slot_admits_different_key\n","OutputType":"frame"}
{"Time":"2026-10-08T03:42:11.64593-04:00","Action":"output","Package":"github.com/deliri/primitive/v2026/requestbudget","Test":"TestCapacityWindowLayerTriad/expired_slot_admits_different_key","Output":"--- PASS: TestCapacityWindowLayerTriad/expired_slot_admits_different_key (0.00s)\n","OutputType":"frame"}
{"Time":"2026-10-08T03:42:11.645935-04:00","Action":"pass","Package":"github.com/deliri/primitive/v2026/requestbudget","Test":"TestCapacityWindowLayerTriad/expired_slot_admits_different_key","Elapsed":0}
{"Time":"2026-10-08T03:42:11.645938-04:00","Action":"cont","Package":"github.com/deliri/primitive/v2026/requestbudget","Test":"TestCapacityWindowLayerTriad/same_key_next_window_reserves_anew"}
{"Time":"2026-10-08T03:42:11.645942-04:00","Action":"output","Package":"github.com/deliri/primitive/v2026/requestbudget","Test":"TestCapacityWindowLayerTriad/same_key_next_window_reserves_anew","Output":"=== CONT  TestCapacityWindowLayerTriad/same_key_next_window_reserves_anew\n","OutputType":"frame"}
{"Time":"2026-10-08T03:42:11.645951-04:00","Action":"output","Package":"github.com/deliri/primitive/v2026/requestbudget","Test":"TestCapacityWindowLayerTriad/same_key_next_window_reserves_anew","Output":"--- PASS: TestCapacityWindowLayerTriad/same_key_next_window_reserves_anew (0.00s)\n","OutputType":"frame"}
{"Time":"2026-10-08T03:42:11.645955-04:00","Action":"pass","Package":"github.com/deliri/primitive/v2026/requestbudget","Test":"TestCapacityWindowLayerTriad/same_key_next_window_reserves_anew","Elapsed":0}
{"Time":"2026-10-08T03:42:11.645958-04:00","Action":"cont","Package":"github.com/deliri/primitive/v2026/requestbudget","Test":"TestCapacityWindowLayerTriad/overlapping_window_refuses_binding"}
{"Time":"2026-10-08T03:42:11.645962-04:00","Action":"output","Package":"github.com/deliri/primitive/v2026/requestbudget","Test":"TestCapacityWindowLayerTriad/overlapping_window_refuses_binding","Output":"=== CONT  TestCapacityWindowLayerTriad/overlapping_window_refuses_binding\n","OutputType":"frame"}
{"Time":"2026-10-08T03:42:11.64597-04:00","Action":"output","Package":"github.com/deliri/primitive/v2026/requestbudget","Test":"TestCapacityWindowLayerTriad/overlapping_window_refuses_binding","Output":"--- PASS: TestCapacityWindowLayerTriad/overlapping_window_refuses_binding (0.00s)\n","OutputType":"frame"}
{"Time":"2026-10-08T03:42:11.645975-04:00","Action":"pass","Package":"github.com/deliri/primitive/v2026/requestbudget","Test":"TestCapacityWindowLayerTriad/overlapping_window_refuses_binding","Elapsed":0}
{"Time":"2026-10-08T03:42:11.645978-04:00","Action":"cont","Package":"github.com/deliri/primitive/v2026/requestbudget","Test":"TestCapacityWindowLayerTriad/changed_batch_refuses_binding"}
{"Time":"2026-10-08T03:42:11.645982-04:00","Action":"output","Package":"github.com/deliri/primitive/v2026/requestbudget","Test":"TestCapacityWindowLayerTriad/changed_batch_refuses_binding","Output":"=== CONT  TestCapacityWindowLayerTriad/changed_batch_refuses_binding\n","OutputType":"frame"}
{"Time":"2026-10-08T03:42:11.645986-04:00","Action":"output","Package":"github.com/deliri/primitive/v2026/requestbudget","Test":"TestCapacityWindowLayerTriad/changed_batch_refuses_binding","Output":"--- PASS: TestCapacityWindowLayerTriad/changed_batch_refuses_binding (0.00s)\n","OutputType":"frame"}
{"Time":"2026-10-08T03:42:11.645995-04:00","Action":"pass","Package":"github.com/deliri/primitive/v2026/requestbudget","Test":"TestCapacityWindowLayerTriad/changed_batch_refuses_binding","Elapsed":0}
{"Time":"2026-10-08T03:42:11.645998-04:00","Action":"cont","Package":"github.com/deliri/primitive/v2026/requestbudget","Test":"TestCapacityWindowLayerTriad/different_live_key_refuses_capacity"}
{"Time":"2026-10-08T03:42:11.646021-04:00","Action":"output","Package":"github.com/deliri/primitive/v2026/requestbudget","Test":"TestCapacityWindowLayerTriad/different_live_key_refuses_capacity","Output":"=== CONT  TestCapacityWindowLayerTriad/different_live_key_refuses_capacity\n","OutputType":"frame"}
{"Time":"2026-10-08T03:42:11.646026-04:00","Action":"output","Package":"github.com/deliri/primitive/v2026/requestbudget","Test":"TestCapacityWindowLayerTriad/different_live_key_refuses_capacity","Output":"--- PASS: TestCapacityWindowLayerTriad/different_live_key_refuses_capacity (0.00s)\n","OutputType":"frame"}
{"Time":"2026-10-08T03:42:11.646056-04:00","Action":"pass","Package":"github.com/deliri/primitive/v2026/requestbudget","Test":"TestCapacityWindowLayerTriad/different_live_key_refuses_capacity","Elapsed":0}
{"Time":"2026-10-08T03:42:11.646061-04:00","Action":"output","Package":"github.com/deliri/primitive/v2026/requestbudget","Test":"TestContractBoundaryLayerTriad/unset_end_refuses","Output":"=== PAUSE TestContractBoundaryLayerTriad/unset_end_refuses\n","OutputType":"frame"}
{"Time":"2026-10-08T03:42:11.646065-04:00","Action":"pause","Package":"github.com/deliri/primitive/v2026/requestbudget","Test":"TestContractBoundaryLayerTriad/unset_end_refuses"}
{"Time":"2026-10-08T03:42:11.646077-04:00","Action":"run","Package":"github.com/deliri/primitive/v2026/requestbudget","Test":"TestContractBoundaryLayerTriad/equal_interval_bounds_refuse"}
{"Time":"2026-10-08T03:42:11.646081-04:00","Action":"output","Package":"github.com/deliri/primitive/v2026/requestbudget","Test":"TestContractBoundaryLayerTriad/equal_interval_bounds_refuse","Output":"=== RUN   TestContractBoundaryLayerTriad/equal_interval_bounds_refuse\n","OutputType":"frame"}
{"Time":"2026-10-08T03:42:11.646085-04:00","Action":"output","Package":"github.com/deliri/primitive/v2026/requestbudget","Test":"TestContractBoundaryLayerTriad/equal_interval_bounds_refuse","Output":"=== PAUSE TestContractBoundaryLayerTriad/equal_interval_bounds_refuse\n","OutputType":"frame"}
{"Time":"2026-10-08T03:42:11.646089-04:00","Action":"pause","Package":"github.com/deliri/primitive/v2026/requestbudget","Test":"TestContractBoundaryLayerTriad/equal_interval_bounds_refuse"}
{"Time":"2026-10-08T03:42:11.646092-04:00","Action":"run","Package":"github.com/deliri/primitive/v2026/requestbudget","Test":"TestContractBoundaryLayerTriad/reversed_interval_bounds_refuse"}
{"Time":"2026-10-08T03:42:11.646095-04:00","Action":"output","Package":"github.com/deliri/primitive/v2026/requestbudget","Test":"TestContractBoundaryLayerTriad/reversed_interval_bounds_refuse","Output":"=== RUN   TestContractBoundaryLayerTriad/reversed_interval_bounds_refuse\n","OutputType":"frame"}
{"Time":"2026-10-08T03:42:11.6461-04:00","Action":"output","Package":"github.com/deliri/primitive/v2026/requestbudget","Test":"TestContractBoundaryLayerTriad/reversed_interval_bounds_refuse","Output":"=== PAUSE TestContractBoundaryLayerTriad/reversed_interval_bounds_refuse\n","OutputType":"frame"}
{"Time":"2026-10-08T03:42:11.646104-04:00","Action":"pause","Package":"github.com/deliri/primitive/v2026/requestbudget","Test":"TestContractBoundaryLayerTriad/reversed_interval_bounds_refuse"}
{"Time":"2026-10-08T03:42:11.646108-04:00","Action":"run","Package":"github.com/deliri/primitive/v2026/requestbudget","Test":"TestContractBoundaryLayerTriad/unset_observation_refuses"}
{"Time":"2026-10-08T03:42:11.646874-04:00","Action":"output","Package":"github.com/deliri/primitive/v2026/requestbudget","Test":"TestContractBoundaryLayerTriad/unset_observation_refuses","Output":"=== RUN   TestContractBoundaryLayerTriad/unset_observation_refuses\n","OutputType":"frame"}
{"Time":"2026-10-08T03:42:11.646895-04:00","Action":"output","Package":"github.com/deliri/primitive/v2026/requestbudget","Test":"TestContractBoundaryLayerTriad/unset_observation_refuses","Output":"=== PAUSE TestContractBoundaryLayerTriad/unset_observation_refuses\n","OutputType":"frame"}
{"Time":"2026-10-08T03:42:11.646901-04:00","Action":"pause","Package":"github.com/deliri/primitive/v2026/requestbudget","Test":"TestContractBoundaryLayerTriad/unset_observation_refuses"}
{"Time":"2026-10-08T03:42:11.646907-04:00","Action":"run","Package":"github.com/deliri/primitive/v2026/requestbudget","Test":"TestContractBoundaryLayerTriad/zero_batch_refuses"}
{"Time":"2026-10-08T03:42:11.646912-04:00","Action":"output","Package":"github.com/deliri/primitive/v2026/requestbudget","Test":"TestContractBoundaryLayerTriad/zero_batch_refuses","Output":"=== RUN   TestContractBoundaryLayerTriad/zero_batch_refuses\n","OutputType":"frame"}
{"Time":"2026-10-08T03:42:11.646916-04:00","Action":"output","Package":"github.com/deliri/primitive/v2026/requestbudget","Test":"TestContractBoundaryLayerTriad/zero_batch_refuses","Output":"=== PAUSE TestContractBoundaryLayerTriad/zero_batch_refuses\n","OutputType":"frame"}
{"Time":"2026-10-08T03:42:11.646921-04:00","Action":"pause","Package":"github.com/deliri/primitive/v2026/requestbudget","Test":"TestContractBoundaryLayerTriad/zero_batch_refuses"}
{"Time":"2026-10-08T03:42:11.646925-04:00","Action":"run","Package":"github.com/deliri/primitive/v2026/requestbudget","Test":"TestContractBoundaryLayerTriad/maximum_batch_is_representable"}
{"Time":"2026-10-08T03:42:11.64693-04:00","Action":"output","Package":"github.com/deliri/primitive/v2026/requestbudget","Test":"TestContractBoundaryLayerTriad/maximum_batch_is_representable","Output":"=== RUN   TestContractBoundaryLayerTriad/maximum_batch_is_representable\n","OutputType":"frame"}
{"Time":"2026-10-08T03:42:11.646945-04:00","Action":"output","Package":"github.com/deliri/primitive/v2026/requestbudget","Test":"TestContractBoundaryLayerTriad/maximum_batch_is_representable","Output":"=== PAUSE TestContractBoundaryLayerTriad/maximum_batch_is_representable\n","OutputType":"frame"}
{"Time":"2026-10-08T03:42:11.646949-04:00","Action":"pause","Package":"github.com/deliri/primitive/v2026/requestbudget","Test":"TestContractBoundaryLayerTriad/maximum_batch_is_representable"}
{"Time":"2026-10-08T03:42:11.646953-04:00","Action":"run","Package":"github.com/deliri/primitive/v2026/requestbudget","Test":"TestContractBoundaryLayerTriad/minimum_signed_instant_stays_valid"}
{"Time":"2026-10-08T03:42:11.646957-04:00","Action":"output","Package":"github.com/deliri/primitive/v2026/requestbudget","Test":"TestContractBoundaryLayerTriad/minimum_signed_instant_stays_valid","Output":"=== RUN   TestContractBoundaryLayerTriad/minimum_signed_instant_stays_valid\n","OutputType":"frame"}
{"Time":"2026-10-08T03:42:11.647116-04:00","Action":"output","Package":"github.com/deliri/primitive/v2026/requestbudget","Test":"TestContractBoundaryLayerTriad/minimum_signed_instant_stays_valid","Output":"=== PAUSE TestContractBoundaryLayerTriad/minimum_signed_instant_stays_valid\n","OutputType":"frame"}
{"Time":"2026-10-08T03:42:11.647124-04:00","Action":"pause","Package":"github.com/deliri/primitive/v2026/requestbudget","Test":"TestContractBoundaryLayerTriad/minimum_signed_instant_stays_valid"}
{"Time":"2026-10-08T03:42:11.647127-04:00","Action":"run","Package":"github.com/deliri/primitive/v2026/requestbudget","Test":"TestContractBoundaryLayerTriad/maximum_signed_end_stays_valid"}
{"Time":"2026-10-08T03:42:11.647131-04:00","Action":"output","Package":"github.com/deliri/primitive/v2026/requestbudget","Test":"TestContractBoundaryLayerTriad/maximum_signed_end_stays_valid","Output":"=== RUN   TestContractBoundaryLayerTriad/maximum_signed_end_stays_valid\n","OutputType":"frame"}
{"Time":"2026-10-08T03:42:11.647135-04:00","Action":"output","Package":"github.com/deliri/primitive/v2026/requestbudget","Test":"TestContractBoundaryLayerTriad/maximum_signed_end_stays_valid","Output":"=== PAUSE TestContractBoundaryLayerTriad/maximum_signed_end_stays_valid\n","OutputType":"frame"}
{"Time":"2026-10-08T03:42:11.647138-04:00","Action":"pause","Package":"github.com/deliri/primitive/v2026/requestbudget","Test":"TestContractBoundaryLayerTriad/maximum_signed_end_stays_valid"}
{"Time":"2026-10-08T03:42:11.647149-04:00","Action":"cont","Package":"github.com/deliri/primitive/v2026/requestbudget","Test":"TestContractBoundaryLayerTriad/exact_start_is_inside"}
{"Time":"2026-10-08T03:42:11.647152-04:00","Action":"output","Package":"github.com/deliri/primitive/v2026/requestbudget","Test":"TestContractBoundaryLayerTriad/exact_start_is_inside","Output":"=== CONT  TestContractBoundaryLayerTriad/exact_start_is_inside\n","OutputType":"frame"}
{"Time":"2026-10-08T03:42:11.647157-04:00","Action":"output","Package":"github.com/deliri/primitive/v2026/requestbudget","Test":"TestContractBoundaryLayerTriad/exact_start_is_inside","Output":"--- PASS: TestContractBoundaryLayerTriad/exact_start_is_inside (0.00s)\n","OutputType":"frame"}
{"Time":"2026-10-08T03:42:11.647162-04:00","Action":"pass","Package":"github.com/deliri/primitive/v2026/requestbudget","Test":"TestContractBoundaryLayerTriad/exact_start_is_inside","Elapsed":0}
{"Time":"2026-10-08T03:42:11.647166-04:00","Action":"output","Package":"github.com/deliri/primitive/v2026/requestbudget","Test":"TestConcurrentCreditConservation","Output":"--- PASS: TestConcurrentCreditConservation (0.00s)\n","OutputType":"frame"}
{"Time":"2026-10-08T03:42:11.64717-04:00","Action":"pass","Package":"github.com/deliri/primitive/v2026/requestbudget","Test":"TestConcurrentCreditConservation","Elapsed":0}
{"Time":"2026-10-08T03:42:11.647173-04:00","Action":"cont","Package":"github.com/deliri/primitive/v2026/requestbudget","Test":"TestContractBoundaryLayerTriad/maximum_signed_end_stays_valid"}
{"Time":"2026-10-08T03:42:11.647181-04:00","Action":"output","Package":"github.com/deliri/primitive/v2026/requestbudget","Test":"TestContractBoundaryLayerTriad/maximum_signed_end_stays_valid","Output":"=== CONT  TestContractBoundaryLayerTriad/maximum_signed_end_stays_valid\n","OutputType":"frame"}
{"Time":"2026-10-08T03:42:11.647186-04:00","Action":"output","Package":"github.com/deliri/primitive/v2026/requestbudget","Test":"TestContractBoundaryLayerTriad/maximum_signed_end_stays_valid","Output":"--- PASS: TestContractBoundaryLayerTriad/maximum_signed_end_stays_valid (0.00s)\n","OutputType":"frame"}
{"Time":"2026-10-08T03:42:11.647198-04:00","Action":"pass","Package":"github.com/deliri/primitive/v2026/requestbudget","Test":"TestContractBoundaryLayerTriad/maximum_signed_end_stays_valid","Elapsed":0}
{"Time":"2026-10-08T03:42:11.647202-04:00","Action":"cont","Package":"github.com/deliri/primitive/v2026/requestbudget","Test":"TestContractBoundaryLayerTriad/minimum_signed_instant_stays_valid"}
{"Time":"2026-10-08T03:42:11.64721-04:00","Action":"output","Package":"github.com/deliri/primitive/v2026/requestbudget","Test":"TestContractBoundaryLayerTriad/minimum_signed_instant_stays_valid","Output":"=== CONT  TestContractBoundaryLayerTriad/minimum_signed_instant_stays_valid\n","OutputType":"frame"}
{"Time":"2026-10-08T03:42:11.647215-04:00","Action":"output","Package":"github.com/deliri/primitive/v2026/requestbudget","Test":"TestContractBoundaryLayerTriad/minimum_signed_instant_stays_valid","Output":"--- PASS: TestContractBoundaryLayerTriad/minimum_signed_instant_stays_valid (0.00s)\n","OutputType":"frame"}
{"Time":"2026-10-08T03:42:11.647219-04:00","Action":"pass","Package":"github.com/deliri/primitive/v2026/requestbudget","Test":"TestContractBoundaryLayerTriad/minimum_signed_instant_stays_valid","Elapsed":0}
{"Time":"2026-10-08T03:42:11.647222-04:00","Action":"cont","Package":"github.com/deliri/primitive/v2026/requestbudget","Test":"TestContractBoundaryLayerTriad/maximum_batch_is_representable"}
{"Time":"2026-10-08T03:42:11.647225-04:00","Action":"output","Package":"github.com/deliri/primitive/v2026/requestbudget","Test":"TestContractBoundaryLayerTriad/maximum_batch_is_representable","Output":"=== CONT  TestContractBoundaryLayerTriad/maximum_batch_is_representable\n","OutputType":"frame"}
{"Time":"2026-10-08T03:42:11.647229-04:00","Action":"output","Package":"github.com/deliri/primitive/v2026/requestbudget","Test":"TestContractBoundaryLayerTriad/maximum_batch_is_representable","Output":"--- PASS: TestContractBoundaryLayerTriad/maximum_batch_is_representable (0.00s)\n","OutputType":"frame"}
{"Time":"2026-10-08T03:42:11.647233-04:00","Action":"pass","Package":"github.com/deliri/primitive/v2026/requestbudget","Test":"TestContractBoundaryLayerTriad/maximum_batch_is_representable","Elapsed":0}
{"Time":"2026-10-08T03:42:11.647236-04:00","Action":"cont","Package":"github.com/deliri/primitive/v2026/requestbudget","Test":"TestContractBoundaryLayerTriad/zero_batch_refuses"}
{"Time":"2026-10-08T03:42:11.64724-04:00","Action":"output","Package":"github.com/deliri/primitive/v2026/requestbudget","Test":"TestContractBoundaryLayerTriad/zero_batch_refuses","Output":"=== CONT  TestContractBoundaryLayerTriad/zero_batch_refuses\n","OutputType":"frame"}
{"Time":"2026-10-08T03:42:11.647251-04:00","Action":"output","Package":"github.com/deliri/primitive/v2026/requestbudget","Test":"TestContractBoundaryLayerTriad/zero_batch_refuses","Output":"--- PASS: TestContractBoundaryLayerTriad/zero_batch_refuses (0.00s)\n","OutputType":"frame"}
{"Time":"2026-10-08T03:42:11.647255-04:00","Action":"pass","Package":"github.com/deliri/primitive/v2026/requestbudget","Test":"TestContractBoundaryLayerTriad/zero_batch_refuses","Elapsed":0}
{"Time":"2026-10-08T03:42:11.647258-04:00","Action":"cont","Package":"github.com/deliri/primitive/v2026/requestbudget","Test":"TestContractBoundaryLayerTriad/unset_observation_refuses"}
{"Time":"2026-10-08T03:42:11.647266-04:00","Action":"output","Package":"github.com/deliri/primitive/v2026/requestbudget","Test":"TestContractBoundaryLayerTriad/unset_observation_refuses","Output":"=== CONT  TestContractBoundaryLayerTriad/unset_observation_refuses\n","OutputType":"frame"}
{"Time":"2026-10-08T03:42:11.64727-04:00","Action":"output","Package":"github.com/deliri/primitive/v2026/requestbudget","Test":"TestContractBoundaryLayerTriad/unset_observation_refuses","Output":"--- PASS: TestContractBoundaryLayerTriad/unset_observation_refuses (0.00s)\n","OutputType":"frame"}
{"Time":"2026-10-08T03:42:11.647274-04:00","Action":"pass","Package":"github.com/deliri/primitive/v2026/requestbudget","Test":"TestContractBoundaryLayerTriad/unset_observation_refuses","Elapsed":0}
{"Time":"2026-10-08T03:42:11.647277-04:00","Action":"cont","Package":"github.com/deliri/primitive/v2026/requestbudget","Test":"TestContractBoundaryLayerTriad/reversed_interval_bounds_refuse"}
{"Time":"2026-10-08T03:42:11.647281-04:00","Action":"output","Package":"github.com/deliri/primitive/v2026/requestbudget","Test":"TestContractBoundaryLayerTriad/reversed_interval_bounds_refuse","Output":"=== CONT  TestContractBoundaryLayerTriad/reversed_interval_bounds_refuse\n","OutputType":"frame"}
{"Time":"2026-10-08T03:42:11.647285-04:00","Action":"output","Package":"github.com/deliri/primitive/v2026/requestbudget","Test":"TestContractBoundaryLayerTriad/reversed_interval_bounds_refuse","Output":"--- PASS: TestContractBoundaryLayerTriad/reversed_interval_bounds_refuse (0.00s)\n","OutputType":"frame"}
{"Time":"2026-10-08T03:42:11.647289-04:00","Action":"pass","Package":"github.com/deliri/primitive/v2026/requestbudget","Test":"TestContractBoundaryLayerTriad/reversed_interval_bounds_refuse","Elapsed":0}
{"Time":"2026-10-08T03:42:11.647292-04:00","Action":"cont","Package":"github.com/deliri/primitive/v2026/requestbudget","Test":"TestContractBoundaryLayerTriad/equal_interval_bounds_refuse"}
{"Time":"2026-10-08T03:42:11.647296-04:00","Action":"output","Package":"github.com/deliri/primitive/v2026/requestbudget","Test":"TestContractBoundaryLayerTriad/equal_interval_bounds_refuse","Output":"=== CONT  TestContractBoundaryLayerTriad/equal_interval_bounds_refuse\n","OutputType":"frame"}
{"Time":"2026-10-08T03:42:11.647305-04:00","Action":"output","Package":"github.com/deliri/primitive/v2026/requestbudget","Test":"TestContractBoundaryLayerTriad/equal_interval_bounds_refuse","Output":"--- PASS: TestContractBoundaryLayerTriad/equal_interval_bounds_refuse (0.00s)\n","OutputType":"frame"}
{"Time":"2026-10-08T03:42:11.64731-04:00","Action":"pass","Package":"github.com/deliri/primitive/v2026/requestbudget","Test":"TestContractBoundaryLayerTriad/equal_interval_bounds_refuse","Elapsed":0}
{"Time":"2026-10-08T03:42:11.647313-04:00","Action":"cont","Package":"github.com/deliri/primitive/v2026/requestbudget","Test":"TestContractBoundaryLayerTriad/unset_end_refuses"}
{"Time":"2026-10-08T03:42:11.647317-04:00","Action":"output","Package":"github.com/deliri/primitive/v2026/requestbudget","Test":"TestContractBoundaryLayerTriad/unset_end_refuses","Output":"=== CONT  TestContractBoundaryLayerTriad/unset_end_refuses\n","OutputType":"frame"}
{"Time":"2026-10-08T03:42:11.647321-04:00","Action":"output","Package":"github.com/deliri/primitive/v2026/requestbudget","Test":"TestContractBoundaryLayerTriad/unset_end_refuses","Output":"--- PASS: TestContractBoundaryLayerTriad/unset_end_refuses (0.00s)\n","OutputType":"frame"}
{"Time":"2026-10-08T03:42:11.647324-04:00","Action":"pass","Package":"github.com/deliri/primitive/v2026/requestbudget","Test":"TestContractBoundaryLayerTriad/unset_end_refuses","Elapsed":0}
{"Time":"2026-10-08T03:42:11.647328-04:00","Action":"cont","Package":"github.com/deliri/primitive/v2026/requestbudget","Test":"TestContractBoundaryLayerTriad/unset_start_refuses"}
{"Time":"2026-10-08T03:42:11.647331-04:00","Action":"output","Package":"github.com/deliri/primitive/v2026/requestbudget","Test":"TestContractBoundaryLayerTriad/unset_start_refuses","Output":"=== CONT  TestContractBoundaryLayerTriad/unset_start_refuses\n","OutputType":"frame"}
{"Time":"2026-10-08T03:42:11.647339-04:00","Action":"output","Package":"github.com/deliri/primitive/v2026/requestbudget","Test":"TestContractBoundaryLayerTriad/unset_start_refuses","Output":"--- PASS: TestContractBoundaryLayerTriad/unset_start_refuses (0.00s)\n","OutputType":"frame"}
{"Time":"2026-10-08T03:42:11.647343-04:00","Action":"pass","Package":"github.com/deliri/primitive/v2026/requestbudget","Test":"TestContractBoundaryLayerTriad/unset_start_refuses","Elapsed":0}
{"Time":"2026-10-08T03:42:11.647346-04:00","Action":"cont","Package":"github.com/deliri/primitive/v2026/requestbudget","Test":"TestContractBoundaryLayerTriad/unset_identity_refuses"}
{"Time":"2026-10-08T03:42:11.647349-04:00","Action":"output","Package":"github.com/deliri/primitive/v2026/requestbudget","Test":"TestContractBoundaryLayerTriad/unset_identity_refuses","Output":"=== CONT  TestContractBoundaryLayerTriad/unset_identity_refuses\n","OutputType":"frame"}
{"Time":"2026-10-08T03:42:11.647353-04:00","Action":"output","Package":"github.com/deliri/primitive/v2026/requestbudget","Test":"TestContractBoundaryLayerTriad/unset_identity_refuses","Output":"--- PASS: TestContractBoundaryLayerTriad/unset_identity_refuses (0.00s)\n","OutputType":"frame"}
{"Time":"2026-10-08T03:42:11.647357-04:00","Action":"pass","Package":"github.com/deliri/primitive/v2026/requestbudget","Test":"TestContractBoundaryLayerTriad/unset_identity_refuses","Elapsed":0}
{"Time":"2026-10-08T03:42:11.64736-04:00","Action":"cont","Package":"github.com/deliri/primitive/v2026/requestbudget","Test":"TestContractBoundaryLayerTriad/last_nanosecond_is_inside"}
{"Time":"2026-10-08T03:42:11.647363-04:00","Action":"output","Package":"github.com/deliri/primitive/v2026/requestbudget","Test":"TestContractBoundaryLayerTriad/last_nanosecond_is_inside","Output":"=== CONT  TestContractBoundaryLayerTriad/last_nanosecond_is_inside\n","OutputType":"frame"}
{"Time":"2026-10-08T03:42:11.647368-04:00","Action":"output","Package":"github.com/deliri/primitive/v2026/requestbudget","Test":"TestContractBoundaryLayerTriad/last_nanosecond_is_inside","Output":"--- PASS: TestContractBoundaryLayerTriad/last_nanosecond_is_inside (0.00s)\n","OutputType":"frame"}
{"Time":"2026-10-08T03:42:11.647372-04:00","Action":"pass","Package":"github.com/deliri/primitive/v2026/requestbudget","Test":"TestContractBoundaryLayerTriad/last_nanosecond_is_inside","Elapsed":0}
{"Time":"2026-10-08T03:42:11.647375-04:00","Action":"output","Package":"github.com/deliri/primitive/v2026/requestbudget","Test":"TestCapacityWindowLayerTriad","Output":"--- PASS: TestCapacityWindowLayerTriad (0.00s)\n","OutputType":"frame"}
{"Time":"2026-10-08T03:42:11.647379-04:00","Action":"pass","Package":"github.com/deliri/primitive/v2026/requestbudget","Test":"TestCapacityWindowLayerTriad","Elapsed":0}
{"Time":"2026-10-08T03:42:11.647383-04:00","Action":"output","Package":"github.com/deliri/primitive/v2026/requestbudget","Test":"TestProductionDataFlowInventoryAndBoundedOwnership","Output":"--- PASS: TestProductionDataFlowInventoryAndBoundedOwnership (0.00s)\n","OutputType":"frame"}
{"Time":"2026-10-08T03:42:11.647387-04:00","Action":"pass","Package":"github.com/deliri/primitive/v2026/requestbudget","Test":"TestProductionDataFlowInventoryAndBoundedOwnership","Elapsed":0}
{"Time":"2026-10-08T03:42:11.64739-04:00","Action":"output","Package":"github.com/deliri/primitive/v2026/requestbudget","Test":"TestContractBoundaryLayerTriad","Output":"--- PASS: TestContractBoundaryLayerTriad (0.00s)\n","OutputType":"frame"}
{"Time":"2026-10-08T03:42:11.648729-04:00","Action":"pass","Package":"github.com/deliri/primitive/v2026/requestbudget","Test":"TestContractBoundaryLayerTriad","Elapsed":0}
{"Time":"2026-10-08T03:42:11.6488-04:00","Action":"cont","Package":"github.com/deliri/primitive/v2026/requestbudget","Test":"TestGrantBindingFieldsAndMaximumCredits/foreign_key_cannot_mint_credits"}
{"Time":"2026-10-08T03:42:11.64881-04:00","Action":"output","Package":"github.com/deliri/primitive/v2026/requestbudget","Test":"TestGrantBindingFieldsAndMaximumCredits/foreign_key_cannot_mint_credits","Output":"=== CONT  TestGrantBindingFieldsAndMaximumCredits/foreign_key_cannot_mint_credits\n","OutputType":"frame"}
{"Time":"2026-10-08T03:42:11.648846-04:00","Action":"cont","Package":"github.com/deliri/primitive/v2026/requestbudget","Test":"TestGrantBindingFieldsAndMaximumCredits/foreign_end_cannot_mint_credits"}
{"Time":"2026-10-08T03:42:11.648862-04:00","Action":"output","Package":"github.com/deliri/primitive/v2026/requestbudget","Test":"TestGrantBindingFieldsAndMaximumCredits/foreign_end_cannot_mint_credits","Output":"=== CONT  TestGrantBindingFieldsAndMaximumCredits/foreign_end_cannot_mint_credits\n","OutputType":"frame"}
{"Time":"2026-10-08T03:42:11.648868-04:00","Action":"cont","Package":"github.com/deliri/primitive/v2026/requestbudget","Test":"TestGrantBindingFieldsAndMaximumCredits/foreign_batch_cannot_mint_credits"}
{"Time":"2026-10-08T03:42:11.648874-04:00","Action":"output","Package":"github.com/deliri/primitive/v2026/requestbudget","Test":"TestGrantBindingFieldsAndMaximumCredits/foreign_batch_cannot_mint_credits","Output":"=== CONT  TestGrantBindingFieldsAndMaximumCredits/foreign_batch_cannot_mint_credits\n","OutputType":"frame"}
{"Time":"2026-10-08T03:42:11.648881-04:00","Action":"output","Package":"github.com/deliri/primitive/v2026/requestbudget","Test":"TestGrantBindingFieldsAndMaximumCredits/foreign_key_cannot_mint_credits","Output":"--- PASS: TestGrantBindingFieldsAndMaximumCredits/foreign_key_cannot_mint_credits (0.00s)\n","OutputType":"frame"}
{"Time":"2026-10-08T03:42:11.648888-04:00","Action":"pass","Package":"github.com/deliri/primitive/v2026/requestbudget","Test":"TestGrantBindingFieldsAndMaximumCredits/foreign_key_cannot_mint_credits","Elapsed":0}
{"Time":"2026-10-08T03:42:11.648892-04:00","Action":"cont","Package":"github.com/deliri/primitive/v2026/requestbudget","Test":"TestGrantBindingFieldsAndMaximumCredits/foreign_start_cannot_mint_credits"}
{"Time":"2026-10-08T03:42:11.648896-04:00","Action":"output","Package":"github.com/deliri/primitive/v2026/requestbudget","Test":"TestGrantBindingFieldsAndMaximumCredits/foreign_start_cannot_mint_credits","Output":"=== CONT  TestGrantBindingFieldsAndMaximumCredits/foreign_start_cannot_mint_credits\n","OutputType":"frame"}
{"Time":"2026-10-08T03:42:11.648901-04:00","Action":"output","Package":"github.com/deliri/primitive/v2026/requestbudget","Test":"TestGrantBindingFieldsAndMaximumCredits/foreign_start_cannot_mint_credits","Output":"--- PASS: TestGrantBindingFieldsAndMaximumCredits/foreign_start_cannot_mint_credits (0.00s)\n","OutputType":"frame"}
{"Time":"2026-10-08T03:42:11.648905-04:00","Action":"pass","Package":"github.com/deliri/primitive/v2026/requestbudget","Test":"TestGrantBindingFieldsAndMaximumCredits/foreign_start_cannot_mint_credits","Elapsed":0}
{"Time":"2026-10-08T03:42:11.648909-04:00","Action":"output","Package":"github.com/deliri/primitive/v2026/requestbudget","Test":"TestGrantBindingFieldsAndMaximumCredits/foreign_end_cannot_mint_credits","Output":"--- PASS: TestGrantBindingFieldsAndMaximumCredits/foreign_end_cannot_mint_credits (0.00s)\n","OutputType":"frame"}
{"Time":"2026-10-08T03:42:11.648944-04:00","Action":"pass","Package":"github.com/deliri/primitive/v2026/requestbudget","Test":"TestGrantBindingFieldsAndMaximumCredits/foreign_end_cannot_mint_credits","Elapsed":0}
{"Time":"2026-10-08T03:42:11.648961-04:00","Action":"output","Package":"github.com/deliri/primitive/v2026/requestbudget","Test":"TestGrantBindingFieldsAndMaximumCredits/foreign_batch_cannot_mint_credits","Output":"--- PASS: TestGrantBindingFieldsAndMaximumCredits/foreign_batch_cannot_mint_credits (0.00s)\n","OutputType":"frame"}
{"Time":"2026-10-08T03:42:11.64897-04:00","Action":"pass","Package":"github.com/deliri/primitive/v2026/requestbudget","Test":"TestGrantBindingFieldsAndMaximumCredits/foreign_batch_cannot_mint_credits","Elapsed":0}
{"Time":"2026-10-08T03:42:11.648976-04:00","Action":"output","Package":"github.com/deliri/primitive/v2026/requestbudget","Test":"TestGrantBindingFieldsAndMaximumCredits","Output":"--- PASS: TestGrantBindingFieldsAndMaximumCredits (0.00s)\n","OutputType":"frame"}
{"Time":"2026-10-08T03:42:11.794768-04:00","Action":"pass","Package":"github.com/deliri/primitive/v2026/requestbudget","Test":"TestGrantBindingFieldsAndMaximumCredits","Elapsed":0}
{"Time":"2026-10-08T03:42:11.794823-04:00","Action":"output","Package":"github.com/deliri/primitive/v2026/requestbudget","Test":"TestCreditGrantHandoffExhaustive","Output":"--- PASS: TestCreditGrantHandoffExhaustive (0.15s)\n","OutputType":"frame"}
{"Time":"2026-10-08T03:42:11.794834-04:00","Action":"pass","Package":"github.com/deliri/primitive/v2026/requestbudget","Test":"TestCreditGrantHandoffExhaustive","Elapsed":0.15}
{"Time":"2026-10-08T03:42:11.794849-04:00","Action":"run","Package":"github.com/deliri/primitive/v2026/requestbudget","Test":"FuzzReservationCreditProviderBoundary"}
{"Time":"2026-10-08T03:42:11.794855-04:00","Action":"output","Package":"github.com/deliri/primitive/v2026/requestbudget","Test":"FuzzReservationCreditProviderBoundary","Output":"=== RUN   FuzzReservationCreditProviderBoundary\n","OutputType":"frame"}
{"Time":"2026-10-08T03:42:11.794882-04:00","Action":"run","Package":"github.com/deliri/primitive/v2026/requestbudget","Test":"FuzzReservationCreditProviderBoundary/seed#0"}
{"Time":"2026-10-08T03:42:11.794888-04:00","Action":"output","Package":"github.com/deliri/primitive/v2026/requestbudget","Test":"FuzzReservationCreditProviderBoundary/seed#0","Output":"=== RUN   FuzzReservationCreditProviderBoundary/seed#0\n","OutputType":"frame"}
{"Time":"2026-10-08T03:42:11.795012-04:00","Action":"output","Package":"github.com/deliri/primitive/v2026/requestbudget","Test":"FuzzReservationCreditProviderBoundary/seed#0","Output":"--- PASS: FuzzReservationCreditProviderBoundary/seed#0 (0.00s)\n","OutputType":"frame"}
{"Time":"2026-10-08T03:42:11.79502-04:00","Action":"pass","Package":"github.com/deliri/primitive/v2026/requestbudget","Test":"FuzzReservationCreditProviderBoundary/seed#0","Elapsed":0}
{"Time":"2026-10-08T03:42:11.795025-04:00","Action":"run","Package":"github.com/deliri/primitive/v2026/requestbudget","Test":"FuzzReservationCreditProviderBoundary/seed#1"}
{"Time":"2026-10-08T03:42:11.795029-04:00","Action":"output","Package":"github.com/deliri/primitive/v2026/requestbudget","Test":"FuzzReservationCreditProviderBoundary/seed#1","Output":"=== RUN   FuzzReservationCreditProviderBoundary/seed#1\n","OutputType":"frame"}
{"Time":"2026-10-08T03:42:11.795035-04:00","Action":"output","Package":"github.com/deliri/primitive/v2026/requestbudget","Test":"FuzzReservationCreditProviderBoundary/seed#1","Output":"--- PASS: FuzzReservationCreditProviderBoundary/seed#1 (0.00s)\n","OutputType":"frame"}
{"Time":"2026-10-08T03:42:11.795039-04:00","Action":"pass","Package":"github.com/deliri/primitive/v2026/requestbudget","Test":"FuzzReservationCreditProviderBoundary/seed#1","Elapsed":0}
{"Time":"2026-10-08T03:42:11.795043-04:00","Action":"run","Package":"github.com/deliri/primitive/v2026/requestbudget","Test":"FuzzReservationCreditProviderBoundary/seed#2"}
{"Time":"2026-10-08T03:42:11.795047-04:00","Action":"output","Package":"github.com/deliri/primitive/v2026/requestbudget","Test":"FuzzReservationCreditProviderBoundary/seed#2","Output":"=== RUN   FuzzReservationCreditProviderBoundary/seed#2\n","OutputType":"frame"}
{"Time":"2026-10-08T03:42:11.795052-04:00","Action":"output","Package":"github.com/deliri/primitive/v2026/requestbudget","Test":"FuzzReservationCreditProviderBoundary/seed#2","Output":"--- PASS: FuzzReservationCreditProviderBoundary/seed#2 (0.00s)\n","OutputType":"frame"}
{"Time":"2026-10-08T03:42:11.795056-04:00","Action":"pass","Package":"github.com/deliri/primitive/v2026/requestbudget","Test":"FuzzReservationCreditProviderBoundary/seed#2","Elapsed":0}
{"Time":"2026-10-08T03:42:11.79506-04:00","Action":"output","Package":"github.com/deliri/primitive/v2026/requestbudget","Test":"FuzzReservationCreditProviderBoundary","Output":"--- PASS: FuzzReservationCreditProviderBoundary (0.00s)\n","OutputType":"frame"}
{"Time":"2026-10-08T03:42:11.795064-04:00","Action":"pass","Package":"github.com/deliri/primitive/v2026/requestbudget","Test":"FuzzReservationCreditProviderBoundary","Elapsed":0}
{"Time":"2026-10-08T03:42:11.795082-04:00","Action":"output","Package":"github.com/deliri/primitive/v2026/requestbudget","Output":"PASS\n","OutputType":"frame"}
{"Time":"2026-10-08T03:42:11.796126-04:00","Action":"output","Package":"github.com/deliri/primitive/v2026/requestbudget","Output":"ok  \tgithub.com/deliri/primitive/v2026/requestbudget\t0.271s\n"}
{"Time":"2026-10-08T03:42:11.796168-04:00","Action":"pass","Package":"github.com/deliri/primitive/v2026/requestbudget","Elapsed":0.272}
