--- FAIL: TestScratchResetDiscardsBytesAndRestoresWriteCoordinate (0.00s)
    --- FAIL: TestScratchResetDiscardsBytesAndRestoresWriteCoordinate/4096 (0.00s)
        scratch_reset_external_test.go:68: cycle=0 extent=4100 prefix="\x00\x00\x00\x00\x00\x00\x00\x00\x00\x00\x00\x00\x00\x00\x00\x00\x00\x00\x00\x00\x00\x00\x00\x00\x00\x00\x00\x00\x00\x00\x00\x00" want 4 bytes next
    --- FAIL: TestScratchResetDiscardsBytesAndRestoresWriteCoordinate/65537 (0.00s)
        scratch_reset_external_test.go:68: cycle=0 extent=65541 prefix="\x00\x00\x00\x00\x00\x00\x00\x00\x00\x00\x00\x00\x00\x00\x00\x00\x00\x00\x00\x00\x00\x00\x00\x00\x00\x00\x00\x00\x00\x00\x00\x00" want 4 bytes next
    --- FAIL: TestScratchResetDiscardsBytesAndRestoresWriteCoordinate/0 (0.00s)
        scratch_reset_external_test.go:68: cycle=1 extent=8 prefix="\x00\x00\x00\x00next" want 4 bytes next
    --- FAIL: TestScratchResetDiscardsBytesAndRestoresWriteCoordinate/262145 (0.00s)
        scratch_reset_external_test.go:68: cycle=0 extent=262149 prefix="\x00\x00\x00\x00\x00\x00\x00\x00\x00\x00\x00\x00\x00\x00\x00\x00\x00\x00\x00\x00\x00\x00\x00\x00\x00\x00\x00\x00\x00\x00\x00\x00" want 4 bytes next
    --- FAIL: TestScratchResetDiscardsBytesAndRestoresWriteCoordinate/65535 (0.00s)
        scratch_reset_external_test.go:68: cycle=0 extent=65539 prefix="\x00\x00\x00\x00\x00\x00\x00\x00\x00\x00\x00\x00\x00\x00\x00\x00\x00\x00\x00\x00\x00\x00\x00\x00\x00\x00\x00\x00\x00\x00\x00\x00" want 4 bytes next
    --- FAIL: TestScratchResetDiscardsBytesAndRestoresWriteCoordinate/4097 (0.00s)
        scratch_reset_external_test.go:68: cycle=0 extent=4101 prefix="\x00\x00\x00\x00\x00\x00\x00\x00\x00\x00\x00\x00\x00\x00\x00\x00\x00\x00\x00\x00\x00\x00\x00\x00\x00\x00\x00\x00\x00\x00\x00\x00" want 4 bytes next
    --- FAIL: TestScratchResetDiscardsBytesAndRestoresWriteCoordinate/1 (0.00s)
        scratch_reset_external_test.go:68: cycle=0 extent=5 prefix="\x00next" want 4 bytes next
    --- FAIL: TestScratchResetDiscardsBytesAndRestoresWriteCoordinate/4095 (0.00s)
        scratch_reset_external_test.go:68: cycle=0 extent=4099 prefix="\x00\x00\x00\x00\x00\x00\x00\x00\x00\x00\x00\x00\x00\x00\x00\x00\x00\x00\x00\x00\x00\x00\x00\x00\x00\x00\x00\x00\x00\x00\x00\x00" want 4 bytes next
    --- FAIL: TestScratchResetDiscardsBytesAndRestoresWriteCoordinate/65536 (0.00s)
        scratch_reset_external_test.go:68: cycle=0 extent=65540 prefix="\x00\x00\x00\x00\x00\x00\x00\x00\x00\x00\x00\x00\x00\x00\x00\x00\x00\x00\x00\x00\x00\x00\x00\x00\x00\x00\x00\x00\x00\x00\x00\x00" want 4 bytes next
FAIL
FAIL	github.com/deliri/primitive/v2026/filestore	0.159s
FAIL
